[INFO] Scanning for projects...
[INFO] 
[INFO] -----------------< com.petshop:pet-management-system >------------------
[INFO] Building pet-management-system 1.0-SNAPSHOT
[INFO]   from pom.xml
[INFO] --------------------------------[ jar ]---------------------------------
[INFO] 
[INFO] --- resources:3.3.1:resources (default-resources) @ pet-management-system ---
[INFO] Copying 1 resource from src\main\resources to target\classes
[INFO] Copying 4 resources from src\main\resources to target\classes
[INFO] 
[INFO] --- compiler:3.11.0:compile (default-compile) @ pet-management-system ---
[INFO] Nothing to compile - all classes are up to date
[INFO] 
[INFO] --- resources:3.3.1:testResources (default-testResources) @ pet-management-system ---
[INFO] Copying 3 resources from src\test\resources to target\test-classes
[INFO] 
[INFO] --- compiler:3.11.0:testCompile (default-testCompile) @ pet-management-system ---
[INFO] Nothing to compile - all classes are up to date
[INFO] 
[INFO] --- surefire:3.1.2:test (default-test) @ pet-management-system ---
[INFO] Using auto detected provider org.apache.maven.surefire.junitplatform.JUnitPlatformProvider
[INFO] 
[INFO] -------------------------------------------------------
[INFO]  T E S T S
[INFO] -------------------------------------------------------
[INFO] Running com.petshop.controller.AdminApiControllerTest
18:54:31.564 [main] INFO org.springframework.test.context.support.AnnotationConfigContextLoaderUtils -- Could not detect default configuration classes for test class [com.petshop.controller.AdminApiControllerTest]: AdminApiControllerTest does not declare any static, non-private, non-final, nested classes annotated with @Configuration.
18:54:31.818 [main] INFO org.springframework.boot.test.context.SpringBootTestContextBootstrapper -- Found @SpringBootConfiguration com.petshop.PetManagementSystemApplication for test class com.petshop.controller.AdminApiControllerTest
[INFO] Running com.petshop.controller.AdminApiControllerTest$AdminAuthenticationTests
18:54:31.998 [main] INFO org.springframework.test.context.support.AnnotationConfigContextLoaderUtils -- Could not detect default configuration classes for test class [com.petshop.controller.AdminApiControllerTest$AdminAuthenticationTests]: AdminAuthenticationTests does not declare any static, non-private, non-final, nested classes annotated with @Configuration.
18:54:32.006 [main] INFO org.springframework.boot.test.context.SpringBootTestContextBootstrapper -- Found @SpringBootConfiguration com.petshop.PetManagementSystemApplication for test class com.petshop.controller.AdminApiControllerTest$AdminAuthenticationTests

  .   ____          _            __ _ _
 /\\ / ___'_ __ _ _(_)_ __  __ _ \ \ \ \
( ( )\___ | '_ | '_| | '_ \/ _` | \ \ \ \
 \\/  ___)| |_)| | | | | || (_| |  ) ) ) )
  '  |____| .__|_| |_|_| |_\__, | / / / /
 =========|_|==============|___/=/_/_/_/
 :: Spring Boot ::                (v3.2.0)

2026-04-23T18:54:32.733+08:00  INFO 21652 --- [           main] c.p.controller.AdminApiControllerTest    : Starting AdminApiControllerTest using Java 17.0.16 with PID 21652 (started by a in E:\g\petshop)
2026-04-23T18:54:32.735+08:00 DEBUG 21652 --- [           main] c.p.controller.AdminApiControllerTest    : Running with Spring Boot v3.2.0, Spring v6.1.1
2026-04-23T18:54:32.735+08:00  INFO 21652 --- [           main] c.p.controller.AdminApiControllerTest    : The following 1 profile is active: "test"
2026-04-23T18:54:34.639+08:00  INFO 21652 --- [           main] .s.d.r.c.RepositoryConfigurationDelegate : Multiple Spring Data modules found, entering strict repository configuration mode
2026-04-23T18:54:34.644+08:00  INFO 21652 --- [           main] .s.d.r.c.RepositoryConfigurationDelegate : Bootstrapping Spring Data Redis repositories in DEFAULT mode.
2026-04-23T18:54:34.690+08:00  INFO 21652 --- [           main] .s.d.r.c.RepositoryConfigurationDelegate : Finished Spring Data repository scanning in 24 ms. Found 0 Redis repository interfaces.
 _ _   |_  _ _|_. ___ _ |    _ 
| | |\/|_)(_| | |_\  |_)||_|_\ 
     /               |         
                        3.5.5 
2026-04-23T18:54:37.883+08:00  INFO 21652 --- [           main] o.s.b.a.e.web.EndpointLinksResolver      : Exposing 1 endpoint(s) beneath base path '/actuator'
2026-04-23T18:54:38.105+08:00  INFO 21652 --- [           main] o.s.s.web.DefaultSecurityFilterChain     : Will secure any request with [org.springframework.security.web.session.DisableEncodeUrlFilter@268e30d4, org.springframework.security.web.context.request.async.WebAsyncManagerIntegrationFilter@7c50709a, org.springframework.security.web.context.SecurityContextHolderFilter@152dbf8e, org.springframework.security.web.header.HeaderWriterFilter@1c3a64b6, org.springframework.web.filter.CorsFilter@af007d6, org.springframework.security.web.authentication.logout.LogoutFilter@57806346, com.petshop.security.JwtAuthenticationFilter@a20898c, org.springframework.security.web.savedrequest.RequestCacheAwareFilter@4bcf08ae, org.springframework.security.web.servletapi.SecurityContextHolderAwareRequestFilter@626b9092, org.springframework.security.web.authentication.AnonymousAuthenticationFilter@5dff108c, org.springframework.security.web.session.SessionManagementFilter@554e9509, org.springframework.security.web.access.ExceptionTranslationFilter@43e2b8da, org.springframework.security.web.access.intercept.AuthorizationFilter@7d216ee8]
2026-04-23T18:54:38.474+08:00  INFO 21652 --- [           main] com.zaxxer.hikari.HikariDataSource       : HikariPool-1 - Starting...
2026-04-23T18:54:38.716+08:00  INFO 21652 --- [           main] com.zaxxer.hikari.pool.HikariPool        : HikariPool-1 - Added connection conn0: url=jdbc:h2:mem:testdb user=SA
2026-04-23T18:54:38.718+08:00  INFO 21652 --- [           main] com.zaxxer.hikari.HikariDataSource       : HikariPool-1 - Start completed.
2026-04-23T18:54:39.159+08:00 DEBUG 21652 --- [           main] c.p.security.JwtAuthenticationFilter     : Filter 'authenticationJwtTokenFilter' configured for use
2026-04-23T18:54:39.160+08:00  INFO 21652 --- [           main] o.s.b.t.m.w.SpringBootMockServletContext : Initializing Spring TestDispatcherServlet ''
2026-04-23T18:54:39.161+08:00  INFO 21652 --- [           main] o.s.t.web.servlet.TestDispatcherServlet  : Initializing Servlet ''
2026-04-23T18:54:39.163+08:00  INFO 21652 --- [           main] o.s.t.web.servlet.TestDispatcherServlet  : Completed initialization in 2 ms
2026-04-23T18:54:39.293+08:00  INFO 21652 --- [           main] c.p.controller.AdminApiControllerTest    : Started AdminApiControllerTest in 7.218 seconds (process running for 9.191)
2026-04-23T18:54:39.502+08:00 DEBUG 21652 --- [           main] com.petshop.mapper.UserMapper.insert     : ==>  Preparing: INSERT INTO "user" ( username, email, password, phone, status, created_at, updated_at ) VALUES ( ?, ?, ?, ?, ?, ?, ? )
2026-04-23T18:54:39.524+08:00 DEBUG 21652 --- [           main] com.petshop.mapper.UserMapper.insert     : ==> Parameters: testuser(String), testuser@example.com(String), $2a$10$EwjnSe36rc2qTwAI9gpKFuWvbgAUhhSNCzX3dTIf/iFu6KJXIoE4S(String), 13800138001(String), active(String), 2026-04-23T18:54:39.448085800(LocalDateTime), 2026-04-23T18:54:39.448085800(LocalDateTime)
2026-04-23T18:54:39.531+08:00 DEBUG 21652 --- [           main] com.petshop.mapper.UserMapper.insert     : <==    Updates: 1
2026-04-23T18:54:39.661+08:00 DEBUG 21652 --- [           main] c.petshop.mapper.MerchantMapper.insert   : ==>  Preparing: INSERT INTO "merchant" ( name, contact_person, phone, email, password, address, status, created_at, updated_at ) VALUES ( ?, ?, ?, ?, ?, ?, ?, ?, ? )
2026-04-23T18:54:39.661+08:00 DEBUG 21652 --- [           main] c.petshop.mapper.MerchantMapper.insert   : ==> Parameters: Test Merchant(String), Test Contact(String), 13900139001(String), merchant@example.com(String), $2a$10$GZkpagQ7okFB9PLrsJswGe/XjVYcyH0QIQD0pts8xgXm.kPYOWV4.(String), Test Address 123(String), approved(String), 2026-04-23T18:54:39.660382100(LocalDateTime), 2026-04-23T18:54:39.660382100(LocalDateTime)
2026-04-23T18:54:39.663+08:00 DEBUG 21652 --- [           main] c.petshop.mapper.MerchantMapper.insert   : <==    Updates: 1
2026-04-23T18:54:39.669+08:00 DEBUG 21652 --- [           main] c.p.mapper.MerchantMapper.selectList     : ==>  Preparing: SELECT id,name,contact_person,phone,email,password,address,logo,status,created_at,updated_at FROM "merchant"
2026-04-23T18:54:39.676+08:00 DEBUG 21652 --- [           main] c.p.mapper.MerchantMapper.selectList     : ==> Parameters: 
2026-04-23T18:54:39.691+08:00 DEBUG 21652 --- [           main] c.p.mapper.MerchantMapper.selectList     : <==      Total: 1
2026-04-23T18:54:39.700+08:00 DEBUG 21652 --- [           main] c.petshop.mapper.ServiceMapper.insert    : ==>  Preparing: INSERT INTO "service" ( merchant_id, name, description, price, duration, category, status, created_at, updated_at ) VALUES ( ?, ?, ?, ?, ?, ?, ?, ?, ? )
2026-04-23T18:54:39.702+08:00 DEBUG 21652 --- [           main] c.petshop.mapper.ServiceMapper.insert    : ==> Parameters: 1(Integer), Test Pet Grooming(String), Professional pet grooming service(String), 99.99(BigDecimal), 60(Integer), grooming(String), enabled(String), 2026-04-23T18:54:39.697422400(LocalDateTime), 2026-04-23T18:54:39.697422400(LocalDateTime)
2026-04-23T18:54:39.703+08:00 DEBUG 21652 --- [           main] c.petshop.mapper.ServiceMapper.insert    : <==    Updates: 1
2026-04-23T18:54:39.788+08:00 DEBUG 21652 --- [           main] com.petshop.mapper.AdminMapper.insert    : ==>  Preparing: INSERT INTO "admin" ( username, password, created_at, updated_at ) VALUES ( ?, ?, ?, ? )
2026-04-23T18:54:39.790+08:00 DEBUG 21652 --- [           main] com.petshop.mapper.AdminMapper.insert    : ==> Parameters: testadmin(String), $2a$10$3t.2Z9S4FS/1wmIP/rXkzut9rtyAEwGixkm/cg7YbqsOzPXMgImTK(String), 2026-04-23T18:54:39.788451700(LocalDateTime), 2026-04-23T18:54:39.788972200(LocalDateTime)
2026-04-23T18:54:39.790+08:00 DEBUG 21652 --- [           main] com.petshop.mapper.AdminMapper.insert    : <==    Updates: 1
2026-04-23T18:54:39.790+08:00 DEBUG 21652 --- [           main] c.p.mapper.AdminMapper.selectByUsername  : ==>  Preparing: SELECT * FROM `admin` WHERE username = ?
2026-04-23T18:54:39.792+08:00 DEBUG 21652 --- [           main] c.p.mapper.AdminMapper.selectByUsername  : ==> Parameters: admin(String)
2026-04-23T18:54:39.793+08:00 DEBUG 21652 --- [           main] c.p.mapper.AdminMapper.selectByUsername  : <==      Total: 0
2026-04-23T18:54:39.878+08:00 DEBUG 21652 --- [           main] com.petshop.mapper.AdminMapper.insert    : ==>  Preparing: INSERT INTO "admin" ( username, password, created_at, updated_at ) VALUES ( ?, ?, ?, ? )
2026-04-23T18:54:39.879+08:00 DEBUG 21652 --- [           main] com.petshop.mapper.AdminMapper.insert    : ==> Parameters: admin(String), $2a$10$NLjL5NHx6L3SDfB7fy/9uuoR5YxxW83uwYDniCn.8X630GpoFJRvG(String), 2026-04-23T18:54:39.878436700(LocalDateTime), 2026-04-23T18:54:39.878436700(LocalDateTime)
2026-04-23T18:54:39.880+08:00 DEBUG 21652 --- [           main] com.petshop.mapper.AdminMapper.insert    : <==    Updates: 1
默认管理员账号已创建：admin / 251010
OpenJDK 64-Bit Server VM warning: Sharing is only supported for boot loader classes because bootstrap classpath has been appended
2026-04-23T18:54:41.047+08:00 DEBUG 21652 --- [           main] com.petshop.mapper.AdminMapper.insert    : ==>  Preparing: INSERT INTO "admin" ( username, password, created_at, updated_at ) VALUES ( ?, ?, ?, ? )
2026-04-23T18:54:41.047+08:00 DEBUG 21652 --- [           main] com.petshop.mapper.AdminMapper.insert    : ==> Parameters: admin_test(String), $2a$10$dVV/mFtuc6XtuoUXteOHmOGr5hKLUyVAOdJaXu1VBhhLJZEtsDT32(String), 2026-04-23T18:54:41.045040300(LocalDateTime), 2026-04-23T18:54:41.045040300(LocalDateTime)
2026-04-23T18:54:41.047+08:00 DEBUG 21652 --- [           main] com.petshop.mapper.AdminMapper.insert    : <==    Updates: 1
2026-04-23T18:54:41.129+08:00 DEBUG 21652 --- [           main] com.petshop.mapper.UserMapper.insert     : ==>  Preparing: INSERT INTO "user" ( username, email, password, phone, status, created_at, updated_at ) VALUES ( ?, ?, ?, ?, ?, ?, ? )
2026-04-23T18:54:41.130+08:00 DEBUG 21652 --- [           main] com.petshop.mapper.UserMapper.insert     : ==> Parameters: user_test(String), user_test@example.com(String), $2a$10$r7UGwsQzYdOxdkFRaJT2HumplfFDK9Nnnwefw5Sm9Dk8jbjbI2bLC(String), 13800138000(String), active(String), 2026-04-23T18:54:41.128814300(LocalDateTime), 2026-04-23T18:54:41.128814300(LocalDateTime)
2026-04-23T18:54:41.130+08:00 DEBUG 21652 --- [           main] com.petshop.mapper.UserMapper.insert     : <==    Updates: 1
2026-04-23T18:54:41.229+08:00 DEBUG 21652 --- [           main] c.petshop.mapper.MerchantMapper.insert   : ==>  Preparing: INSERT INTO "merchant" ( name, contact_person, phone, email, password, address, status, created_at, updated_at ) VALUES ( ?, ?, ?, ?, ?, ?, ?, ?, ? )
2026-04-23T18:54:41.229+08:00 DEBUG 21652 --- [           main] c.petshop.mapper.MerchantMapper.insert   : ==> Parameters: Approved Merchant(String), Contact Person(String), 13900139000(String), approved@example.com(String), $2a$10$nuF7RDP5DAFKsatDSlIDyuXmOrlPhdkYKPOVVBj5Y4t5McjSDkOXW(String), Test Address(String), approved(String), 2026-04-23T18:54:41.227832(LocalDateTime), 2026-04-23T18:54:41.227832(LocalDateTime)
2026-04-23T18:54:41.230+08:00 DEBUG 21652 --- [           main] c.petshop.mapper.MerchantMapper.insert   : <==    Updates: 1
2026-04-23T18:54:41.322+08:00 DEBUG 21652 --- [           main] c.petshop.mapper.MerchantMapper.insert   : ==>  Preparing: INSERT INTO "merchant" ( name, contact_person, phone, email, password, address, status, created_at, updated_at ) VALUES ( ?, ?, ?, ?, ?, ?, ?, ?, ? )
2026-04-23T18:54:41.322+08:00 DEBUG 21652 --- [           main] c.petshop.mapper.MerchantMapper.insert   : ==> Parameters: Pending Merchant(String), Pending Contact(String), 13900139001(String), pending@example.com(String), $2a$10$J78m0IQpB2AkGL6b3eEPqeYorl4Alc4TN5.NTc1oflTzRbVgH.xZK(String), Pending Address(String), pending(String), 2026-04-23T18:54:41.321880800(LocalDateTime), 2026-04-23T18:54:41.321880800(LocalDateTime)
2026-04-23T18:54:41.323+08:00 DEBUG 21652 --- [           main] c.petshop.mapper.MerchantMapper.insert   : <==    Updates: 1
2026-04-23T18:54:41.397+08:00 DEBUG 21652 --- [           main] o.s.security.web.FilterChainProxy        : Securing POST /api/auth/admin/login
2026-04-23T18:54:41.420+08:00 DEBUG 21652 --- [           main] o.s.s.w.a.AnonymousAuthenticationFilter  : Set SecurityContextHolder to anonymous SecurityContext
2026-04-23T18:54:41.429+08:00 DEBUG 21652 --- [           main] o.s.security.web.FilterChainProxy        : Secured POST /api/auth/admin/login
2026-04-23T18:54:41.596+08:00 DEBUG 21652 --- [           main] c.p.mapper.UserMapper.selectByPhone      : ==>  Preparing: SELECT * FROM `user` WHERE phone = ?
2026-04-23T18:54:41.596+08:00 DEBUG 21652 --- [           main] c.p.mapper.UserMapper.selectByPhone      : ==> Parameters: admin_test(String)
2026-04-23T18:54:41.597+08:00 DEBUG 21652 --- [           main] c.p.mapper.UserMapper.selectByPhone      : <==      Total: 0
2026-04-23T18:54:41.598+08:00 DEBUG 21652 --- [           main] c.p.mapper.MerchantMapper.selectByPhone  : ==>  Preparing: SELECT * FROM `merchant` WHERE phone = ?
2026-04-23T18:54:41.598+08:00 DEBUG 21652 --- [           main] c.p.mapper.MerchantMapper.selectByPhone  : ==> Parameters: admin_test(String)
2026-04-23T18:54:41.599+08:00 DEBUG 21652 --- [           main] c.p.mapper.MerchantMapper.selectByPhone  : <==      Total: 0
2026-04-23T18:54:41.600+08:00 DEBUG 21652 --- [           main] c.p.mapper.MerchantMapper.selectByEmail  : ==>  Preparing: SELECT * FROM `merchant` WHERE email = ?
2026-04-23T18:54:41.600+08:00 DEBUG 21652 --- [           main] c.p.mapper.MerchantMapper.selectByEmail  : ==> Parameters: admin_test(String)
2026-04-23T18:54:41.601+08:00 DEBUG 21652 --- [           main] c.p.mapper.MerchantMapper.selectByEmail  : <==      Total: 0
2026-04-23T18:54:41.603+08:00 DEBUG 21652 --- [           main] c.p.mapper.AdminMapper.selectByUsername  : ==>  Preparing: SELECT * FROM `admin` WHERE username = ?
2026-04-23T18:54:41.603+08:00 DEBUG 21652 --- [           main] c.p.mapper.AdminMapper.selectByUsername  : ==> Parameters: admin_test(String)
2026-04-23T18:54:41.604+08:00 DEBUG 21652 --- [           main] c.p.mapper.AdminMapper.selectByUsername  : <==      Total: 1
2026-04-23T18:54:41.688+08:00 DEBUG 21652 --- [           main] o.s.s.a.dao.DaoAuthenticationProvider    : Authenticated user
2026-04-23T18:54:41.964+08:00 DEBUG 21652 --- [           main] com.petshop.mapper.AdminMapper.insert    : ==>  Preparing: INSERT INTO "admin" ( username, password, created_at, updated_at ) VALUES ( ?, ?, ?, ? )
2026-04-23T18:54:41.964+08:00 DEBUG 21652 --- [           main] com.petshop.mapper.AdminMapper.insert    : ==> Parameters: admin_test(String), $2a$10$wZZs5QgdlGWTTxYQQP.eweOobx2ZhF8ekKcYXZA0t.uyE0xtzPFIq(String), 2026-04-23T18:54:41.963778500(LocalDateTime), 2026-04-23T18:54:41.963778500(LocalDateTime)
2026-04-23T18:54:41.965+08:00 DEBUG 21652 --- [           main] com.petshop.mapper.AdminMapper.insert    : <==    Updates: 1
2026-04-23T18:54:42.048+08:00 DEBUG 21652 --- [           main] com.petshop.mapper.UserMapper.insert     : ==>  Preparing: INSERT INTO "user" ( username, email, password, phone, status, created_at, updated_at ) VALUES ( ?, ?, ?, ?, ?, ?, ? )
2026-04-23T18:54:42.048+08:00 DEBUG 21652 --- [           main] com.petshop.mapper.UserMapper.insert     : ==> Parameters: user_test(String), user_test@example.com(String), $2a$10$bRxI8WQmi5is7PHmKo0BU.v0Cg0cR9S8JCfmmSdlI4kZXh/piqYCO(String), 13800138000(String), active(String), 2026-04-23T18:54:42.047382(LocalDateTime), 2026-04-23T18:54:42.047382(LocalDateTime)
2026-04-23T18:54:42.049+08:00 DEBUG 21652 --- [           main] com.petshop.mapper.UserMapper.insert     : <==    Updates: 1
2026-04-23T18:54:42.132+08:00 DEBUG 21652 --- [           main] c.petshop.mapper.MerchantMapper.insert   : ==>  Preparing: INSERT INTO "merchant" ( name, contact_person, phone, email, password, address, status, created_at, updated_at ) VALUES ( ?, ?, ?, ?, ?, ?, ?, ?, ? )
2026-04-23T18:54:42.133+08:00 DEBUG 21652 --- [           main] c.petshop.mapper.MerchantMapper.insert   : ==> Parameters: Approved Merchant(String), Contact Person(String), 13900139000(String), approved@example.com(String), $2a$10$XtdI9J4at.6cOJdvSudWNOdnrHkajgQ5Uyc7cGkw1Z2eKl1B99yjK(String), Test Address(String), approved(String), 2026-04-23T18:54:42.132890300(LocalDateTime), 2026-04-23T18:54:42.132890300(LocalDateTime)
2026-04-23T18:54:42.134+08:00 DEBUG 21652 --- [           main] c.petshop.mapper.MerchantMapper.insert   : <==    Updates: 1
2026-04-23T18:54:42.219+08:00 DEBUG 21652 --- [           main] c.petshop.mapper.MerchantMapper.insert   : ==>  Preparing: INSERT INTO "merchant" ( name, contact_person, phone, email, password, address, status, created_at, updated_at ) VALUES ( ?, ?, ?, ?, ?, ?, ?, ?, ? )
2026-04-23T18:54:42.219+08:00 DEBUG 21652 --- [           main] c.petshop.mapper.MerchantMapper.insert   : ==> Parameters: Pending Merchant(String), Pending Contact(String), 13900139001(String), pending@example.com(String), $2a$10$JqERTq7pGN11pFNl7/Mude1aacW6aYSUBo4ZjfWcMyNmmVWnVpPlS(String), Pending Address(String), pending(String), 2026-04-23T18:54:42.218533200(LocalDateTime), 2026-04-23T18:54:42.218533200(LocalDateTime)
2026-04-23T18:54:42.220+08:00 DEBUG 21652 --- [           main] c.petshop.mapper.MerchantMapper.insert   : <==    Updates: 1
2026-04-23T18:54:42.220+08:00 DEBUG 21652 --- [           main] o.s.security.web.FilterChainProxy        : Securing POST /api/auth/admin/login
2026-04-23T18:54:42.221+08:00 DEBUG 21652 --- [           main] o.s.s.w.a.AnonymousAuthenticationFilter  : Set SecurityContextHolder to anonymous SecurityContext
2026-04-23T18:54:42.222+08:00 DEBUG 21652 --- [           main] o.s.security.web.FilterChainProxy        : Secured POST /api/auth/admin/login
2026-04-23T18:54:42.223+08:00 DEBUG 21652 --- [           main] c.p.mapper.UserMapper.selectByPhone      : ==>  Preparing: SELECT * FROM `user` WHERE phone = ?
2026-04-23T18:54:42.223+08:00 DEBUG 21652 --- [           main] c.p.mapper.UserMapper.selectByPhone      : ==> Parameters: nonexistent(String)
2026-04-23T18:54:42.223+08:00 DEBUG 21652 --- [           main] c.p.mapper.UserMapper.selectByPhone      : <==      Total: 0
2026-04-23T18:54:42.224+08:00 DEBUG 21652 --- [           main] c.p.mapper.MerchantMapper.selectByPhone  : ==>  Preparing: SELECT * FROM `merchant` WHERE phone = ?
2026-04-23T18:54:42.224+08:00 DEBUG 21652 --- [           main] c.p.mapper.MerchantMapper.selectByPhone  : ==> Parameters: nonexistent(String)
2026-04-23T18:54:42.224+08:00 DEBUG 21652 --- [           main] c.p.mapper.MerchantMapper.selectByPhone  : <==      Total: 0
2026-04-23T18:54:42.225+08:00 DEBUG 21652 --- [           main] c.p.mapper.MerchantMapper.selectByEmail  : ==>  Preparing: SELECT * FROM `merchant` WHERE email = ?
2026-04-23T18:54:42.225+08:00 DEBUG 21652 --- [           main] c.p.mapper.MerchantMapper.selectByEmail  : ==> Parameters: nonexistent(String)
2026-04-23T18:54:42.225+08:00 DEBUG 21652 --- [           main] c.p.mapper.MerchantMapper.selectByEmail  : <==      Total: 0
2026-04-23T18:54:42.226+08:00 DEBUG 21652 --- [           main] c.p.mapper.AdminMapper.selectByUsername  : ==>  Preparing: SELECT * FROM `admin` WHERE username = ?
2026-04-23T18:54:42.226+08:00 DEBUG 21652 --- [           main] c.p.mapper.AdminMapper.selectByUsername  : ==> Parameters: nonexistent(String)
2026-04-23T18:54:42.227+08:00 DEBUG 21652 --- [           main] c.p.mapper.AdminMapper.selectByUsername  : <==      Total: 0
2026-04-23T18:54:42.308+08:00 DEBUG 21652 --- [           main] o.s.s.a.dao.DaoAuthenticationProvider    : Failed to find user 'nonexistent'
2026-04-23T18:54:42.398+08:00 DEBUG 21652 --- [           main] com.petshop.mapper.AdminMapper.insert    : ==>  Preparing: INSERT INTO "admin" ( username, password, created_at, updated_at ) VALUES ( ?, ?, ?, ? )
2026-04-23T18:54:42.398+08:00 DEBUG 21652 --- [           main] com.petshop.mapper.AdminMapper.insert    : ==> Parameters: admin_test(String), $2a$10$WZd0Y3reUlv8YjKKV2wYPeDShZumsRv45ob7KqKHxYfVoN1ctcKxy(String), 2026-04-23T18:54:42.397329100(LocalDateTime), 2026-04-23T18:54:42.397329100(LocalDateTime)
2026-04-23T18:54:42.399+08:00 DEBUG 21652 --- [           main] com.petshop.mapper.AdminMapper.insert    : <==    Updates: 1
2026-04-23T18:54:42.478+08:00 DEBUG 21652 --- [           main] com.petshop.mapper.UserMapper.insert     : ==>  Preparing: INSERT INTO "user" ( username, email, password, phone, status, created_at, updated_at ) VALUES ( ?, ?, ?, ?, ?, ?, ? )
2026-04-23T18:54:42.479+08:00 DEBUG 21652 --- [           main] com.petshop.mapper.UserMapper.insert     : ==> Parameters: user_test(String), user_test@example.com(String), $2a$10$l5Gx/GPW2ATnSh5zZU8.IOeNwH9TrvuBVn.AV1PQZMP2G6EHQpG4u(String), 13800138000(String), active(String), 2026-04-23T18:54:42.478863500(LocalDateTime), 2026-04-23T18:54:42.478863500(LocalDateTime)
2026-04-23T18:54:42.479+08:00 DEBUG 21652 --- [           main] com.petshop.mapper.UserMapper.insert     : <==    Updates: 1
2026-04-23T18:54:42.562+08:00 DEBUG 21652 --- [           main] c.petshop.mapper.MerchantMapper.insert   : ==>  Preparing: INSERT INTO "merchant" ( name, contact_person, phone, email, password, address, status, created_at, updated_at ) VALUES ( ?, ?, ?, ?, ?, ?, ?, ?, ? )
2026-04-23T18:54:42.562+08:00 DEBUG 21652 --- [           main] c.petshop.mapper.MerchantMapper.insert   : ==> Parameters: Approved Merchant(String), Contact Person(String), 13900139000(String), approved@example.com(String), $2a$10$bS131s4OmUT7Bb0/VGABduM8cjl4gcOeN/E1.fLfxsaNsL.u3RwVO(String), Test Address(String), approved(String), 2026-04-23T18:54:42.559998800(LocalDateTime), 2026-04-23T18:54:42.559998800(LocalDateTime)
2026-04-23T18:54:42.563+08:00 DEBUG 21652 --- [           main] c.petshop.mapper.MerchantMapper.insert   : <==    Updates: 1
2026-04-23T18:54:42.643+08:00 DEBUG 21652 --- [           main] c.petshop.mapper.MerchantMapper.insert   : ==>  Preparing: INSERT INTO "merchant" ( name, contact_person, phone, email, password, address, status, created_at, updated_at ) VALUES ( ?, ?, ?, ?, ?, ?, ?, ?, ? )
2026-04-23T18:54:42.644+08:00 DEBUG 21652 --- [           main] c.petshop.mapper.MerchantMapper.insert   : ==> Parameters: Pending Merchant(String), Pending Contact(String), 13900139001(String), pending@example.com(String), $2a$10$InnBoEQKnj/SiIZfRcGVReHKxkGQFsXpNEyeIcER345uMTdPIxkVq(String), Pending Address(String), pending(String), 2026-04-23T18:54:42.643969500(LocalDateTime), 2026-04-23T18:54:42.643969500(LocalDateTime)
2026-04-23T18:54:42.644+08:00 DEBUG 21652 --- [           main] c.petshop.mapper.MerchantMapper.insert   : <==    Updates: 1
2026-04-23T18:54:42.645+08:00 DEBUG 21652 --- [           main] o.s.security.web.FilterChainProxy        : Securing POST /api/auth/admin/login
2026-04-23T18:54:42.646+08:00 DEBUG 21652 --- [           main] o.s.s.w.a.AnonymousAuthenticationFilter  : Set SecurityContextHolder to anonymous SecurityContext
2026-04-23T18:54:42.647+08:00 DEBUG 21652 --- [           main] o.s.security.web.FilterChainProxy        : Secured POST /api/auth/admin/login
2026-04-23T18:54:42.647+08:00 DEBUG 21652 --- [           main] c.p.mapper.UserMapper.selectByPhone      : ==>  Preparing: SELECT * FROM `user` WHERE phone = ?
2026-04-23T18:54:42.648+08:00 DEBUG 21652 --- [           main] c.p.mapper.UserMapper.selectByPhone      : ==> Parameters: admin_test(String)
2026-04-23T18:54:42.648+08:00 DEBUG 21652 --- [           main] c.p.mapper.UserMapper.selectByPhone      : <==      Total: 0
2026-04-23T18:54:42.649+08:00 DEBUG 21652 --- [           main] c.p.mapper.MerchantMapper.selectByPhone  : ==>  Preparing: SELECT * FROM `merchant` WHERE phone = ?
2026-04-23T18:54:42.650+08:00 DEBUG 21652 --- [           main] c.p.mapper.MerchantMapper.selectByPhone  : ==> Parameters: admin_test(String)
2026-04-23T18:54:42.650+08:00 DEBUG 21652 --- [           main] c.p.mapper.MerchantMapper.selectByPhone  : <==      Total: 0
2026-04-23T18:54:42.650+08:00 DEBUG 21652 --- [           main] c.p.mapper.MerchantMapper.selectByEmail  : ==>  Preparing: SELECT * FROM `merchant` WHERE email = ?
2026-04-23T18:54:42.651+08:00 DEBUG 21652 --- [           main] c.p.mapper.MerchantMapper.selectByEmail  : ==> Parameters: admin_test(String)
2026-04-23T18:54:42.651+08:00 DEBUG 21652 --- [           main] c.p.mapper.MerchantMapper.selectByEmail  : <==      Total: 0
2026-04-23T18:54:42.651+08:00 DEBUG 21652 --- [           main] c.p.mapper.AdminMapper.selectByUsername  : ==>  Preparing: SELECT * FROM `admin` WHERE username = ?
2026-04-23T18:54:42.651+08:00 DEBUG 21652 --- [           main] c.p.mapper.AdminMapper.selectByUsername  : ==> Parameters: admin_test(String)
2026-04-23T18:54:42.653+08:00 DEBUG 21652 --- [           main] c.p.mapper.AdminMapper.selectByUsername  : <==      Total: 1
2026-04-23T18:54:42.734+08:00 DEBUG 21652 --- [           main] o.s.s.a.dao.DaoAuthenticationProvider    : Failed to authenticate since password does not match stored value
2026-04-23T18:54:42.822+08:00 DEBUG 21652 --- [           main] com.petshop.mapper.AdminMapper.insert    : ==>  Preparing: INSERT INTO "admin" ( username, password, created_at, updated_at ) VALUES ( ?, ?, ?, ? )
2026-04-23T18:54:42.823+08:00 DEBUG 21652 --- [           main] com.petshop.mapper.AdminMapper.insert    : ==> Parameters: admin_test(String), $2a$10$srico4mRjzfIBaqAb5sGNeJ5uRmnj5.gxWoAEFqQZxU9BBPm5DDfi(String), 2026-04-23T18:54:42.821654500(LocalDateTime), 2026-04-23T18:54:42.821654500(LocalDateTime)
2026-04-23T18:54:42.823+08:00 DEBUG 21652 --- [           main] com.petshop.mapper.AdminMapper.insert    : <==    Updates: 1
2026-04-23T18:54:42.904+08:00 DEBUG 21652 --- [           main] com.petshop.mapper.UserMapper.insert     : ==>  Preparing: INSERT INTO "user" ( username, email, password, phone, status, created_at, updated_at ) VALUES ( ?, ?, ?, ?, ?, ?, ? )
2026-04-23T18:54:42.904+08:00 DEBUG 21652 --- [           main] com.petshop.mapper.UserMapper.insert     : ==> Parameters: user_test(String), user_test@example.com(String), $2a$10$voQhrZcUgt/2iDPCR6q8GuG7GbkoksqVZowtVel21jmDKq.We7gKS(String), 13800138000(String), active(String), 2026-04-23T18:54:42.904119800(LocalDateTime), 2026-04-23T18:54:42.904119800(LocalDateTime)
2026-04-23T18:54:42.904+08:00 DEBUG 21652 --- [           main] com.petshop.mapper.UserMapper.insert     : <==    Updates: 1
2026-04-23T18:54:42.986+08:00 DEBUG 21652 --- [           main] c.petshop.mapper.MerchantMapper.insert   : ==>  Preparing: INSERT INTO "merchant" ( name, contact_person, phone, email, password, address, status, created_at, updated_at ) VALUES ( ?, ?, ?, ?, ?, ?, ?, ?, ? )
2026-04-23T18:54:42.986+08:00 DEBUG 21652 --- [           main] c.petshop.mapper.MerchantMapper.insert   : ==> Parameters: Approved Merchant(String), Contact Person(String), 13900139000(String), approved@example.com(String), $2a$10$9xL.XYTc3gtTdnhIJ/5hI.H9.ek7Q7nwYiaweKTkcDbcc/3WRmzSO(String), Test Address(String), approved(String), 2026-04-23T18:54:42.985061100(LocalDateTime), 2026-04-23T18:54:42.985061100(LocalDateTime)
2026-04-23T18:54:42.987+08:00 DEBUG 21652 --- [           main] c.petshop.mapper.MerchantMapper.insert   : <==    Updates: 1
2026-04-23T18:54:43.074+08:00 DEBUG 21652 --- [           main] c.petshop.mapper.MerchantMapper.insert   : ==>  Preparing: INSERT INTO "merchant" ( name, contact_person, phone, email, password, address, status, created_at, updated_at ) VALUES ( ?, ?, ?, ?, ?, ?, ?, ?, ? )
2026-04-23T18:54:43.074+08:00 DEBUG 21652 --- [           main] c.petshop.mapper.MerchantMapper.insert   : ==> Parameters: Pending Merchant(String), Pending Contact(String), 13900139001(String), pending@example.com(String), $2a$10$Ig3MDvhAee12URsGCVaDl.j8cduidFRj.I1f6fYvmuMQAGDdy2Osu(String), Pending Address(String), pending(String), 2026-04-23T18:54:43.074309900(LocalDateTime), 2026-04-23T18:54:43.074309900(LocalDateTime)
2026-04-23T18:54:43.075+08:00 DEBUG 21652 --- [           main] c.petshop.mapper.MerchantMapper.insert   : <==    Updates: 1
2026-04-23T18:54:43.076+08:00 DEBUG 21652 --- [           main] o.s.security.web.FilterChainProxy        : Securing POST /api/auth/admin/login
2026-04-23T18:54:43.077+08:00 DEBUG 21652 --- [           main] o.s.s.w.a.AnonymousAuthenticationFilter  : Set SecurityContextHolder to anonymous SecurityContext
2026-04-23T18:54:43.077+08:00 DEBUG 21652 --- [           main] o.s.security.web.FilterChainProxy        : Secured POST /api/auth/admin/login
2026-04-23T18:54:43.169+08:00 DEBUG 21652 --- [           main] com.petshop.mapper.AdminMapper.insert    : ==>  Preparing: INSERT INTO "admin" ( username, password, created_at, updated_at ) VALUES ( ?, ?, ?, ? )
2026-04-23T18:54:43.169+08:00 DEBUG 21652 --- [           main] com.petshop.mapper.AdminMapper.insert    : ==> Parameters: admin_test(String), $2a$10$mKq8JIg8JZpBNsUXIC6MIexPViQz4HupYNxHJCS8vB7oyoFFD2dC6(String), 2026-04-23T18:54:43.169604800(LocalDateTime), 2026-04-23T18:54:43.169604800(LocalDateTime)
2026-04-23T18:54:43.170+08:00 DEBUG 21652 --- [           main] com.petshop.mapper.AdminMapper.insert    : <==    Updates: 1
2026-04-23T18:54:43.253+08:00 DEBUG 21652 --- [           main] com.petshop.mapper.UserMapper.insert     : ==>  Preparing: INSERT INTO "user" ( username, email, password, phone, status, created_at, updated_at ) VALUES ( ?, ?, ?, ?, ?, ?, ? )
2026-04-23T18:54:43.253+08:00 DEBUG 21652 --- [           main] com.petshop.mapper.UserMapper.insert     : ==> Parameters: user_test(String), user_test@example.com(String), $2a$10$EXPD8XZfVuWNBQyyeZCV4ueXwJqKEDUcI4feMyPIjonisypWBR6U6(String), 13800138000(String), active(String), 2026-04-23T18:54:43.252286900(LocalDateTime), 2026-04-23T18:54:43.252286900(LocalDateTime)
2026-04-23T18:54:43.254+08:00 DEBUG 21652 --- [           main] com.petshop.mapper.UserMapper.insert     : <==    Updates: 1
2026-04-23T18:54:43.335+08:00 DEBUG 21652 --- [           main] c.petshop.mapper.MerchantMapper.insert   : ==>  Preparing: INSERT INTO "merchant" ( name, contact_person, phone, email, password, address, status, created_at, updated_at ) VALUES ( ?, ?, ?, ?, ?, ?, ?, ?, ? )
2026-04-23T18:54:43.336+08:00 DEBUG 21652 --- [           main] c.petshop.mapper.MerchantMapper.insert   : ==> Parameters: Approved Merchant(String), Contact Person(String), 13900139000(String), approved@example.com(String), $2a$10$4XXx9aZNFNZhUbnfuCXQD.biy6/8PcItcWT4HuX0/cAmOT/BCB5mq(String), Test Address(String), approved(String), 2026-04-23T18:54:43.334502100(LocalDateTime), 2026-04-23T18:54:43.334502100(LocalDateTime)
2026-04-23T18:54:43.336+08:00 DEBUG 21652 --- [           main] c.petshop.mapper.MerchantMapper.insert   : <==    Updates: 1
2026-04-23T18:54:43.418+08:00 DEBUG 21652 --- [           main] c.petshop.mapper.MerchantMapper.insert   : ==>  Preparing: INSERT INTO "merchant" ( name, contact_person, phone, email, password, address, status, created_at, updated_at ) VALUES ( ?, ?, ?, ?, ?, ?, ?, ?, ? )
2026-04-23T18:54:43.418+08:00 DEBUG 21652 --- [           main] c.petshop.mapper.MerchantMapper.insert   : ==> Parameters: Pending Merchant(String), Pending Contact(String), 13900139001(String), pending@example.com(String), $2a$10$hg3daUPlOFAGt.T7V6vV1eHVu45dfzeIcKP25pZ2dnnBROQLqh4cu(String), Pending Address(String), pending(String), 2026-04-23T18:54:43.417679700(LocalDateTime), 2026-04-23T18:54:43.417679700(LocalDateTime)
2026-04-23T18:54:43.418+08:00 DEBUG 21652 --- [           main] c.petshop.mapper.MerchantMapper.insert   : <==    Updates: 1
2026-04-23T18:54:43.419+08:00 DEBUG 21652 --- [           main] o.s.security.web.FilterChainProxy        : Securing POST /api/auth/admin/login
2026-04-23T18:54:43.419+08:00 DEBUG 21652 --- [           main] o.s.s.w.a.AnonymousAuthenticationFilter  : Set SecurityContextHolder to anonymous SecurityContext
2026-04-23T18:54:43.420+08:00 DEBUG 21652 --- [           main] o.s.security.web.FilterChainProxy        : Secured POST /api/auth/admin/login
[INFO] Tests run: 5, Failures: 0, Errors: 0, Skipped: 0, Time elapsed: 11.44 s -- in com.petshop.controller.AdminApiControllerTest$AdminAuthenticationTests
[INFO] Running com.petshop.controller.AdminApiControllerTest$IntegrationTests
2026-04-23T18:54:43.434+08:00  INFO 21652 --- [           main] t.c.s.AnnotationConfigContextLoaderUtils : Could not detect default configuration classes for test class [com.petshop.controller.AdminApiControllerTest$IntegrationTests]: IntegrationTests does not declare any static, non-private, non-final, nested classes annotated with @Configuration.
2026-04-23T18:54:43.440+08:00  INFO 21652 --- [           main] .b.t.c.SpringBootTestContextBootstrapper : Found @SpringBootConfiguration com.petshop.PetManagementSystemApplication for test class com.petshop.controller.AdminApiControllerTest$IntegrationTests
2026-04-23T18:54:43.540+08:00 DEBUG 21652 --- [           main] com.petshop.mapper.AdminMapper.insert    : ==>  Preparing: INSERT INTO "admin" ( username, password, created_at, updated_at ) VALUES ( ?, ?, ?, ? )
2026-04-23T18:54:43.540+08:00 DEBUG 21652 --- [           main] com.petshop.mapper.AdminMapper.insert    : ==> Parameters: admin_test(String), $2a$10$baFB59CoEZijXRAeRGadFulMVHjVEhL5tks/oaEiAsSUq7QDlEbtq(String), 2026-04-23T18:54:43.539394500(LocalDateTime), 2026-04-23T18:54:43.539394500(LocalDateTime)
2026-04-23T18:54:43.540+08:00 DEBUG 21652 --- [           main] com.petshop.mapper.AdminMapper.insert    : <==    Updates: 1
2026-04-23T18:54:43.621+08:00 DEBUG 21652 --- [           main] com.petshop.mapper.UserMapper.insert     : ==>  Preparing: INSERT INTO "user" ( username, email, password, phone, status, created_at, updated_at ) VALUES ( ?, ?, ?, ?, ?, ?, ? )
2026-04-23T18:54:43.622+08:00 DEBUG 21652 --- [           main] com.petshop.mapper.UserMapper.insert     : ==> Parameters: user_test(String), user_test@example.com(String), $2a$10$lwo8cN34AFzskHqdWJP4YuPrLflxc4haNexU6MS2NtCsItE/P1zji(String), 13800138000(String), active(String), 2026-04-23T18:54:43.621798900(LocalDateTime), 2026-04-23T18:54:43.621798900(LocalDateTime)
2026-04-23T18:54:43.622+08:00 DEBUG 21652 --- [           main] com.petshop.mapper.UserMapper.insert     : <==    Updates: 1
2026-04-23T18:54:43.704+08:00 DEBUG 21652 --- [           main] c.petshop.mapper.MerchantMapper.insert   : ==>  Preparing: INSERT INTO "merchant" ( name, contact_person, phone, email, password, address, status, created_at, updated_at ) VALUES ( ?, ?, ?, ?, ?, ?, ?, ?, ? )
2026-04-23T18:54:43.705+08:00 DEBUG 21652 --- [           main] c.petshop.mapper.MerchantMapper.insert   : ==> Parameters: Approved Merchant(String), Contact Person(String), 13900139000(String), approved@example.com(String), $2a$10$r2uZ8M7y2V62byR8paMqHOV685HL9N4wDvwC5G3s5Ip062e.sgvdK(String), Test Address(String), approved(String), 2026-04-23T18:54:43.704009700(LocalDateTime), 2026-04-23T18:54:43.704009700(LocalDateTime)
2026-04-23T18:54:43.705+08:00 DEBUG 21652 --- [           main] c.petshop.mapper.MerchantMapper.insert   : <==    Updates: 1
2026-04-23T18:54:43.786+08:00 DEBUG 21652 --- [           main] c.petshop.mapper.MerchantMapper.insert   : ==>  Preparing: INSERT INTO "merchant" ( name, contact_person, phone, email, password, address, status, created_at, updated_at ) VALUES ( ?, ?, ?, ?, ?, ?, ?, ?, ? )
2026-04-23T18:54:43.786+08:00 DEBUG 21652 --- [           main] c.petshop.mapper.MerchantMapper.insert   : ==> Parameters: Pending Merchant(String), Pending Contact(String), 13900139001(String), pending@example.com(String), $2a$10$cVhB8v15TRVM4y3sLS5M4O8fAm2nSM5lGC2wHk39MbPNAyl2gQlUW(String), Pending Address(String), pending(String), 2026-04-23T18:54:43.786545800(LocalDateTime), 2026-04-23T18:54:43.786545800(LocalDateTime)
2026-04-23T18:54:43.787+08:00 DEBUG 21652 --- [           main] c.petshop.mapper.MerchantMapper.insert   : <==    Updates: 1
2026-04-23T18:54:43.868+08:00 DEBUG 21652 --- [           main] c.petshop.mapper.MerchantMapper.insert   : ==>  Preparing: INSERT INTO "merchant" ( name, contact_person, phone, email, password, address, status, created_at, updated_at ) VALUES ( ?, ?, ?, ?, ?, ?, ?, ?, ? )
2026-04-23T18:54:43.868+08:00 DEBUG 21652 --- [           main] c.petshop.mapper.MerchantMapper.insert   : ==> Parameters: New Test Merchant(String), New Contact(String), 13900139002(String), newmerchant@example.com(String), $2a$10$px3zGZDB83to4qxwkAuj5OdGB0xfRxFBAb0iLIGhI4aqi6d/TJXpK(String), New Address(String), pending(String), 2026-04-23T18:54:43.867853100(LocalDateTime), 2026-04-23T18:54:43.867853100(LocalDateTime)
2026-04-23T18:54:43.869+08:00 DEBUG 21652 --- [           main] c.petshop.mapper.MerchantMapper.insert   : <==    Updates: 1
2026-04-23T18:54:43.869+08:00 DEBUG 21652 --- [           main] o.s.security.web.FilterChainProxy        : Securing GET /api/admin/merchants/pending
2026-04-23T18:54:43.870+08:00 DEBUG 21652 --- [           main] o.s.s.w.a.AnonymousAuthenticationFilter  : Set SecurityContextHolder to anonymous SecurityContext
2026-04-23T18:54:43.870+08:00 DEBUG 21652 --- [           main] o.s.security.web.FilterChainProxy        : Secured GET /api/admin/merchants/pending
2026-04-23T18:54:43.922+08:00 DEBUG 21652 --- [           main] c.p.mapper.MerchantMapper.selectList     : ==>  Preparing: SELECT id,name,contact_person,phone,email,password,address,logo,status,created_at,updated_at FROM "merchant" WHERE (status = ?) ORDER BY created_at DESC
2026-04-23T18:54:43.923+08:00 DEBUG 21652 --- [           main] c.p.mapper.MerchantMapper.selectList     : ==> Parameters: pending(String)
2026-04-23T18:54:43.925+08:00 DEBUG 21652 --- [           main] c.p.mapper.MerchantMapper.selectList     : <==      Total: 2
2026-04-23T18:54:43.962+08:00 DEBUG 21652 --- [           main] o.s.security.web.FilterChainProxy        : Securing PUT /api/admin/merchants/14/audit
2026-04-23T18:54:43.963+08:00 DEBUG 21652 --- [           main] o.s.s.w.a.AnonymousAuthenticationFilter  : Set SecurityContextHolder to anonymous SecurityContext
2026-04-23T18:54:43.963+08:00 DEBUG 21652 --- [           main] o.s.security.web.FilterChainProxy        : Secured PUT /api/admin/merchants/14/audit
2026-04-23T18:54:43.968+08:00 DEBUG 21652 --- [           main] c.p.mapper.MerchantMapper.selectById     : ==>  Preparing: SELECT id,name,contact_person,phone,email,password,address,logo,status,created_at,updated_at FROM "merchant" WHERE id=?
2026-04-23T18:54:43.969+08:00 DEBUG 21652 --- [           main] c.p.mapper.MerchantMapper.selectById     : ==> Parameters: 14(Integer)
2026-04-23T18:54:43.973+08:00 DEBUG 21652 --- [           main] c.p.mapper.MerchantMapper.selectById     : <==      Total: 1
2026-04-23T18:54:43.977+08:00 DEBUG 21652 --- [           main] c.p.mapper.MerchantMapper.updateById     : ==>  Preparing: UPDATE "merchant" SET name=?, contact_person=?, phone=?, email=?, password=?, address=?, status=?, created_at=?, updated_at=? WHERE id=?
2026-04-23T18:54:43.980+08:00 DEBUG 21652 --- [           main] c.p.mapper.MerchantMapper.updateById     : ==> Parameters: New Test Merchant(String), New Contact(String), 13900139002(String), newmerchant@example.com(String), $2a$10$px3zGZDB83to4qxwkAuj5OdGB0xfRxFBAb0iLIGhI4aqi6d/TJXpK(String), New Address(String), approved(String), 2026-04-23T18:54:43.867853(LocalDateTime), 2026-04-23T18:54:43.973195700(LocalDateTime), 14(Integer)
2026-04-23T18:54:43.981+08:00 DEBUG 21652 --- [           main] c.p.mapper.MerchantMapper.updateById     : <==    Updates: 1
2026-04-23T18:54:43.984+08:00 DEBUG 21652 --- [           main] o.s.security.web.FilterChainProxy        : Securing GET /api/admin/merchants/14
2026-04-23T18:54:43.984+08:00 DEBUG 21652 --- [           main] o.s.s.w.a.AnonymousAuthenticationFilter  : Set SecurityContextHolder to anonymous SecurityContext
2026-04-23T18:54:43.985+08:00 DEBUG 21652 --- [           main] o.s.security.web.FilterChainProxy        : Secured GET /api/admin/merchants/14
2026-04-23T18:54:43.988+08:00 DEBUG 21652 --- [           main] c.p.mapper.MerchantMapper.selectById     : ==>  Preparing: SELECT id,name,contact_person,phone,email,password,address,logo,status,created_at,updated_at FROM "merchant" WHERE id=?
2026-04-23T18:54:43.988+08:00 DEBUG 21652 --- [           main] c.p.mapper.MerchantMapper.selectById     : ==> Parameters: 14(Integer)
2026-04-23T18:54:43.988+08:00 DEBUG 21652 --- [           main] c.p.mapper.MerchantMapper.selectById     : <==      Total: 1
2026-04-23T18:54:44.088+08:00 DEBUG 21652 --- [           main] com.petshop.mapper.AdminMapper.insert    : ==>  Preparing: INSERT INTO "admin" ( username, password, created_at, updated_at ) VALUES ( ?, ?, ?, ? )
2026-04-23T18:54:44.088+08:00 DEBUG 21652 --- [           main] com.petshop.mapper.AdminMapper.insert    : ==> Parameters: admin_test(String), $2a$10$OLJ2VpwynEIZHRF9vG3K1uRn30e5LRm1PNQxSSE4Fy77WaFj2ZijW(String), 2026-04-23T18:54:44.087658400(LocalDateTime), 2026-04-23T18:54:44.087658400(LocalDateTime)
2026-04-23T18:54:44.089+08:00 DEBUG 21652 --- [           main] com.petshop.mapper.AdminMapper.insert    : <==    Updates: 1
2026-04-23T18:54:44.171+08:00 DEBUG 21652 --- [           main] com.petshop.mapper.UserMapper.insert     : ==>  Preparing: INSERT INTO "user" ( username, email, password, phone, status, created_at, updated_at ) VALUES ( ?, ?, ?, ?, ?, ?, ? )
2026-04-23T18:54:44.173+08:00 DEBUG 21652 --- [           main] com.petshop.mapper.UserMapper.insert     : ==> Parameters: user_test(String), user_test@example.com(String), $2a$10$ay5uMzudNu1CSTtIE8pI3u2Q2lZ7a48W14Nau.LCfP8uzxVbv6/qO(String), 13800138000(String), active(String), 2026-04-23T18:54:44.171784400(LocalDateTime), 2026-04-23T18:54:44.171784400(LocalDateTime)
2026-04-23T18:54:44.173+08:00 DEBUG 21652 --- [           main] com.petshop.mapper.UserMapper.insert     : <==    Updates: 1
2026-04-23T18:54:44.256+08:00 DEBUG 21652 --- [           main] c.petshop.mapper.MerchantMapper.insert   : ==>  Preparing: INSERT INTO "merchant" ( name, contact_person, phone, email, password, address, status, created_at, updated_at ) VALUES ( ?, ?, ?, ?, ?, ?, ?, ?, ? )
2026-04-23T18:54:44.256+08:00 DEBUG 21652 --- [           main] c.petshop.mapper.MerchantMapper.insert   : ==> Parameters: Approved Merchant(String), Contact Person(String), 13900139000(String), approved@example.com(String), $2a$10$gy08nulT4NaU7f0tE0/BLOEDeZlBgxAAVuf/8TSQi2ddeXUDSBjyK(String), Test Address(String), approved(String), 2026-04-23T18:54:44.256084400(LocalDateTime), 2026-04-23T18:54:44.256084400(LocalDateTime)
2026-04-23T18:54:44.257+08:00 DEBUG 21652 --- [           main] c.petshop.mapper.MerchantMapper.insert   : <==    Updates: 1
2026-04-23T18:54:44.339+08:00 DEBUG 21652 --- [           main] c.petshop.mapper.MerchantMapper.insert   : ==>  Preparing: INSERT INTO "merchant" ( name, contact_person, phone, email, password, address, status, created_at, updated_at ) VALUES ( ?, ?, ?, ?, ?, ?, ?, ?, ? )
2026-04-23T18:54:44.339+08:00 DEBUG 21652 --- [           main] c.petshop.mapper.MerchantMapper.insert   : ==> Parameters: Pending Merchant(String), Pending Contact(String), 13900139001(String), pending@example.com(String), $2a$10$FNzOzCKc8XSwFKBrdDFXr.aExwtjZJD0vnFdupcvyDE4OvrbWUuQa(String), Pending Address(String), pending(String), 2026-04-23T18:54:44.338283(LocalDateTime), 2026-04-23T18:54:44.338283(LocalDateTime)
2026-04-23T18:54:44.340+08:00 DEBUG 21652 --- [           main] c.petshop.mapper.MerchantMapper.insert   : <==    Updates: 1
2026-04-23T18:54:44.423+08:00 DEBUG 21652 --- [           main] com.petshop.mapper.UserMapper.insert     : ==>  Preparing: INSERT INTO "user" ( username, email, password, phone, status, created_at, updated_at ) VALUES ( ?, ?, ?, ?, ?, ?, ? )
2026-04-23T18:54:44.423+08:00 DEBUG 21652 --- [           main] com.petshop.mapper.UserMapper.insert     : ==> Parameters: flow_test_user(String), flowtest@example.com(String), $2a$10$jdx7POQ4jQdu9ZHVCyL8keFv6bYa90/U/5JN7ThMA3sdqC818HPJu(String), 13800138002(String), active(String), 2026-04-23T18:54:44.422701800(LocalDateTime), 2026-04-23T18:54:44.422701800(LocalDateTime)
2026-04-23T18:54:44.424+08:00 DEBUG 21652 --- [           main] com.petshop.mapper.UserMapper.insert     : <==    Updates: 1
2026-04-23T18:54:44.424+08:00 DEBUG 21652 --- [           main] o.s.security.web.FilterChainProxy        : Securing GET /api/admin/users/9
2026-04-23T18:54:44.425+08:00 DEBUG 21652 --- [           main] o.s.s.w.a.AnonymousAuthenticationFilter  : Set SecurityContextHolder to anonymous SecurityContext
2026-04-23T18:54:44.425+08:00 DEBUG 21652 --- [           main] o.s.security.web.FilterChainProxy        : Secured GET /api/admin/users/9
2026-04-23T18:54:44.426+08:00 DEBUG 21652 --- [           main] c.petshop.mapper.UserMapper.selectById   : ==>  Preparing: SELECT id,username,email,password,phone,avatar,status,created_at,updated_at FROM "user" WHERE id=?
2026-04-23T18:54:44.427+08:00 DEBUG 21652 --- [           main] c.petshop.mapper.UserMapper.selectById   : ==> Parameters: 9(Integer)
2026-04-23T18:54:44.429+08:00 DEBUG 21652 --- [           main] c.petshop.mapper.UserMapper.selectById   : <==      Total: 1
2026-04-23T18:54:44.430+08:00 DEBUG 21652 --- [           main] c.petshop.mapper.PetMapper.selectCount   : ==>  Preparing: SELECT COUNT( * ) AS total FROM "pet" WHERE (user_id = ?)
2026-04-23T18:54:44.431+08:00 DEBUG 21652 --- [           main] c.petshop.mapper.PetMapper.selectCount   : ==> Parameters: 9(Integer)
2026-04-23T18:54:44.435+08:00 DEBUG 21652 --- [           main] c.petshop.mapper.PetMapper.selectCount   : <==      Total: 1
2026-04-23T18:54:44.436+08:00 DEBUG 21652 --- [           main] c.p.m.AppointmentMapper.selectCount      : ==>  Preparing: SELECT COUNT( * ) AS total FROM "appointment" WHERE (user_id = ?)
2026-04-23T18:54:44.436+08:00 DEBUG 21652 --- [           main] c.p.m.AppointmentMapper.selectCount      : ==> Parameters: 9(Integer)
2026-04-23T18:54:44.437+08:00 DEBUG 21652 --- [           main] c.p.m.AppointmentMapper.selectCount      : <==      Total: 1
2026-04-23T18:54:44.438+08:00 DEBUG 21652 --- [           main] c.p.mapper.ReviewMapper.selectCount      : ==>  Preparing: SELECT COUNT( * ) AS total FROM "review" WHERE (user_id = ?)
2026-04-23T18:54:44.438+08:00 DEBUG 21652 --- [           main] c.p.mapper.ReviewMapper.selectCount      : ==> Parameters: 9(Integer)
2026-04-23T18:54:44.439+08:00 DEBUG 21652 --- [           main] c.p.mapper.ReviewMapper.selectCount      : <==      Total: 1
2026-04-23T18:54:44.440+08:00 DEBUG 21652 --- [           main] c.p.m.ProductOrderMapper.selectCount     : ==>  Preparing: SELECT COUNT( * ) AS total FROM "product_order" WHERE (user_id = ?)
2026-04-23T18:54:44.440+08:00 DEBUG 21652 --- [           main] c.p.m.ProductOrderMapper.selectCount     : ==> Parameters: 9(Integer)
2026-04-23T18:54:44.440+08:00 DEBUG 21652 --- [           main] c.p.m.ProductOrderMapper.selectCount     : <==      Total: 1
2026-04-23T18:54:44.450+08:00 DEBUG 21652 --- [           main] o.s.security.web.FilterChainProxy        : Securing PUT /api/admin/users/9/status
2026-04-23T18:54:44.451+08:00 DEBUG 21652 --- [           main] o.s.s.w.a.AnonymousAuthenticationFilter  : Set SecurityContextHolder to anonymous SecurityContext
2026-04-23T18:54:44.452+08:00 DEBUG 21652 --- [           main] o.s.security.web.FilterChainProxy        : Secured PUT /api/admin/users/9/status
2026-04-23T18:54:44.454+08:00 DEBUG 21652 --- [           main] c.petshop.mapper.UserMapper.updateById   : ==>  Preparing: UPDATE "user" SET username=?, email=?, password=?, phone=?, status=?, created_at=?, updated_at=? WHERE id=?
2026-04-23T18:54:44.454+08:00 DEBUG 21652 --- [           main] c.petshop.mapper.UserMapper.updateById   : ==> Parameters: flow_test_user(String), flowtest@example.com(String), $2a$10$jdx7POQ4jQdu9ZHVCyL8keFv6bYa90/U/5JN7ThMA3sdqC818HPJu(String), 13800138002(String), disabled(String), 2026-04-23T18:54:44.422702(LocalDateTime), 2026-04-23T18:54:44.422702(LocalDateTime), 9(Integer)
2026-04-23T18:54:44.455+08:00 DEBUG 21652 --- [           main] c.petshop.mapper.UserMapper.updateById   : <==    Updates: 1
2026-04-23T18:54:44.458+08:00 DEBUG 21652 --- [           main] o.s.security.web.FilterChainProxy        : Securing PUT /api/admin/users/9/status
2026-04-23T18:54:44.459+08:00 DEBUG 21652 --- [           main] o.s.s.w.a.AnonymousAuthenticationFilter  : Set SecurityContextHolder to anonymous SecurityContext
2026-04-23T18:54:44.459+08:00 DEBUG 21652 --- [           main] o.s.security.web.FilterChainProxy        : Secured PUT /api/admin/users/9/status
2026-04-23T18:54:44.461+08:00 DEBUG 21652 --- [           main] c.petshop.mapper.UserMapper.selectById   : ==>  Preparing: SELECT id,username,email,password,phone,avatar,status,created_at,updated_at FROM "user" WHERE id=?
2026-04-23T18:54:44.461+08:00 DEBUG 21652 --- [           main] c.petshop.mapper.UserMapper.selectById   : ==> Parameters: 9(Integer)
2026-04-23T18:54:44.462+08:00 DEBUG 21652 --- [           main] c.petshop.mapper.UserMapper.selectById   : <==      Total: 1
2026-04-23T18:54:44.463+08:00 DEBUG 21652 --- [           main] c.petshop.mapper.UserMapper.updateById   : ==>  Preparing: UPDATE "user" SET username=?, email=?, password=?, phone=?, status=?, created_at=?, updated_at=? WHERE id=?
2026-04-23T18:54:44.464+08:00 DEBUG 21652 --- [           main] c.petshop.mapper.UserMapper.updateById   : ==> Parameters: flow_test_user(String), flowtest@example.com(String), $2a$10$jdx7POQ4jQdu9ZHVCyL8keFv6bYa90/U/5JN7ThMA3sdqC818HPJu(String), 13800138002(String), active(String), 2026-04-23T18:54:44.422702(LocalDateTime), 2026-04-23T18:54:44.422702(LocalDateTime), 9(Integer)
2026-04-23T18:54:44.464+08:00 DEBUG 21652 --- [           main] c.petshop.mapper.UserMapper.updateById   : <==    Updates: 1
2026-04-23T18:54:44.566+08:00 DEBUG 21652 --- [           main] com.petshop.mapper.AdminMapper.insert    : ==>  Preparing: INSERT INTO "admin" ( username, password, created_at, updated_at ) VALUES ( ?, ?, ?, ? )
2026-04-23T18:54:44.567+08:00 DEBUG 21652 --- [           main] com.petshop.mapper.AdminMapper.insert    : ==> Parameters: admin_test(String), $2a$10$h5Np7nKE0WkYK1z8Cww.vOVyhcpT.Z31sAQaa5BwNeWfGh5AYXyry(String), 2026-04-23T18:54:44.566394700(LocalDateTime), 2026-04-23T18:54:44.566394700(LocalDateTime)
2026-04-23T18:54:44.567+08:00 DEBUG 21652 --- [           main] com.petshop.mapper.AdminMapper.insert    : <==    Updates: 1
2026-04-23T18:54:44.651+08:00 DEBUG 21652 --- [           main] com.petshop.mapper.UserMapper.insert     : ==>  Preparing: INSERT INTO "user" ( username, email, password, phone, status, created_at, updated_at ) VALUES ( ?, ?, ?, ?, ?, ?, ? )
2026-04-23T18:54:44.652+08:00 DEBUG 21652 --- [           main] com.petshop.mapper.UserMapper.insert     : ==> Parameters: user_test(String), user_test@example.com(String), $2a$10$Vq8Jy4Vumz5SwYZad40IFevTKG8uSmrDJPvV8vts.I9.dGL.pFKPu(String), 13800138000(String), active(String), 2026-04-23T18:54:44.651607500(LocalDateTime), 2026-04-23T18:54:44.651607500(LocalDateTime)
2026-04-23T18:54:44.652+08:00 DEBUG 21652 --- [           main] com.petshop.mapper.UserMapper.insert     : <==    Updates: 1
2026-04-23T18:54:44.738+08:00 DEBUG 21652 --- [           main] c.petshop.mapper.MerchantMapper.insert   : ==>  Preparing: INSERT INTO "merchant" ( name, contact_person, phone, email, password, address, status, created_at, updated_at ) VALUES ( ?, ?, ?, ?, ?, ?, ?, ?, ? )
2026-04-23T18:54:44.740+08:00 DEBUG 21652 --- [           main] c.petshop.mapper.MerchantMapper.insert   : ==> Parameters: Approved Merchant(String), Contact Person(String), 13900139000(String), approved@example.com(String), $2a$10$KvjZZAnhhaqg47VS3yN3fOM81PX5i.MDu8Mde8bwWN7IIrn4p7a7C(String), Test Address(String), approved(String), 2026-04-23T18:54:44.738584300(LocalDateTime), 2026-04-23T18:54:44.738990(LocalDateTime)
2026-04-23T18:54:44.740+08:00 DEBUG 21652 --- [           main] c.petshop.mapper.MerchantMapper.insert   : <==    Updates: 1
2026-04-23T18:54:44.823+08:00 DEBUG 21652 --- [           main] c.petshop.mapper.MerchantMapper.insert   : ==>  Preparing: INSERT INTO "merchant" ( name, contact_person, phone, email, password, address, status, created_at, updated_at ) VALUES ( ?, ?, ?, ?, ?, ?, ?, ?, ? )
2026-04-23T18:54:44.823+08:00 DEBUG 21652 --- [           main] c.petshop.mapper.MerchantMapper.insert   : ==> Parameters: Pending Merchant(String), Pending Contact(String), 13900139001(String), pending@example.com(String), $2a$10$tfqtWgp8Exlgk7fJYMQtDO4k5m.XBl6I56c/A378zvo1WQTzMLn.O(String), Pending Address(String), pending(String), 2026-04-23T18:54:44.822727500(LocalDateTime), 2026-04-23T18:54:44.822727500(LocalDateTime)
2026-04-23T18:54:44.823+08:00 DEBUG 21652 --- [           main] c.petshop.mapper.MerchantMapper.insert   : <==    Updates: 1
2026-04-23T18:54:44.825+08:00 DEBUG 21652 --- [           main] o.s.security.web.FilterChainProxy        : Securing POST /api/admin/announcements
2026-04-23T18:54:44.826+08:00 DEBUG 21652 --- [           main] o.s.s.w.a.AnonymousAuthenticationFilter  : Set SecurityContextHolder to anonymous SecurityContext
2026-04-23T18:54:44.826+08:00 DEBUG 21652 --- [           main] o.s.security.web.FilterChainProxy        : Secured POST /api/admin/announcements
2026-04-23T18:54:44.829+08:00 DEBUG 21652 --- [           main] c.p.mapper.AnnouncementMapper.insert     : ==>  Preparing: INSERT INTO "announcement" ( title, content, status, created_at, updated_at ) VALUES ( ?, ?, ?, ?, ? )
2026-04-23T18:54:44.830+08:00 DEBUG 21652 --- [           main] c.p.mapper.AnnouncementMapper.insert     : ==> Parameters: 重要通知(String), 这是一条重要的系统通知。(String), published(String), null, null
2026-04-23T18:54:44.831+08:00 DEBUG 21652 --- [           main] c.p.mapper.AnnouncementMapper.insert     : <==    Updates: 1
2026-04-23T18:54:44.833+08:00 DEBUG 21652 --- [           main] o.s.security.web.FilterChainProxy        : Securing GET /api/admin/announcements
2026-04-23T18:54:44.834+08:00 DEBUG 21652 --- [           main] o.s.s.w.a.AnonymousAuthenticationFilter  : Set SecurityContextHolder to anonymous SecurityContext
2026-04-23T18:54:44.834+08:00 DEBUG 21652 --- [           main] o.s.security.web.FilterChainProxy        : Secured GET /api/admin/announcements
2026-04-23T18:54:44.837+08:00 DEBUG 21652 --- [           main] c.p.m.AnnouncementMapper.selectList      : ==>  Preparing: SELECT id,title,content,status,created_at,updated_at FROM "announcement" ORDER BY created_at DESC
2026-04-23T18:54:44.837+08:00 DEBUG 21652 --- [           main] c.p.m.AnnouncementMapper.selectList      : ==> Parameters: 
2026-04-23T18:54:44.837+08:00 DEBUG 21652 --- [           main] c.p.m.AnnouncementMapper.selectList      : <==      Total: 1
[INFO] Tests run: 3, Failures: 0, Errors: 0, Skipped: 0, Time elapsed: 1.414 s -- in com.petshop.controller.AdminApiControllerTest$IntegrationTests
[INFO] Running com.petshop.controller.AdminApiControllerTest$MerchantAuditTests
2026-04-23T18:54:44.852+08:00  INFO 21652 --- [           main] t.c.s.AnnotationConfigContextLoaderUtils : Could not detect default configuration classes for test class [com.petshop.controller.AdminApiControllerTest$MerchantAuditTests]: MerchantAuditTests does not declare any static, non-private, non-final, nested classes annotated with @Configuration.
2026-04-23T18:54:44.857+08:00  INFO 21652 --- [           main] .b.t.c.SpringBootTestContextBootstrapper : Found @SpringBootConfiguration com.petshop.PetManagementSystemApplication for test class com.petshop.controller.AdminApiControllerTest$MerchantAuditTests
2026-04-23T18:54:44.946+08:00 DEBUG 21652 --- [           main] com.petshop.mapper.AdminMapper.insert    : ==>  Preparing: INSERT INTO "admin" ( username, password, created_at, updated_at ) VALUES ( ?, ?, ?, ? )
2026-04-23T18:54:44.946+08:00 DEBUG 21652 --- [           main] com.petshop.mapper.AdminMapper.insert    : ==> Parameters: admin_test(String), $2a$10$e72luD6VuGyFFpgmJx50aONvKBTn7nFLi7VrCGreYnK1LUbFSvGUm(String), 2026-04-23T18:54:44.946593600(LocalDateTime), 2026-04-23T18:54:44.946593600(LocalDateTime)
2026-04-23T18:54:44.947+08:00 DEBUG 21652 --- [           main] com.petshop.mapper.AdminMapper.insert    : <==    Updates: 1
2026-04-23T18:54:45.029+08:00 DEBUG 21652 --- [           main] com.petshop.mapper.UserMapper.insert     : ==>  Preparing: INSERT INTO "user" ( username, email, password, phone, status, created_at, updated_at ) VALUES ( ?, ?, ?, ?, ?, ?, ? )
2026-04-23T18:54:45.030+08:00 DEBUG 21652 --- [           main] com.petshop.mapper.UserMapper.insert     : ==> Parameters: user_test(String), user_test@example.com(String), $2a$10$h8Bu4RADBWKIgoh5lkfwCuaSW8IUxbvMNvCfM19m2jGtJ5D3doe1S(String), 13800138000(String), active(String), 2026-04-23T18:54:45.029892300(LocalDateTime), 2026-04-23T18:54:45.029892300(LocalDateTime)
2026-04-23T18:54:45.032+08:00 DEBUG 21652 --- [           main] com.petshop.mapper.UserMapper.insert     : <==    Updates: 1
2026-04-23T18:54:45.114+08:00 DEBUG 21652 --- [           main] c.petshop.mapper.MerchantMapper.insert   : ==>  Preparing: INSERT INTO "merchant" ( name, contact_person, phone, email, password, address, status, created_at, updated_at ) VALUES ( ?, ?, ?, ?, ?, ?, ?, ?, ? )
2026-04-23T18:54:45.114+08:00 DEBUG 21652 --- [           main] c.petshop.mapper.MerchantMapper.insert   : ==> Parameters: Approved Merchant(String), Contact Person(String), 13900139000(String), approved@example.com(String), $2a$10$u64FryvGUcDTPiuOBqHaruSgRWneZWk5IQEq0Ey2HyrhxD70CGXGW(String), Test Address(String), approved(String), 2026-04-23T18:54:45.113116900(LocalDateTime), 2026-04-23T18:54:45.113116900(LocalDateTime)
2026-04-23T18:54:45.115+08:00 DEBUG 21652 --- [           main] c.petshop.mapper.MerchantMapper.insert   : <==    Updates: 1
2026-04-23T18:54:45.195+08:00 DEBUG 21652 --- [           main] c.petshop.mapper.MerchantMapper.insert   : ==>  Preparing: INSERT INTO "merchant" ( name, contact_person, phone, email, password, address, status, created_at, updated_at ) VALUES ( ?, ?, ?, ?, ?, ?, ?, ?, ? )
2026-04-23T18:54:45.196+08:00 DEBUG 21652 --- [           main] c.petshop.mapper.MerchantMapper.insert   : ==> Parameters: Pending Merchant(String), Pending Contact(String), 13900139001(String), pending@example.com(String), $2a$10$x3DdjLyaLyePaEtdcoG4devOMI8P3vuo/eRQzB.z/p9/0JnIbsvce(String), Pending Address(String), pending(String), 2026-04-23T18:54:45.195900900(LocalDateTime), 2026-04-23T18:54:45.195900900(LocalDateTime)
2026-04-23T18:54:45.196+08:00 DEBUG 21652 --- [           main] c.petshop.mapper.MerchantMapper.insert   : <==    Updates: 1
2026-04-23T18:54:45.197+08:00 DEBUG 21652 --- [           main] o.s.security.web.FilterChainProxy        : Securing GET /api/admin/merchants/pending
2026-04-23T18:54:45.197+08:00 DEBUG 21652 --- [           main] o.s.s.w.a.AnonymousAuthenticationFilter  : Set SecurityContextHolder to anonymous SecurityContext
2026-04-23T18:54:45.198+08:00 DEBUG 21652 --- [           main] o.s.security.web.FilterChainProxy        : Secured GET /api/admin/merchants/pending
2026-04-23T18:54:45.199+08:00 DEBUG 21652 --- [           main] c.p.mapper.MerchantMapper.selectList     : ==>  Preparing: SELECT id,name,contact_person,phone,email,password,address,logo,status,created_at,updated_at FROM "merchant" WHERE (status = ?) ORDER BY created_at DESC
2026-04-23T18:54:45.201+08:00 DEBUG 21652 --- [           main] c.p.mapper.MerchantMapper.selectList     : ==> Parameters: pending(String)
2026-04-23T18:54:45.201+08:00 DEBUG 21652 --- [           main] c.p.mapper.MerchantMapper.selectList     : <==      Total: 1
2026-04-23T18:54:45.354+08:00 DEBUG 21652 --- [           main] com.petshop.mapper.AdminMapper.insert    : ==>  Preparing: INSERT INTO "admin" ( username, password, created_at, updated_at ) VALUES ( ?, ?, ?, ? )
2026-04-23T18:54:45.355+08:00 DEBUG 21652 --- [           main] com.petshop.mapper.AdminMapper.insert    : ==> Parameters: admin_test(String), $2a$10$QtS.7jTZXOXHrp3yEYuXcOE41EIq/af6aZ6UW/6q1uQdt.WqXRTAu(String), 2026-04-23T18:54:45.354980500(LocalDateTime), 2026-04-23T18:54:45.354980500(LocalDateTime)
2026-04-23T18:54:45.355+08:00 DEBUG 21652 --- [           main] com.petshop.mapper.AdminMapper.insert    : <==    Updates: 1
2026-04-23T18:54:45.462+08:00 DEBUG 21652 --- [           main] com.petshop.mapper.UserMapper.insert     : ==>  Preparing: INSERT INTO "user" ( username, email, password, phone, status, created_at, updated_at ) VALUES ( ?, ?, ?, ?, ?, ?, ? )
2026-04-23T18:54:45.463+08:00 DEBUG 21652 --- [           main] com.petshop.mapper.UserMapper.insert     : ==> Parameters: user_test(String), user_test@example.com(String), $2a$10$iBOtuydA2pvqZfZUQmINBeA.F7jHK5LZCX7hFL722udWncyMyhZpS(String), 13800138000(String), active(String), 2026-04-23T18:54:45.461894800(LocalDateTime), 2026-04-23T18:54:45.461894800(LocalDateTime)
2026-04-23T18:54:45.463+08:00 DEBUG 21652 --- [           main] com.petshop.mapper.UserMapper.insert     : <==    Updates: 1
2026-04-23T18:54:45.552+08:00 DEBUG 21652 --- [           main] c.petshop.mapper.MerchantMapper.insert   : ==>  Preparing: INSERT INTO "merchant" ( name, contact_person, phone, email, password, address, status, created_at, updated_at ) VALUES ( ?, ?, ?, ?, ?, ?, ?, ?, ? )
2026-04-23T18:54:45.553+08:00 DEBUG 21652 --- [           main] c.petshop.mapper.MerchantMapper.insert   : ==> Parameters: Approved Merchant(String), Contact Person(String), 13900139000(String), approved@example.com(String), $2a$10$h5a/S6wpC5kQ/OhJ3dJk9O97CmZ3Fzv/YN/N6clj70d8.GtSqaPiS(String), Test Address(String), approved(String), 2026-04-23T18:54:45.552972500(LocalDateTime), 2026-04-23T18:54:45.552972500(LocalDateTime)
2026-04-23T18:54:45.553+08:00 DEBUG 21652 --- [           main] c.petshop.mapper.MerchantMapper.insert   : <==    Updates: 1
2026-04-23T18:54:45.643+08:00 DEBUG 21652 --- [           main] c.petshop.mapper.MerchantMapper.insert   : ==>  Preparing: INSERT INTO "merchant" ( name, contact_person, phone, email, password, address, status, created_at, updated_at ) VALUES ( ?, ?, ?, ?, ?, ?, ?, ?, ? )
2026-04-23T18:54:45.643+08:00 DEBUG 21652 --- [           main] c.petshop.mapper.MerchantMapper.insert   : ==> Parameters: Pending Merchant(String), Pending Contact(String), 13900139001(String), pending@example.com(String), $2a$10$AG9dW0/Cw/HxrR4uSdwmmudForEmCcC5ag44h3oHdRnoyvrN5u41S(String), Pending Address(String), pending(String), 2026-04-23T18:54:45.643895500(LocalDateTime), 2026-04-23T18:54:45.643895500(LocalDateTime)
2026-04-23T18:54:45.644+08:00 DEBUG 21652 --- [           main] c.petshop.mapper.MerchantMapper.insert   : <==    Updates: 1
2026-04-23T18:54:45.644+08:00 DEBUG 21652 --- [           main] o.s.security.web.FilterChainProxy        : Securing GET /api/admin/merchants/pending
2026-04-23T18:54:45.645+08:00 DEBUG 21652 --- [           main] o.s.s.w.a.AnonymousAuthenticationFilter  : Set SecurityContextHolder to anonymous SecurityContext
2026-04-23T18:54:45.645+08:00 DEBUG 21652 --- [           main] o.s.security.web.FilterChainProxy        : Secured GET /api/admin/merchants/pending
2026-04-23T18:54:45.744+08:00 DEBUG 21652 --- [           main] com.petshop.mapper.AdminMapper.insert    : ==>  Preparing: INSERT INTO "admin" ( username, password, created_at, updated_at ) VALUES ( ?, ?, ?, ? )
2026-04-23T18:54:45.745+08:00 DEBUG 21652 --- [           main] com.petshop.mapper.AdminMapper.insert    : ==> Parameters: admin_test(String), $2a$10$MK4jDbcSNFgDYaY2R3gOCuzF2ijrCP4VXhdI.hPgmwCiMcEUByHda(String), 2026-04-23T18:54:45.744832300(LocalDateTime), 2026-04-23T18:54:45.744832300(LocalDateTime)
2026-04-23T18:54:45.745+08:00 DEBUG 21652 --- [           main] com.petshop.mapper.AdminMapper.insert    : <==    Updates: 1
2026-04-23T18:54:45.831+08:00 DEBUG 21652 --- [           main] com.petshop.mapper.UserMapper.insert     : ==>  Preparing: INSERT INTO "user" ( username, email, password, phone, status, created_at, updated_at ) VALUES ( ?, ?, ?, ?, ?, ?, ? )
2026-04-23T18:54:45.831+08:00 DEBUG 21652 --- [           main] com.petshop.mapper.UserMapper.insert     : ==> Parameters: user_test(String), user_test@example.com(String), $2a$10$MQ3cKb.xd7fdm6.RQOmvteRi9ctz7mKCgETWCWOwT6EpN7mgJm3Hy(String), 13800138000(String), active(String), 2026-04-23T18:54:45.831617700(LocalDateTime), 2026-04-23T18:54:45.831617700(LocalDateTime)
2026-04-23T18:54:45.832+08:00 DEBUG 21652 --- [           main] com.petshop.mapper.UserMapper.insert     : <==    Updates: 1
2026-04-23T18:54:45.921+08:00 DEBUG 21652 --- [           main] c.petshop.mapper.MerchantMapper.insert   : ==>  Preparing: INSERT INTO "merchant" ( name, contact_person, phone, email, password, address, status, created_at, updated_at ) VALUES ( ?, ?, ?, ?, ?, ?, ?, ?, ? )
2026-04-23T18:54:45.921+08:00 DEBUG 21652 --- [           main] c.petshop.mapper.MerchantMapper.insert   : ==> Parameters: Approved Merchant(String), Contact Person(String), 13900139000(String), approved@example.com(String), $2a$10$FMnPl9XosO6FnnVohcblje9/OkqpG87V/uqSqbW.PyuEd0VRduKTC(String), Test Address(String), approved(String), 2026-04-23T18:54:45.920225100(LocalDateTime), 2026-04-23T18:54:45.921224600(LocalDateTime)
2026-04-23T18:54:45.922+08:00 DEBUG 21652 --- [           main] c.petshop.mapper.MerchantMapper.insert   : <==    Updates: 1
2026-04-23T18:54:46.017+08:00 DEBUG 21652 --- [           main] c.petshop.mapper.MerchantMapper.insert   : ==>  Preparing: INSERT INTO "merchant" ( name, contact_person, phone, email, password, address, status, created_at, updated_at ) VALUES ( ?, ?, ?, ?, ?, ?, ?, ?, ? )
2026-04-23T18:54:46.017+08:00 DEBUG 21652 --- [           main] c.petshop.mapper.MerchantMapper.insert   : ==> Parameters: Pending Merchant(String), Pending Contact(String), 13900139001(String), pending@example.com(String), $2a$10$DjM5SOcCvx0gfmaPS62MyuwtkqYs7dtdI89xe.fZ57BxkBWO1MGMa(String), Pending Address(String), pending(String), 2026-04-23T18:54:46.015978700(LocalDateTime), 2026-04-23T18:54:46.015978700(LocalDateTime)
2026-04-23T18:54:46.018+08:00 DEBUG 21652 --- [           main] c.petshop.mapper.MerchantMapper.insert   : <==    Updates: 1
2026-04-23T18:54:46.018+08:00 DEBUG 21652 --- [           main] o.s.security.web.FilterChainProxy        : Securing GET /api/admin/merchants/pending
2026-04-23T18:54:46.019+08:00 DEBUG 21652 --- [           main] o.s.s.w.a.AnonymousAuthenticationFilter  : Set SecurityContextHolder to anonymous SecurityContext
2026-04-23T18:54:46.019+08:00 DEBUG 21652 --- [           main] o.s.security.web.FilterChainProxy        : Secured GET /api/admin/merchants/pending
2026-04-23T18:54:46.024+08:00 DEBUG 21652 --- [           main] c.p.mapper.MerchantMapper.selectList     : ==>  Preparing: SELECT id,name,contact_person,phone,email,password,address,logo,status,created_at,updated_at FROM "merchant" WHERE (status = ?) ORDER BY created_at DESC
2026-04-23T18:54:46.025+08:00 DEBUG 21652 --- [           main] c.p.mapper.MerchantMapper.selectList     : ==> Parameters: pending(String)
2026-04-23T18:54:46.025+08:00 DEBUG 21652 --- [           main] c.p.mapper.MerchantMapper.selectList     : <==      Total: 1
2026-04-23T18:54:46.117+08:00 DEBUG 21652 --- [           main] com.petshop.mapper.AdminMapper.insert    : ==>  Preparing: INSERT INTO "admin" ( username, password, created_at, updated_at ) VALUES ( ?, ?, ?, ? )
2026-04-23T18:54:46.117+08:00 DEBUG 21652 --- [           main] com.petshop.mapper.AdminMapper.insert    : ==> Parameters: admin_test(String), $2a$10$G8hm64cawsGamU594BcWg.cc52D8dKZUJXortxmeXVGlkDbZ6t7YW(String), 2026-04-23T18:54:46.116208400(LocalDateTime), 2026-04-23T18:54:46.116208400(LocalDateTime)
2026-04-23T18:54:46.117+08:00 DEBUG 21652 --- [           main] com.petshop.mapper.AdminMapper.insert    : <==    Updates: 1
2026-04-23T18:54:46.203+08:00 DEBUG 21652 --- [           main] com.petshop.mapper.UserMapper.insert     : ==>  Preparing: INSERT INTO "user" ( username, email, password, phone, status, created_at, updated_at ) VALUES ( ?, ?, ?, ?, ?, ?, ? )
2026-04-23T18:54:46.203+08:00 DEBUG 21652 --- [           main] com.petshop.mapper.UserMapper.insert     : ==> Parameters: user_test(String), user_test@example.com(String), $2a$10$s1k.ZqtCzqIL2p69SC5GdeOWVmCFDsl1ywYabLM8.0KGp0yA/ANkm(String), 13800138000(String), active(String), 2026-04-23T18:54:46.203007200(LocalDateTime), 2026-04-23T18:54:46.203007200(LocalDateTime)
2026-04-23T18:54:46.204+08:00 DEBUG 21652 --- [           main] com.petshop.mapper.UserMapper.insert     : <==    Updates: 1
2026-04-23T18:54:46.291+08:00 DEBUG 21652 --- [           main] c.petshop.mapper.MerchantMapper.insert   : ==>  Preparing: INSERT INTO "merchant" ( name, contact_person, phone, email, password, address, status, created_at, updated_at ) VALUES ( ?, ?, ?, ?, ?, ?, ?, ?, ? )
2026-04-23T18:54:46.292+08:00 DEBUG 21652 --- [           main] c.petshop.mapper.MerchantMapper.insert   : ==> Parameters: Approved Merchant(String), Contact Person(String), 13900139000(String), approved@example.com(String), $2a$10$SmexXX84LIjTjIYg6mgvpOWd2FCg3yHVe9R1Ef8SvLdH.htvkX19W(String), Test Address(String), approved(String), 2026-04-23T18:54:46.291311(LocalDateTime), 2026-04-23T18:54:46.291311(LocalDateTime)
2026-04-23T18:54:46.292+08:00 DEBUG 21652 --- [           main] c.petshop.mapper.MerchantMapper.insert   : <==    Updates: 1
2026-04-23T18:54:46.377+08:00 DEBUG 21652 --- [           main] c.petshop.mapper.MerchantMapper.insert   : ==>  Preparing: INSERT INTO "merchant" ( name, contact_person, phone, email, password, address, status, created_at, updated_at ) VALUES ( ?, ?, ?, ?, ?, ?, ?, ?, ? )
2026-04-23T18:54:46.377+08:00 DEBUG 21652 --- [           main] c.petshop.mapper.MerchantMapper.insert   : ==> Parameters: Pending Merchant(String), Pending Contact(String), 13900139001(String), pending@example.com(String), $2a$10$X9AOe5IMke3tID/vbo.9Ie4IzpRkmFPI67QK1CVJwuTXMDMB4EWNS(String), Pending Address(String), pending(String), 2026-04-23T18:54:46.376743300(LocalDateTime), 2026-04-23T18:54:46.376743300(LocalDateTime)
2026-04-23T18:54:46.378+08:00 DEBUG 21652 --- [           main] c.petshop.mapper.MerchantMapper.insert   : <==    Updates: 1
2026-04-23T18:54:46.379+08:00 DEBUG 21652 --- [           main] o.s.security.web.FilterChainProxy        : Securing PUT /api/admin/merchants/26/audit
2026-04-23T18:54:46.379+08:00 DEBUG 21652 --- [           main] o.s.s.w.a.AnonymousAuthenticationFilter  : Set SecurityContextHolder to anonymous SecurityContext
2026-04-23T18:54:46.379+08:00 DEBUG 21652 --- [           main] o.s.security.web.FilterChainProxy        : Secured PUT /api/admin/merchants/26/audit
2026-04-23T18:54:46.380+08:00 DEBUG 21652 --- [           main] c.p.mapper.MerchantMapper.selectById     : ==>  Preparing: SELECT id,name,contact_person,phone,email,password,address,logo,status,created_at,updated_at FROM "merchant" WHERE id=?
2026-04-23T18:54:46.380+08:00 DEBUG 21652 --- [           main] c.p.mapper.MerchantMapper.selectById     : ==> Parameters: 26(Integer)
2026-04-23T18:54:46.381+08:00 DEBUG 21652 --- [           main] c.p.mapper.MerchantMapper.selectById     : <==      Total: 1
2026-04-23T18:54:46.381+08:00 DEBUG 21652 --- [           main] c.p.mapper.MerchantMapper.updateById     : ==>  Preparing: UPDATE "merchant" SET name=?, contact_person=?, phone=?, email=?, password=?, address=?, status=?, created_at=?, updated_at=? WHERE id=?
2026-04-23T18:54:46.382+08:00 DEBUG 21652 --- [           main] c.p.mapper.MerchantMapper.updateById     : ==> Parameters: Pending Merchant(String), Pending Contact(String), 13900139001(String), pending@example.com(String), $2a$10$X9AOe5IMke3tID/vbo.9Ie4IzpRkmFPI67QK1CVJwuTXMDMB4EWNS(String), Pending Address(String), approved(String), 2026-04-23T18:54:46.376743(LocalDateTime), 2026-04-23T18:54:46.381859500(LocalDateTime), 26(Integer)
2026-04-23T18:54:46.382+08:00 DEBUG 21652 --- [           main] c.p.mapper.MerchantMapper.updateById     : <==    Updates: 1
2026-04-23T18:54:46.385+08:00 DEBUG 21652 --- [           main] c.p.mapper.MerchantMapper.selectById     : ==>  Preparing: SELECT id,name,contact_person,phone,email,password,address,logo,status,created_at,updated_at FROM "merchant" WHERE id=?
2026-04-23T18:54:46.385+08:00 DEBUG 21652 --- [           main] c.p.mapper.MerchantMapper.selectById     : ==> Parameters: 26(Integer)
2026-04-23T18:54:46.386+08:00 DEBUG 21652 --- [           main] c.p.mapper.MerchantMapper.selectById     : <==      Total: 1
2026-04-23T18:54:46.479+08:00 DEBUG 21652 --- [           main] com.petshop.mapper.AdminMapper.insert    : ==>  Preparing: INSERT INTO "admin" ( username, password, created_at, updated_at ) VALUES ( ?, ?, ?, ? )
2026-04-23T18:54:46.479+08:00 DEBUG 21652 --- [           main] com.petshop.mapper.AdminMapper.insert    : ==> Parameters: admin_test(String), $2a$10$drcZtxK2Jz.cwZGCWMvB5eRen1MM6qEoy4acHfL2GveFf.alJwnju(String), 2026-04-23T18:54:46.478738300(LocalDateTime), 2026-04-23T18:54:46.478738300(LocalDateTime)
2026-04-23T18:54:46.480+08:00 DEBUG 21652 --- [           main] com.petshop.mapper.AdminMapper.insert    : <==    Updates: 1
2026-04-23T18:54:46.564+08:00 DEBUG 21652 --- [           main] com.petshop.mapper.UserMapper.insert     : ==>  Preparing: INSERT INTO "user" ( username, email, password, phone, status, created_at, updated_at ) VALUES ( ?, ?, ?, ?, ?, ?, ? )
2026-04-23T18:54:46.565+08:00 DEBUG 21652 --- [           main] com.petshop.mapper.UserMapper.insert     : ==> Parameters: user_test(String), user_test@example.com(String), $2a$10$KHaFlZ/yAOVlSGmatxYtYu.kwO9.WAFHHPT12xtkqK26/KB1JrsFG(String), 13800138000(String), active(String), 2026-04-23T18:54:46.564811800(LocalDateTime), 2026-04-23T18:54:46.564811800(LocalDateTime)
2026-04-23T18:54:46.565+08:00 DEBUG 21652 --- [           main] com.petshop.mapper.UserMapper.insert     : <==    Updates: 1
2026-04-23T18:54:46.647+08:00 DEBUG 21652 --- [           main] c.petshop.mapper.MerchantMapper.insert   : ==>  Preparing: INSERT INTO "merchant" ( name, contact_person, phone, email, password, address, status, created_at, updated_at ) VALUES ( ?, ?, ?, ?, ?, ?, ?, ?, ? )
2026-04-23T18:54:46.648+08:00 DEBUG 21652 --- [           main] c.petshop.mapper.MerchantMapper.insert   : ==> Parameters: Approved Merchant(String), Contact Person(String), 13900139000(String), approved@example.com(String), $2a$10$JP06U8jViBzR.jkCoKDwx.chgviD4oqyK4tJ7q0eQ8DXFf5xHiD5m(String), Test Address(String), approved(String), 2026-04-23T18:54:46.647711500(LocalDateTime), 2026-04-23T18:54:46.647711500(LocalDateTime)
2026-04-23T18:54:46.648+08:00 DEBUG 21652 --- [           main] c.petshop.mapper.MerchantMapper.insert   : <==    Updates: 1
2026-04-23T18:54:46.731+08:00 DEBUG 21652 --- [           main] c.petshop.mapper.MerchantMapper.insert   : ==>  Preparing: INSERT INTO "merchant" ( name, contact_person, phone, email, password, address, status, created_at, updated_at ) VALUES ( ?, ?, ?, ?, ?, ?, ?, ?, ? )
2026-04-23T18:54:46.731+08:00 DEBUG 21652 --- [           main] c.petshop.mapper.MerchantMapper.insert   : ==> Parameters: Pending Merchant(String), Pending Contact(String), 13900139001(String), pending@example.com(String), $2a$10$QXRaaScar0z0.vRTYlBuR.JUD7KRxgSpW5VhIvi8N0JW8EFH2FIHm(String), Pending Address(String), pending(String), 2026-04-23T18:54:46.730093300(LocalDateTime), 2026-04-23T18:54:46.730093300(LocalDateTime)
2026-04-23T18:54:46.731+08:00 DEBUG 21652 --- [           main] c.petshop.mapper.MerchantMapper.insert   : <==    Updates: 1
2026-04-23T18:54:46.732+08:00 DEBUG 21652 --- [           main] o.s.security.web.FilterChainProxy        : Securing PUT /api/admin/merchants/28/audit
2026-04-23T18:54:46.732+08:00 DEBUG 21652 --- [           main] o.s.s.w.a.AnonymousAuthenticationFilter  : Set SecurityContextHolder to anonymous SecurityContext
2026-04-23T18:54:46.733+08:00 DEBUG 21652 --- [           main] o.s.security.web.FilterChainProxy        : Secured PUT /api/admin/merchants/28/audit
2026-04-23T18:54:46.734+08:00 DEBUG 21652 --- [           main] c.p.mapper.MerchantMapper.selectById     : ==>  Preparing: SELECT id,name,contact_person,phone,email,password,address,logo,status,created_at,updated_at FROM "merchant" WHERE id=?
2026-04-23T18:54:46.734+08:00 DEBUG 21652 --- [           main] c.p.mapper.MerchantMapper.selectById     : ==> Parameters: 28(Integer)
2026-04-23T18:54:46.734+08:00 DEBUG 21652 --- [           main] c.p.mapper.MerchantMapper.selectById     : <==      Total: 1
2026-04-23T18:54:46.735+08:00 DEBUG 21652 --- [           main] c.p.mapper.MerchantMapper.updateById     : ==>  Preparing: UPDATE "merchant" SET name=?, contact_person=?, phone=?, email=?, password=?, address=?, status=?, created_at=?, updated_at=? WHERE id=?
2026-04-23T18:54:46.735+08:00 DEBUG 21652 --- [           main] c.p.mapper.MerchantMapper.updateById     : ==> Parameters: Pending Merchant(String), Pending Contact(String), 13900139001(String), pending@example.com(String), $2a$10$QXRaaScar0z0.vRTYlBuR.JUD7KRxgSpW5VhIvi8N0JW8EFH2FIHm(String), Pending Address(String), rejected(String), 2026-04-23T18:54:46.730093(LocalDateTime), 2026-04-23T18:54:46.734995900(LocalDateTime), 28(Integer)
2026-04-23T18:54:46.735+08:00 DEBUG 21652 --- [           main] c.p.mapper.MerchantMapper.updateById     : <==    Updates: 1
2026-04-23T18:54:46.737+08:00 DEBUG 21652 --- [           main] c.p.mapper.MerchantMapper.selectById     : ==>  Preparing: SELECT id,name,contact_person,phone,email,password,address,logo,status,created_at,updated_at FROM "merchant" WHERE id=?
2026-04-23T18:54:46.737+08:00 DEBUG 21652 --- [           main] c.p.mapper.MerchantMapper.selectById     : ==> Parameters: 28(Integer)
2026-04-23T18:54:46.738+08:00 DEBUG 21652 --- [           main] c.p.mapper.MerchantMapper.selectById     : <==      Total: 1
2026-04-23T18:54:46.825+08:00 DEBUG 21652 --- [           main] com.petshop.mapper.AdminMapper.insert    : ==>  Preparing: INSERT INTO "admin" ( username, password, created_at, updated_at ) VALUES ( ?, ?, ?, ? )
2026-04-23T18:54:46.826+08:00 DEBUG 21652 --- [           main] com.petshop.mapper.AdminMapper.insert    : ==> Parameters: admin_test(String), $2a$10$E8UdbwnWfiAWQAefC7n2c.z8/l00BgjahBEFrfp8e8iilsZBFwN2K(String), 2026-04-23T18:54:46.824224300(LocalDateTime), 2026-04-23T18:54:46.824224300(LocalDateTime)
2026-04-23T18:54:46.826+08:00 DEBUG 21652 --- [           main] com.petshop.mapper.AdminMapper.insert    : <==    Updates: 1
2026-04-23T18:54:46.907+08:00 DEBUG 21652 --- [           main] com.petshop.mapper.UserMapper.insert     : ==>  Preparing: INSERT INTO "user" ( username, email, password, phone, status, created_at, updated_at ) VALUES ( ?, ?, ?, ?, ?, ?, ? )
2026-04-23T18:54:46.907+08:00 DEBUG 21652 --- [           main] com.petshop.mapper.UserMapper.insert     : ==> Parameters: user_test(String), user_test@example.com(String), $2a$10$o/bseYPfAZeC5a0rNAsPCO6/YOstLhYEqDJNNyi22I1gmCuYa6VV6(String), 13800138000(String), active(String), 2026-04-23T18:54:46.907648700(LocalDateTime), 2026-04-23T18:54:46.907648700(LocalDateTime)
2026-04-23T18:54:46.908+08:00 DEBUG 21652 --- [           main] com.petshop.mapper.UserMapper.insert     : <==    Updates: 1
2026-04-23T18:54:46.991+08:00 DEBUG 21652 --- [           main] c.petshop.mapper.MerchantMapper.insert   : ==>  Preparing: INSERT INTO "merchant" ( name, contact_person, phone, email, password, address, status, created_at, updated_at ) VALUES ( ?, ?, ?, ?, ?, ?, ?, ?, ? )
2026-04-23T18:54:46.991+08:00 DEBUG 21652 --- [           main] c.petshop.mapper.MerchantMapper.insert   : ==> Parameters: Approved Merchant(String), Contact Person(String), 13900139000(String), approved@example.com(String), $2a$10$y0GkuIFsh788/5mY4KRcs.9GzIMZOfCl7Apu/MwoWAxlns7MXAhOa(String), Test Address(String), approved(String), 2026-04-23T18:54:46.990642700(LocalDateTime), 2026-04-23T18:54:46.990642700(LocalDateTime)
2026-04-23T18:54:46.991+08:00 DEBUG 21652 --- [           main] c.petshop.mapper.MerchantMapper.insert   : <==    Updates: 1
2026-04-23T18:54:47.072+08:00 DEBUG 21652 --- [           main] c.petshop.mapper.MerchantMapper.insert   : ==>  Preparing: INSERT INTO "merchant" ( name, contact_person, phone, email, password, address, status, created_at, updated_at ) VALUES ( ?, ?, ?, ?, ?, ?, ?, ?, ? )
2026-04-23T18:54:47.072+08:00 DEBUG 21652 --- [           main] c.petshop.mapper.MerchantMapper.insert   : ==> Parameters: Pending Merchant(String), Pending Contact(String), 13900139001(String), pending@example.com(String), $2a$10$XWAUQ0rN9kmw2/xVGHo9m.aHcFO2poMCwJ4ckCnKZuFyI4GtZAk9C(String), Pending Address(String), pending(String), 2026-04-23T18:54:47.072774400(LocalDateTime), 2026-04-23T18:54:47.072774400(LocalDateTime)
2026-04-23T18:54:47.073+08:00 DEBUG 21652 --- [           main] c.petshop.mapper.MerchantMapper.insert   : <==    Updates: 1
2026-04-23T18:54:47.074+08:00 DEBUG 21652 --- [           main] o.s.security.web.FilterChainProxy        : Securing PUT /api/admin/merchants/30/audit
2026-04-23T18:54:47.074+08:00 DEBUG 21652 --- [           main] o.s.s.w.a.AnonymousAuthenticationFilter  : Set SecurityContextHolder to anonymous SecurityContext
2026-04-23T18:54:47.075+08:00 DEBUG 21652 --- [           main] o.s.security.web.FilterChainProxy        : Secured PUT /api/admin/merchants/30/audit
2026-04-23T18:54:47.173+08:00 DEBUG 21652 --- [           main] com.petshop.mapper.AdminMapper.insert    : ==>  Preparing: INSERT INTO "admin" ( username, password, created_at, updated_at ) VALUES ( ?, ?, ?, ? )
2026-04-23T18:54:47.174+08:00 DEBUG 21652 --- [           main] com.petshop.mapper.AdminMapper.insert    : ==> Parameters: admin_test(String), $2a$10$gHvURtYtAiCAjBqeyaFChupGuPpGEyEf1rtIGIvXQi1hJH9nhodii(String), 2026-04-23T18:54:47.173356300(LocalDateTime), 2026-04-23T18:54:47.173356300(LocalDateTime)
2026-04-23T18:54:47.174+08:00 DEBUG 21652 --- [           main] com.petshop.mapper.AdminMapper.insert    : <==    Updates: 1
2026-04-23T18:54:47.257+08:00 DEBUG 21652 --- [           main] com.petshop.mapper.UserMapper.insert     : ==>  Preparing: INSERT INTO "user" ( username, email, password, phone, status, created_at, updated_at ) VALUES ( ?, ?, ?, ?, ?, ?, ? )
2026-04-23T18:54:47.257+08:00 DEBUG 21652 --- [           main] com.petshop.mapper.UserMapper.insert     : ==> Parameters: user_test(String), user_test@example.com(String), $2a$10$4J4pTt78QELBds.zAkrTfOX5F/k45HvncL9VC/ZAq0KsozzVy9EaG(String), 13800138000(String), active(String), 2026-04-23T18:54:47.257065200(LocalDateTime), 2026-04-23T18:54:47.257065200(LocalDateTime)
2026-04-23T18:54:47.258+08:00 DEBUG 21652 --- [           main] com.petshop.mapper.UserMapper.insert     : <==    Updates: 1
2026-04-23T18:54:47.343+08:00 DEBUG 21652 --- [           main] c.petshop.mapper.MerchantMapper.insert   : ==>  Preparing: INSERT INTO "merchant" ( name, contact_person, phone, email, password, address, status, created_at, updated_at ) VALUES ( ?, ?, ?, ?, ?, ?, ?, ?, ? )
2026-04-23T18:54:47.344+08:00 DEBUG 21652 --- [           main] c.petshop.mapper.MerchantMapper.insert   : ==> Parameters: Approved Merchant(String), Contact Person(String), 13900139000(String), approved@example.com(String), $2a$10$F3NVfcqCTOsAC9fLvsEqVOXAYfNTzydceldiGLmhvLUlVAhAZIeyi(String), Test Address(String), approved(String), 2026-04-23T18:54:47.343364400(LocalDateTime), 2026-04-23T18:54:47.343364400(LocalDateTime)
2026-04-23T18:54:47.345+08:00 DEBUG 21652 --- [           main] c.petshop.mapper.MerchantMapper.insert   : <==    Updates: 1
2026-04-23T18:54:47.435+08:00 DEBUG 21652 --- [           main] c.petshop.mapper.MerchantMapper.insert   : ==>  Preparing: INSERT INTO "merchant" ( name, contact_person, phone, email, password, address, status, created_at, updated_at ) VALUES ( ?, ?, ?, ?, ?, ?, ?, ?, ? )
2026-04-23T18:54:47.435+08:00 DEBUG 21652 --- [           main] c.petshop.mapper.MerchantMapper.insert   : ==> Parameters: Pending Merchant(String), Pending Contact(String), 13900139001(String), pending@example.com(String), $2a$10$IhgsmarysrMpqzUFZ3qM5ulO3O1vkUZ0VJzEXVqSAum7DCVZJyEYe(String), Pending Address(String), pending(String), 2026-04-23T18:54:47.434530900(LocalDateTime), 2026-04-23T18:54:47.434530900(LocalDateTime)
2026-04-23T18:54:47.435+08:00 DEBUG 21652 --- [           main] c.petshop.mapper.MerchantMapper.insert   : <==    Updates: 1
2026-04-23T18:54:47.436+08:00 DEBUG 21652 --- [           main] o.s.security.web.FilterChainProxy        : Securing PUT /api/admin/merchants/99999/audit
2026-04-23T18:54:47.437+08:00 DEBUG 21652 --- [           main] o.s.s.w.a.AnonymousAuthenticationFilter  : Set SecurityContextHolder to anonymous SecurityContext
2026-04-23T18:54:47.437+08:00 DEBUG 21652 --- [           main] o.s.security.web.FilterChainProxy        : Secured PUT /api/admin/merchants/99999/audit
2026-04-23T18:54:47.438+08:00 DEBUG 21652 --- [           main] c.p.mapper.MerchantMapper.selectById     : ==>  Preparing: SELECT id,name,contact_person,phone,email,password,address,logo,status,created_at,updated_at FROM "merchant" WHERE id=?
2026-04-23T18:54:47.438+08:00 DEBUG 21652 --- [           main] c.p.mapper.MerchantMapper.selectById     : ==> Parameters: 99999(Integer)
2026-04-23T18:54:47.439+08:00 DEBUG 21652 --- [           main] c.p.mapper.MerchantMapper.selectById     : <==      Total: 0
2026-04-23T18:54:47.531+08:00 DEBUG 21652 --- [           main] com.petshop.mapper.AdminMapper.insert    : ==>  Preparing: INSERT INTO "admin" ( username, password, created_at, updated_at ) VALUES ( ?, ?, ?, ? )
2026-04-23T18:54:47.531+08:00 DEBUG 21652 --- [           main] com.petshop.mapper.AdminMapper.insert    : ==> Parameters: admin_test(String), $2a$10$2Tez0VjrFRgpX0//ctpqc.PgqPzLRR7nrNsVWq7mumH2dLOB7X0km(String), 2026-04-23T18:54:47.530550800(LocalDateTime), 2026-04-23T18:54:47.530550800(LocalDateTime)
2026-04-23T18:54:47.532+08:00 DEBUG 21652 --- [           main] com.petshop.mapper.AdminMapper.insert    : <==    Updates: 1
2026-04-23T18:54:47.614+08:00 DEBUG 21652 --- [           main] com.petshop.mapper.UserMapper.insert     : ==>  Preparing: INSERT INTO "user" ( username, email, password, phone, status, created_at, updated_at ) VALUES ( ?, ?, ?, ?, ?, ?, ? )
2026-04-23T18:54:47.615+08:00 DEBUG 21652 --- [           main] com.petshop.mapper.UserMapper.insert     : ==> Parameters: user_test(String), user_test@example.com(String), $2a$10$C1jE3fuboHGiwuJUH4KQbOSli5bIwrzL/aPB9W3gz457lNltnKUF6(String), 13800138000(String), active(String), 2026-04-23T18:54:47.614669500(LocalDateTime), 2026-04-23T18:54:47.614669500(LocalDateTime)
2026-04-23T18:54:47.615+08:00 DEBUG 21652 --- [           main] com.petshop.mapper.UserMapper.insert     : <==    Updates: 1
2026-04-23T18:54:47.695+08:00 DEBUG 21652 --- [           main] c.petshop.mapper.MerchantMapper.insert   : ==>  Preparing: INSERT INTO "merchant" ( name, contact_person, phone, email, password, address, status, created_at, updated_at ) VALUES ( ?, ?, ?, ?, ?, ?, ?, ?, ? )
2026-04-23T18:54:47.695+08:00 DEBUG 21652 --- [           main] c.petshop.mapper.MerchantMapper.insert   : ==> Parameters: Approved Merchant(String), Contact Person(String), 13900139000(String), approved@example.com(String), $2a$10$yRzsOXPCBBO2VIMsG422.Ou23P/xfLF4EGnMPXMRbY.GVMoSy.oV6(String), Test Address(String), approved(String), 2026-04-23T18:54:47.695932600(LocalDateTime), 2026-04-23T18:54:47.695932600(LocalDateTime)
2026-04-23T18:54:47.696+08:00 DEBUG 21652 --- [           main] c.petshop.mapper.MerchantMapper.insert   : <==    Updates: 1
2026-04-23T18:54:47.777+08:00 DEBUG 21652 --- [           main] c.petshop.mapper.MerchantMapper.insert   : ==>  Preparing: INSERT INTO "merchant" ( name, contact_person, phone, email, password, address, status, created_at, updated_at ) VALUES ( ?, ?, ?, ?, ?, ?, ?, ?, ? )
2026-04-23T18:54:47.777+08:00 DEBUG 21652 --- [           main] c.petshop.mapper.MerchantMapper.insert   : ==> Parameters: Pending Merchant(String), Pending Contact(String), 13900139001(String), pending@example.com(String), $2a$10$nBwHHBHlL7BHqhirhBM.fOsYvJ/GUJh.cnnTb0LW5qAMoZzQmDn86(String), Pending Address(String), pending(String), 2026-04-23T18:54:47.777375400(LocalDateTime), 2026-04-23T18:54:47.777375400(LocalDateTime)
2026-04-23T18:54:47.777+08:00 DEBUG 21652 --- [           main] c.petshop.mapper.MerchantMapper.insert   : <==    Updates: 1
2026-04-23T18:54:47.778+08:00 DEBUG 21652 --- [           main] o.s.security.web.FilterChainProxy        : Securing PUT /api/admin/merchants/34/audit
2026-04-23T18:54:47.779+08:00 DEBUG 21652 --- [           main] o.s.s.w.a.AnonymousAuthenticationFilter  : Set SecurityContextHolder to anonymous SecurityContext
2026-04-23T18:54:47.779+08:00 DEBUG 21652 --- [           main] o.s.security.web.FilterChainProxy        : Secured PUT /api/admin/merchants/34/audit
2026-04-23T18:54:47.868+08:00 DEBUG 21652 --- [           main] com.petshop.mapper.AdminMapper.insert    : ==>  Preparing: INSERT INTO "admin" ( username, password, created_at, updated_at ) VALUES ( ?, ?, ?, ? )
2026-04-23T18:54:47.869+08:00 DEBUG 21652 --- [           main] com.petshop.mapper.AdminMapper.insert    : ==> Parameters: admin_test(String), $2a$10$exXm8MTTBQhVbKPkAs8gy.lA1Gy/k/keChZqrm7.1j7VUeLU6CCaa(String), 2026-04-23T18:54:47.868693200(LocalDateTime), 2026-04-23T18:54:47.868693200(LocalDateTime)
2026-04-23T18:54:47.869+08:00 DEBUG 21652 --- [           main] com.petshop.mapper.AdminMapper.insert    : <==    Updates: 1
2026-04-23T18:54:47.952+08:00 DEBUG 21652 --- [           main] com.petshop.mapper.UserMapper.insert     : ==>  Preparing: INSERT INTO "user" ( username, email, password, phone, status, created_at, updated_at ) VALUES ( ?, ?, ?, ?, ?, ?, ? )
2026-04-23T18:54:47.953+08:00 DEBUG 21652 --- [           main] com.petshop.mapper.UserMapper.insert     : ==> Parameters: user_test(String), user_test@example.com(String), $2a$10$HwauGJUoZVkX4oJi6uTDuO7ceZKkY8toLAXoJEF2hw4gQ1WPxYNYW(String), 13800138000(String), active(String), 2026-04-23T18:54:47.952403800(LocalDateTime), 2026-04-23T18:54:47.952403800(LocalDateTime)
2026-04-23T18:54:47.953+08:00 DEBUG 21652 --- [           main] com.petshop.mapper.UserMapper.insert     : <==    Updates: 1
2026-04-23T18:54:48.034+08:00 DEBUG 21652 --- [           main] c.petshop.mapper.MerchantMapper.insert   : ==>  Preparing: INSERT INTO "merchant" ( name, contact_person, phone, email, password, address, status, created_at, updated_at ) VALUES ( ?, ?, ?, ?, ?, ?, ?, ?, ? )
2026-04-23T18:54:48.034+08:00 DEBUG 21652 --- [           main] c.petshop.mapper.MerchantMapper.insert   : ==> Parameters: Approved Merchant(String), Contact Person(String), 13900139000(String), approved@example.com(String), $2a$10$PjZg2ROCcG3hdEFYj8q6E.Sf0qy5mbatdtrs.qMAQMqZlw3ZPhsjC(String), Test Address(String), approved(String), 2026-04-23T18:54:48.034610900(LocalDateTime), 2026-04-23T18:54:48.034610900(LocalDateTime)
2026-04-23T18:54:48.035+08:00 DEBUG 21652 --- [           main] c.petshop.mapper.MerchantMapper.insert   : <==    Updates: 1
2026-04-23T18:54:48.115+08:00 DEBUG 21652 --- [           main] c.petshop.mapper.MerchantMapper.insert   : ==>  Preparing: INSERT INTO "merchant" ( name, contact_person, phone, email, password, address, status, created_at, updated_at ) VALUES ( ?, ?, ?, ?, ?, ?, ?, ?, ? )
2026-04-23T18:54:48.115+08:00 DEBUG 21652 --- [           main] c.petshop.mapper.MerchantMapper.insert   : ==> Parameters: Pending Merchant(String), Pending Contact(String), 13900139001(String), pending@example.com(String), $2a$10$IJYpoiidmGlSLywv22RhS.oxRspfHZgj4jgJCDzH2bpvuJlmfJOgq(String), Pending Address(String), pending(String), 2026-04-23T18:54:48.115492200(LocalDateTime), 2026-04-23T18:54:48.115492200(LocalDateTime)
2026-04-23T18:54:48.116+08:00 DEBUG 21652 --- [           main] c.petshop.mapper.MerchantMapper.insert   : <==    Updates: 1
2026-04-23T18:54:48.117+08:00 DEBUG 21652 --- [           main] o.s.security.web.FilterChainProxy        : Securing GET /api/admin/merchants/35
2026-04-23T18:54:48.117+08:00 DEBUG 21652 --- [           main] o.s.s.w.a.AnonymousAuthenticationFilter  : Set SecurityContextHolder to anonymous SecurityContext
2026-04-23T18:54:48.117+08:00 DEBUG 21652 --- [           main] o.s.security.web.FilterChainProxy        : Secured GET /api/admin/merchants/35
2026-04-23T18:54:48.118+08:00 DEBUG 21652 --- [           main] c.p.mapper.MerchantMapper.selectById     : ==>  Preparing: SELECT id,name,contact_person,phone,email,password,address,logo,status,created_at,updated_at FROM "merchant" WHERE id=?
2026-04-23T18:54:48.118+08:00 DEBUG 21652 --- [           main] c.p.mapper.MerchantMapper.selectById     : ==> Parameters: 35(Integer)
2026-04-23T18:54:48.119+08:00 DEBUG 21652 --- [           main] c.p.mapper.MerchantMapper.selectById     : <==      Total: 1
2026-04-23T18:54:48.206+08:00 DEBUG 21652 --- [           main] com.petshop.mapper.AdminMapper.insert    : ==>  Preparing: INSERT INTO "admin" ( username, password, created_at, updated_at ) VALUES ( ?, ?, ?, ? )
2026-04-23T18:54:48.207+08:00 DEBUG 21652 --- [           main] com.petshop.mapper.AdminMapper.insert    : ==> Parameters: admin_test(String), $2a$10$rUCgAbLwzJnqLXwz9AIJl.QhNwrpdmzs.lMTuxIq2q10xDsWQ1HFW(String), 2026-04-23T18:54:48.206450400(LocalDateTime), 2026-04-23T18:54:48.206450400(LocalDateTime)
2026-04-23T18:54:48.207+08:00 DEBUG 21652 --- [           main] com.petshop.mapper.AdminMapper.insert    : <==    Updates: 1
2026-04-23T18:54:48.288+08:00 DEBUG 21652 --- [           main] com.petshop.mapper.UserMapper.insert     : ==>  Preparing: INSERT INTO "user" ( username, email, password, phone, status, created_at, updated_at ) VALUES ( ?, ?, ?, ?, ?, ?, ? )
2026-04-23T18:54:48.288+08:00 DEBUG 21652 --- [           main] com.petshop.mapper.UserMapper.insert     : ==> Parameters: user_test(String), user_test@example.com(String), $2a$10$n9eLVvOihfRDADbTuHYHMeNRNzUTOtKekjFidb.yxIUokoiWF6lLi(String), 13800138000(String), active(String), 2026-04-23T18:54:48.288307100(LocalDateTime), 2026-04-23T18:54:48.288307100(LocalDateTime)
2026-04-23T18:54:48.289+08:00 DEBUG 21652 --- [           main] com.petshop.mapper.UserMapper.insert     : <==    Updates: 1
2026-04-23T18:54:48.369+08:00 DEBUG 21652 --- [           main] c.petshop.mapper.MerchantMapper.insert   : ==>  Preparing: INSERT INTO "merchant" ( name, contact_person, phone, email, password, address, status, created_at, updated_at ) VALUES ( ?, ?, ?, ?, ?, ?, ?, ?, ? )
2026-04-23T18:54:48.369+08:00 DEBUG 21652 --- [           main] c.petshop.mapper.MerchantMapper.insert   : ==> Parameters: Approved Merchant(String), Contact Person(String), 13900139000(String), approved@example.com(String), $2a$10$Z2yykEK3lr4eqIOhZM9GJeuY3GXpCMh6BkNRYOBaVJZB2iy22hT0m(String), Test Address(String), approved(String), 2026-04-23T18:54:48.369842800(LocalDateTime), 2026-04-23T18:54:48.369842800(LocalDateTime)
2026-04-23T18:54:48.371+08:00 DEBUG 21652 --- [           main] c.petshop.mapper.MerchantMapper.insert   : <==    Updates: 1
2026-04-23T18:54:48.452+08:00 DEBUG 21652 --- [           main] c.petshop.mapper.MerchantMapper.insert   : ==>  Preparing: INSERT INTO "merchant" ( name, contact_person, phone, email, password, address, status, created_at, updated_at ) VALUES ( ?, ?, ?, ?, ?, ?, ?, ?, ? )
2026-04-23T18:54:48.452+08:00 DEBUG 21652 --- [           main] c.petshop.mapper.MerchantMapper.insert   : ==> Parameters: Pending Merchant(String), Pending Contact(String), 13900139001(String), pending@example.com(String), $2a$10$zi/wtrLVmEtdkzamxqVfz.hCzZVmbuoIPwRLhNIobRe7bQWI1lQj6(String), Pending Address(String), pending(String), 2026-04-23T18:54:48.452481200(LocalDateTime), 2026-04-23T18:54:48.452481200(LocalDateTime)
2026-04-23T18:54:48.453+08:00 DEBUG 21652 --- [           main] c.petshop.mapper.MerchantMapper.insert   : <==    Updates: 1
2026-04-23T18:54:48.453+08:00 DEBUG 21652 --- [           main] o.s.security.web.FilterChainProxy        : Securing GET /api/admin/merchants/99999
2026-04-23T18:54:48.454+08:00 DEBUG 21652 --- [           main] o.s.s.w.a.AnonymousAuthenticationFilter  : Set SecurityContextHolder to anonymous SecurityContext
2026-04-23T18:54:48.454+08:00 DEBUG 21652 --- [           main] o.s.security.web.FilterChainProxy        : Secured GET /api/admin/merchants/99999
2026-04-23T18:54:48.455+08:00 DEBUG 21652 --- [           main] c.p.mapper.MerchantMapper.selectById     : ==>  Preparing: SELECT id,name,contact_person,phone,email,password,address,logo,status,created_at,updated_at FROM "merchant" WHERE id=?
2026-04-23T18:54:48.455+08:00 DEBUG 21652 --- [           main] c.p.mapper.MerchantMapper.selectById     : ==> Parameters: 99999(Integer)
2026-04-23T18:54:48.455+08:00 DEBUG 21652 --- [           main] c.p.mapper.MerchantMapper.selectById     : <==      Total: 0
2026-04-23T18:54:48.544+08:00 DEBUG 21652 --- [           main] com.petshop.mapper.AdminMapper.insert    : ==>  Preparing: INSERT INTO "admin" ( username, password, created_at, updated_at ) VALUES ( ?, ?, ?, ? )
2026-04-23T18:54:48.545+08:00 DEBUG 21652 --- [           main] com.petshop.mapper.AdminMapper.insert    : ==> Parameters: admin_test(String), $2a$10$7N1hOXSTOuXqhKV/2q7rj.Tx3TethbkRCz8NTbvHXGmLIROq2fTyO(String), 2026-04-23T18:54:48.544371900(LocalDateTime), 2026-04-23T18:54:48.544371900(LocalDateTime)
2026-04-23T18:54:48.545+08:00 DEBUG 21652 --- [           main] com.petshop.mapper.AdminMapper.insert    : <==    Updates: 1
2026-04-23T18:54:48.625+08:00 DEBUG 21652 --- [           main] com.petshop.mapper.UserMapper.insert     : ==>  Preparing: INSERT INTO "user" ( username, email, password, phone, status, created_at, updated_at ) VALUES ( ?, ?, ?, ?, ?, ?, ? )
2026-04-23T18:54:48.625+08:00 DEBUG 21652 --- [           main] com.petshop.mapper.UserMapper.insert     : ==> Parameters: user_test(String), user_test@example.com(String), $2a$10$29/gAzfsgWA6z5HrLP9t/eKIJHgzoDAcch0tgSqhCN9kTLtqxhzQq(String), 13800138000(String), active(String), 2026-04-23T18:54:48.624733(LocalDateTime), 2026-04-23T18:54:48.624733(LocalDateTime)
2026-04-23T18:54:48.625+08:00 DEBUG 21652 --- [           main] com.petshop.mapper.UserMapper.insert     : <==    Updates: 1
2026-04-23T18:54:48.706+08:00 DEBUG 21652 --- [           main] c.petshop.mapper.MerchantMapper.insert   : ==>  Preparing: INSERT INTO "merchant" ( name, contact_person, phone, email, password, address, status, created_at, updated_at ) VALUES ( ?, ?, ?, ?, ?, ?, ?, ?, ? )
2026-04-23T18:54:48.706+08:00 DEBUG 21652 --- [           main] c.petshop.mapper.MerchantMapper.insert   : ==> Parameters: Approved Merchant(String), Contact Person(String), 13900139000(String), approved@example.com(String), $2a$10$wPIdYZ8kd5iVE.CetC485e4KrNufsmWVmBAIRFeB1ton5RBZDnLXO(String), Test Address(String), approved(String), 2026-04-23T18:54:48.705532600(LocalDateTime), 2026-04-23T18:54:48.705532600(LocalDateTime)
2026-04-23T18:54:48.706+08:00 DEBUG 21652 --- [           main] c.petshop.mapper.MerchantMapper.insert   : <==    Updates: 1
2026-04-23T18:54:48.788+08:00 DEBUG 21652 --- [           main] c.petshop.mapper.MerchantMapper.insert   : ==>  Preparing: INSERT INTO "merchant" ( name, contact_person, phone, email, password, address, status, created_at, updated_at ) VALUES ( ?, ?, ?, ?, ?, ?, ?, ?, ? )
2026-04-23T18:54:48.789+08:00 DEBUG 21652 --- [           main] c.petshop.mapper.MerchantMapper.insert   : ==> Parameters: Pending Merchant(String), Pending Contact(String), 13900139001(String), pending@example.com(String), $2a$10$x/DQQCewXVMS9OazCTPV8ecBj81Bgge0Jmegi8R2iMteoPyUfeeme(String), Pending Address(String), pending(String), 2026-04-23T18:54:48.787503500(LocalDateTime), 2026-04-23T18:54:48.788504500(LocalDateTime)
2026-04-23T18:54:48.789+08:00 DEBUG 21652 --- [           main] c.petshop.mapper.MerchantMapper.insert   : <==    Updates: 1
2026-04-23T18:54:48.789+08:00 DEBUG 21652 --- [           main] o.s.security.web.FilterChainProxy        : Securing GET /api/admin/merchants/39
2026-04-23T18:54:48.789+08:00 DEBUG 21652 --- [           main] o.s.s.w.a.AnonymousAuthenticationFilter  : Set SecurityContextHolder to anonymous SecurityContext
2026-04-23T18:54:48.790+08:00 DEBUG 21652 --- [           main] o.s.security.web.FilterChainProxy        : Secured GET /api/admin/merchants/39
[INFO] Tests run: 11, Failures: 0, Errors: 0, Skipped: 0, Time elapsed: 3.943 s -- in com.petshop.controller.AdminApiControllerTest$MerchantAuditTests
[INFO] Running com.petshop.controller.AdminApiControllerTest$SystemManagementTests
2026-04-23T18:54:48.796+08:00  INFO 21652 --- [           main] t.c.s.AnnotationConfigContextLoaderUtils : Could not detect default configuration classes for test class [com.petshop.controller.AdminApiControllerTest$SystemManagementTests]: SystemManagementTests does not declare any static, non-private, non-final, nested classes annotated with @Configuration.
2026-04-23T18:54:48.801+08:00  INFO 21652 --- [           main] .b.t.c.SpringBootTestContextBootstrapper : Found @SpringBootConfiguration com.petshop.PetManagementSystemApplication for test class com.petshop.controller.AdminApiControllerTest$SystemManagementTests
2026-04-23T18:54:48.885+08:00 DEBUG 21652 --- [           main] com.petshop.mapper.AdminMapper.insert    : ==>  Preparing: INSERT INTO "admin" ( username, password, created_at, updated_at ) VALUES ( ?, ?, ?, ? )
2026-04-23T18:54:48.885+08:00 DEBUG 21652 --- [           main] com.petshop.mapper.AdminMapper.insert    : ==> Parameters: admin_test(String), $2a$10$rrY5gX2V/s2zTyGy39cbbOIuvOmlOc4.6R2KyD9MBqxODIWF/Qdhq(String), 2026-04-23T18:54:48.885657300(LocalDateTime), 2026-04-23T18:54:48.885657300(LocalDateTime)
2026-04-23T18:54:48.886+08:00 DEBUG 21652 --- [           main] com.petshop.mapper.AdminMapper.insert    : <==    Updates: 1
2026-04-23T18:54:48.967+08:00 DEBUG 21652 --- [           main] com.petshop.mapper.UserMapper.insert     : ==>  Preparing: INSERT INTO "user" ( username, email, password, phone, status, created_at, updated_at ) VALUES ( ?, ?, ?, ?, ?, ?, ? )
2026-04-23T18:54:48.967+08:00 DEBUG 21652 --- [           main] com.petshop.mapper.UserMapper.insert     : ==> Parameters: user_test(String), user_test@example.com(String), $2a$10$g0Sig/9B.tROoz28uHkYluluVvO1YJkfq3M8IlpGLR1ugYTbRZx2O(String), 13800138000(String), active(String), 2026-04-23T18:54:48.966040(LocalDateTime), 2026-04-23T18:54:48.967041700(LocalDateTime)
2026-04-23T18:54:48.967+08:00 DEBUG 21652 --- [           main] com.petshop.mapper.UserMapper.insert     : <==    Updates: 1
2026-04-23T18:54:49.047+08:00 DEBUG 21652 --- [           main] c.petshop.mapper.MerchantMapper.insert   : ==>  Preparing: INSERT INTO "merchant" ( name, contact_person, phone, email, password, address, status, created_at, updated_at ) VALUES ( ?, ?, ?, ?, ?, ?, ?, ?, ? )
2026-04-23T18:54:49.047+08:00 DEBUG 21652 --- [           main] c.petshop.mapper.MerchantMapper.insert   : ==> Parameters: Approved Merchant(String), Contact Person(String), 13900139000(String), approved@example.com(String), $2a$10$pji0BvY4tjhwRqsXvxFzfuk2aaTsZur3ERfQdErOu1EmkIay3IRFe(String), Test Address(String), approved(String), 2026-04-23T18:54:49.047235700(LocalDateTime), 2026-04-23T18:54:49.047235700(LocalDateTime)
2026-04-23T18:54:49.048+08:00 DEBUG 21652 --- [           main] c.petshop.mapper.MerchantMapper.insert   : <==    Updates: 1
2026-04-23T18:54:49.129+08:00 DEBUG 21652 --- [           main] c.petshop.mapper.MerchantMapper.insert   : ==>  Preparing: INSERT INTO "merchant" ( name, contact_person, phone, email, password, address, status, created_at, updated_at ) VALUES ( ?, ?, ?, ?, ?, ?, ?, ?, ? )
2026-04-23T18:54:49.129+08:00 DEBUG 21652 --- [           main] c.petshop.mapper.MerchantMapper.insert   : ==> Parameters: Pending Merchant(String), Pending Contact(String), 13900139001(String), pending@example.com(String), $2a$10$TIpvdf7edGngKwXiDGyvv.7ei9Z6Yakvq2Ex9Lt/AYUyqDz6tIRdC(String), Pending Address(String), pending(String), 2026-04-23T18:54:49.128307300(LocalDateTime), 2026-04-23T18:54:49.128307300(LocalDateTime)
2026-04-23T18:54:49.129+08:00 DEBUG 21652 --- [           main] c.petshop.mapper.MerchantMapper.insert   : <==    Updates: 1
2026-04-23T18:54:49.130+08:00 DEBUG 21652 --- [           main] o.s.security.web.FilterChainProxy        : Securing GET /api/admin/system/config
2026-04-23T18:54:49.130+08:00 DEBUG 21652 --- [           main] o.s.s.w.a.AnonymousAuthenticationFilter  : Set SecurityContextHolder to anonymous SecurityContext
2026-04-23T18:54:49.130+08:00 DEBUG 21652 --- [           main] o.s.security.web.FilterChainProxy        : Secured GET /api/admin/system/config
2026-04-23T18:54:49.131+08:00 DEBUG 21652 --- [           main] c.p.m.SystemConfigMapper.selectById      : ==>  Preparing: SELECT id,site_name,logo,contact_email,contact_phone,icp_number,site_description,site_keywords,footer_text,created_at,updated_at FROM "system_config" WHERE id=?
2026-04-23T18:54:49.131+08:00 DEBUG 21652 --- [           main] c.p.m.SystemConfigMapper.selectById      : ==> Parameters: 1(Integer)
2026-04-23T18:54:49.131+08:00 DEBUG 21652 --- [           main] c.p.m.SystemConfigMapper.selectById      : <==      Total: 0
2026-04-23T18:54:49.133+08:00 DEBUG 21652 --- [           main] c.p.mapper.SystemConfigMapper.insert     : ==>  Preparing: INSERT INTO "system_config" ( site_name, created_at, updated_at ) VALUES ( ?, ?, ? )
2026-04-23T18:54:49.134+08:00 DEBUG 21652 --- [           main] c.p.mapper.SystemConfigMapper.insert     : ==> Parameters: 宠物服务平台(String), null, null
2026-04-23T18:54:49.134+08:00 DEBUG 21652 --- [           main] c.p.mapper.SystemConfigMapper.insert     : <==    Updates: 1
2026-04-23T18:54:49.221+08:00 DEBUG 21652 --- [           main] com.petshop.mapper.AdminMapper.insert    : ==>  Preparing: INSERT INTO "admin" ( username, password, created_at, updated_at ) VALUES ( ?, ?, ?, ? )
2026-04-23T18:54:49.221+08:00 DEBUG 21652 --- [           main] com.petshop.mapper.AdminMapper.insert    : ==> Parameters: admin_test(String), $2a$10$nGt.IfjScAXSaGBXbx/U7eV7dzRxL6dxywqBYk0YHFXQ6wAvusqli(String), 2026-04-23T18:54:49.221336(LocalDateTime), 2026-04-23T18:54:49.221336(LocalDateTime)
2026-04-23T18:54:49.222+08:00 DEBUG 21652 --- [           main] com.petshop.mapper.AdminMapper.insert    : <==    Updates: 1
2026-04-23T18:54:49.302+08:00 DEBUG 21652 --- [           main] com.petshop.mapper.UserMapper.insert     : ==>  Preparing: INSERT INTO "user" ( username, email, password, phone, status, created_at, updated_at ) VALUES ( ?, ?, ?, ?, ?, ?, ? )
2026-04-23T18:54:49.303+08:00 DEBUG 21652 --- [           main] com.petshop.mapper.UserMapper.insert     : ==> Parameters: user_test(String), user_test@example.com(String), $2a$10$Mxu7MMrkitCTPu8KWgkZWe2TTIh3QiZe8SVGmcu.tyloj0Xe6/uLa(String), 13800138000(String), active(String), 2026-04-23T18:54:49.302381600(LocalDateTime), 2026-04-23T18:54:49.302381600(LocalDateTime)
2026-04-23T18:54:49.303+08:00 DEBUG 21652 --- [           main] com.petshop.mapper.UserMapper.insert     : <==    Updates: 1
2026-04-23T18:54:49.383+08:00 DEBUG 21652 --- [           main] c.petshop.mapper.MerchantMapper.insert   : ==>  Preparing: INSERT INTO "merchant" ( name, contact_person, phone, email, password, address, status, created_at, updated_at ) VALUES ( ?, ?, ?, ?, ?, ?, ?, ?, ? )
2026-04-23T18:54:49.383+08:00 DEBUG 21652 --- [           main] c.petshop.mapper.MerchantMapper.insert   : ==> Parameters: Approved Merchant(String), Contact Person(String), 13900139000(String), approved@example.com(String), $2a$10$pqlTJe/M8tDfg1ClCnTE7.cS7jATXrmvGNSNN.RPD8gSK3H9wCXwG(String), Test Address(String), approved(String), 2026-04-23T18:54:49.383343500(LocalDateTime), 2026-04-23T18:54:49.383343500(LocalDateTime)
2026-04-23T18:54:49.384+08:00 DEBUG 21652 --- [           main] c.petshop.mapper.MerchantMapper.insert   : <==    Updates: 1
2026-04-23T18:54:49.464+08:00 DEBUG 21652 --- [           main] c.petshop.mapper.MerchantMapper.insert   : ==>  Preparing: INSERT INTO "merchant" ( name, contact_person, phone, email, password, address, status, created_at, updated_at ) VALUES ( ?, ?, ?, ?, ?, ?, ?, ?, ? )
2026-04-23T18:54:49.465+08:00 DEBUG 21652 --- [           main] c.petshop.mapper.MerchantMapper.insert   : ==> Parameters: Pending Merchant(String), Pending Contact(String), 13900139001(String), pending@example.com(String), $2a$10$1NfP7XJh5UdH9Cvg9AW3aelhMroBk0RCnjSNNz0UynLOCTySo4Qj6(String), Pending Address(String), pending(String), 2026-04-23T18:54:49.464749400(LocalDateTime), 2026-04-23T18:54:49.464749400(LocalDateTime)
2026-04-23T18:54:49.465+08:00 DEBUG 21652 --- [           main] c.petshop.mapper.MerchantMapper.insert   : <==    Updates: 1
2026-04-23T18:54:49.466+08:00 DEBUG 21652 --- [           main] o.s.security.web.FilterChainProxy        : Securing GET /api/admin/system/config
2026-04-23T18:54:49.466+08:00 DEBUG 21652 --- [           main] o.s.s.w.a.AnonymousAuthenticationFilter  : Set SecurityContextHolder to anonymous SecurityContext
2026-04-23T18:54:49.467+08:00 DEBUG 21652 --- [           main] o.s.security.web.FilterChainProxy        : Secured GET /api/admin/system/config
2026-04-23T18:54:49.554+08:00 DEBUG 21652 --- [           main] com.petshop.mapper.AdminMapper.insert    : ==>  Preparing: INSERT INTO "admin" ( username, password, created_at, updated_at ) VALUES ( ?, ?, ?, ? )
2026-04-23T18:54:49.555+08:00 DEBUG 21652 --- [           main] com.petshop.mapper.AdminMapper.insert    : ==> Parameters: admin_test(String), $2a$10$8AighKcDqpdDGvLqe1NHuuW.Ijfj.frc1e9qnI.sExsGMaOUOhkL2(String), 2026-04-23T18:54:49.554372100(LocalDateTime), 2026-04-23T18:54:49.554372100(LocalDateTime)
2026-04-23T18:54:49.555+08:00 DEBUG 21652 --- [           main] com.petshop.mapper.AdminMapper.insert    : <==    Updates: 1
2026-04-23T18:54:49.635+08:00 DEBUG 21652 --- [           main] com.petshop.mapper.UserMapper.insert     : ==>  Preparing: INSERT INTO "user" ( username, email, password, phone, status, created_at, updated_at ) VALUES ( ?, ?, ?, ?, ?, ?, ? )
2026-04-23T18:54:49.635+08:00 DEBUG 21652 --- [           main] com.petshop.mapper.UserMapper.insert     : ==> Parameters: user_test(String), user_test@example.com(String), $2a$10$cx4WgD.SUPvc.N74IZPsGOgtMvsQwhwkNipJGP9l2kROnLyCP/2Xa(String), 13800138000(String), active(String), 2026-04-23T18:54:49.635829(LocalDateTime), 2026-04-23T18:54:49.635829(LocalDateTime)
2026-04-23T18:54:49.636+08:00 DEBUG 21652 --- [           main] com.petshop.mapper.UserMapper.insert     : <==    Updates: 1
2026-04-23T18:54:49.717+08:00 DEBUG 21652 --- [           main] c.petshop.mapper.MerchantMapper.insert   : ==>  Preparing: INSERT INTO "merchant" ( name, contact_person, phone, email, password, address, status, created_at, updated_at ) VALUES ( ?, ?, ?, ?, ?, ?, ?, ?, ? )
2026-04-23T18:54:49.718+08:00 DEBUG 21652 --- [           main] c.petshop.mapper.MerchantMapper.insert   : ==> Parameters: Approved Merchant(String), Contact Person(String), 13900139000(String), approved@example.com(String), $2a$10$N.2.Py/.JQD4Bj46rmOvoOIHGHKj/Tepq83w/JhEjLiVxpqkAoOVq(String), Test Address(String), approved(String), 2026-04-23T18:54:49.717491700(LocalDateTime), 2026-04-23T18:54:49.717491700(LocalDateTime)
2026-04-23T18:54:49.718+08:00 DEBUG 21652 --- [           main] c.petshop.mapper.MerchantMapper.insert   : <==    Updates: 1
2026-04-23T18:54:49.800+08:00 DEBUG 21652 --- [           main] c.petshop.mapper.MerchantMapper.insert   : ==>  Preparing: INSERT INTO "merchant" ( name, contact_person, phone, email, password, address, status, created_at, updated_at ) VALUES ( ?, ?, ?, ?, ?, ?, ?, ?, ? )
2026-04-23T18:54:49.800+08:00 DEBUG 21652 --- [           main] c.petshop.mapper.MerchantMapper.insert   : ==> Parameters: Pending Merchant(String), Pending Contact(String), 13900139001(String), pending@example.com(String), $2a$10$tzBs1Bar9aKTdCgeaYZPyO8rJJCwGD.ZrkXk1cCBoolBqB4qdktF2(String), Pending Address(String), pending(String), 2026-04-23T18:54:49.800006200(LocalDateTime), 2026-04-23T18:54:49.800006200(LocalDateTime)
2026-04-23T18:54:49.801+08:00 DEBUG 21652 --- [           main] c.petshop.mapper.MerchantMapper.insert   : <==    Updates: 1
2026-04-23T18:54:49.801+08:00 DEBUG 21652 --- [           main] o.s.security.web.FilterChainProxy        : Securing PUT /api/admin/system/config
2026-04-23T18:54:49.802+08:00 DEBUG 21652 --- [           main] o.s.s.w.a.AnonymousAuthenticationFilter  : Set SecurityContextHolder to anonymous SecurityContext
2026-04-23T18:54:49.802+08:00 DEBUG 21652 --- [           main] o.s.security.web.FilterChainProxy        : Secured PUT /api/admin/system/config
2026-04-23T18:54:49.803+08:00 DEBUG 21652 --- [           main] c.p.m.SystemConfigMapper.selectById      : ==>  Preparing: SELECT id,site_name,logo,contact_email,contact_phone,icp_number,site_description,site_keywords,footer_text,created_at,updated_at FROM "system_config" WHERE id=?
2026-04-23T18:54:49.803+08:00 DEBUG 21652 --- [           main] c.p.m.SystemConfigMapper.selectById      : ==> Parameters: 1(Integer)
2026-04-23T18:54:49.803+08:00 DEBUG 21652 --- [           main] c.p.m.SystemConfigMapper.selectById      : <==      Total: 0
2026-04-23T18:54:49.805+08:00 DEBUG 21652 --- [           main] c.p.m.SystemConfigMapper.updateById      : ==>  Preparing: UPDATE "system_config" SET site_name=?, contact_email=?, contact_phone=?, updated_at=? WHERE id=?
2026-04-23T18:54:49.806+08:00 DEBUG 21652 --- [           main] c.p.m.SystemConfigMapper.updateById      : ==> Parameters: 宠物家园(String), support@petshop.com(String), 400-123-4567(String), null, null
2026-04-23T18:54:49.806+08:00 DEBUG 21652 --- [           main] c.p.m.SystemConfigMapper.updateById      : <==    Updates: 0
2026-04-23T18:54:49.893+08:00 DEBUG 21652 --- [           main] com.petshop.mapper.AdminMapper.insert    : ==>  Preparing: INSERT INTO "admin" ( username, password, created_at, updated_at ) VALUES ( ?, ?, ?, ? )
2026-04-23T18:54:49.893+08:00 DEBUG 21652 --- [           main] com.petshop.mapper.AdminMapper.insert    : ==> Parameters: admin_test(String), $2a$10$wX0Ow/ekwMtz4HPikTsHquSHr4dFvQmxXh0HI/mQQgXOodQ4rsnhm(String), 2026-04-23T18:54:49.893879600(LocalDateTime), 2026-04-23T18:54:49.893879600(LocalDateTime)
2026-04-23T18:54:49.893+08:00 DEBUG 21652 --- [           main] com.petshop.mapper.AdminMapper.insert    : <==    Updates: 1
2026-04-23T18:54:49.974+08:00 DEBUG 21652 --- [           main] com.petshop.mapper.UserMapper.insert     : ==>  Preparing: INSERT INTO "user" ( username, email, password, phone, status, created_at, updated_at ) VALUES ( ?, ?, ?, ?, ?, ?, ? )
2026-04-23T18:54:49.975+08:00 DEBUG 21652 --- [           main] com.petshop.mapper.UserMapper.insert     : ==> Parameters: user_test(String), user_test@example.com(String), $2a$10$nJRAcmk50R2qDSjR/QHM8uDpRqmQIyYzvXtA1u6jtZ6gyEpDzf7.G(String), 13800138000(String), active(String), 2026-04-23T18:54:49.974285900(LocalDateTime), 2026-04-23T18:54:49.974285900(LocalDateTime)
2026-04-23T18:54:49.975+08:00 DEBUG 21652 --- [           main] com.petshop.mapper.UserMapper.insert     : <==    Updates: 1
2026-04-23T18:54:50.055+08:00 DEBUG 21652 --- [           main] c.petshop.mapper.MerchantMapper.insert   : ==>  Preparing: INSERT INTO "merchant" ( name, contact_person, phone, email, password, address, status, created_at, updated_at ) VALUES ( ?, ?, ?, ?, ?, ?, ?, ?, ? )
2026-04-23T18:54:50.056+08:00 DEBUG 21652 --- [           main] c.petshop.mapper.MerchantMapper.insert   : ==> Parameters: Approved Merchant(String), Contact Person(String), 13900139000(String), approved@example.com(String), $2a$10$Go6cQ5J9V8sHt5m2shbSUezs3wUN3WE4EwdzIy8MYdLfLMIWxhj/W(String), Test Address(String), approved(String), 2026-04-23T18:54:50.055199900(LocalDateTime), 2026-04-23T18:54:50.055199900(LocalDateTime)
2026-04-23T18:54:50.056+08:00 DEBUG 21652 --- [           main] c.petshop.mapper.MerchantMapper.insert   : <==    Updates: 1
2026-04-23T18:54:50.140+08:00 DEBUG 21652 --- [           main] c.petshop.mapper.MerchantMapper.insert   : ==>  Preparing: INSERT INTO "merchant" ( name, contact_person, phone, email, password, address, status, created_at, updated_at ) VALUES ( ?, ?, ?, ?, ?, ?, ?, ?, ? )
2026-04-23T18:54:50.140+08:00 DEBUG 21652 --- [           main] c.petshop.mapper.MerchantMapper.insert   : ==> Parameters: Pending Merchant(String), Pending Contact(String), 13900139001(String), pending@example.com(String), $2a$10$..SM2o36aBMRcmN6NQ/RpuGUge8/t.9msKPSPanNP6WowFJtKn8tm(String), Pending Address(String), pending(String), 2026-04-23T18:54:50.140071400(LocalDateTime), 2026-04-23T18:54:50.140071400(LocalDateTime)
2026-04-23T18:54:50.141+08:00 DEBUG 21652 --- [           main] c.petshop.mapper.MerchantMapper.insert   : <==    Updates: 1
2026-04-23T18:54:50.141+08:00 DEBUG 21652 --- [           main] o.s.security.web.FilterChainProxy        : Securing PUT /api/admin/system/config
2026-04-23T18:54:50.142+08:00 DEBUG 21652 --- [           main] o.s.s.w.a.AnonymousAuthenticationFilter  : Set SecurityContextHolder to anonymous SecurityContext
2026-04-23T18:54:50.142+08:00 DEBUG 21652 --- [           main] o.s.security.web.FilterChainProxy        : Secured PUT /api/admin/system/config
2026-04-23T18:54:50.229+08:00 DEBUG 21652 --- [           main] com.petshop.mapper.AdminMapper.insert    : ==>  Preparing: INSERT INTO "admin" ( username, password, created_at, updated_at ) VALUES ( ?, ?, ?, ? )
2026-04-23T18:54:50.230+08:00 DEBUG 21652 --- [           main] com.petshop.mapper.AdminMapper.insert    : ==> Parameters: admin_test(String), $2a$10$8MWK96oruxnawr8COhUzze6y2oqbxtD6/e3qcu8CpKAI4wwYu.Ney(String), 2026-04-23T18:54:50.229539100(LocalDateTime), 2026-04-23T18:54:50.229539100(LocalDateTime)
2026-04-23T18:54:50.230+08:00 DEBUG 21652 --- [           main] com.petshop.mapper.AdminMapper.insert    : <==    Updates: 1
2026-04-23T18:54:50.311+08:00 DEBUG 21652 --- [           main] com.petshop.mapper.UserMapper.insert     : ==>  Preparing: INSERT INTO "user" ( username, email, password, phone, status, created_at, updated_at ) VALUES ( ?, ?, ?, ?, ?, ?, ? )
2026-04-23T18:54:50.311+08:00 DEBUG 21652 --- [           main] com.petshop.mapper.UserMapper.insert     : ==> Parameters: user_test(String), user_test@example.com(String), $2a$10$Agx9yyp3ratUKQreo.rgGe6dp0lyjbR6fcwIq.wF0eUyMaRwULLZC(String), 13800138000(String), active(String), 2026-04-23T18:54:50.311593300(LocalDateTime), 2026-04-23T18:54:50.311593300(LocalDateTime)
2026-04-23T18:54:50.311+08:00 DEBUG 21652 --- [           main] com.petshop.mapper.UserMapper.insert     : <==    Updates: 1
2026-04-23T18:54:50.392+08:00 DEBUG 21652 --- [           main] c.petshop.mapper.MerchantMapper.insert   : ==>  Preparing: INSERT INTO "merchant" ( name, contact_person, phone, email, password, address, status, created_at, updated_at ) VALUES ( ?, ?, ?, ?, ?, ?, ?, ?, ? )
2026-04-23T18:54:50.393+08:00 DEBUG 21652 --- [           main] c.petshop.mapper.MerchantMapper.insert   : ==> Parameters: Approved Merchant(String), Contact Person(String), 13900139000(String), approved@example.com(String), $2a$10$uPJXs932wRxst/8R3srbPuLml1Mdf1eJXISZ.lpX9Dl9eX1gpagvu(String), Test Address(String), approved(String), 2026-04-23T18:54:50.392741(LocalDateTime), 2026-04-23T18:54:50.392741(LocalDateTime)
2026-04-23T18:54:50.393+08:00 DEBUG 21652 --- [           main] c.petshop.mapper.MerchantMapper.insert   : <==    Updates: 1
2026-04-23T18:54:50.476+08:00 DEBUG 21652 --- [           main] c.petshop.mapper.MerchantMapper.insert   : ==>  Preparing: INSERT INTO "merchant" ( name, contact_person, phone, email, password, address, status, created_at, updated_at ) VALUES ( ?, ?, ?, ?, ?, ?, ?, ?, ? )
2026-04-23T18:54:50.477+08:00 DEBUG 21652 --- [           main] c.petshop.mapper.MerchantMapper.insert   : ==> Parameters: Pending Merchant(String), Pending Contact(String), 13900139001(String), pending@example.com(String), $2a$10$Uz4X7z5ib/RBn5XJZ63FV.moEcD1BRAUhO8uLqnwFhu3uhkEFBs1q(String), Pending Address(String), pending(String), 2026-04-23T18:54:50.476413400(LocalDateTime), 2026-04-23T18:54:50.476413400(LocalDateTime)
2026-04-23T18:54:50.477+08:00 DEBUG 21652 --- [           main] c.petshop.mapper.MerchantMapper.insert   : <==    Updates: 1
2026-04-23T18:54:50.478+08:00 DEBUG 21652 --- [           main] o.s.security.web.FilterChainProxy        : Securing POST /api/admin/announcements
2026-04-23T18:54:50.478+08:00 DEBUG 21652 --- [           main] o.s.s.w.a.AnonymousAuthenticationFilter  : Set SecurityContextHolder to anonymous SecurityContext
2026-04-23T18:54:50.478+08:00 DEBUG 21652 --- [           main] o.s.security.web.FilterChainProxy        : Secured POST /api/admin/announcements
2026-04-23T18:54:50.479+08:00 DEBUG 21652 --- [           main] c.p.mapper.AnnouncementMapper.insert     : ==>  Preparing: INSERT INTO "announcement" ( title, content, status, created_at, updated_at ) VALUES ( ?, ?, ?, ?, ? )
2026-04-23T18:54:50.480+08:00 DEBUG 21652 --- [           main] c.p.mapper.AnnouncementMapper.insert     : ==> Parameters: 系统维护通知(String), 系统将于今晚进行维护，届时服务将暂停。(String), published(String), null, null
2026-04-23T18:54:50.480+08:00 DEBUG 21652 --- [           main] c.p.mapper.AnnouncementMapper.insert     : <==    Updates: 1
2026-04-23T18:54:50.567+08:00 DEBUG 21652 --- [           main] com.petshop.mapper.AdminMapper.insert    : ==>  Preparing: INSERT INTO "admin" ( username, password, created_at, updated_at ) VALUES ( ?, ?, ?, ? )
2026-04-23T18:54:50.567+08:00 DEBUG 21652 --- [           main] com.petshop.mapper.AdminMapper.insert    : ==> Parameters: admin_test(String), $2a$10$L9llooOeq3cyWaU0sGl.K.St4ABURuXELFmyR19S/K4DNBuNj/tvm(String), 2026-04-23T18:54:50.567452200(LocalDateTime), 2026-04-23T18:54:50.567452200(LocalDateTime)
2026-04-23T18:54:50.568+08:00 DEBUG 21652 --- [           main] com.petshop.mapper.AdminMapper.insert    : <==    Updates: 1
2026-04-23T18:54:50.651+08:00 DEBUG 21652 --- [           main] com.petshop.mapper.UserMapper.insert     : ==>  Preparing: INSERT INTO "user" ( username, email, password, phone, status, created_at, updated_at ) VALUES ( ?, ?, ?, ?, ?, ?, ? )
2026-04-23T18:54:50.651+08:00 DEBUG 21652 --- [           main] com.petshop.mapper.UserMapper.insert     : ==> Parameters: user_test(String), user_test@example.com(String), $2a$10$jzcMVd1lVgWLhMfh4hz3IuHQVGLGR4/17I3uXQ2zTaKbGtS1F86e.(String), 13800138000(String), active(String), 2026-04-23T18:54:50.650560900(LocalDateTime), 2026-04-23T18:54:50.650560900(LocalDateTime)
2026-04-23T18:54:50.651+08:00 DEBUG 21652 --- [           main] com.petshop.mapper.UserMapper.insert     : <==    Updates: 1
2026-04-23T18:54:50.732+08:00 DEBUG 21652 --- [           main] c.petshop.mapper.MerchantMapper.insert   : ==>  Preparing: INSERT INTO "merchant" ( name, contact_person, phone, email, password, address, status, created_at, updated_at ) VALUES ( ?, ?, ?, ?, ?, ?, ?, ?, ? )
2026-04-23T18:54:50.733+08:00 DEBUG 21652 --- [           main] c.petshop.mapper.MerchantMapper.insert   : ==> Parameters: Approved Merchant(String), Contact Person(String), 13900139000(String), approved@example.com(String), $2a$10$W0/brDif5wWZG5EIPuf8kucpqqlb0Kl/Fqidt0ySql7IFHVruywTC(String), Test Address(String), approved(String), 2026-04-23T18:54:50.732799200(LocalDateTime), 2026-04-23T18:54:50.732799200(LocalDateTime)
2026-04-23T18:54:50.733+08:00 DEBUG 21652 --- [           main] c.petshop.mapper.MerchantMapper.insert   : <==    Updates: 1
2026-04-23T18:54:50.814+08:00 DEBUG 21652 --- [           main] c.petshop.mapper.MerchantMapper.insert   : ==>  Preparing: INSERT INTO "merchant" ( name, contact_person, phone, email, password, address, status, created_at, updated_at ) VALUES ( ?, ?, ?, ?, ?, ?, ?, ?, ? )
2026-04-23T18:54:50.814+08:00 DEBUG 21652 --- [           main] c.petshop.mapper.MerchantMapper.insert   : ==> Parameters: Pending Merchant(String), Pending Contact(String), 13900139001(String), pending@example.com(String), $2a$10$0U8OTSFyDurCEp7UhDwxDe.Wa2zO02fnal21CgCKSLJYe1S6xtGLi(String), Pending Address(String), pending(String), 2026-04-23T18:54:50.814395200(LocalDateTime), 2026-04-23T18:54:50.814395200(LocalDateTime)
2026-04-23T18:54:50.814+08:00 DEBUG 21652 --- [           main] c.petshop.mapper.MerchantMapper.insert   : <==    Updates: 1
2026-04-23T18:54:50.815+08:00 DEBUG 21652 --- [           main] o.s.security.web.FilterChainProxy        : Securing POST /api/admin/announcements
2026-04-23T18:54:50.815+08:00 DEBUG 21652 --- [           main] o.s.s.w.a.AnonymousAuthenticationFilter  : Set SecurityContextHolder to anonymous SecurityContext
2026-04-23T18:54:50.815+08:00 DEBUG 21652 --- [           main] o.s.security.web.FilterChainProxy        : Secured POST /api/admin/announcements
2026-04-23T18:54:50.903+08:00 DEBUG 21652 --- [           main] com.petshop.mapper.AdminMapper.insert    : ==>  Preparing: INSERT INTO "admin" ( username, password, created_at, updated_at ) VALUES ( ?, ?, ?, ? )
2026-04-23T18:54:50.903+08:00 DEBUG 21652 --- [           main] com.petshop.mapper.AdminMapper.insert    : ==> Parameters: admin_test(String), $2a$10$wxNLuiRHAhWEb8Hbj3Vfsu7uxXdxIX9J/3loIn4Bhk5bBkhfac5R2(String), 2026-04-23T18:54:50.902061700(LocalDateTime), 2026-04-23T18:54:50.902061700(LocalDateTime)
2026-04-23T18:54:50.903+08:00 DEBUG 21652 --- [           main] com.petshop.mapper.AdminMapper.insert    : <==    Updates: 1
2026-04-23T18:54:50.985+08:00 DEBUG 21652 --- [           main] com.petshop.mapper.UserMapper.insert     : ==>  Preparing: INSERT INTO "user" ( username, email, password, phone, status, created_at, updated_at ) VALUES ( ?, ?, ?, ?, ?, ?, ? )
2026-04-23T18:54:50.985+08:00 DEBUG 21652 --- [           main] com.petshop.mapper.UserMapper.insert     : ==> Parameters: user_test(String), user_test@example.com(String), $2a$10$PaWmzM9I9tby5DZFrlWEhOR1D.6eaTXcSB47kQRN/OnmfeTm8m6Su(String), 13800138000(String), active(String), 2026-04-23T18:54:50.984820700(LocalDateTime), 2026-04-23T18:54:50.984820700(LocalDateTime)
2026-04-23T18:54:50.985+08:00 DEBUG 21652 --- [           main] com.petshop.mapper.UserMapper.insert     : <==    Updates: 1
2026-04-23T18:54:51.066+08:00 DEBUG 21652 --- [           main] c.petshop.mapper.MerchantMapper.insert   : ==>  Preparing: INSERT INTO "merchant" ( name, contact_person, phone, email, password, address, status, created_at, updated_at ) VALUES ( ?, ?, ?, ?, ?, ?, ?, ?, ? )
2026-04-23T18:54:51.066+08:00 DEBUG 21652 --- [           main] c.petshop.mapper.MerchantMapper.insert   : ==> Parameters: Approved Merchant(String), Contact Person(String), 13900139000(String), approved@example.com(String), $2a$10$3vPmKiKJsRjrRw6Whb.7fuEGJ9YMvbeK95SOXLHWtqvl9lJHxHg7q(String), Test Address(String), approved(String), 2026-04-23T18:54:51.065951400(LocalDateTime), 2026-04-23T18:54:51.065951400(LocalDateTime)
2026-04-23T18:54:51.066+08:00 DEBUG 21652 --- [           main] c.petshop.mapper.MerchantMapper.insert   : <==    Updates: 1
2026-04-23T18:54:51.153+08:00 DEBUG 21652 --- [           main] c.petshop.mapper.MerchantMapper.insert   : ==>  Preparing: INSERT INTO "merchant" ( name, contact_person, phone, email, password, address, status, created_at, updated_at ) VALUES ( ?, ?, ?, ?, ?, ?, ?, ?, ? )
2026-04-23T18:54:51.153+08:00 DEBUG 21652 --- [           main] c.petshop.mapper.MerchantMapper.insert   : ==> Parameters: Pending Merchant(String), Pending Contact(String), 13900139001(String), pending@example.com(String), $2a$10$d3okh4c4BFio6y1fCDoPkeEGZpUeS8mIs07D2TXYTyZiq/FF3dfBG(String), Pending Address(String), pending(String), 2026-04-23T18:54:51.152435500(LocalDateTime), 2026-04-23T18:54:51.152435500(LocalDateTime)
2026-04-23T18:54:51.153+08:00 DEBUG 21652 --- [           main] c.petshop.mapper.MerchantMapper.insert   : <==    Updates: 1
2026-04-23T18:54:51.154+08:00 DEBUG 21652 --- [           main] o.s.security.web.FilterChainProxy        : Securing POST /api/admin/announcements
2026-04-23T18:54:51.154+08:00 DEBUG 21652 --- [           main] o.s.s.w.a.AnonymousAuthenticationFilter  : Set SecurityContextHolder to anonymous SecurityContext
2026-04-23T18:54:51.154+08:00 DEBUG 21652 --- [           main] o.s.security.web.FilterChainProxy        : Secured POST /api/admin/announcements
2026-04-23T18:54:51.155+08:00 DEBUG 21652 --- [           main] c.p.mapper.AnnouncementMapper.insert     : ==>  Preparing: INSERT INTO "announcement" ( title, content, status, created_at, updated_at ) VALUES ( ?, ?, ?, ?, ? )
2026-04-23T18:54:51.156+08:00 DEBUG 21652 --- [           main] c.p.mapper.AnnouncementMapper.insert     : ==> Parameters: 新功能预告(String), 即将上线新功能，敬请期待！(String), draft(String), null, null
2026-04-23T18:54:51.156+08:00 DEBUG 21652 --- [           main] c.p.mapper.AnnouncementMapper.insert     : <==    Updates: 1
[INFO] Tests run: 7, Failures: 0, Errors: 0, Skipped: 0, Time elapsed: 2.365 s -- in com.petshop.controller.AdminApiControllerTest$SystemManagementTests
[INFO] Running com.petshop.controller.AdminApiControllerTest$UserManagementTests
2026-04-23T18:54:51.164+08:00  INFO 21652 --- [           main] t.c.s.AnnotationConfigContextLoaderUtils : Could not detect default configuration classes for test class [com.petshop.controller.AdminApiControllerTest$UserManagementTests]: UserManagementTests does not declare any static, non-private, non-final, nested classes annotated with @Configuration.
2026-04-23T18:54:51.167+08:00  INFO 21652 --- [           main] .b.t.c.SpringBootTestContextBootstrapper : Found @SpringBootConfiguration com.petshop.PetManagementSystemApplication for test class com.petshop.controller.AdminApiControllerTest$UserManagementTests
2026-04-23T18:54:51.263+08:00 DEBUG 21652 --- [           main] com.petshop.mapper.AdminMapper.insert    : ==>  Preparing: INSERT INTO "admin" ( username, password, created_at, updated_at ) VALUES ( ?, ?, ?, ? )
2026-04-23T18:54:51.263+08:00 DEBUG 21652 --- [           main] com.petshop.mapper.AdminMapper.insert    : ==> Parameters: admin_test(String), $2a$10$4bu07/Infq8fuI/Rhr8XY.IlgXCFmUWXbAJEp3peK7RVFal6INYKy(String), 2026-04-23T18:54:51.263350200(LocalDateTime), 2026-04-23T18:54:51.263350200(LocalDateTime)
2026-04-23T18:54:51.263+08:00 DEBUG 21652 --- [           main] com.petshop.mapper.AdminMapper.insert    : <==    Updates: 1
2026-04-23T18:54:51.351+08:00 DEBUG 21652 --- [           main] com.petshop.mapper.UserMapper.insert     : ==>  Preparing: INSERT INTO "user" ( username, email, password, phone, status, created_at, updated_at ) VALUES ( ?, ?, ?, ?, ?, ?, ? )
2026-04-23T18:54:51.352+08:00 DEBUG 21652 --- [           main] com.petshop.mapper.UserMapper.insert     : ==> Parameters: user_test(String), user_test@example.com(String), $2a$10$CjO0LSWlZW/Dl4XCZ4DGYuwJ6tGB3sq8/47jjua.loMc7tXCOk5ai(String), 13800138000(String), active(String), 2026-04-23T18:54:51.351424700(LocalDateTime), 2026-04-23T18:54:51.351424700(LocalDateTime)
2026-04-23T18:54:51.352+08:00 DEBUG 21652 --- [           main] com.petshop.mapper.UserMapper.insert     : <==    Updates: 1
2026-04-23T18:54:51.441+08:00 DEBUG 21652 --- [           main] c.petshop.mapper.MerchantMapper.insert   : ==>  Preparing: INSERT INTO "merchant" ( name, contact_person, phone, email, password, address, status, created_at, updated_at ) VALUES ( ?, ?, ?, ?, ?, ?, ?, ?, ? )
2026-04-23T18:54:51.441+08:00 DEBUG 21652 --- [           main] c.petshop.mapper.MerchantMapper.insert   : ==> Parameters: Approved Merchant(String), Contact Person(String), 13900139000(String), approved@example.com(String), $2a$10$3yMaGhBzJf7gGB2n..ZnV.oXvHxE/Nt2RsTUyT3TyMAYD9FjPuRJW(String), Test Address(String), approved(String), 2026-04-23T18:54:51.441022100(LocalDateTime), 2026-04-23T18:54:51.441022100(LocalDateTime)
2026-04-23T18:54:51.441+08:00 DEBUG 21652 --- [           main] c.petshop.mapper.MerchantMapper.insert   : <==    Updates: 1
2026-04-23T18:54:51.528+08:00 DEBUG 21652 --- [           main] c.petshop.mapper.MerchantMapper.insert   : ==>  Preparing: INSERT INTO "merchant" ( name, contact_person, phone, email, password, address, status, created_at, updated_at ) VALUES ( ?, ?, ?, ?, ?, ?, ?, ?, ? )
2026-04-23T18:54:51.528+08:00 DEBUG 21652 --- [           main] c.petshop.mapper.MerchantMapper.insert   : ==> Parameters: Pending Merchant(String), Pending Contact(String), 13900139001(String), pending@example.com(String), $2a$10$naxn1qweaGZ5UcB1cU3vfOVTQM5uOtmHBmOH8123zSK8odsm5ceDW(String), Pending Address(String), pending(String), 2026-04-23T18:54:51.527674200(LocalDateTime), 2026-04-23T18:54:51.527674200(LocalDateTime)
2026-04-23T18:54:51.528+08:00 DEBUG 21652 --- [           main] c.petshop.mapper.MerchantMapper.insert   : <==    Updates: 1
2026-04-23T18:54:51.529+08:00 DEBUG 21652 --- [           main] o.s.security.web.FilterChainProxy        : Securing GET /api/admin/users
2026-04-23T18:54:51.530+08:00 DEBUG 21652 --- [           main] o.s.s.w.a.AnonymousAuthenticationFilter  : Set SecurityContextHolder to anonymous SecurityContext
2026-04-23T18:54:51.530+08:00 DEBUG 21652 --- [           main] o.s.security.web.FilterChainProxy        : Secured GET /api/admin/users
2026-04-23T18:54:51.531+08:00 DEBUG 21652 --- [           main] c.petshop.mapper.UserMapper.selectList   : ==>  Preparing: SELECT id,username,email,password,phone,avatar,status,created_at,updated_at FROM "user"
2026-04-23T18:54:51.532+08:00 DEBUG 21652 --- [           main] c.petshop.mapper.UserMapper.selectList   : ==> Parameters: 
2026-04-23T18:54:51.532+08:00 DEBUG 21652 --- [           main] c.petshop.mapper.UserMapper.selectList   : <==      Total: 2
2026-04-23T18:54:51.638+08:00 DEBUG 21652 --- [           main] com.petshop.mapper.AdminMapper.insert    : ==>  Preparing: INSERT INTO "admin" ( username, password, created_at, updated_at ) VALUES ( ?, ?, ?, ? )
2026-04-23T18:54:51.638+08:00 DEBUG 21652 --- [           main] com.petshop.mapper.AdminMapper.insert    : ==> Parameters: admin_test(String), $2a$10$AH1f.vVqUg0X7jCpEXG/JeMhTWhNjdQp1zZ333Wnc9pHDvWF5jA.e(String), 2026-04-23T18:54:51.638351(LocalDateTime), 2026-04-23T18:54:51.638351(LocalDateTime)
2026-04-23T18:54:51.639+08:00 DEBUG 21652 --- [           main] com.petshop.mapper.AdminMapper.insert    : <==    Updates: 1
2026-04-23T18:54:51.723+08:00 DEBUG 21652 --- [           main] com.petshop.mapper.UserMapper.insert     : ==>  Preparing: INSERT INTO "user" ( username, email, password, phone, status, created_at, updated_at ) VALUES ( ?, ?, ?, ?, ?, ?, ? )
2026-04-23T18:54:51.723+08:00 DEBUG 21652 --- [           main] com.petshop.mapper.UserMapper.insert     : ==> Parameters: user_test(String), user_test@example.com(String), $2a$10$Rqzi.oEhdpWr/eKa0UTlcuKjaAiWJLBCw8ZJtwPFmj.2VkDcW631O(String), 13800138000(String), active(String), 2026-04-23T18:54:51.722585100(LocalDateTime), 2026-04-23T18:54:51.722585100(LocalDateTime)
2026-04-23T18:54:51.723+08:00 DEBUG 21652 --- [           main] com.petshop.mapper.UserMapper.insert     : <==    Updates: 1
2026-04-23T18:54:51.806+08:00 DEBUG 21652 --- [           main] c.petshop.mapper.MerchantMapper.insert   : ==>  Preparing: INSERT INTO "merchant" ( name, contact_person, phone, email, password, address, status, created_at, updated_at ) VALUES ( ?, ?, ?, ?, ?, ?, ?, ?, ? )
2026-04-23T18:54:51.806+08:00 DEBUG 21652 --- [           main] c.petshop.mapper.MerchantMapper.insert   : ==> Parameters: Approved Merchant(String), Contact Person(String), 13900139000(String), approved@example.com(String), $2a$10$gsW.qTLJbcB.aI5/4i4PTecYHx9ob.xpXYOxP1QyM2Yto2cmplc/q(String), Test Address(String), approved(String), 2026-04-23T18:54:51.805810700(LocalDateTime), 2026-04-23T18:54:51.805810700(LocalDateTime)
2026-04-23T18:54:51.806+08:00 DEBUG 21652 --- [           main] c.petshop.mapper.MerchantMapper.insert   : <==    Updates: 1
2026-04-23T18:54:51.889+08:00 DEBUG 21652 --- [           main] c.petshop.mapper.MerchantMapper.insert   : ==>  Preparing: INSERT INTO "merchant" ( name, contact_person, phone, email, password, address, status, created_at, updated_at ) VALUES ( ?, ?, ?, ?, ?, ?, ?, ?, ? )
2026-04-23T18:54:51.889+08:00 DEBUG 21652 --- [           main] c.petshop.mapper.MerchantMapper.insert   : ==> Parameters: Pending Merchant(String), Pending Contact(String), 13900139001(String), pending@example.com(String), $2a$10$.ZAX3.lhjpeyAC.YgWGbM.0HCp5raJuIYEKO1yxEJ6UP2Kx9V.cje(String), Pending Address(String), pending(String), 2026-04-23T18:54:51.889183300(LocalDateTime), 2026-04-23T18:54:51.889183300(LocalDateTime)
2026-04-23T18:54:51.890+08:00 DEBUG 21652 --- [           main] c.petshop.mapper.MerchantMapper.insert   : <==    Updates: 1
2026-04-23T18:54:51.891+08:00 DEBUG 21652 --- [           main] o.s.security.web.FilterChainProxy        : Securing GET /api/admin/users
2026-04-23T18:54:51.891+08:00 DEBUG 21652 --- [           main] o.s.s.w.a.AnonymousAuthenticationFilter  : Set SecurityContextHolder to anonymous SecurityContext
2026-04-23T18:54:51.892+08:00 DEBUG 21652 --- [           main] o.s.security.web.FilterChainProxy        : Secured GET /api/admin/users
2026-04-23T18:54:51.994+08:00 DEBUG 21652 --- [           main] com.petshop.mapper.AdminMapper.insert    : ==>  Preparing: INSERT INTO "admin" ( username, password, created_at, updated_at ) VALUES ( ?, ?, ?, ? )
2026-04-23T18:54:51.995+08:00 DEBUG 21652 --- [           main] com.petshop.mapper.AdminMapper.insert    : ==> Parameters: admin_test(String), $2a$10$qzTY6C/XCjDNIFr0tN342ODNzdJSZhNDFnkO71W6EH0neuPobzdIq(String), 2026-04-23T18:54:51.994805100(LocalDateTime), 2026-04-23T18:54:51.994805100(LocalDateTime)
2026-04-23T18:54:51.996+08:00 DEBUG 21652 --- [           main] com.petshop.mapper.AdminMapper.insert    : <==    Updates: 1
2026-04-23T18:54:52.089+08:00 DEBUG 21652 --- [           main] com.petshop.mapper.UserMapper.insert     : ==>  Preparing: INSERT INTO "user" ( username, email, password, phone, status, created_at, updated_at ) VALUES ( ?, ?, ?, ?, ?, ?, ? )
2026-04-23T18:54:52.090+08:00 DEBUG 21652 --- [           main] com.petshop.mapper.UserMapper.insert     : ==> Parameters: user_test(String), user_test@example.com(String), $2a$10$e66U9b8itKknFw5wUYFMOO40sWoiEB5G1qjqdUCQFvs49yWihbWg6(String), 13800138000(String), active(String), 2026-04-23T18:54:52.089839400(LocalDateTime), 2026-04-23T18:54:52.089839400(LocalDateTime)
2026-04-23T18:54:52.090+08:00 DEBUG 21652 --- [           main] com.petshop.mapper.UserMapper.insert     : <==    Updates: 1
2026-04-23T18:54:52.221+08:00 DEBUG 21652 --- [           main] c.petshop.mapper.MerchantMapper.insert   : ==>  Preparing: INSERT INTO "merchant" ( name, contact_person, phone, email, password, address, status, created_at, updated_at ) VALUES ( ?, ?, ?, ?, ?, ?, ?, ?, ? )
2026-04-23T18:54:52.222+08:00 DEBUG 21652 --- [           main] c.petshop.mapper.MerchantMapper.insert   : ==> Parameters: Approved Merchant(String), Contact Person(String), 13900139000(String), approved@example.com(String), $2a$10$oDB.Lz5bsx90BKZ/Qjga.uILNazyevRrolFEXBE/o2o9Z.Iud1eg2(String), Test Address(String), approved(String), 2026-04-23T18:54:52.221778800(LocalDateTime), 2026-04-23T18:54:52.221778800(LocalDateTime)
2026-04-23T18:54:52.222+08:00 DEBUG 21652 --- [           main] c.petshop.mapper.MerchantMapper.insert   : <==    Updates: 1
2026-04-23T18:54:52.329+08:00 DEBUG 21652 --- [           main] c.petshop.mapper.MerchantMapper.insert   : ==>  Preparing: INSERT INTO "merchant" ( name, contact_person, phone, email, password, address, status, created_at, updated_at ) VALUES ( ?, ?, ?, ?, ?, ?, ?, ?, ? )
2026-04-23T18:54:52.329+08:00 DEBUG 21652 --- [           main] c.petshop.mapper.MerchantMapper.insert   : ==> Parameters: Pending Merchant(String), Pending Contact(String), 13900139001(String), pending@example.com(String), $2a$10$LwAgRMCi4fSqVXBsXY.7iOdAnVcX4NJy1QDYzgqYQ2J7XRADpXp8O(String), Pending Address(String), pending(String), 2026-04-23T18:54:52.328446100(LocalDateTime), 2026-04-23T18:54:52.328446100(LocalDateTime)
2026-04-23T18:54:52.329+08:00 DEBUG 21652 --- [           main] c.petshop.mapper.MerchantMapper.insert   : <==    Updates: 1
2026-04-23T18:54:52.331+08:00 DEBUG 21652 --- [           main] o.s.security.web.FilterChainProxy        : Securing GET /api/admin/users/31
2026-04-23T18:54:52.332+08:00 DEBUG 21652 --- [           main] o.s.s.w.a.AnonymousAuthenticationFilter  : Set SecurityContextHolder to anonymous SecurityContext
2026-04-23T18:54:52.332+08:00 DEBUG 21652 --- [           main] o.s.security.web.FilterChainProxy        : Secured GET /api/admin/users/31
2026-04-23T18:54:52.333+08:00 DEBUG 21652 --- [           main] c.petshop.mapper.UserMapper.selectById   : ==>  Preparing: SELECT id,username,email,password,phone,avatar,status,created_at,updated_at FROM "user" WHERE id=?
2026-04-23T18:54:52.333+08:00 DEBUG 21652 --- [           main] c.petshop.mapper.UserMapper.selectById   : ==> Parameters: 31(Integer)
2026-04-23T18:54:52.333+08:00 DEBUG 21652 --- [           main] c.petshop.mapper.UserMapper.selectById   : <==      Total: 1
2026-04-23T18:54:52.334+08:00 DEBUG 21652 --- [           main] c.petshop.mapper.PetMapper.selectCount   : ==>  Preparing: SELECT COUNT( * ) AS total FROM "pet" WHERE (user_id = ?)
2026-04-23T18:54:52.335+08:00 DEBUG 21652 --- [           main] c.petshop.mapper.PetMapper.selectCount   : ==> Parameters: 31(Integer)
2026-04-23T18:54:52.335+08:00 DEBUG 21652 --- [           main] c.petshop.mapper.PetMapper.selectCount   : <==      Total: 1
2026-04-23T18:54:52.336+08:00 DEBUG 21652 --- [           main] c.p.m.AppointmentMapper.selectCount      : ==>  Preparing: SELECT COUNT( * ) AS total FROM "appointment" WHERE (user_id = ?)
2026-04-23T18:54:52.337+08:00 DEBUG 21652 --- [           main] c.p.m.AppointmentMapper.selectCount      : ==> Parameters: 31(Integer)
2026-04-23T18:54:52.337+08:00 DEBUG 21652 --- [           main] c.p.m.AppointmentMapper.selectCount      : <==      Total: 1
2026-04-23T18:54:52.338+08:00 DEBUG 21652 --- [           main] c.p.mapper.ReviewMapper.selectCount      : ==>  Preparing: SELECT COUNT( * ) AS total FROM "review" WHERE (user_id = ?)
2026-04-23T18:54:52.338+08:00 DEBUG 21652 --- [           main] c.p.mapper.ReviewMapper.selectCount      : ==> Parameters: 31(Integer)
2026-04-23T18:54:52.338+08:00 DEBUG 21652 --- [           main] c.p.mapper.ReviewMapper.selectCount      : <==      Total: 1
2026-04-23T18:54:52.339+08:00 DEBUG 21652 --- [           main] c.p.m.ProductOrderMapper.selectCount     : ==>  Preparing: SELECT COUNT( * ) AS total FROM "product_order" WHERE (user_id = ?)
2026-04-23T18:54:52.339+08:00 DEBUG 21652 --- [           main] c.p.m.ProductOrderMapper.selectCount     : ==> Parameters: 31(Integer)
2026-04-23T18:54:52.339+08:00 DEBUG 21652 --- [           main] c.p.m.ProductOrderMapper.selectCount     : <==      Total: 1
2026-04-23T18:54:52.439+08:00 DEBUG 21652 --- [           main] com.petshop.mapper.AdminMapper.insert    : ==>  Preparing: INSERT INTO "admin" ( username, password, created_at, updated_at ) VALUES ( ?, ?, ?, ? )
2026-04-23T18:54:52.439+08:00 DEBUG 21652 --- [           main] com.petshop.mapper.AdminMapper.insert    : ==> Parameters: admin_test(String), $2a$10$U0TTG/ukjnjUJ4g6QZoCROp4qubaHvDCotRXtOpCLALyn5hP.Gi.i(String), 2026-04-23T18:54:52.439846500(LocalDateTime), 2026-04-23T18:54:52.439846500(LocalDateTime)
2026-04-23T18:54:52.440+08:00 DEBUG 21652 --- [           main] com.petshop.mapper.AdminMapper.insert    : <==    Updates: 1
2026-04-23T18:54:52.522+08:00 DEBUG 21652 --- [           main] com.petshop.mapper.UserMapper.insert     : ==>  Preparing: INSERT INTO "user" ( username, email, password, phone, status, created_at, updated_at ) VALUES ( ?, ?, ?, ?, ?, ?, ? )
2026-04-23T18:54:52.522+08:00 DEBUG 21652 --- [           main] com.petshop.mapper.UserMapper.insert     : ==> Parameters: user_test(String), user_test@example.com(String), $2a$10$fTudR8t2ah16YwHCD277geqvEMv5QeK.CZkXtQrJSGnJIcQ.hR4Ta(String), 13800138000(String), active(String), 2026-04-23T18:54:52.522202200(LocalDateTime), 2026-04-23T18:54:52.522202200(LocalDateTime)
2026-04-23T18:54:52.523+08:00 DEBUG 21652 --- [           main] com.petshop.mapper.UserMapper.insert     : <==    Updates: 1
2026-04-23T18:54:52.607+08:00 DEBUG 21652 --- [           main] c.petshop.mapper.MerchantMapper.insert   : ==>  Preparing: INSERT INTO "merchant" ( name, contact_person, phone, email, password, address, status, created_at, updated_at ) VALUES ( ?, ?, ?, ?, ?, ?, ?, ?, ? )
2026-04-23T18:54:52.607+08:00 DEBUG 21652 --- [           main] c.petshop.mapper.MerchantMapper.insert   : ==> Parameters: Approved Merchant(String), Contact Person(String), 13900139000(String), approved@example.com(String), $2a$10$sk9ytksPuFOGPhjr8JD7X.tzqEAvLO9aHgwxB4ErUmafaJGroewaq(String), Test Address(String), approved(String), 2026-04-23T18:54:52.607228300(LocalDateTime), 2026-04-23T18:54:52.607228300(LocalDateTime)
2026-04-23T18:54:52.608+08:00 DEBUG 21652 --- [           main] c.petshop.mapper.MerchantMapper.insert   : <==    Updates: 1
2026-04-23T18:54:52.689+08:00 DEBUG 21652 --- [           main] c.petshop.mapper.MerchantMapper.insert   : ==>  Preparing: INSERT INTO "merchant" ( name, contact_person, phone, email, password, address, status, created_at, updated_at ) VALUES ( ?, ?, ?, ?, ?, ?, ?, ?, ? )
2026-04-23T18:54:52.689+08:00 DEBUG 21652 --- [           main] c.petshop.mapper.MerchantMapper.insert   : ==> Parameters: Pending Merchant(String), Pending Contact(String), 13900139001(String), pending@example.com(String), $2a$10$ToEyNYJBbEnN1IvevPA2IessEymDq9tuzYYEQodvGdTPZ4Y0tXEPi(String), Pending Address(String), pending(String), 2026-04-23T18:54:52.688220200(LocalDateTime), 2026-04-23T18:54:52.688220200(LocalDateTime)
2026-04-23T18:54:52.689+08:00 DEBUG 21652 --- [           main] c.petshop.mapper.MerchantMapper.insert   : <==    Updates: 1
2026-04-23T18:54:52.690+08:00 DEBUG 21652 --- [           main] o.s.security.web.FilterChainProxy        : Securing GET /api/admin/users/99999
2026-04-23T18:54:52.690+08:00 DEBUG 21652 --- [           main] o.s.s.w.a.AnonymousAuthenticationFilter  : Set SecurityContextHolder to anonymous SecurityContext
2026-04-23T18:54:52.690+08:00 DEBUG 21652 --- [           main] o.s.security.web.FilterChainProxy        : Secured GET /api/admin/users/99999
2026-04-23T18:54:52.691+08:00 DEBUG 21652 --- [           main] c.petshop.mapper.UserMapper.selectById   : ==>  Preparing: SELECT id,username,email,password,phone,avatar,status,created_at,updated_at FROM "user" WHERE id=?
2026-04-23T18:54:52.691+08:00 DEBUG 21652 --- [           main] c.petshop.mapper.UserMapper.selectById   : ==> Parameters: 99999(Integer)
2026-04-23T18:54:52.691+08:00 DEBUG 21652 --- [           main] c.petshop.mapper.UserMapper.selectById   : <==      Total: 0
2026-04-23T18:54:52.777+08:00 DEBUG 21652 --- [           main] com.petshop.mapper.AdminMapper.insert    : ==>  Preparing: INSERT INTO "admin" ( username, password, created_at, updated_at ) VALUES ( ?, ?, ?, ? )
2026-04-23T18:54:52.778+08:00 DEBUG 21652 --- [           main] com.petshop.mapper.AdminMapper.insert    : ==> Parameters: admin_test(String), $2a$10$21gLdIyuHsSZryosJnOPdeRLugMN6KqZIrIDUI6V5.8vw3mlWuYSy(String), 2026-04-23T18:54:52.777101800(LocalDateTime), 2026-04-23T18:54:52.777101800(LocalDateTime)
2026-04-23T18:54:52.778+08:00 DEBUG 21652 --- [           main] com.petshop.mapper.AdminMapper.insert    : <==    Updates: 1
2026-04-23T18:54:52.858+08:00 DEBUG 21652 --- [           main] com.petshop.mapper.UserMapper.insert     : ==>  Preparing: INSERT INTO "user" ( username, email, password, phone, status, created_at, updated_at ) VALUES ( ?, ?, ?, ?, ?, ?, ? )
2026-04-23T18:54:52.858+08:00 DEBUG 21652 --- [           main] com.petshop.mapper.UserMapper.insert     : ==> Parameters: user_test(String), user_test@example.com(String), $2a$10$9TWfc9MnQCLEZpWUWiDqs.5sHxTHHXTthbaNfA4.hqT3Ja5RpYZj.(String), 13800138000(String), active(String), 2026-04-23T18:54:52.858581100(LocalDateTime), 2026-04-23T18:54:52.858581100(LocalDateTime)
2026-04-23T18:54:52.858+08:00 DEBUG 21652 --- [           main] com.petshop.mapper.UserMapper.insert     : <==    Updates: 1
2026-04-23T18:54:52.943+08:00 DEBUG 21652 --- [           main] c.petshop.mapper.MerchantMapper.insert   : ==>  Preparing: INSERT INTO "merchant" ( name, contact_person, phone, email, password, address, status, created_at, updated_at ) VALUES ( ?, ?, ?, ?, ?, ?, ?, ?, ? )
2026-04-23T18:54:52.943+08:00 DEBUG 21652 --- [           main] c.petshop.mapper.MerchantMapper.insert   : ==> Parameters: Approved Merchant(String), Contact Person(String), 13900139000(String), approved@example.com(String), $2a$10$Buiw9W0AxMEutO8mXcnsAu2pwG2nN3XF2pehgRg6uUOl193dw5FIq(String), Test Address(String), approved(String), 2026-04-23T18:54:52.943089100(LocalDateTime), 2026-04-23T18:54:52.943089100(LocalDateTime)
2026-04-23T18:54:52.944+08:00 DEBUG 21652 --- [           main] c.petshop.mapper.MerchantMapper.insert   : <==    Updates: 1
2026-04-23T18:54:53.026+08:00 DEBUG 21652 --- [           main] c.petshop.mapper.MerchantMapper.insert   : ==>  Preparing: INSERT INTO "merchant" ( name, contact_person, phone, email, password, address, status, created_at, updated_at ) VALUES ( ?, ?, ?, ?, ?, ?, ?, ?, ? )
2026-04-23T18:54:53.026+08:00 DEBUG 21652 --- [           main] c.petshop.mapper.MerchantMapper.insert   : ==> Parameters: Pending Merchant(String), Pending Contact(String), 13900139001(String), pending@example.com(String), $2a$10$AiJ/VadvXUWxrVFQm8TCvuHcF6Xj1Gyjv7v/DLEEy4vgAs4zsVlkW(String), Pending Address(String), pending(String), 2026-04-23T18:54:53.026053400(LocalDateTime), 2026-04-23T18:54:53.026053400(LocalDateTime)
2026-04-23T18:54:53.026+08:00 DEBUG 21652 --- [           main] c.petshop.mapper.MerchantMapper.insert   : <==    Updates: 1
2026-04-23T18:54:53.027+08:00 DEBUG 21652 --- [           main] o.s.security.web.FilterChainProxy        : Securing GET /api/admin/users/33
2026-04-23T18:54:53.027+08:00 DEBUG 21652 --- [           main] o.s.s.w.a.AnonymousAuthenticationFilter  : Set SecurityContextHolder to anonymous SecurityContext
2026-04-23T18:54:53.027+08:00 DEBUG 21652 --- [           main] o.s.security.web.FilterChainProxy        : Secured GET /api/admin/users/33
2026-04-23T18:54:53.115+08:00 DEBUG 21652 --- [           main] com.petshop.mapper.AdminMapper.insert    : ==>  Preparing: INSERT INTO "admin" ( username, password, created_at, updated_at ) VALUES ( ?, ?, ?, ? )
2026-04-23T18:54:53.115+08:00 DEBUG 21652 --- [           main] com.petshop.mapper.AdminMapper.insert    : ==> Parameters: admin_test(String), $2a$10$JtgaE7C.KEL/JjBqQxhD5udjxv7IUa3fVFX1QhbC90fIRbMVyjim6(String), 2026-04-23T18:54:53.115456500(LocalDateTime), 2026-04-23T18:54:53.115456500(LocalDateTime)
2026-04-23T18:54:53.115+08:00 DEBUG 21652 --- [           main] com.petshop.mapper.AdminMapper.insert    : <==    Updates: 1
2026-04-23T18:54:53.197+08:00 DEBUG 21652 --- [           main] com.petshop.mapper.UserMapper.insert     : ==>  Preparing: INSERT INTO "user" ( username, email, password, phone, status, created_at, updated_at ) VALUES ( ?, ?, ?, ?, ?, ?, ? )
2026-04-23T18:54:53.197+08:00 DEBUG 21652 --- [           main] com.petshop.mapper.UserMapper.insert     : ==> Parameters: user_test(String), user_test@example.com(String), $2a$10$dRvuyw0XgH1JmvzPfKL2hO1HrnUrErkXDaO2lI25e72AuxG.KjST6(String), 13800138000(String), active(String), 2026-04-23T18:54:53.196858400(LocalDateTime), 2026-04-23T18:54:53.196858400(LocalDateTime)
2026-04-23T18:54:53.197+08:00 DEBUG 21652 --- [           main] com.petshop.mapper.UserMapper.insert     : <==    Updates: 1
2026-04-23T18:54:53.278+08:00 DEBUG 21652 --- [           main] c.petshop.mapper.MerchantMapper.insert   : ==>  Preparing: INSERT INTO "merchant" ( name, contact_person, phone, email, password, address, status, created_at, updated_at ) VALUES ( ?, ?, ?, ?, ?, ?, ?, ?, ? )
2026-04-23T18:54:53.279+08:00 DEBUG 21652 --- [           main] c.petshop.mapper.MerchantMapper.insert   : ==> Parameters: Approved Merchant(String), Contact Person(String), 13900139000(String), approved@example.com(String), $2a$10$I3DGzqXJDkm3Hp5E5YQUq.cXyJG.sQF5f0WHOCEzEijmx1ez8Kqim(String), Test Address(String), approved(String), 2026-04-23T18:54:53.278661600(LocalDateTime), 2026-04-23T18:54:53.278661600(LocalDateTime)
2026-04-23T18:54:53.279+08:00 DEBUG 21652 --- [           main] c.petshop.mapper.MerchantMapper.insert   : <==    Updates: 1
2026-04-23T18:54:53.363+08:00 DEBUG 21652 --- [           main] c.petshop.mapper.MerchantMapper.insert   : ==>  Preparing: INSERT INTO "merchant" ( name, contact_person, phone, email, password, address, status, created_at, updated_at ) VALUES ( ?, ?, ?, ?, ?, ?, ?, ?, ? )
2026-04-23T18:54:53.363+08:00 DEBUG 21652 --- [           main] c.petshop.mapper.MerchantMapper.insert   : ==> Parameters: Pending Merchant(String), Pending Contact(String), 13900139001(String), pending@example.com(String), $2a$10$t2ioHeay2eRKMdEcMV4PyOG0.FsJg7IAhfIesOs7JhZjaY8LewIy6(String), Pending Address(String), pending(String), 2026-04-23T18:54:53.363186900(LocalDateTime), 2026-04-23T18:54:53.363186900(LocalDateTime)
2026-04-23T18:54:53.363+08:00 DEBUG 21652 --- [           main] c.petshop.mapper.MerchantMapper.insert   : <==    Updates: 1
2026-04-23T18:54:53.364+08:00 DEBUG 21652 --- [           main] o.s.security.web.FilterChainProxy        : Securing PUT /api/admin/users/34/status
2026-04-23T18:54:53.365+08:00 DEBUG 21652 --- [           main] o.s.s.w.a.AnonymousAuthenticationFilter  : Set SecurityContextHolder to anonymous SecurityContext
2026-04-23T18:54:53.365+08:00 DEBUG 21652 --- [           main] o.s.security.web.FilterChainProxy        : Secured PUT /api/admin/users/34/status
2026-04-23T18:54:53.366+08:00 DEBUG 21652 --- [           main] c.petshop.mapper.UserMapper.selectById   : ==>  Preparing: SELECT id,username,email,password,phone,avatar,status,created_at,updated_at FROM "user" WHERE id=?
2026-04-23T18:54:53.366+08:00 DEBUG 21652 --- [           main] c.petshop.mapper.UserMapper.selectById   : ==> Parameters: 34(Integer)
2026-04-23T18:54:53.367+08:00 DEBUG 21652 --- [           main] c.petshop.mapper.UserMapper.selectById   : <==      Total: 1
2026-04-23T18:54:53.367+08:00 DEBUG 21652 --- [           main] c.petshop.mapper.UserMapper.updateById   : ==>  Preparing: UPDATE "user" SET username=?, email=?, password=?, phone=?, status=?, created_at=?, updated_at=? WHERE id=?
2026-04-23T18:54:53.367+08:00 DEBUG 21652 --- [           main] c.petshop.mapper.UserMapper.updateById   : ==> Parameters: user_test(String), user_test@example.com(String), $2a$10$dRvuyw0XgH1JmvzPfKL2hO1HrnUrErkXDaO2lI25e72AuxG.KjST6(String), 13800138000(String), disabled(String), 2026-04-23T18:54:53.196858(LocalDateTime), 2026-04-23T18:54:53.196858(LocalDateTime), 34(Integer)
2026-04-23T18:54:53.368+08:00 DEBUG 21652 --- [           main] c.petshop.mapper.UserMapper.updateById   : <==    Updates: 1
2026-04-23T18:54:53.369+08:00 DEBUG 21652 --- [           main] c.petshop.mapper.UserMapper.selectById   : ==>  Preparing: SELECT id,username,email,password,phone,avatar,status,created_at,updated_at FROM "user" WHERE id=?
2026-04-23T18:54:53.369+08:00 DEBUG 21652 --- [           main] c.petshop.mapper.UserMapper.selectById   : ==> Parameters: 34(Integer)
2026-04-23T18:54:53.369+08:00 DEBUG 21652 --- [           main] c.petshop.mapper.UserMapper.selectById   : <==      Total: 1
2026-04-23T18:54:53.455+08:00 DEBUG 21652 --- [           main] com.petshop.mapper.AdminMapper.insert    : ==>  Preparing: INSERT INTO "admin" ( username, password, created_at, updated_at ) VALUES ( ?, ?, ?, ? )
2026-04-23T18:54:53.455+08:00 DEBUG 21652 --- [           main] com.petshop.mapper.AdminMapper.insert    : ==> Parameters: admin_test(String), $2a$10$QIqmFikZ01kLeyNa/Hi36.2koQoILDKo/YPVxBysCwrrhG0F0xw0e(String), 2026-04-23T18:54:53.455061900(LocalDateTime), 2026-04-23T18:54:53.455061900(LocalDateTime)
2026-04-23T18:54:53.455+08:00 DEBUG 21652 --- [           main] com.petshop.mapper.AdminMapper.insert    : <==    Updates: 1
2026-04-23T18:54:53.537+08:00 DEBUG 21652 --- [           main] com.petshop.mapper.UserMapper.insert     : ==>  Preparing: INSERT INTO "user" ( username, email, password, phone, status, created_at, updated_at ) VALUES ( ?, ?, ?, ?, ?, ?, ? )
2026-04-23T18:54:53.537+08:00 DEBUG 21652 --- [           main] com.petshop.mapper.UserMapper.insert     : ==> Parameters: user_test(String), user_test@example.com(String), $2a$10$kn.nVzd/9uL/.PDJkE.58e76dGJVL80CoZNhCupzDLpbi7rRdijS2(String), 13800138000(String), active(String), 2026-04-23T18:54:53.536376100(LocalDateTime), 2026-04-23T18:54:53.536376100(LocalDateTime)
2026-04-23T18:54:53.537+08:00 DEBUG 21652 --- [           main] com.petshop.mapper.UserMapper.insert     : <==    Updates: 1
2026-04-23T18:54:53.617+08:00 DEBUG 21652 --- [           main] c.petshop.mapper.MerchantMapper.insert   : ==>  Preparing: INSERT INTO "merchant" ( name, contact_person, phone, email, password, address, status, created_at, updated_at ) VALUES ( ?, ?, ?, ?, ?, ?, ?, ?, ? )
2026-04-23T18:54:53.617+08:00 DEBUG 21652 --- [           main] c.petshop.mapper.MerchantMapper.insert   : ==> Parameters: Approved Merchant(String), Contact Person(String), 13900139000(String), approved@example.com(String), $2a$10$pUiRNuBLsCJ8WZ/QTfNX9Omr1r.fEt.Hgb2kxpBIENLCXK321.yRW(String), Test Address(String), approved(String), 2026-04-23T18:54:53.617708800(LocalDateTime), 2026-04-23T18:54:53.617708800(LocalDateTime)
2026-04-23T18:54:53.618+08:00 DEBUG 21652 --- [           main] c.petshop.mapper.MerchantMapper.insert   : <==    Updates: 1
2026-04-23T18:54:53.697+08:00 DEBUG 21652 --- [           main] c.petshop.mapper.MerchantMapper.insert   : ==>  Preparing: INSERT INTO "merchant" ( name, contact_person, phone, email, password, address, status, created_at, updated_at ) VALUES ( ?, ?, ?, ?, ?, ?, ?, ?, ? )
2026-04-23T18:54:53.697+08:00 DEBUG 21652 --- [           main] c.petshop.mapper.MerchantMapper.insert   : ==> Parameters: Pending Merchant(String), Pending Contact(String), 13900139001(String), pending@example.com(String), $2a$10$B.m4kHP9wGYhcmWGMEwB1eNoGIfgUvjNQaGvGEcVUrG3NUvINKa6e(String), Pending Address(String), pending(String), 2026-04-23T18:54:53.697883400(LocalDateTime), 2026-04-23T18:54:53.697883400(LocalDateTime)
2026-04-23T18:54:53.698+08:00 DEBUG 21652 --- [           main] c.petshop.mapper.MerchantMapper.insert   : <==    Updates: 1
2026-04-23T18:54:53.698+08:00 DEBUG 21652 --- [           main] c.petshop.mapper.UserMapper.updateById   : ==>  Preparing: UPDATE "user" SET username=?, email=?, password=?, phone=?, status=?, created_at=?, updated_at=? WHERE id=?
2026-04-23T18:54:53.698+08:00 DEBUG 21652 --- [           main] c.petshop.mapper.UserMapper.updateById   : ==> Parameters: user_test(String), user_test@example.com(String), $2a$10$kn.nVzd/9uL/.PDJkE.58e76dGJVL80CoZNhCupzDLpbi7rRdijS2(String), 13800138000(String), disabled(String), 2026-04-23T18:54:53.536376100(LocalDateTime), 2026-04-23T18:54:53.536376100(LocalDateTime), 35(Integer)
2026-04-23T18:54:53.699+08:00 DEBUG 21652 --- [           main] c.petshop.mapper.UserMapper.updateById   : <==    Updates: 1
2026-04-23T18:54:53.699+08:00 DEBUG 21652 --- [           main] o.s.security.web.FilterChainProxy        : Securing PUT /api/admin/users/35/status
2026-04-23T18:54:53.701+08:00 DEBUG 21652 --- [           main] o.s.s.w.a.AnonymousAuthenticationFilter  : Set SecurityContextHolder to anonymous SecurityContext
2026-04-23T18:54:53.701+08:00 DEBUG 21652 --- [           main] o.s.security.web.FilterChainProxy        : Secured PUT /api/admin/users/35/status
2026-04-23T18:54:53.702+08:00 DEBUG 21652 --- [           main] c.petshop.mapper.UserMapper.selectById   : ==>  Preparing: SELECT id,username,email,password,phone,avatar,status,created_at,updated_at FROM "user" WHERE id=?
2026-04-23T18:54:53.702+08:00 DEBUG 21652 --- [           main] c.petshop.mapper.UserMapper.selectById   : ==> Parameters: 35(Integer)
2026-04-23T18:54:53.703+08:00 DEBUG 21652 --- [           main] c.petshop.mapper.UserMapper.selectById   : <==      Total: 1
2026-04-23T18:54:53.703+08:00 DEBUG 21652 --- [           main] c.petshop.mapper.UserMapper.updateById   : ==>  Preparing: UPDATE "user" SET username=?, email=?, password=?, phone=?, status=?, created_at=?, updated_at=? WHERE id=?
2026-04-23T18:54:53.703+08:00 DEBUG 21652 --- [           main] c.petshop.mapper.UserMapper.updateById   : ==> Parameters: user_test(String), user_test@example.com(String), $2a$10$kn.nVzd/9uL/.PDJkE.58e76dGJVL80CoZNhCupzDLpbi7rRdijS2(String), 13800138000(String), active(String), 2026-04-23T18:54:53.536376(LocalDateTime), 2026-04-23T18:54:53.536376(LocalDateTime), 35(Integer)
2026-04-23T18:54:53.703+08:00 DEBUG 21652 --- [           main] c.petshop.mapper.UserMapper.updateById   : <==    Updates: 1
2026-04-23T18:54:53.705+08:00 DEBUG 21652 --- [           main] c.petshop.mapper.UserMapper.selectById   : ==>  Preparing: SELECT id,username,email,password,phone,avatar,status,created_at,updated_at FROM "user" WHERE id=?
2026-04-23T18:54:53.705+08:00 DEBUG 21652 --- [           main] c.petshop.mapper.UserMapper.selectById   : ==> Parameters: 35(Integer)
2026-04-23T18:54:53.705+08:00 DEBUG 21652 --- [           main] c.petshop.mapper.UserMapper.selectById   : <==      Total: 1
2026-04-23T18:54:53.790+08:00 DEBUG 21652 --- [           main] com.petshop.mapper.AdminMapper.insert    : ==>  Preparing: INSERT INTO "admin" ( username, password, created_at, updated_at ) VALUES ( ?, ?, ?, ? )
2026-04-23T18:54:53.790+08:00 DEBUG 21652 --- [           main] com.petshop.mapper.AdminMapper.insert    : ==> Parameters: admin_test(String), $2a$10$jhCGnDxtBhBEbG.zZX1QKOPUia1OnKA5KGsEutLd4pt0OK3AWHvEC(String), 2026-04-23T18:54:53.790666300(LocalDateTime), 2026-04-23T18:54:53.790666300(LocalDateTime)
2026-04-23T18:54:53.791+08:00 DEBUG 21652 --- [           main] com.petshop.mapper.AdminMapper.insert    : <==    Updates: 1
2026-04-23T18:54:53.871+08:00 DEBUG 21652 --- [           main] com.petshop.mapper.UserMapper.insert     : ==>  Preparing: INSERT INTO "user" ( username, email, password, phone, status, created_at, updated_at ) VALUES ( ?, ?, ?, ?, ?, ?, ? )
2026-04-23T18:54:53.871+08:00 DEBUG 21652 --- [           main] com.petshop.mapper.UserMapper.insert     : ==> Parameters: user_test(String), user_test@example.com(String), $2a$10$mLMa8XBfTINUVH.VW7VPI.2RbjNNqZvjHKFYQUVZKeO0ebly0Q/Zq(String), 13800138000(String), active(String), 2026-04-23T18:54:53.871548900(LocalDateTime), 2026-04-23T18:54:53.871548900(LocalDateTime)
2026-04-23T18:54:53.872+08:00 DEBUG 21652 --- [           main] com.petshop.mapper.UserMapper.insert     : <==    Updates: 1
2026-04-23T18:54:53.951+08:00 DEBUG 21652 --- [           main] c.petshop.mapper.MerchantMapper.insert   : ==>  Preparing: INSERT INTO "merchant" ( name, contact_person, phone, email, password, address, status, created_at, updated_at ) VALUES ( ?, ?, ?, ?, ?, ?, ?, ?, ? )
2026-04-23T18:54:53.952+08:00 DEBUG 21652 --- [           main] c.petshop.mapper.MerchantMapper.insert   : ==> Parameters: Approved Merchant(String), Contact Person(String), 13900139000(String), approved@example.com(String), $2a$10$x6YF5FT5x3PY2HUHLJIei.3BUYsHy6J4sDyrHpBBRPdHRxTmHaUY.(String), Test Address(String), approved(String), 2026-04-23T18:54:53.951845700(LocalDateTime), 2026-04-23T18:54:53.951845700(LocalDateTime)
2026-04-23T18:54:53.952+08:00 DEBUG 21652 --- [           main] c.petshop.mapper.MerchantMapper.insert   : <==    Updates: 1
2026-04-23T18:54:54.034+08:00 DEBUG 21652 --- [           main] c.petshop.mapper.MerchantMapper.insert   : ==>  Preparing: INSERT INTO "merchant" ( name, contact_person, phone, email, password, address, status, created_at, updated_at ) VALUES ( ?, ?, ?, ?, ?, ?, ?, ?, ? )
2026-04-23T18:54:54.034+08:00 DEBUG 21652 --- [           main] c.petshop.mapper.MerchantMapper.insert   : ==> Parameters: Pending Merchant(String), Pending Contact(String), 13900139001(String), pending@example.com(String), $2a$10$B7xd1D7mWLdTJ2P31AyMv.Jn.xZx8W55t8lF6KhqDcgxj7C9RFBcG(String), Pending Address(String), pending(String), 2026-04-23T18:54:54.033752(LocalDateTime), 2026-04-23T18:54:54.033752(LocalDateTime)
2026-04-23T18:54:54.034+08:00 DEBUG 21652 --- [           main] c.petshop.mapper.MerchantMapper.insert   : <==    Updates: 1
2026-04-23T18:54:54.036+08:00 DEBUG 21652 --- [           main] o.s.security.web.FilterChainProxy        : Securing PUT /api/admin/users/36/status
2026-04-23T18:54:54.036+08:00 DEBUG 21652 --- [           main] o.s.s.w.a.AnonymousAuthenticationFilter  : Set SecurityContextHolder to anonymous SecurityContext
2026-04-23T18:54:54.036+08:00 DEBUG 21652 --- [           main] o.s.security.web.FilterChainProxy        : Secured PUT /api/admin/users/36/status
2026-04-23T18:54:54.036+08:00 DEBUG 21652 --- [           main] c.petshop.mapper.UserMapper.selectById   : ==>  Preparing: SELECT id,username,email,password,phone,avatar,status,created_at,updated_at FROM "user" WHERE id=?
2026-04-23T18:54:54.037+08:00 DEBUG 21652 --- [           main] c.petshop.mapper.UserMapper.selectById   : ==> Parameters: 36(Integer)
2026-04-23T18:54:54.037+08:00 DEBUG 21652 --- [           main] c.petshop.mapper.UserMapper.selectById   : <==      Total: 1
2026-04-23T18:54:54.124+08:00 DEBUG 21652 --- [           main] com.petshop.mapper.AdminMapper.insert    : ==>  Preparing: INSERT INTO "admin" ( username, password, created_at, updated_at ) VALUES ( ?, ?, ?, ? )
2026-04-23T18:54:54.125+08:00 DEBUG 21652 --- [           main] com.petshop.mapper.AdminMapper.insert    : ==> Parameters: admin_test(String), $2a$10$Aco2Uh4WDpQYBPemJ4nCoOTVvUjy2vPRLZ97aFFY21siTBdVostJW(String), 2026-04-23T18:54:54.124494400(LocalDateTime), 2026-04-23T18:54:54.124494400(LocalDateTime)
2026-04-23T18:54:54.125+08:00 DEBUG 21652 --- [           main] com.petshop.mapper.AdminMapper.insert    : <==    Updates: 1
2026-04-23T18:54:54.206+08:00 DEBUG 21652 --- [           main] com.petshop.mapper.UserMapper.insert     : ==>  Preparing: INSERT INTO "user" ( username, email, password, phone, status, created_at, updated_at ) VALUES ( ?, ?, ?, ?, ?, ?, ? )
2026-04-23T18:54:54.206+08:00 DEBUG 21652 --- [           main] com.petshop.mapper.UserMapper.insert     : ==> Parameters: user_test(String), user_test@example.com(String), $2a$10$sx1GTlxmUNUvgYkVNYwRrefiqfpoLmvF92UK3VEW1KY3CS9EYtxZ2(String), 13800138000(String), active(String), 2026-04-23T18:54:54.205609700(LocalDateTime), 2026-04-23T18:54:54.205609700(LocalDateTime)
2026-04-23T18:54:54.206+08:00 DEBUG 21652 --- [           main] com.petshop.mapper.UserMapper.insert     : <==    Updates: 1
2026-04-23T18:54:54.286+08:00 DEBUG 21652 --- [           main] c.petshop.mapper.MerchantMapper.insert   : ==>  Preparing: INSERT INTO "merchant" ( name, contact_person, phone, email, password, address, status, created_at, updated_at ) VALUES ( ?, ?, ?, ?, ?, ?, ?, ?, ? )
2026-04-23T18:54:54.286+08:00 DEBUG 21652 --- [           main] c.petshop.mapper.MerchantMapper.insert   : ==> Parameters: Approved Merchant(String), Contact Person(String), 13900139000(String), approved@example.com(String), $2a$10$6I937XN5.PCkYi/ZxWOPou8rh.50IHUhPlVgAzdPp7OiKn044gQhG(String), Test Address(String), approved(String), 2026-04-23T18:54:54.286559400(LocalDateTime), 2026-04-23T18:54:54.286559400(LocalDateTime)
2026-04-23T18:54:54.286+08:00 DEBUG 21652 --- [           main] c.petshop.mapper.MerchantMapper.insert   : <==    Updates: 1
2026-04-23T18:54:54.367+08:00 DEBUG 21652 --- [           main] c.petshop.mapper.MerchantMapper.insert   : ==>  Preparing: INSERT INTO "merchant" ( name, contact_person, phone, email, password, address, status, created_at, updated_at ) VALUES ( ?, ?, ?, ?, ?, ?, ?, ?, ? )
2026-04-23T18:54:54.368+08:00 DEBUG 21652 --- [           main] c.petshop.mapper.MerchantMapper.insert   : ==> Parameters: Pending Merchant(String), Pending Contact(String), 13900139001(String), pending@example.com(String), $2a$10$ilEgIeJla8Vtpyz0U6mnJeeWN0uGQwIMEyNSf0vs76pyGbB5uXeW2(String), Pending Address(String), pending(String), 2026-04-23T18:54:54.367594400(LocalDateTime), 2026-04-23T18:54:54.367594400(LocalDateTime)
2026-04-23T18:54:54.368+08:00 DEBUG 21652 --- [           main] c.petshop.mapper.MerchantMapper.insert   : <==    Updates: 1
2026-04-23T18:54:54.368+08:00 DEBUG 21652 --- [           main] o.s.security.web.FilterChainProxy        : Securing PUT /api/admin/users/99999/status
2026-04-23T18:54:54.369+08:00 DEBUG 21652 --- [           main] o.s.s.w.a.AnonymousAuthenticationFilter  : Set SecurityContextHolder to anonymous SecurityContext
2026-04-23T18:54:54.369+08:00 DEBUG 21652 --- [           main] o.s.security.web.FilterChainProxy        : Secured PUT /api/admin/users/99999/status
2026-04-23T18:54:54.370+08:00 DEBUG 21652 --- [           main] c.petshop.mapper.UserMapper.selectById   : ==>  Preparing: SELECT id,username,email,password,phone,avatar,status,created_at,updated_at FROM "user" WHERE id=?
2026-04-23T18:54:54.370+08:00 DEBUG 21652 --- [           main] c.petshop.mapper.UserMapper.selectById   : ==> Parameters: 99999(Integer)
2026-04-23T18:54:54.370+08:00 DEBUG 21652 --- [           main] c.petshop.mapper.UserMapper.selectById   : <==      Total: 0
2026-04-23T18:54:54.457+08:00 DEBUG 21652 --- [           main] com.petshop.mapper.AdminMapper.insert    : ==>  Preparing: INSERT INTO "admin" ( username, password, created_at, updated_at ) VALUES ( ?, ?, ?, ? )
2026-04-23T18:54:54.458+08:00 DEBUG 21652 --- [           main] com.petshop.mapper.AdminMapper.insert    : ==> Parameters: admin_test(String), $2a$10$gT6w1Ac/HMJajAdm1YLx5etMtqKs3amRTHYWxIiCNfVJp93S/82nG(String), 2026-04-23T18:54:54.457393700(LocalDateTime), 2026-04-23T18:54:54.457393700(LocalDateTime)
2026-04-23T18:54:54.458+08:00 DEBUG 21652 --- [           main] com.petshop.mapper.AdminMapper.insert    : <==    Updates: 1
2026-04-23T18:54:54.539+08:00 DEBUG 21652 --- [           main] com.petshop.mapper.UserMapper.insert     : ==>  Preparing: INSERT INTO "user" ( username, email, password, phone, status, created_at, updated_at ) VALUES ( ?, ?, ?, ?, ?, ?, ? )
2026-04-23T18:54:54.539+08:00 DEBUG 21652 --- [           main] com.petshop.mapper.UserMapper.insert     : ==> Parameters: user_test(String), user_test@example.com(String), $2a$10$5HNVTKOThJ6oQLKCEG6JqOZLJ2bRRraRyWMwsKWPO5tPBWcChmIOy(String), 13800138000(String), active(String), 2026-04-23T18:54:54.538399300(LocalDateTime), 2026-04-23T18:54:54.538399300(LocalDateTime)
2026-04-23T18:54:54.539+08:00 DEBUG 21652 --- [           main] com.petshop.mapper.UserMapper.insert     : <==    Updates: 1
2026-04-23T18:54:54.619+08:00 DEBUG 21652 --- [           main] c.petshop.mapper.MerchantMapper.insert   : ==>  Preparing: INSERT INTO "merchant" ( name, contact_person, phone, email, password, address, status, created_at, updated_at ) VALUES ( ?, ?, ?, ?, ?, ?, ?, ?, ? )
2026-04-23T18:54:54.619+08:00 DEBUG 21652 --- [           main] c.petshop.mapper.MerchantMapper.insert   : ==> Parameters: Approved Merchant(String), Contact Person(String), 13900139000(String), approved@example.com(String), $2a$10$l37GgSfhL6K5FjjluYAAkOQisOgl0LmzGpMm1IosDUJ2/50mrX0eC(String), Test Address(String), approved(String), 2026-04-23T18:54:54.619610200(LocalDateTime), 2026-04-23T18:54:54.619610200(LocalDateTime)
2026-04-23T18:54:54.619+08:00 DEBUG 21652 --- [           main] c.petshop.mapper.MerchantMapper.insert   : <==    Updates: 1
2026-04-23T18:54:54.702+08:00 DEBUG 21652 --- [           main] c.petshop.mapper.MerchantMapper.insert   : ==>  Preparing: INSERT INTO "merchant" ( name, contact_person, phone, email, password, address, status, created_at, updated_at ) VALUES ( ?, ?, ?, ?, ?, ?, ?, ?, ? )
2026-04-23T18:54:54.702+08:00 DEBUG 21652 --- [           main] c.petshop.mapper.MerchantMapper.insert   : ==> Parameters: Pending Merchant(String), Pending Contact(String), 13900139001(String), pending@example.com(String), $2a$10$gHueSJ3iAEC/R8.K300u0uVqDAWSLH2ujtE1T3tGCBsRruA7uGZpW(String), Pending Address(String), pending(String), 2026-04-23T18:54:54.702279(LocalDateTime), 2026-04-23T18:54:54.702279(LocalDateTime)
2026-04-23T18:54:54.703+08:00 DEBUG 21652 --- [           main] c.petshop.mapper.MerchantMapper.insert   : <==    Updates: 1
2026-04-23T18:54:54.703+08:00 DEBUG 21652 --- [           main] o.s.security.web.FilterChainProxy        : Securing PUT /api/admin/users/38/status
2026-04-23T18:54:54.704+08:00 DEBUG 21652 --- [           main] o.s.s.w.a.AnonymousAuthenticationFilter  : Set SecurityContextHolder to anonymous SecurityContext
2026-04-23T18:54:54.704+08:00 DEBUG 21652 --- [           main] o.s.security.web.FilterChainProxy        : Secured PUT /api/admin/users/38/status
[INFO] Tests run: 10, Failures: 0, Errors: 0, Skipped: 0, Time elapsed: 3.544 s -- in com.petshop.controller.AdminApiControllerTest$UserManagementTests
[INFO] Tests run: 0, Failures: 0, Errors: 0, Skipped: 0, Time elapsed: 23.42 s -- in com.petshop.controller.AdminApiControllerTest
[INFO] Running com.petshop.controller.MerchantApiControllerTest
2026-04-23T18:54:54.710+08:00  INFO 21652 --- [           main] t.c.s.AnnotationConfigContextLoaderUtils : Could not detect default configuration classes for test class [com.petshop.controller.MerchantApiControllerTest]: MerchantApiControllerTest does not declare any static, non-private, non-final, nested classes annotated with @Configuration.
2026-04-23T18:54:54.713+08:00  INFO 21652 --- [           main] .b.t.c.SpringBootTestContextBootstrapper : Found @SpringBootConfiguration com.petshop.PetManagementSystemApplication for test class com.petshop.controller.MerchantApiControllerTest
[INFO] Running com.petshop.controller.MerchantApiControllerTest$AuthorizationTests
2026-04-23T18:54:54.716+08:00  INFO 21652 --- [           main] t.c.s.AnnotationConfigContextLoaderUtils : Could not detect default configuration classes for test class [com.petshop.controller.MerchantApiControllerTest$AuthorizationTests]: AuthorizationTests does not declare any static, non-private, non-final, nested classes annotated with @Configuration.
2026-04-23T18:54:54.718+08:00  INFO 21652 --- [           main] .b.t.c.SpringBootTestContextBootstrapper : Found @SpringBootConfiguration com.petshop.PetManagementSystemApplication for test class com.petshop.controller.MerchantApiControllerTest$AuthorizationTests
2026-04-23T18:54:54.815+08:00 DEBUG 21652 --- [           main] c.petshop.mapper.MerchantMapper.insert   : ==>  Preparing: INSERT INTO "merchant" ( name, contact_person, phone, email, password, address, status, created_at, updated_at ) VALUES ( ?, ?, ?, ?, ?, ?, ?, ?, ? )
2026-04-23T18:54:54.815+08:00 DEBUG 21652 --- [           main] c.petshop.mapper.MerchantMapper.insert   : ==> Parameters: 测试商家(String), 张三(String), 13900000001(String), merchant@test.com(String), $2a$10$o27cyPnX42MaNDP2Nek9zeWaLn94KaxUbtK6KCzdnG.If/YK9AdPG(String), 测试地址123号(String), approved(String), 2026-04-23T18:54:54.815360400(LocalDateTime), 2026-04-23T18:54:54.815360400(LocalDateTime)
2026-04-23T18:54:54.815+08:00 DEBUG 21652 --- [           main] c.petshop.mapper.MerchantMapper.insert   : <==    Updates: 1
2026-04-23T18:54:54.816+08:00 DEBUG 21652 --- [           main] c.petshop.mapper.ServiceMapper.insert    : ==>  Preparing: INSERT INTO "service" ( merchant_id, name, description, price, duration, category, status, created_at, updated_at ) VALUES ( ?, ?, ?, ?, ?, ?, ?, ?, ? )
2026-04-23T18:54:54.817+08:00 DEBUG 21652 --- [           main] c.petshop.mapper.ServiceMapper.insert    : ==> Parameters: 75(Integer), 宠物美容(String), 专业宠物美容服务(String), 99.99(BigDecimal), 60(Integer), grooming(String), enabled(String), 2026-04-23T18:54:54.815877500(LocalDateTime), 2026-04-23T18:54:54.815877500(LocalDateTime)
2026-04-23T18:54:54.817+08:00 DEBUG 21652 --- [           main] c.petshop.mapper.ServiceMapper.insert    : <==    Updates: 1
2026-04-23T18:54:54.817+08:00 DEBUG 21652 --- [           main] c.petshop.mapper.ProductMapper.insert    : ==>  Preparing: INSERT INTO "product" ( merchant_id, name, description, price, stock, status, low_stock_threshold, category, created_at, updated_at ) VALUES ( ?, ?, ?, ?, ?, ?, ?, ?, ?, ? )
2026-04-23T18:54:54.818+08:00 DEBUG 21652 --- [           main] c.petshop.mapper.ProductMapper.insert    : ==> Parameters: 75(Integer), 宠物粮食(String), 优质宠物粮食(String), 59.99(BigDecimal), 100(Integer), enabled(String), 10(Integer), food(String), 2026-04-23T18:54:54.817988400(LocalDateTime), 2026-04-23T18:54:54.817988400(LocalDateTime)
2026-04-23T18:54:54.818+08:00 DEBUG 21652 --- [           main] c.petshop.mapper.ProductMapper.insert    : <==    Updates: 1
2026-04-23T18:54:54.901+08:00 DEBUG 21652 --- [           main] com.petshop.mapper.UserMapper.insert     : ==>  Preparing: INSERT INTO "user" ( username, email, password, phone, status, created_at, updated_at ) VALUES ( ?, ?, ?, ?, ?, ?, ? )
2026-04-23T18:54:54.901+08:00 DEBUG 21652 --- [           main] com.petshop.mapper.UserMapper.insert     : ==> Parameters: testuser(String), user@test.com(String), $2a$10$RDqvQP8lCLtF0RkP8gvs8uoJbjnwrZRhOQPlXu2PLLte/mz/I/BzW(String), 13800000001(String), active(String), 2026-04-23T18:54:54.901057400(LocalDateTime), 2026-04-23T18:54:54.901057400(LocalDateTime)
2026-04-23T18:54:54.901+08:00 DEBUG 21652 --- [           main] com.petshop.mapper.UserMapper.insert     : <==    Updates: 1
2026-04-23T18:54:54.902+08:00 DEBUG 21652 --- [           main] c.p.mapper.ProductOrderMapper.insert     : ==>  Preparing: INSERT INTO "product_order" ( order_no, user_id, merchant_id, total_price, freight, status, shipping_address, created_at, updated_at ) VALUES ( ?, ?, ?, ?, ?, ?, ?, ?, ? )
2026-04-23T18:54:54.903+08:00 DEBUG 21652 --- [           main] c.p.mapper.ProductOrderMapper.insert     : ==> Parameters: ORD1776941694901(String), 39(Integer), 75(Integer), 119.98(BigDecimal), 0(BigDecimal), pending(String), 测试收货地址(String), 2026-04-23T18:54:54.901984200(LocalDateTime), 2026-04-23T18:54:54.901984200(LocalDateTime)
2026-04-23T18:54:54.903+08:00 DEBUG 21652 --- [           main] c.p.mapper.ProductOrderMapper.insert     : <==    Updates: 1
2026-04-23T18:54:54.904+08:00 DEBUG 21652 --- [           main] com.petshop.mapper.ReviewMapper.insert   : ==>  Preparing: INSERT INTO "review" ( user_id, merchant_id, service_id, rating, comment, created_at, status ) VALUES ( ?, ?, ?, ?, ?, ?, ? )
2026-04-23T18:54:54.904+08:00 DEBUG 21652 --- [           main] com.petshop.mapper.ReviewMapper.insert   : ==> Parameters: 39(Integer), 75(Integer), 2(Integer), 5(Integer), 非常满意的服务！(String), 2026-04-23T18:54:54.903963400(LocalDateTime), approved(String)
2026-04-23T18:54:54.904+08:00 DEBUG 21652 --- [           main] com.petshop.mapper.ReviewMapper.insert   : <==    Updates: 1
2026-04-23T18:54:54.905+08:00 DEBUG 21652 --- [           main] o.s.security.web.FilterChainProxy        : Securing POST /api/auth/merchant/login
2026-04-23T18:54:54.905+08:00 DEBUG 21652 --- [           main] o.s.s.w.a.AnonymousAuthenticationFilter  : Set SecurityContextHolder to anonymous SecurityContext
2026-04-23T18:54:54.906+08:00 DEBUG 21652 --- [           main] o.s.security.web.FilterChainProxy        : Secured POST /api/auth/merchant/login
2026-04-23T18:54:54.906+08:00 DEBUG 21652 --- [           main] c.p.mapper.UserMapper.selectByPhone      : ==>  Preparing: SELECT * FROM `user` WHERE phone = ?
2026-04-23T18:54:54.907+08:00 DEBUG 21652 --- [           main] c.p.mapper.UserMapper.selectByPhone      : ==> Parameters: 13900000001(String)
2026-04-23T18:54:54.907+08:00 DEBUG 21652 --- [           main] c.p.mapper.UserMapper.selectByPhone      : <==      Total: 0
2026-04-23T18:54:54.907+08:00 DEBUG 21652 --- [           main] c.p.mapper.MerchantMapper.selectByPhone  : ==>  Preparing: SELECT * FROM `merchant` WHERE phone = ?
2026-04-23T18:54:54.907+08:00 DEBUG 21652 --- [           main] c.p.mapper.MerchantMapper.selectByPhone  : ==> Parameters: 13900000001(String)
2026-04-23T18:54:54.907+08:00 DEBUG 21652 --- [           main] c.p.mapper.MerchantMapper.selectByPhone  : <==      Total: 1
2026-04-23T18:54:54.988+08:00 DEBUG 21652 --- [           main] o.s.s.a.dao.DaoAuthenticationProvider    : Authenticated user
2026-04-23T18:54:55.076+08:00 DEBUG 21652 --- [           main] c.petshop.mapper.MerchantMapper.insert   : ==>  Preparing: INSERT INTO "merchant" ( name, contact_person, phone, email, password, address, status, created_at, updated_at ) VALUES ( ?, ?, ?, ?, ?, ?, ?, ?, ? )
2026-04-23T18:54:55.076+08:00 DEBUG 21652 --- [           main] c.petshop.mapper.MerchantMapper.insert   : ==> Parameters: 其他商家(String), 测试(String), 13900000088(String), other@test.com(String), $2a$10$tD4mCmI09f1v03Q0xFB3NeNxhCdwJWfndl3kbBJRSdiIfqJxms36a(String), 测试地址(String), approved(String), 2026-04-23T18:54:55.075159100(LocalDateTime), 2026-04-23T18:54:55.075159100(LocalDateTime)
2026-04-23T18:54:55.076+08:00 DEBUG 21652 --- [           main] c.petshop.mapper.MerchantMapper.insert   : <==    Updates: 1
2026-04-23T18:54:55.076+08:00 DEBUG 21652 --- [           main] c.petshop.mapper.ServiceMapper.insert    : ==>  Preparing: INSERT INTO "service" ( merchant_id, name, price, duration, status, created_at, updated_at ) VALUES ( ?, ?, ?, ?, ?, ?, ? )
2026-04-23T18:54:55.077+08:00 DEBUG 21652 --- [           main] c.petshop.mapper.ServiceMapper.insert    : ==> Parameters: 76(Integer), 其他商家的服务(String), 99.99(BigDecimal), 60(Integer), enabled(String), 2026-04-23T18:54:55.076160(LocalDateTime), 2026-04-23T18:54:55.076160(LocalDateTime)
2026-04-23T18:54:55.077+08:00 DEBUG 21652 --- [           main] c.petshop.mapper.ServiceMapper.insert    : <==    Updates: 1
2026-04-23T18:54:55.081+08:00 DEBUG 21652 --- [           main] o.s.security.web.FilterChainProxy        : Securing PUT /api/merchant/services/3
2026-04-23T18:54:55.125+08:00 DEBUG 21652 --- [           main] c.p.mapper.UserMapper.selectByPhone      : ==>  Preparing: SELECT * FROM `user` WHERE phone = ?
2026-04-23T18:54:55.125+08:00 DEBUG 21652 --- [           main] c.p.mapper.UserMapper.selectByPhone      : ==> Parameters: 13900000001(String)
2026-04-23T18:54:55.125+08:00 DEBUG 21652 --- [           main] c.p.mapper.UserMapper.selectByPhone      : <==      Total: 0
2026-04-23T18:54:55.125+08:00 DEBUG 21652 --- [           main] c.p.mapper.MerchantMapper.selectByPhone  : ==>  Preparing: SELECT * FROM `merchant` WHERE phone = ?
2026-04-23T18:54:55.125+08:00 DEBUG 21652 --- [           main] c.p.mapper.MerchantMapper.selectByPhone  : ==> Parameters: 13900000001(String)
2026-04-23T18:54:55.126+08:00 DEBUG 21652 --- [           main] c.p.mapper.MerchantMapper.selectByPhone  : <==      Total: 1
2026-04-23T18:54:55.126+08:00 DEBUG 21652 --- [           main] o.s.security.web.FilterChainProxy        : Secured PUT /api/merchant/services/3
2026-04-23T18:54:55.136+08:00 DEBUG 21652 --- [           main] c.p.mapper.MerchantMapper.selectList     : ==>  Preparing: SELECT id,name,contact_person,phone,email,password,address,logo,status,created_at,updated_at FROM "merchant" WHERE (phone = ?)
2026-04-23T18:54:55.137+08:00 DEBUG 21652 --- [           main] c.p.mapper.MerchantMapper.selectList     : ==> Parameters: 13900000001(String)
2026-04-23T18:54:55.137+08:00 DEBUG 21652 --- [           main] c.p.mapper.MerchantMapper.selectList     : <==      Total: 1
2026-04-23T18:54:55.137+08:00 DEBUG 21652 --- [           main] c.p.m.S.selectByIdWithMerchant           : ==>  Preparing: SELECT s.*, m.id as merchant_id, m.name as merchant_name, m.contact_person as merchant_contact_person, m.phone as merchant_phone, m.email as merchant_email, m.address as merchant_address, m.logo as merchant_logo, m.status as merchant_status, m.created_at as merchant_created_at, m.updated_at as merchant_updated_at FROM service s LEFT JOIN merchant m ON s.merchant_id = m.id WHERE s.id = ?
2026-04-23T18:54:55.138+08:00 DEBUG 21652 --- [           main] c.p.m.S.selectByIdWithMerchant           : ==> Parameters: 3(Integer)
2026-04-23T18:54:55.142+08:00 DEBUG 21652 --- [           main] c.p.m.S.selectByIdWithMerchant           : <==      Total: 1
2026-04-23T18:54:55.229+08:00 DEBUG 21652 --- [           main] c.petshop.mapper.MerchantMapper.insert   : ==>  Preparing: INSERT INTO "merchant" ( name, contact_person, phone, email, password, address, status, created_at, updated_at ) VALUES ( ?, ?, ?, ?, ?, ?, ?, ?, ? )
2026-04-23T18:54:55.230+08:00 DEBUG 21652 --- [           main] c.petshop.mapper.MerchantMapper.insert   : ==> Parameters: 测试商家(String), 张三(String), 13900000001(String), merchant@test.com(String), $2a$10$qGrCyt.w..ImqhNE/SZCluhbiNqiJOhvGpkk/JbvF8EItYV7hUDo.(String), 测试地址123号(String), approved(String), 2026-04-23T18:54:55.229251500(LocalDateTime), 2026-04-23T18:54:55.229251500(LocalDateTime)
2026-04-23T18:54:55.230+08:00 DEBUG 21652 --- [           main] c.petshop.mapper.MerchantMapper.insert   : <==    Updates: 1
2026-04-23T18:54:55.230+08:00 DEBUG 21652 --- [           main] c.petshop.mapper.ServiceMapper.insert    : ==>  Preparing: INSERT INTO "service" ( merchant_id, name, description, price, duration, category, status, created_at, updated_at ) VALUES ( ?, ?, ?, ?, ?, ?, ?, ?, ? )
2026-04-23T18:54:55.230+08:00 DEBUG 21652 --- [           main] c.petshop.mapper.ServiceMapper.insert    : ==> Parameters: 77(Integer), 宠物美容(String), 专业宠物美容服务(String), 99.99(BigDecimal), 60(Integer), grooming(String), enabled(String), 2026-04-23T18:54:55.230445900(LocalDateTime), 2026-04-23T18:54:55.230445900(LocalDateTime)
2026-04-23T18:54:55.231+08:00 DEBUG 21652 --- [           main] c.petshop.mapper.ServiceMapper.insert    : <==    Updates: 1
2026-04-23T18:54:55.231+08:00 DEBUG 21652 --- [           main] c.petshop.mapper.ProductMapper.insert    : ==>  Preparing: INSERT INTO "product" ( merchant_id, name, description, price, stock, status, low_stock_threshold, category, created_at, updated_at ) VALUES ( ?, ?, ?, ?, ?, ?, ?, ?, ?, ? )
2026-04-23T18:54:55.231+08:00 DEBUG 21652 --- [           main] c.petshop.mapper.ProductMapper.insert    : ==> Parameters: 77(Integer), 宠物粮食(String), 优质宠物粮食(String), 59.99(BigDecimal), 100(Integer), enabled(String), 10(Integer), food(String), 2026-04-23T18:54:55.231450100(LocalDateTime), 2026-04-23T18:54:55.231450100(LocalDateTime)
2026-04-23T18:54:55.231+08:00 DEBUG 21652 --- [           main] c.petshop.mapper.ProductMapper.insert    : <==    Updates: 1
2026-04-23T18:54:55.313+08:00 DEBUG 21652 --- [           main] com.petshop.mapper.UserMapper.insert     : ==>  Preparing: INSERT INTO "user" ( username, email, password, phone, status, created_at, updated_at ) VALUES ( ?, ?, ?, ?, ?, ?, ? )
2026-04-23T18:54:55.313+08:00 DEBUG 21652 --- [           main] com.petshop.mapper.UserMapper.insert     : ==> Parameters: testuser(String), user@test.com(String), $2a$10$SsY3drYuhPeZHlkgKoNZcud7uwfDxV.MslRMO0KLPIrE55nIRUh0O(String), 13800000001(String), active(String), 2026-04-23T18:54:55.312248600(LocalDateTime), 2026-04-23T18:54:55.312248600(LocalDateTime)
2026-04-23T18:54:55.313+08:00 DEBUG 21652 --- [           main] com.petshop.mapper.UserMapper.insert     : <==    Updates: 1
2026-04-23T18:54:55.313+08:00 DEBUG 21652 --- [           main] c.p.mapper.ProductOrderMapper.insert     : ==>  Preparing: INSERT INTO "product_order" ( order_no, user_id, merchant_id, total_price, freight, status, shipping_address, created_at, updated_at ) VALUES ( ?, ?, ?, ?, ?, ?, ?, ?, ? )
2026-04-23T18:54:55.314+08:00 DEBUG 21652 --- [           main] c.p.mapper.ProductOrderMapper.insert     : ==> Parameters: ORD1776941695313(String), 40(Integer), 77(Integer), 119.98(BigDecimal), 0(BigDecimal), pending(String), 测试收货地址(String), 2026-04-23T18:54:55.313261200(LocalDateTime), 2026-04-23T18:54:55.313261200(LocalDateTime)
2026-04-23T18:54:55.314+08:00 DEBUG 21652 --- [           main] c.p.mapper.ProductOrderMapper.insert     : <==    Updates: 1
2026-04-23T18:54:55.314+08:00 DEBUG 21652 --- [           main] com.petshop.mapper.ReviewMapper.insert   : ==>  Preparing: INSERT INTO "review" ( user_id, merchant_id, service_id, rating, comment, created_at, status ) VALUES ( ?, ?, ?, ?, ?, ?, ? )
2026-04-23T18:54:55.314+08:00 DEBUG 21652 --- [           main] com.petshop.mapper.ReviewMapper.insert   : ==> Parameters: 40(Integer), 77(Integer), 4(Integer), 5(Integer), 非常满意的服务！(String), 2026-04-23T18:54:55.314277500(LocalDateTime), approved(String)
2026-04-23T18:54:55.314+08:00 DEBUG 21652 --- [           main] com.petshop.mapper.ReviewMapper.insert   : <==    Updates: 1
2026-04-23T18:54:55.315+08:00 DEBUG 21652 --- [           main] o.s.security.web.FilterChainProxy        : Securing POST /api/auth/merchant/login
2026-04-23T18:54:55.315+08:00 DEBUG 21652 --- [           main] o.s.s.w.a.AnonymousAuthenticationFilter  : Set SecurityContextHolder to anonymous SecurityContext
2026-04-23T18:54:55.316+08:00 DEBUG 21652 --- [           main] o.s.security.web.FilterChainProxy        : Secured POST /api/auth/merchant/login
2026-04-23T18:54:55.316+08:00 DEBUG 21652 --- [           main] c.p.mapper.UserMapper.selectByPhone      : ==>  Preparing: SELECT * FROM `user` WHERE phone = ?
2026-04-23T18:54:55.317+08:00 DEBUG 21652 --- [           main] c.p.mapper.UserMapper.selectByPhone      : ==> Parameters: 13900000001(String)
2026-04-23T18:54:55.317+08:00 DEBUG 21652 --- [           main] c.p.mapper.UserMapper.selectByPhone      : <==      Total: 0
2026-04-23T18:54:55.317+08:00 DEBUG 21652 --- [           main] c.p.mapper.MerchantMapper.selectByPhone  : ==>  Preparing: SELECT * FROM `merchant` WHERE phone = ?
2026-04-23T18:54:55.317+08:00 DEBUG 21652 --- [           main] c.p.mapper.MerchantMapper.selectByPhone  : ==> Parameters: 13900000001(String)
2026-04-23T18:54:55.318+08:00 DEBUG 21652 --- [           main] c.p.mapper.MerchantMapper.selectByPhone  : <==      Total: 1
2026-04-23T18:54:55.398+08:00 DEBUG 21652 --- [           main] o.s.s.a.dao.DaoAuthenticationProvider    : Authenticated user
2026-04-23T18:54:55.401+08:00 DEBUG 21652 --- [           main] o.s.security.web.FilterChainProxy        : Securing GET /api/merchant/services
2026-04-23T18:54:55.402+08:00 DEBUG 21652 --- [           main] o.s.s.w.a.AnonymousAuthenticationFilter  : Set SecurityContextHolder to anonymous SecurityContext
2026-04-23T18:54:55.403+08:00 DEBUG 21652 --- [           main] o.s.security.web.FilterChainProxy        : Secured GET /api/merchant/services

MockHttpServletRequest:
      HTTP Method = POST
Invalid JWT token: Invalid compact JWT string: Compact JWSs must contain exactly 2 period characters, and compact JWEs must contain exactly 4.  Found: 0
      Request URI = /api/auth/merchant/login
       Parameters = {}
          Headers = [Content-Type:"application/json;charset=UTF-8", Content-Length:"108"]
             Body = {"username":null,"phone":"13900000001","password":"password123","role":null,"loginIdentifier":"13900000001"}
    Session Attrs = {}

Handler:
             Type = com.petshop.controller.api.AuthApiController
           Method = com.petshop.controller.api.AuthApiController#merchantLogin(LoginRequest)

Async:
    Async started = false
     Async result = null

Resolved Exception:
             Type = null

ModelAndView:
        View name = null
             View = null
            Model = null

FlashMap:
       Attributes = null

MockHttpServletResponse:
           Status = 200
    Error message = null
          Headers = [Vary:"Origin", "Access-Control-Request-Method", "Access-Control-Request-Headers", Content-Type:"application/json", X-Content-Type-Options:"nosniff", X-XSS-Protection:"0", Cache-Control:"no-cache, no-store, max-age=0, must-revalidate", Pragma:"no-cache", Expires:"0", X-Frame-Options:"DENY"]
     Content type = application/json
             Body = {"code":200,"message":"Merchant login successful","data":{"token":"eyJhbGciOiJIUzUxMiJ9.eyJzdWIiOiIxMzkwMDAwMDAwMSIsImlhdCI6MTc3Njk0MTY5NX0.kHtf7tPWz8mwNkSR1Voe3MsISVltDgtzTSJk90P0wFQoBi2A_4-M1wr86HY3MtavVW-I4lRFdetqYDIRI-Hg2Q","user":{"id":77,"username":"测试商家","email":"merchant@test.com","phone":"13900000001","avatar":null,"role":"merchant"}}}
    Forwarded URL = null
   Redirected URL = null
          Cookies = []

MockHttpServletRequest:
      HTTP Method = GET
      Request URI = /api/merchant/services
       Parameters = {}
          Headers = [Authorization:"Bearer invalid_token"]
             Body = null
    Session Attrs = {}

Handler:
             Type = com.petshop.controller.api.MerchantApiController
           Method = com.petshop.controller.api.MerchantApiController#getServices()

Async:
    Async started = false
     Async result = null

Resolved Exception:
             Type = com.petshop.exception.UnauthorizedException

ModelAndView:
        View name = null
             View = null
            Model = null

FlashMap:
       Attributes = null

MockHttpServletResponse:
           Status = 401
    Error message = null
          Headers = [Vary:"Origin", "Access-Control-Request-Method", "Access-Control-Request-Headers", Content-Type:"application/json", X-Content-Type-Options:"nosniff", X-XSS-Protection:"0", Cache-Control:"no-cache, no-store, max-age=0, must-revalidate", Pragma:"no-cache", Expires:"0", X-Frame-Options:"DENY"]
     Content type = application/json
             Body = {"code":401,"message":"未授权访问，请先登录","data":null}
    Forwarded URL = null
   Redirected URL = null
          Cookies = []
2026-04-23T18:54:55.503+08:00 DEBUG 21652 --- [           main] c.petshop.mapper.MerchantMapper.insert   : ==>  Preparing: INSERT INTO "merchant" ( name, contact_person, phone, email, password, address, status, created_at, updated_at ) VALUES ( ?, ?, ?, ?, ?, ?, ?, ?, ? )
2026-04-23T18:54:55.503+08:00 DEBUG 21652 --- [           main] c.petshop.mapper.MerchantMapper.insert   : ==> Parameters: 测试商家(String), 张三(String), 13900000001(String), merchant@test.com(String), $2a$10$IxIPPgWR5sKDV3Nnn.VTBu6Wp.6SGGK3ES1U9uok7TPG0p60sWFxC(String), 测试地址123号(String), approved(String), 2026-04-23T18:54:55.503197800(LocalDateTime), 2026-04-23T18:54:55.503197800(LocalDateTime)
2026-04-23T18:54:55.504+08:00 DEBUG 21652 --- [           main] c.petshop.mapper.MerchantMapper.insert   : <==    Updates: 1
2026-04-23T18:54:55.504+08:00 DEBUG 21652 --- [           main] c.petshop.mapper.ServiceMapper.insert    : ==>  Preparing: INSERT INTO "service" ( merchant_id, name, description, price, duration, category, status, created_at, updated_at ) VALUES ( ?, ?, ?, ?, ?, ?, ?, ?, ? )
2026-04-23T18:54:55.505+08:00 DEBUG 21652 --- [           main] c.petshop.mapper.ServiceMapper.insert    : ==> Parameters: 78(Integer), 宠物美容(String), 专业宠物美容服务(String), 99.99(BigDecimal), 60(Integer), grooming(String), enabled(String), 2026-04-23T18:54:55.504204400(LocalDateTime), 2026-04-23T18:54:55.504204400(LocalDateTime)
2026-04-23T18:54:55.505+08:00 DEBUG 21652 --- [           main] c.petshop.mapper.ServiceMapper.insert    : <==    Updates: 1
2026-04-23T18:54:55.506+08:00 DEBUG 21652 --- [           main] c.petshop.mapper.ProductMapper.insert    : ==>  Preparing: INSERT INTO "product" ( merchant_id, name, description, price, stock, status, low_stock_threshold, category, created_at, updated_at ) VALUES ( ?, ?, ?, ?, ?, ?, ?, ?, ?, ? )
2026-04-23T18:54:55.506+08:00 DEBUG 21652 --- [           main] c.petshop.mapper.ProductMapper.insert    : ==> Parameters: 78(Integer), 宠物粮食(String), 优质宠物粮食(String), 59.99(BigDecimal), 100(Integer), enabled(String), 10(Integer), food(String), 2026-04-23T18:54:55.505315900(LocalDateTime), 2026-04-23T18:54:55.505315900(LocalDateTime)
2026-04-23T18:54:55.506+08:00 DEBUG 21652 --- [           main] c.petshop.mapper.ProductMapper.insert    : <==    Updates: 1
2026-04-23T18:54:55.587+08:00 DEBUG 21652 --- [           main] com.petshop.mapper.UserMapper.insert     : ==>  Preparing: INSERT INTO "user" ( username, email, password, phone, status, created_at, updated_at ) VALUES ( ?, ?, ?, ?, ?, ?, ? )
2026-04-23T18:54:55.587+08:00 DEBUG 21652 --- [           main] com.petshop.mapper.UserMapper.insert     : ==> Parameters: testuser(String), user@test.com(String), $2a$10$QonQIMu9cVW3DLBXDJf29O7MDcE6TtMcnfOgbLdMntTz5/zbQcWxm(String), 13800000001(String), active(String), 2026-04-23T18:54:55.586893100(LocalDateTime), 2026-04-23T18:54:55.586893100(LocalDateTime)
2026-04-23T18:54:55.587+08:00 DEBUG 21652 --- [           main] com.petshop.mapper.UserMapper.insert     : <==    Updates: 1
2026-04-23T18:54:55.587+08:00 DEBUG 21652 --- [           main] c.p.mapper.ProductOrderMapper.insert     : ==>  Preparing: INSERT INTO "product_order" ( order_no, user_id, merchant_id, total_price, freight, status, shipping_address, created_at, updated_at ) VALUES ( ?, ?, ?, ?, ?, ?, ?, ?, ? )
2026-04-23T18:54:55.588+08:00 DEBUG 21652 --- [           main] c.p.mapper.ProductOrderMapper.insert     : ==> Parameters: ORD1776941695587(String), 41(Integer), 78(Integer), 119.98(BigDecimal), 0(BigDecimal), pending(String), 测试收货地址(String), 2026-04-23T18:54:55.587669700(LocalDateTime), 2026-04-23T18:54:55.587669700(LocalDateTime)
2026-04-23T18:54:55.588+08:00 DEBUG 21652 --- [           main] c.p.mapper.ProductOrderMapper.insert     : <==    Updates: 1
2026-04-23T18:54:55.588+08:00 DEBUG 21652 --- [           main] com.petshop.mapper.ReviewMapper.insert   : ==>  Preparing: INSERT INTO "review" ( user_id, merchant_id, service_id, rating, comment, created_at, status ) VALUES ( ?, ?, ?, ?, ?, ?, ? )
2026-04-23T18:54:55.588+08:00 DEBUG 21652 --- [           main] com.petshop.mapper.ReviewMapper.insert   : ==> Parameters: 41(Integer), 78(Integer), 5(Integer), 5(Integer), 非常满意的服务！(String), 2026-04-23T18:54:55.588663800(LocalDateTime), approved(String)
2026-04-23T18:54:55.588+08:00 DEBUG 21652 --- [           main] com.petshop.mapper.ReviewMapper.insert   : <==    Updates: 1
2026-04-23T18:54:55.589+08:00 DEBUG 21652 --- [           main] o.s.security.web.FilterChainProxy        : Securing POST /api/auth/merchant/login
2026-04-23T18:54:55.589+08:00 DEBUG 21652 --- [           main] o.s.s.w.a.AnonymousAuthenticationFilter  : Set SecurityContextHolder to anonymous SecurityContext
2026-04-23T18:54:55.589+08:00 DEBUG 21652 --- [           main] o.s.security.web.FilterChainProxy        : Secured POST /api/auth/merchant/login
2026-04-23T18:54:55.590+08:00 DEBUG 21652 --- [           main] c.p.mapper.UserMapper.selectByPhone      : ==>  Preparing: SELECT * FROM `user` WHERE phone = ?
2026-04-23T18:54:55.590+08:00 DEBUG 21652 --- [           main] c.p.mapper.UserMapper.selectByPhone      : ==> Parameters: 13900000001(String)
2026-04-23T18:54:55.590+08:00 DEBUG 21652 --- [           main] c.p.mapper.UserMapper.selectByPhone      : <==      Total: 0
2026-04-23T18:54:55.591+08:00 DEBUG 21652 --- [           main] c.p.mapper.MerchantMapper.selectByPhone  : ==>  Preparing: SELECT * FROM `merchant` WHERE phone = ?
2026-04-23T18:54:55.591+08:00 DEBUG 21652 --- [           main] c.p.mapper.MerchantMapper.selectByPhone  : ==> Parameters: 13900000001(String)
2026-04-23T18:54:55.591+08:00 DEBUG 21652 --- [           main] c.p.mapper.MerchantMapper.selectByPhone  : <==      Total: 1
2026-04-23T18:54:55.673+08:00 DEBUG 21652 --- [           main] o.s.s.a.dao.DaoAuthenticationProvider    : Authenticated user
2026-04-23T18:54:55.675+08:00 DEBUG 21652 --- [           main] o.s.security.web.FilterChainProxy        : Securing GET /api/merchant/services
2026-04-23T18:54:55.675+08:00 DEBUG 21652 --- [           main] o.s.s.w.a.AnonymousAuthenticationFilter  : Set SecurityContextHolder to anonymous SecurityContext
2026-04-23T18:54:55.675+08:00 DEBUG 21652 --- [           main] o.s.security.web.FilterChainProxy        : Secured GET /api/merchant/services

MockHttpServletRequest:
      HTTP Method = POST
      Request URI = /api/auth/merchant/login
       Parameters = {}
          Headers = [Content-Type:"application/json;charset=UTF-8", Content-Length:"108"]
             Body = {"username":null,"phone":"13900000001","password":"password123","role":null,"loginIdentifier":"13900000001"}
    Session Attrs = {}

Handler:
             Type = com.petshop.controller.api.AuthApiController
           Method = com.petshop.controller.api.AuthApiController#merchantLogin(LoginRequest)

Async:
    Async started = false
     Async result = null

Resolved Exception:
             Type = null

ModelAndView:
        View name = null
             View = null
            Model = null

FlashMap:
       Attributes = null

MockHttpServletResponse:
           Status = 200
    Error message = null
          Headers = [Vary:"Origin", "Access-Control-Request-Method", "Access-Control-Request-Headers", Content-Type:"application/json", X-Content-Type-Options:"nosniff", X-XSS-Protection:"0", Cache-Control:"no-cache, no-store, max-age=0, must-revalidate", Pragma:"no-cache", Expires:"0", X-Frame-Options:"DENY"]
     Content type = application/json
             Body = {"code":200,"message":"Merchant login successful","data":{"token":"eyJhbGciOiJIUzUxMiJ9.eyJzdWIiOiIxMzkwMDAwMDAwMSIsImlhdCI6MTc3Njk0MTY5NX0.kHtf7tPWz8mwNkSR1Voe3MsISVltDgtzTSJk90P0wFQoBi2A_4-M1wr86HY3MtavVW-I4lRFdetqYDIRI-Hg2Q","user":{"id":78,"username":"测试商家","email":"merchant@test.com","phone":"13900000001","avatar":null,"role":"merchant"}}}
    Forwarded URL = null
   Redirected URL = null
          Cookies = []

MockHttpServletRequest:
      HTTP Method = GET
      Request URI = /api/merchant/services
       Parameters = {}
          Headers = []
             Body = null
    Session Attrs = {}

Handler:
             Type = com.petshop.controller.api.MerchantApiController
           Method = com.petshop.controller.api.MerchantApiController#getServices()

Async:
    Async started = false
     Async result = null

Resolved Exception:
             Type = com.petshop.exception.UnauthorizedException

ModelAndView:
        View name = null
             View = null
            Model = null

FlashMap:
       Attributes = null

MockHttpServletResponse:
           Status = 401
    Error message = null
          Headers = [Vary:"Origin", "Access-Control-Request-Method", "Access-Control-Request-Headers", Content-Type:"application/json", X-Content-Type-Options:"nosniff", X-XSS-Protection:"0", Cache-Control:"no-cache, no-store, max-age=0, must-revalidate", Pragma:"no-cache", Expires:"0", X-Frame-Options:"DENY"]
     Content type = application/json
             Body = {"code":401,"message":"未授权访问，请先登录","data":null}
    Forwarded URL = null
   Redirected URL = null
          Cookies = []
[ERROR] Tests run: 3, Failures: 2, Errors: 0, Skipped: 0, Time elapsed: 0.964 s <<< FAILURE! -- in com.petshop.controller.MerchantApiControllerTest$AuthorizationTests
[ERROR] com.petshop.controller.MerchantApiControllerTest$AuthorizationTests.testAccessWithInvalidToken -- Time elapsed: 0.270 s <<< FAILURE!
java.lang.AssertionError: Status expected:<200> but was:<401>
	at org.springframework.test.util.AssertionErrors.fail(AssertionErrors.java:59)
	at org.springframework.test.util.AssertionErrors.assertEquals(AssertionErrors.java:122)
	at org.springframework.test.web.servlet.result.StatusResultMatchers.lambda$matcher$9(StatusResultMatchers.java:637)
	at org.springframework.test.web.servlet.MockMvc$1.andExpect(MockMvc.java:214)
	at com.petshop.controller.MerchantApiControllerTest$AuthorizationTests.testAccessWithInvalidToken(MerchantApiControllerTest.java:967)
	at java.base/java.lang.reflect.Method.invoke(Method.java:569)
	at java.base/java.util.ArrayList.forEach(ArrayList.java:1511)
	at java.base/java.util.ArrayList.forEach(ArrayList.java:1511)
	at java.base/java.util.ArrayList.forEach(ArrayList.java:1511)

[ERROR] com.petshop.controller.MerchantApiControllerTest$AuthorizationTests.testAccessWithoutToken -- Time elapsed: 0.258 s <<< FAILURE!
java.lang.AssertionError: Status expected:<200> but was:<401>
	at org.springframework.test.util.AssertionErrors.fail(AssertionErrors.java:59)
	at org.springframework.test.util.AssertionErrors.assertEquals(AssertionErrors.java:122)
	at org.springframework.test.web.servlet.result.StatusResultMatchers.lambda$matcher$9(StatusResultMatchers.java:637)
	at org.springframework.test.web.servlet.MockMvc$1.andExpect(MockMvc.java:214)
	at com.petshop.controller.MerchantApiControllerTest$AuthorizationTests.testAccessWithoutToken(MerchantApiControllerTest.java:958)
	at java.base/java.lang.reflect.Method.invoke(Method.java:569)
	at java.base/java.util.ArrayList.forEach(ArrayList.java:1511)
	at java.base/java.util.ArrayList.forEach(ArrayList.java:1511)
	at java.base/java.util.ArrayList.forEach(ArrayList.java:1511)

[INFO] Running com.petshop.controller.MerchantApiControllerTest$MerchantAuthTests
2026-04-23T18:54:55.681+08:00  INFO 21652 --- [           main] t.c.s.AnnotationConfigContextLoaderUtils : Could not detect default configuration classes for test class [com.petshop.controller.MerchantApiControllerTest$MerchantAuthTests]: MerchantAuthTests does not declare any static, non-private, non-final, nested classes annotated with @Configuration.
2026-04-23T18:54:55.685+08:00  INFO 21652 --- [           main] .b.t.c.SpringBootTestContextBootstrapper : Found @SpringBootConfiguration com.petshop.PetManagementSystemApplication for test class com.petshop.controller.MerchantApiControllerTest$MerchantAuthTests
2026-04-23T18:54:55.778+08:00 DEBUG 21652 --- [           main] c.petshop.mapper.MerchantMapper.insert   : ==>  Preparing: INSERT INTO "merchant" ( name, contact_person, phone, email, password, address, status, created_at, updated_at ) VALUES ( ?, ?, ?, ?, ?, ?, ?, ?, ? )
2026-04-23T18:54:55.779+08:00 DEBUG 21652 --- [           main] c.petshop.mapper.MerchantMapper.insert   : ==> Parameters: 测试商家(String), 张三(String), 13900000001(String), merchant@test.com(String), $2a$10$Mpg2a38QEv3JwcZ/ukMmuOeJ8DuEUdtqXtRROJfWRXQIsr0Xtvt5C(String), 测试地址123号(String), approved(String), 2026-04-23T18:54:55.778089(LocalDateTime), 2026-04-23T18:54:55.778089(LocalDateTime)
2026-04-23T18:54:55.779+08:00 DEBUG 21652 --- [           main] c.petshop.mapper.MerchantMapper.insert   : <==    Updates: 1
2026-04-23T18:54:55.780+08:00 DEBUG 21652 --- [           main] c.petshop.mapper.ServiceMapper.insert    : ==>  Preparing: INSERT INTO "service" ( merchant_id, name, description, price, duration, category, status, created_at, updated_at ) VALUES ( ?, ?, ?, ?, ?, ?, ?, ?, ? )
2026-04-23T18:54:55.780+08:00 DEBUG 21652 --- [           main] c.petshop.mapper.ServiceMapper.insert    : ==> Parameters: 79(Integer), 宠物美容(String), 专业宠物美容服务(String), 99.99(BigDecimal), 60(Integer), grooming(String), enabled(String), 2026-04-23T18:54:55.779088500(LocalDateTime), 2026-04-23T18:54:55.779088500(LocalDateTime)
2026-04-23T18:54:55.780+08:00 DEBUG 21652 --- [           main] c.petshop.mapper.ServiceMapper.insert    : <==    Updates: 1
2026-04-23T18:54:55.780+08:00 DEBUG 21652 --- [           main] c.petshop.mapper.ProductMapper.insert    : ==>  Preparing: INSERT INTO "product" ( merchant_id, name, description, price, stock, status, low_stock_threshold, category, created_at, updated_at ) VALUES ( ?, ?, ?, ?, ?, ?, ?, ?, ?, ? )
2026-04-23T18:54:55.781+08:00 DEBUG 21652 --- [           main] c.petshop.mapper.ProductMapper.insert    : ==> Parameters: 79(Integer), 宠物粮食(String), 优质宠物粮食(String), 59.99(BigDecimal), 100(Integer), enabled(String), 10(Integer), food(String), 2026-04-23T18:54:55.780061500(LocalDateTime), 2026-04-23T18:54:55.780061500(LocalDateTime)
2026-04-23T18:54:55.781+08:00 DEBUG 21652 --- [           main] c.petshop.mapper.ProductMapper.insert    : <==    Updates: 1
2026-04-23T18:54:55.862+08:00 DEBUG 21652 --- [           main] com.petshop.mapper.UserMapper.insert     : ==>  Preparing: INSERT INTO "user" ( username, email, password, phone, status, created_at, updated_at ) VALUES ( ?, ?, ?, ?, ?, ?, ? )
2026-04-23T18:54:55.862+08:00 DEBUG 21652 --- [           main] com.petshop.mapper.UserMapper.insert     : ==> Parameters: testuser(String), user@test.com(String), $2a$10$b0asa2W2AXSO4QyEVGNGZ.GzgMLWmO5Bcn4CLsaWOcnz.6IF6z4Sa(String), 13800000001(String), active(String), 2026-04-23T18:54:55.862456500(LocalDateTime), 2026-04-23T18:54:55.862456500(LocalDateTime)
2026-04-23T18:54:55.862+08:00 DEBUG 21652 --- [           main] com.petshop.mapper.UserMapper.insert     : <==    Updates: 1
2026-04-23T18:54:55.863+08:00 DEBUG 21652 --- [           main] c.p.mapper.ProductOrderMapper.insert     : ==>  Preparing: INSERT INTO "product_order" ( order_no, user_id, merchant_id, total_price, freight, status, shipping_address, created_at, updated_at ) VALUES ( ?, ?, ?, ?, ?, ?, ?, ?, ? )
2026-04-23T18:54:55.863+08:00 DEBUG 21652 --- [           main] c.p.mapper.ProductOrderMapper.insert     : ==> Parameters: ORD1776941695862(String), 42(Integer), 79(Integer), 119.98(BigDecimal), 0(BigDecimal), pending(String), 测试收货地址(String), 2026-04-23T18:54:55.862456500(LocalDateTime), 2026-04-23T18:54:55.862456500(LocalDateTime)
2026-04-23T18:54:55.863+08:00 DEBUG 21652 --- [           main] c.p.mapper.ProductOrderMapper.insert     : <==    Updates: 1
2026-04-23T18:54:55.863+08:00 DEBUG 21652 --- [           main] com.petshop.mapper.ReviewMapper.insert   : ==>  Preparing: INSERT INTO "review" ( user_id, merchant_id, service_id, rating, comment, created_at, status ) VALUES ( ?, ?, ?, ?, ?, ?, ? )
2026-04-23T18:54:55.864+08:00 DEBUG 21652 --- [           main] com.petshop.mapper.ReviewMapper.insert   : ==> Parameters: 42(Integer), 79(Integer), 6(Integer), 5(Integer), 非常满意的服务！(String), 2026-04-23T18:54:55.863460100(LocalDateTime), approved(String)
2026-04-23T18:54:55.865+08:00 DEBUG 21652 --- [           main] com.petshop.mapper.ReviewMapper.insert   : <==    Updates: 1
2026-04-23T18:54:55.865+08:00 DEBUG 21652 --- [           main] o.s.security.web.FilterChainProxy        : Securing POST /api/auth/merchant/login
2026-04-23T18:54:55.865+08:00 DEBUG 21652 --- [           main] o.s.s.w.a.AnonymousAuthenticationFilter  : Set SecurityContextHolder to anonymous SecurityContext
2026-04-23T18:54:55.866+08:00 DEBUG 21652 --- [           main] o.s.security.web.FilterChainProxy        : Secured POST /api/auth/merchant/login
2026-04-23T18:54:55.867+08:00 DEBUG 21652 --- [           main] c.p.mapper.UserMapper.selectByPhone      : ==>  Preparing: SELECT * FROM `user` WHERE phone = ?
2026-04-23T18:54:55.867+08:00 DEBUG 21652 --- [           main] c.p.mapper.UserMapper.selectByPhone      : ==> Parameters: 13900000001(String)
2026-04-23T18:54:55.867+08:00 DEBUG 21652 --- [           main] c.p.mapper.UserMapper.selectByPhone      : <==      Total: 0
2026-04-23T18:54:55.867+08:00 DEBUG 21652 --- [           main] c.p.mapper.MerchantMapper.selectByPhone  : ==>  Preparing: SELECT * FROM `merchant` WHERE phone = ?
2026-04-23T18:54:55.868+08:00 DEBUG 21652 --- [           main] c.p.mapper.MerchantMapper.selectByPhone  : ==> Parameters: 13900000001(String)
2026-04-23T18:54:55.868+08:00 DEBUG 21652 --- [           main] c.p.mapper.MerchantMapper.selectByPhone  : <==      Total: 1
2026-04-23T18:54:55.947+08:00 DEBUG 21652 --- [           main] o.s.s.a.dao.DaoAuthenticationProvider    : Authenticated user
2026-04-23T18:54:55.954+08:00 DEBUG 21652 --- [           main] o.s.security.web.FilterChainProxy        : Securing POST /api/auth/merchant/register
2026-04-23T18:54:55.954+08:00 DEBUG 21652 --- [           main] o.s.s.w.a.AnonymousAuthenticationFilter  : Set SecurityContextHolder to anonymous SecurityContext
2026-04-23T18:54:55.954+08:00 DEBUG 21652 --- [           main] o.s.security.web.FilterChainProxy        : Secured POST /api/auth/merchant/register
2026-04-23T18:54:55.958+08:00 DEBUG 21652 --- [           main] c.p.mapper.MerchantMapper.selectCount    : ==>  Preparing: SELECT COUNT( * ) AS total FROM "merchant" WHERE (phone = ?)
2026-04-23T18:54:55.958+08:00 DEBUG 21652 --- [           main] c.p.mapper.MerchantMapper.selectCount    : ==> Parameters: 13900000002(String)
2026-04-23T18:54:55.958+08:00 DEBUG 21652 --- [           main] c.p.mapper.MerchantMapper.selectCount    : <==      Total: 1
2026-04-23T18:54:56.039+08:00 DEBUG 21652 --- [           main] c.petshop.mapper.MerchantMapper.insert   : ==>  Preparing: INSERT INTO "merchant" ( name, contact_person, phone, email, password, address, logo, status, created_at, updated_at ) VALUES ( ?, ?, ?, ?, ?, ?, ?, ?, ?, ? )
2026-04-23T18:54:56.039+08:00 DEBUG 21652 --- [           main] c.petshop.mapper.MerchantMapper.insert   : ==> Parameters: 新商家(String), 李四(String), 13900000002(String), newmerchant@test.com(String), $2a$10$13jFUpxwkHgyJvER6ngifOIGtdLLG3H9Vntgfhg6BMJlaYaq2FoxW(String), 新地址456号(String), (String), pending(String), 2026-04-23T18:54:56.039387200(LocalDateTime), 2026-04-23T18:54:56.039387200(LocalDateTime)
2026-04-23T18:54:56.040+08:00 DEBUG 21652 --- [           main] c.petshop.mapper.MerchantMapper.insert   : <==    Updates: 1
2026-04-23T18:54:56.127+08:00 DEBUG 21652 --- [           main] c.petshop.mapper.MerchantMapper.insert   : ==>  Preparing: INSERT INTO "merchant" ( name, contact_person, phone, email, password, address, status, created_at, updated_at ) VALUES ( ?, ?, ?, ?, ?, ?, ?, ?, ? )
2026-04-23T18:54:56.127+08:00 DEBUG 21652 --- [           main] c.petshop.mapper.MerchantMapper.insert   : ==> Parameters: 测试商家(String), 张三(String), 13900000001(String), merchant@test.com(String), $2a$10$PK1ekJD39BnjnzvHgFn4berjq23b9zVE633Ja15D8c5hV0QUqB0iu(String), 测试地址123号(String), approved(String), 2026-04-23T18:54:56.127647200(LocalDateTime), 2026-04-23T18:54:56.127647200(LocalDateTime)
2026-04-23T18:54:56.128+08:00 DEBUG 21652 --- [           main] c.petshop.mapper.MerchantMapper.insert   : <==    Updates: 1
2026-04-23T18:54:56.128+08:00 DEBUG 21652 --- [           main] c.petshop.mapper.ServiceMapper.insert    : ==>  Preparing: INSERT INTO "service" ( merchant_id, name, description, price, duration, category, status, created_at, updated_at ) VALUES ( ?, ?, ?, ?, ?, ?, ?, ?, ? )
2026-04-23T18:54:56.128+08:00 DEBUG 21652 --- [           main] c.petshop.mapper.ServiceMapper.insert    : ==> Parameters: 81(Integer), 宠物美容(String), 专业宠物美容服务(String), 99.99(BigDecimal), 60(Integer), grooming(String), enabled(String), 2026-04-23T18:54:56.128647200(LocalDateTime), 2026-04-23T18:54:56.128647200(LocalDateTime)
2026-04-23T18:54:56.128+08:00 DEBUG 21652 --- [           main] c.petshop.mapper.ServiceMapper.insert    : <==    Updates: 1
2026-04-23T18:54:56.128+08:00 DEBUG 21652 --- [           main] c.petshop.mapper.ProductMapper.insert    : ==>  Preparing: INSERT INTO "product" ( merchant_id, name, description, price, stock, status, low_stock_threshold, category, created_at, updated_at ) VALUES ( ?, ?, ?, ?, ?, ?, ?, ?, ?, ? )
2026-04-23T18:54:56.129+08:00 DEBUG 21652 --- [           main] c.petshop.mapper.ProductMapper.insert    : ==> Parameters: 81(Integer), 宠物粮食(String), 优质宠物粮食(String), 59.99(BigDecimal), 100(Integer), enabled(String), 10(Integer), food(String), 2026-04-23T18:54:56.128647200(LocalDateTime), 2026-04-23T18:54:56.128647200(LocalDateTime)
2026-04-23T18:54:56.129+08:00 DEBUG 21652 --- [           main] c.petshop.mapper.ProductMapper.insert    : <==    Updates: 1
2026-04-23T18:54:56.211+08:00 DEBUG 21652 --- [           main] com.petshop.mapper.UserMapper.insert     : ==>  Preparing: INSERT INTO "user" ( username, email, password, phone, status, created_at, updated_at ) VALUES ( ?, ?, ?, ?, ?, ?, ? )
2026-04-23T18:54:56.212+08:00 DEBUG 21652 --- [           main] com.petshop.mapper.UserMapper.insert     : ==> Parameters: testuser(String), user@test.com(String), $2a$10$Kd28i1h5OgCBPUhqBHvck.TNXVeyBKammM4oUFz92aaoZBzha3kqK(String), 13800000001(String), active(String), 2026-04-23T18:54:56.211021700(LocalDateTime), 2026-04-23T18:54:56.211021700(LocalDateTime)
2026-04-23T18:54:56.212+08:00 DEBUG 21652 --- [           main] com.petshop.mapper.UserMapper.insert     : <==    Updates: 1
2026-04-23T18:54:56.212+08:00 DEBUG 21652 --- [           main] c.p.mapper.ProductOrderMapper.insert     : ==>  Preparing: INSERT INTO "product_order" ( order_no, user_id, merchant_id, total_price, freight, status, shipping_address, created_at, updated_at ) VALUES ( ?, ?, ?, ?, ?, ?, ?, ?, ? )
2026-04-23T18:54:56.212+08:00 DEBUG 21652 --- [           main] c.p.mapper.ProductOrderMapper.insert     : ==> Parameters: ORD1776941696212(String), 43(Integer), 81(Integer), 119.98(BigDecimal), 0(BigDecimal), pending(String), 测试收货地址(String), 2026-04-23T18:54:56.212026100(LocalDateTime), 2026-04-23T18:54:56.212026100(LocalDateTime)
2026-04-23T18:54:56.213+08:00 DEBUG 21652 --- [           main] c.p.mapper.ProductOrderMapper.insert     : <==    Updates: 1
2026-04-23T18:54:56.213+08:00 DEBUG 21652 --- [           main] com.petshop.mapper.ReviewMapper.insert   : ==>  Preparing: INSERT INTO "review" ( user_id, merchant_id, service_id, rating, comment, created_at, status ) VALUES ( ?, ?, ?, ?, ?, ?, ? )
2026-04-23T18:54:56.213+08:00 DEBUG 21652 --- [           main] com.petshop.mapper.ReviewMapper.insert   : ==> Parameters: 43(Integer), 81(Integer), 7(Integer), 5(Integer), 非常满意的服务！(String), 2026-04-23T18:54:56.213026400(LocalDateTime), approved(String)
2026-04-23T18:54:56.213+08:00 DEBUG 21652 --- [           main] com.petshop.mapper.ReviewMapper.insert   : <==    Updates: 1
2026-04-23T18:54:56.214+08:00 DEBUG 21652 --- [           main] o.s.security.web.FilterChainProxy        : Securing POST /api/auth/merchant/login
2026-04-23T18:54:56.214+08:00 DEBUG 21652 --- [           main] o.s.s.w.a.AnonymousAuthenticationFilter  : Set SecurityContextHolder to anonymous SecurityContext
2026-04-23T18:54:56.214+08:00 DEBUG 21652 --- [           main] o.s.security.web.FilterChainProxy        : Secured POST /api/auth/merchant/login
2026-04-23T18:54:56.215+08:00 DEBUG 21652 --- [           main] c.p.mapper.UserMapper.selectByPhone      : ==>  Preparing: SELECT * FROM `user` WHERE phone = ?
2026-04-23T18:54:56.215+08:00 DEBUG 21652 --- [           main] c.p.mapper.UserMapper.selectByPhone      : ==> Parameters: 13900000001(String)
2026-04-23T18:54:56.215+08:00 DEBUG 21652 --- [           main] c.p.mapper.UserMapper.selectByPhone      : <==      Total: 0
2026-04-23T18:54:56.215+08:00 DEBUG 21652 --- [           main] c.p.mapper.MerchantMapper.selectByPhone  : ==>  Preparing: SELECT * FROM `merchant` WHERE phone = ?
2026-04-23T18:54:56.216+08:00 DEBUG 21652 --- [           main] c.p.mapper.MerchantMapper.selectByPhone  : ==> Parameters: 13900000001(String)
2026-04-23T18:54:56.216+08:00 DEBUG 21652 --- [           main] c.p.mapper.MerchantMapper.selectByPhone  : <==      Total: 1
2026-04-23T18:54:56.295+08:00 DEBUG 21652 --- [           main] o.s.s.a.dao.DaoAuthenticationProvider    : Authenticated user
2026-04-23T18:54:56.379+08:00 DEBUG 21652 --- [           main] c.petshop.mapper.MerchantMapper.insert   : ==>  Preparing: INSERT INTO "merchant" ( name, contact_person, phone, email, password, address, status, created_at, updated_at ) VALUES ( ?, ?, ?, ?, ?, ?, ?, ?, ? )
2026-04-23T18:54:56.379+08:00 DEBUG 21652 --- [           main] c.petshop.mapper.MerchantMapper.insert   : ==> Parameters: 待审核商家(String), 测试(String), 13900000099(String), pending@test.com(String), $2a$10$DNh6sA6ah.sbaCIywgGTf.zCJ43OBA99ni0jJoi8V/itz7rQK28tG(String), 测试地址(String), pending(String), 2026-04-23T18:54:56.379458300(LocalDateTime), 2026-04-23T18:54:56.379458300(LocalDateTime)
2026-04-23T18:54:56.379+08:00 DEBUG 21652 --- [           main] c.petshop.mapper.MerchantMapper.insert   : <==    Updates: 1
2026-04-23T18:54:56.380+08:00 DEBUG 21652 --- [           main] o.s.security.web.FilterChainProxy        : Securing POST /api/auth/merchant/login
2026-04-23T18:54:56.380+08:00 DEBUG 21652 --- [           main] o.s.s.w.a.AnonymousAuthenticationFilter  : Set SecurityContextHolder to anonymous SecurityContext
2026-04-23T18:54:56.380+08:00 DEBUG 21652 --- [           main] o.s.security.web.FilterChainProxy        : Secured POST /api/auth/merchant/login
2026-04-23T18:54:56.381+08:00 DEBUG 21652 --- [           main] c.p.mapper.UserMapper.selectByPhone      : ==>  Preparing: SELECT * FROM `user` WHERE phone = ?
2026-04-23T18:54:56.381+08:00 DEBUG 21652 --- [           main] c.p.mapper.UserMapper.selectByPhone      : ==> Parameters: 13900000099(String)
2026-04-23T18:54:56.381+08:00 DEBUG 21652 --- [           main] c.p.mapper.UserMapper.selectByPhone      : <==      Total: 0
2026-04-23T18:54:56.381+08:00 DEBUG 21652 --- [           main] c.p.mapper.MerchantMapper.selectByPhone  : ==>  Preparing: SELECT * FROM `merchant` WHERE phone = ?
2026-04-23T18:54:56.381+08:00 DEBUG 21652 --- [           main] c.p.mapper.MerchantMapper.selectByPhone  : ==> Parameters: 13900000099(String)
2026-04-23T18:54:56.382+08:00 DEBUG 21652 --- [           main] c.p.mapper.MerchantMapper.selectByPhone  : <==      Total: 1
2026-04-23T18:54:56.462+08:00 DEBUG 21652 --- [           main] o.s.s.a.dao.DaoAuthenticationProvider    : Authenticated user
2026-04-23T18:54:56.550+08:00 DEBUG 21652 --- [           main] c.petshop.mapper.MerchantMapper.insert   : ==>  Preparing: INSERT INTO "merchant" ( name, contact_person, phone, email, password, address, status, created_at, updated_at ) VALUES ( ?, ?, ?, ?, ?, ?, ?, ?, ? )
2026-04-23T18:54:56.551+08:00 DEBUG 21652 --- [           main] c.petshop.mapper.MerchantMapper.insert   : ==> Parameters: 测试商家(String), 张三(String), 13900000001(String), merchant@test.com(String), $2a$10$2ee0sZqfKs4PcBPWVmgIbuhKmRwJOOPd/qpv.R9UW47MYvXTTJhpi(String), 测试地址123号(String), approved(String), 2026-04-23T18:54:56.550906900(LocalDateTime), 2026-04-23T18:54:56.550906900(LocalDateTime)
2026-04-23T18:54:56.551+08:00 DEBUG 21652 --- [           main] c.petshop.mapper.MerchantMapper.insert   : <==    Updates: 1
2026-04-23T18:54:56.552+08:00 DEBUG 21652 --- [           main] c.petshop.mapper.ServiceMapper.insert    : ==>  Preparing: INSERT INTO "service" ( merchant_id, name, description, price, duration, category, status, created_at, updated_at ) VALUES ( ?, ?, ?, ?, ?, ?, ?, ?, ? )
2026-04-23T18:54:56.552+08:00 DEBUG 21652 --- [           main] c.petshop.mapper.ServiceMapper.insert    : ==> Parameters: 83(Integer), 宠物美容(String), 专业宠物美容服务(String), 99.99(BigDecimal), 60(Integer), grooming(String), enabled(String), 2026-04-23T18:54:56.551424400(LocalDateTime), 2026-04-23T18:54:56.551424400(LocalDateTime)
2026-04-23T18:54:56.552+08:00 DEBUG 21652 --- [           main] c.petshop.mapper.ServiceMapper.insert    : <==    Updates: 1
2026-04-23T18:54:56.554+08:00 DEBUG 21652 --- [           main] c.petshop.mapper.ProductMapper.insert    : ==>  Preparing: INSERT INTO "product" ( merchant_id, name, description, price, stock, status, low_stock_threshold, category, created_at, updated_at ) VALUES ( ?, ?, ?, ?, ?, ?, ?, ?, ?, ? )
2026-04-23T18:54:56.554+08:00 DEBUG 21652 --- [           main] c.petshop.mapper.ProductMapper.insert    : ==> Parameters: 83(Integer), 宠物粮食(String), 优质宠物粮食(String), 59.99(BigDecimal), 100(Integer), enabled(String), 10(Integer), food(String), 2026-04-23T18:54:56.552425300(LocalDateTime), 2026-04-23T18:54:56.552425300(LocalDateTime)
2026-04-23T18:54:56.554+08:00 DEBUG 21652 --- [           main] c.petshop.mapper.ProductMapper.insert    : <==    Updates: 1
2026-04-23T18:54:56.634+08:00 DEBUG 21652 --- [           main] com.petshop.mapper.UserMapper.insert     : ==>  Preparing: INSERT INTO "user" ( username, email, password, phone, status, created_at, updated_at ) VALUES ( ?, ?, ?, ?, ?, ?, ? )
2026-04-23T18:54:56.635+08:00 DEBUG 21652 --- [           main] com.petshop.mapper.UserMapper.insert     : ==> Parameters: testuser(String), user@test.com(String), $2a$10$pRIPFgTBISU53ifQFCN6L.fwrZa44LAWwsC1DJdwxCtWyAjKife1G(String), 13800000001(String), active(String), 2026-04-23T18:54:56.634954600(LocalDateTime), 2026-04-23T18:54:56.634954600(LocalDateTime)
2026-04-23T18:54:56.635+08:00 DEBUG 21652 --- [           main] com.petshop.mapper.UserMapper.insert     : <==    Updates: 1
2026-04-23T18:54:56.637+08:00 DEBUG 21652 --- [           main] c.p.mapper.ProductOrderMapper.insert     : ==>  Preparing: INSERT INTO "product_order" ( order_no, user_id, merchant_id, total_price, freight, status, shipping_address, created_at, updated_at ) VALUES ( ?, ?, ?, ?, ?, ?, ?, ?, ? )
2026-04-23T18:54:56.637+08:00 DEBUG 21652 --- [           main] c.p.mapper.ProductOrderMapper.insert     : ==> Parameters: ORD1776941696635(String), 44(Integer), 83(Integer), 119.98(BigDecimal), 0(BigDecimal), pending(String), 测试收货地址(String), 2026-04-23T18:54:56.635953300(LocalDateTime), 2026-04-23T18:54:56.635953300(LocalDateTime)
2026-04-23T18:54:56.637+08:00 DEBUG 21652 --- [           main] c.p.mapper.ProductOrderMapper.insert     : <==    Updates: 1
2026-04-23T18:54:56.638+08:00 DEBUG 21652 --- [           main] com.petshop.mapper.ReviewMapper.insert   : ==>  Preparing: INSERT INTO "review" ( user_id, merchant_id, service_id, rating, comment, created_at, status ) VALUES ( ?, ?, ?, ?, ?, ?, ? )
2026-04-23T18:54:56.638+08:00 DEBUG 21652 --- [           main] com.petshop.mapper.ReviewMapper.insert   : ==> Parameters: 44(Integer), 83(Integer), 8(Integer), 5(Integer), 非常满意的服务！(String), 2026-04-23T18:54:56.637932300(LocalDateTime), approved(String)
2026-04-23T18:54:56.638+08:00 DEBUG 21652 --- [           main] com.petshop.mapper.ReviewMapper.insert   : <==    Updates: 1
2026-04-23T18:54:56.640+08:00 DEBUG 21652 --- [           main] o.s.security.web.FilterChainProxy        : Securing POST /api/auth/merchant/login
2026-04-23T18:54:56.640+08:00 DEBUG 21652 --- [           main] o.s.s.w.a.AnonymousAuthenticationFilter  : Set SecurityContextHolder to anonymous SecurityContext
2026-04-23T18:54:56.640+08:00 DEBUG 21652 --- [           main] o.s.security.web.FilterChainProxy        : Secured POST /api/auth/merchant/login
2026-04-23T18:54:56.641+08:00 DEBUG 21652 --- [           main] c.p.mapper.UserMapper.selectByPhone      : ==>  Preparing: SELECT * FROM `user` WHERE phone = ?
2026-04-23T18:54:56.641+08:00 DEBUG 21652 --- [           main] c.p.mapper.UserMapper.selectByPhone      : ==> Parameters: 13900000001(String)
2026-04-23T18:54:56.642+08:00 DEBUG 21652 --- [           main] c.p.mapper.UserMapper.selectByPhone      : <==      Total: 0
2026-04-23T18:54:56.642+08:00 DEBUG 21652 --- [           main] c.p.mapper.MerchantMapper.selectByPhone  : ==>  Preparing: SELECT * FROM `merchant` WHERE phone = ?
2026-04-23T18:54:56.642+08:00 DEBUG 21652 --- [           main] c.p.mapper.MerchantMapper.selectByPhone  : ==> Parameters: 13900000001(String)
2026-04-23T18:54:56.642+08:00 DEBUG 21652 --- [           main] c.p.mapper.MerchantMapper.selectByPhone  : <==      Total: 1
2026-04-23T18:54:56.724+08:00 DEBUG 21652 --- [           main] o.s.s.a.dao.DaoAuthenticationProvider    : Authenticated user
2026-04-23T18:54:56.726+08:00 DEBUG 21652 --- [           main] o.s.security.web.FilterChainProxy        : Securing POST /api/auth/merchant/login
2026-04-23T18:54:56.726+08:00 DEBUG 21652 --- [           main] o.s.s.w.a.AnonymousAuthenticationFilter  : Set SecurityContextHolder to anonymous SecurityContext
2026-04-23T18:54:56.726+08:00 DEBUG 21652 --- [           main] o.s.security.web.FilterChainProxy        : Secured POST /api/auth/merchant/login
2026-04-23T18:54:56.805+08:00 DEBUG 21652 --- [           main] o.s.s.a.dao.DaoAuthenticationProvider    : Failed to authenticate since password does not match stored value
2026-04-23T18:54:56.891+08:00 DEBUG 21652 --- [           main] c.petshop.mapper.MerchantMapper.insert   : ==>  Preparing: INSERT INTO "merchant" ( name, contact_person, phone, email, password, address, status, created_at, updated_at ) VALUES ( ?, ?, ?, ?, ?, ?, ?, ?, ? )
2026-04-23T18:54:56.891+08:00 DEBUG 21652 --- [           main] c.petshop.mapper.MerchantMapper.insert   : ==> Parameters: 测试商家(String), 张三(String), 13900000001(String), merchant@test.com(String), $2a$10$MJ5Lw9jO5igA7lo0WRWfru4QlZPN2j8ojikcrhxIUA84YvLkSPh9a(String), 测试地址123号(String), approved(String), 2026-04-23T18:54:56.891233300(LocalDateTime), 2026-04-23T18:54:56.891233300(LocalDateTime)
2026-04-23T18:54:56.891+08:00 DEBUG 21652 --- [           main] c.petshop.mapper.MerchantMapper.insert   : <==    Updates: 1
2026-04-23T18:54:56.892+08:00 DEBUG 21652 --- [           main] c.petshop.mapper.ServiceMapper.insert    : ==>  Preparing: INSERT INTO "service" ( merchant_id, name, description, price, duration, category, status, created_at, updated_at ) VALUES ( ?, ?, ?, ?, ?, ?, ?, ?, ? )
2026-04-23T18:54:56.892+08:00 DEBUG 21652 --- [           main] c.petshop.mapper.ServiceMapper.insert    : ==> Parameters: 84(Integer), 宠物美容(String), 专业宠物美容服务(String), 99.99(BigDecimal), 60(Integer), grooming(String), enabled(String), 2026-04-23T18:54:56.892254700(LocalDateTime), 2026-04-23T18:54:56.892254700(LocalDateTime)
2026-04-23T18:54:56.892+08:00 DEBUG 21652 --- [           main] c.petshop.mapper.ServiceMapper.insert    : <==    Updates: 1
2026-04-23T18:54:56.892+08:00 DEBUG 21652 --- [           main] c.petshop.mapper.ProductMapper.insert    : ==>  Preparing: INSERT INTO "product" ( merchant_id, name, description, price, stock, status, low_stock_threshold, category, created_at, updated_at ) VALUES ( ?, ?, ?, ?, ?, ?, ?, ?, ?, ? )
2026-04-23T18:54:56.892+08:00 DEBUG 21652 --- [           main] c.petshop.mapper.ProductMapper.insert    : ==> Parameters: 84(Integer), 宠物粮食(String), 优质宠物粮食(String), 59.99(BigDecimal), 100(Integer), enabled(String), 10(Integer), food(String), 2026-04-23T18:54:56.892254700(LocalDateTime), 2026-04-23T18:54:56.892254700(LocalDateTime)
2026-04-23T18:54:56.893+08:00 DEBUG 21652 --- [           main] c.petshop.mapper.ProductMapper.insert    : <==    Updates: 1
2026-04-23T18:54:56.973+08:00 DEBUG 21652 --- [           main] com.petshop.mapper.UserMapper.insert     : ==>  Preparing: INSERT INTO "user" ( username, email, password, phone, status, created_at, updated_at ) VALUES ( ?, ?, ?, ?, ?, ?, ? )
2026-04-23T18:54:56.973+08:00 DEBUG 21652 --- [           main] com.petshop.mapper.UserMapper.insert     : ==> Parameters: testuser(String), user@test.com(String), $2a$10$ijJSXj0u/qOghKdHd9vgbOmma0htiyBtEiVZvsVyImvS8s7hcQ.7G(String), 13800000001(String), active(String), 2026-04-23T18:54:56.973426600(LocalDateTime), 2026-04-23T18:54:56.973426600(LocalDateTime)
2026-04-23T18:54:56.974+08:00 DEBUG 21652 --- [           main] com.petshop.mapper.UserMapper.insert     : <==    Updates: 1
2026-04-23T18:54:56.974+08:00 DEBUG 21652 --- [           main] c.p.mapper.ProductOrderMapper.insert     : ==>  Preparing: INSERT INTO "product_order" ( order_no, user_id, merchant_id, total_price, freight, status, shipping_address, created_at, updated_at ) VALUES ( ?, ?, ?, ?, ?, ?, ?, ?, ? )
2026-04-23T18:54:56.974+08:00 DEBUG 21652 --- [           main] c.p.mapper.ProductOrderMapper.insert     : ==> Parameters: ORD1776941696974(String), 45(Integer), 84(Integer), 119.98(BigDecimal), 0(BigDecimal), pending(String), 测试收货地址(String), 2026-04-23T18:54:56.974422700(LocalDateTime), 2026-04-23T18:54:56.974422700(LocalDateTime)
2026-04-23T18:54:56.974+08:00 DEBUG 21652 --- [           main] c.p.mapper.ProductOrderMapper.insert     : <==    Updates: 1
2026-04-23T18:54:56.975+08:00 DEBUG 21652 --- [           main] com.petshop.mapper.ReviewMapper.insert   : ==>  Preparing: INSERT INTO "review" ( user_id, merchant_id, service_id, rating, comment, created_at, status ) VALUES ( ?, ?, ?, ?, ?, ?, ? )
2026-04-23T18:54:56.975+08:00 DEBUG 21652 --- [           main] com.petshop.mapper.ReviewMapper.insert   : ==> Parameters: 45(Integer), 84(Integer), 9(Integer), 5(Integer), 非常满意的服务！(String), 2026-04-23T18:54:56.974422700(LocalDateTime), approved(String)
2026-04-23T18:54:56.975+08:00 DEBUG 21652 --- [           main] com.petshop.mapper.ReviewMapper.insert   : <==    Updates: 1
2026-04-23T18:54:56.975+08:00 DEBUG 21652 --- [           main] o.s.security.web.FilterChainProxy        : Securing POST /api/auth/merchant/login
2026-04-23T18:54:56.976+08:00 DEBUG 21652 --- [           main] o.s.s.w.a.AnonymousAuthenticationFilter  : Set SecurityContextHolder to anonymous SecurityContext
2026-04-23T18:54:56.976+08:00 DEBUG 21652 --- [           main] o.s.security.web.FilterChainProxy        : Secured POST /api/auth/merchant/login
2026-04-23T18:54:56.977+08:00 DEBUG 21652 --- [           main] c.p.mapper.UserMapper.selectByPhone      : ==>  Preparing: SELECT * FROM `user` WHERE phone = ?
2026-04-23T18:54:56.977+08:00 DEBUG 21652 --- [           main] c.p.mapper.UserMapper.selectByPhone      : ==> Parameters: 13900000001(String)
2026-04-23T18:54:56.977+08:00 DEBUG 21652 --- [           main] c.p.mapper.UserMapper.selectByPhone      : <==      Total: 0
2026-04-23T18:54:56.977+08:00 DEBUG 21652 --- [           main] c.p.mapper.MerchantMapper.selectByPhone  : ==>  Preparing: SELECT * FROM `merchant` WHERE phone = ?
2026-04-23T18:54:56.978+08:00 DEBUG 21652 --- [           main] c.p.mapper.MerchantMapper.selectByPhone  : ==> Parameters: 13900000001(String)
2026-04-23T18:54:56.978+08:00 DEBUG 21652 --- [           main] c.p.mapper.MerchantMapper.selectByPhone  : <==      Total: 1
2026-04-23T18:54:57.058+08:00 DEBUG 21652 --- [           main] o.s.s.a.dao.DaoAuthenticationProvider    : Authenticated user
2026-04-23T18:54:57.061+08:00 DEBUG 21652 --- [           main] o.s.security.web.FilterChainProxy        : Securing POST /api/auth/merchant/login
2026-04-23T18:54:57.061+08:00 DEBUG 21652 --- [           main] o.s.s.w.a.AnonymousAuthenticationFilter  : Set SecurityContextHolder to anonymous SecurityContext
2026-04-23T18:54:57.061+08:00 DEBUG 21652 --- [           main] o.s.security.web.FilterChainProxy        : Secured POST /api/auth/merchant/login
2026-04-23T18:54:57.142+08:00 DEBUG 21652 --- [           main] o.s.s.a.dao.DaoAuthenticationProvider    : Authenticated user
2026-04-23T18:54:57.228+08:00 DEBUG 21652 --- [           main] c.petshop.mapper.MerchantMapper.insert   : ==>  Preparing: INSERT INTO "merchant" ( name, contact_person, phone, email, password, address, status, created_at, updated_at ) VALUES ( ?, ?, ?, ?, ?, ?, ?, ?, ? )
2026-04-23T18:54:57.228+08:00 DEBUG 21652 --- [           main] c.petshop.mapper.MerchantMapper.insert   : ==> Parameters: 测试商家(String), 张三(String), 13900000001(String), merchant@test.com(String), $2a$10$FOJmVf7lE0KGsta54SeBKO5sfw2d.SaaTWEvfPh49w9InRfOtowHa(String), 测试地址123号(String), approved(String), 2026-04-23T18:54:57.228429500(LocalDateTime), 2026-04-23T18:54:57.228429500(LocalDateTime)
2026-04-23T18:54:57.228+08:00 DEBUG 21652 --- [           main] c.petshop.mapper.MerchantMapper.insert   : <==    Updates: 1
2026-04-23T18:54:57.229+08:00 DEBUG 21652 --- [           main] c.petshop.mapper.ServiceMapper.insert    : ==>  Preparing: INSERT INTO "service" ( merchant_id, name, description, price, duration, category, status, created_at, updated_at ) VALUES ( ?, ?, ?, ?, ?, ?, ?, ?, ? )
2026-04-23T18:54:57.229+08:00 DEBUG 21652 --- [           main] c.petshop.mapper.ServiceMapper.insert    : ==> Parameters: 85(Integer), 宠物美容(String), 专业宠物美容服务(String), 99.99(BigDecimal), 60(Integer), grooming(String), enabled(String), 2026-04-23T18:54:57.229440500(LocalDateTime), 2026-04-23T18:54:57.229440500(LocalDateTime)
2026-04-23T18:54:57.229+08:00 DEBUG 21652 --- [           main] c.petshop.mapper.ServiceMapper.insert    : <==    Updates: 1
2026-04-23T18:54:57.230+08:00 DEBUG 21652 --- [           main] c.petshop.mapper.ProductMapper.insert    : ==>  Preparing: INSERT INTO "product" ( merchant_id, name, description, price, stock, status, low_stock_threshold, category, created_at, updated_at ) VALUES ( ?, ?, ?, ?, ?, ?, ?, ?, ?, ? )
2026-04-23T18:54:57.230+08:00 DEBUG 21652 --- [           main] c.petshop.mapper.ProductMapper.insert    : ==> Parameters: 85(Integer), 宠物粮食(String), 优质宠物粮食(String), 59.99(BigDecimal), 100(Integer), enabled(String), 10(Integer), food(String), 2026-04-23T18:54:57.229440500(LocalDateTime), 2026-04-23T18:54:57.229440500(LocalDateTime)
2026-04-23T18:54:57.231+08:00 DEBUG 21652 --- [           main] c.petshop.mapper.ProductMapper.insert    : <==    Updates: 1
2026-04-23T18:54:57.312+08:00 DEBUG 21652 --- [           main] com.petshop.mapper.UserMapper.insert     : ==>  Preparing: INSERT INTO "user" ( username, email, password, phone, status, created_at, updated_at ) VALUES ( ?, ?, ?, ?, ?, ?, ? )
2026-04-23T18:54:57.312+08:00 DEBUG 21652 --- [           main] com.petshop.mapper.UserMapper.insert     : ==> Parameters: testuser(String), user@test.com(String), $2a$10$YLCqE49jYbcdMzhW3Avx3u00gaxnBgLnw8AmQS6unkbAtpIQw.HkG(String), 13800000001(String), active(String), 2026-04-23T18:54:57.311446100(LocalDateTime), 2026-04-23T18:54:57.311446100(LocalDateTime)
2026-04-23T18:54:57.312+08:00 DEBUG 21652 --- [           main] com.petshop.mapper.UserMapper.insert     : <==    Updates: 1
2026-04-23T18:54:57.314+08:00 DEBUG 21652 --- [           main] c.p.mapper.ProductOrderMapper.insert     : ==>  Preparing: INSERT INTO "product_order" ( order_no, user_id, merchant_id, total_price, freight, status, shipping_address, created_at, updated_at ) VALUES ( ?, ?, ?, ?, ?, ?, ?, ?, ? )
2026-04-23T18:54:57.314+08:00 DEBUG 21652 --- [           main] c.p.mapper.ProductOrderMapper.insert     : ==> Parameters: ORD1776941697312(String), 46(Integer), 85(Integer), 119.98(BigDecimal), 0(BigDecimal), pending(String), 测试收货地址(String), 2026-04-23T18:54:57.312334300(LocalDateTime), 2026-04-23T18:54:57.312334300(LocalDateTime)
2026-04-23T18:54:57.314+08:00 DEBUG 21652 --- [           main] c.p.mapper.ProductOrderMapper.insert     : <==    Updates: 1
2026-04-23T18:54:57.315+08:00 DEBUG 21652 --- [           main] com.petshop.mapper.ReviewMapper.insert   : ==>  Preparing: INSERT INTO "review" ( user_id, merchant_id, service_id, rating, comment, created_at, status ) VALUES ( ?, ?, ?, ?, ?, ?, ? )
2026-04-23T18:54:57.315+08:00 DEBUG 21652 --- [           main] com.petshop.mapper.ReviewMapper.insert   : ==> Parameters: 46(Integer), 85(Integer), 10(Integer), 5(Integer), 非常满意的服务！(String), 2026-04-23T18:54:57.314345700(LocalDateTime), approved(String)
2026-04-23T18:54:57.316+08:00 DEBUG 21652 --- [           main] com.petshop.mapper.ReviewMapper.insert   : <==    Updates: 1
2026-04-23T18:54:57.317+08:00 DEBUG 21652 --- [           main] o.s.security.web.FilterChainProxy        : Securing POST /api/auth/merchant/login
2026-04-23T18:54:57.317+08:00 DEBUG 21652 --- [           main] o.s.s.w.a.AnonymousAuthenticationFilter  : Set SecurityContextHolder to anonymous SecurityContext
2026-04-23T18:54:57.317+08:00 DEBUG 21652 --- [           main] o.s.security.web.FilterChainProxy        : Secured POST /api/auth/merchant/login
2026-04-23T18:54:57.319+08:00 DEBUG 21652 --- [           main] c.p.mapper.UserMapper.selectByPhone      : ==>  Preparing: SELECT * FROM `user` WHERE phone = ?
2026-04-23T18:54:57.320+08:00 DEBUG 21652 --- [           main] c.p.mapper.UserMapper.selectByPhone      : ==> Parameters: 13900000001(String)
2026-04-23T18:54:57.320+08:00 DEBUG 21652 --- [           main] c.p.mapper.UserMapper.selectByPhone      : <==      Total: 0
2026-04-23T18:54:57.320+08:00 DEBUG 21652 --- [           main] c.p.mapper.MerchantMapper.selectByPhone  : ==>  Preparing: SELECT * FROM `merchant` WHERE phone = ?
2026-04-23T18:54:57.320+08:00 DEBUG 21652 --- [           main] c.p.mapper.MerchantMapper.selectByPhone  : ==> Parameters: 13900000001(String)
2026-04-23T18:54:57.321+08:00 DEBUG 21652 --- [           main] c.p.mapper.MerchantMapper.selectByPhone  : <==      Total: 1
2026-04-23T18:54:57.402+08:00 DEBUG 21652 --- [           main] o.s.s.a.dao.DaoAuthenticationProvider    : Authenticated user
2026-04-23T18:54:57.404+08:00 DEBUG 21652 --- [           main] o.s.security.web.FilterChainProxy        : Securing POST /api/auth/merchant/register
2026-04-23T18:54:57.405+08:00 DEBUG 21652 --- [           main] o.s.s.w.a.AnonymousAuthenticationFilter  : Set SecurityContextHolder to anonymous SecurityContext
2026-04-23T18:54:57.405+08:00 DEBUG 21652 --- [           main] o.s.security.web.FilterChainProxy        : Secured POST /api/auth/merchant/register
2026-04-23T18:54:57.491+08:00 DEBUG 21652 --- [           main] c.petshop.mapper.MerchantMapper.insert   : ==>  Preparing: INSERT INTO "merchant" ( name, contact_person, phone, email, password, address, status, created_at, updated_at ) VALUES ( ?, ?, ?, ?, ?, ?, ?, ?, ? )
2026-04-23T18:54:57.491+08:00 DEBUG 21652 --- [           main] c.petshop.mapper.MerchantMapper.insert   : ==> Parameters: 测试商家(String), 张三(String), 13900000001(String), merchant@test.com(String), $2a$10$1/rNhNXFKMvQdQoQOeQja.bfw.yDAMVHg..FQKrxDAEx2Y5gOvTki(String), 测试地址123号(String), approved(String), 2026-04-23T18:54:57.489990300(LocalDateTime), 2026-04-23T18:54:57.489990300(LocalDateTime)
2026-04-23T18:54:57.491+08:00 DEBUG 21652 --- [           main] c.petshop.mapper.MerchantMapper.insert   : <==    Updates: 1
2026-04-23T18:54:57.491+08:00 DEBUG 21652 --- [           main] c.petshop.mapper.ServiceMapper.insert    : ==>  Preparing: INSERT INTO "service" ( merchant_id, name, description, price, duration, category, status, created_at, updated_at ) VALUES ( ?, ?, ?, ?, ?, ?, ?, ?, ? )
2026-04-23T18:54:57.491+08:00 DEBUG 21652 --- [           main] c.petshop.mapper.ServiceMapper.insert    : ==> Parameters: 86(Integer), 宠物美容(String), 专业宠物美容服务(String), 99.99(BigDecimal), 60(Integer), grooming(String), enabled(String), 2026-04-23T18:54:57.491148500(LocalDateTime), 2026-04-23T18:54:57.491148500(LocalDateTime)
2026-04-23T18:54:57.492+08:00 DEBUG 21652 --- [           main] c.petshop.mapper.ServiceMapper.insert    : <==    Updates: 1
2026-04-23T18:54:57.492+08:00 DEBUG 21652 --- [           main] c.petshop.mapper.ProductMapper.insert    : ==>  Preparing: INSERT INTO "product" ( merchant_id, name, description, price, stock, status, low_stock_threshold, category, created_at, updated_at ) VALUES ( ?, ?, ?, ?, ?, ?, ?, ?, ?, ? )
2026-04-23T18:54:57.492+08:00 DEBUG 21652 --- [           main] c.petshop.mapper.ProductMapper.insert    : ==> Parameters: 86(Integer), 宠物粮食(String), 优质宠物粮食(String), 59.99(BigDecimal), 100(Integer), enabled(String), 10(Integer), food(String), 2026-04-23T18:54:57.492168(LocalDateTime), 2026-04-23T18:54:57.492168(LocalDateTime)
2026-04-23T18:54:57.492+08:00 DEBUG 21652 --- [           main] c.petshop.mapper.ProductMapper.insert    : <==    Updates: 1
2026-04-23T18:54:57.573+08:00 DEBUG 21652 --- [           main] com.petshop.mapper.UserMapper.insert     : ==>  Preparing: INSERT INTO "user" ( username, email, password, phone, status, created_at, updated_at ) VALUES ( ?, ?, ?, ?, ?, ?, ? )
2026-04-23T18:54:57.573+08:00 DEBUG 21652 --- [           main] com.petshop.mapper.UserMapper.insert     : ==> Parameters: testuser(String), user@test.com(String), $2a$10$QTvqgwNu1DL01wh8myYf1ekBD0A4q1zlSiWiyW38Nw45j4eonbhem(String), 13800000001(String), active(String), 2026-04-23T18:54:57.573124900(LocalDateTime), 2026-04-23T18:54:57.573124900(LocalDateTime)
2026-04-23T18:54:57.574+08:00 DEBUG 21652 --- [           main] com.petshop.mapper.UserMapper.insert     : <==    Updates: 1
2026-04-23T18:54:57.574+08:00 DEBUG 21652 --- [           main] c.p.mapper.ProductOrderMapper.insert     : ==>  Preparing: INSERT INTO "product_order" ( order_no, user_id, merchant_id, total_price, freight, status, shipping_address, created_at, updated_at ) VALUES ( ?, ?, ?, ?, ?, ?, ?, ?, ? )
2026-04-23T18:54:57.574+08:00 DEBUG 21652 --- [           main] c.p.mapper.ProductOrderMapper.insert     : ==> Parameters: ORD1776941697574(String), 47(Integer), 86(Integer), 119.98(BigDecimal), 0(BigDecimal), pending(String), 测试收货地址(String), 2026-04-23T18:54:57.574123900(LocalDateTime), 2026-04-23T18:54:57.574123900(LocalDateTime)
2026-04-23T18:54:57.574+08:00 DEBUG 21652 --- [           main] c.p.mapper.ProductOrderMapper.insert     : <==    Updates: 1
2026-04-23T18:54:57.574+08:00 DEBUG 21652 --- [           main] com.petshop.mapper.ReviewMapper.insert   : ==>  Preparing: INSERT INTO "review" ( user_id, merchant_id, service_id, rating, comment, created_at, status ) VALUES ( ?, ?, ?, ?, ?, ?, ? )
2026-04-23T18:54:57.575+08:00 DEBUG 21652 --- [           main] com.petshop.mapper.ReviewMapper.insert   : ==> Parameters: 47(Integer), 86(Integer), 11(Integer), 5(Integer), 非常满意的服务！(String), 2026-04-23T18:54:57.574123900(LocalDateTime), approved(String)
2026-04-23T18:54:57.575+08:00 DEBUG 21652 --- [           main] com.petshop.mapper.ReviewMapper.insert   : <==    Updates: 1
2026-04-23T18:54:57.575+08:00 DEBUG 21652 --- [           main] o.s.security.web.FilterChainProxy        : Securing POST /api/auth/merchant/login
2026-04-23T18:54:57.576+08:00 DEBUG 21652 --- [           main] o.s.s.w.a.AnonymousAuthenticationFilter  : Set SecurityContextHolder to anonymous SecurityContext
2026-04-23T18:54:57.576+08:00 DEBUG 21652 --- [           main] o.s.security.web.FilterChainProxy        : Secured POST /api/auth/merchant/login
2026-04-23T18:54:57.577+08:00 DEBUG 21652 --- [           main] c.p.mapper.UserMapper.selectByPhone      : ==>  Preparing: SELECT * FROM `user` WHERE phone = ?
2026-04-23T18:54:57.577+08:00 DEBUG 21652 --- [           main] c.p.mapper.UserMapper.selectByPhone      : ==> Parameters: 13900000001(String)
2026-04-23T18:54:57.577+08:00 DEBUG 21652 --- [           main] c.p.mapper.UserMapper.selectByPhone      : <==      Total: 0
2026-04-23T18:54:57.577+08:00 DEBUG 21652 --- [           main] c.p.mapper.MerchantMapper.selectByPhone  : ==>  Preparing: SELECT * FROM `merchant` WHERE phone = ?
2026-04-23T18:54:57.577+08:00 DEBUG 21652 --- [           main] c.p.mapper.MerchantMapper.selectByPhone  : ==> Parameters: 13900000001(String)
2026-04-23T18:54:57.578+08:00 DEBUG 21652 --- [           main] c.p.mapper.MerchantMapper.selectByPhone  : <==      Total: 1
2026-04-23T18:54:57.657+08:00 DEBUG 21652 --- [           main] o.s.s.a.dao.DaoAuthenticationProvider    : Authenticated user
2026-04-23T18:54:57.659+08:00 DEBUG 21652 --- [           main] o.s.security.web.FilterChainProxy        : Securing POST /api/auth/merchant/register
2026-04-23T18:54:57.659+08:00 DEBUG 21652 --- [           main] o.s.s.w.a.AnonymousAuthenticationFilter  : Set SecurityContextHolder to anonymous SecurityContext
2026-04-23T18:54:57.661+08:00 DEBUG 21652 --- [           main] o.s.security.web.FilterChainProxy        : Secured POST /api/auth/merchant/register
2026-04-23T18:54:57.747+08:00 DEBUG 21652 --- [           main] c.petshop.mapper.MerchantMapper.insert   : ==>  Preparing: INSERT INTO "merchant" ( name, contact_person, phone, email, password, address, status, created_at, updated_at ) VALUES ( ?, ?, ?, ?, ?, ?, ?, ?, ? )
2026-04-23T18:54:57.747+08:00 DEBUG 21652 --- [           main] c.petshop.mapper.MerchantMapper.insert   : ==> Parameters: 测试商家(String), 张三(String), 13900000001(String), merchant@test.com(String), $2a$10$S8gfs2XandmcdnjwXPMIKeA.ApVyduci36.1q9U/DhG6Ngy9Bmfy2(String), 测试地址123号(String), approved(String), 2026-04-23T18:54:57.747419500(LocalDateTime), 2026-04-23T18:54:57.747419500(LocalDateTime)
2026-04-23T18:54:57.747+08:00 DEBUG 21652 --- [           main] c.petshop.mapper.MerchantMapper.insert   : <==    Updates: 1
2026-04-23T18:54:57.748+08:00 DEBUG 21652 --- [           main] c.petshop.mapper.ServiceMapper.insert    : ==>  Preparing: INSERT INTO "service" ( merchant_id, name, description, price, duration, category, status, created_at, updated_at ) VALUES ( ?, ?, ?, ?, ?, ?, ?, ?, ? )
2026-04-23T18:54:57.748+08:00 DEBUG 21652 --- [           main] c.petshop.mapper.ServiceMapper.insert    : ==> Parameters: 87(Integer), 宠物美容(String), 专业宠物美容服务(String), 99.99(BigDecimal), 60(Integer), grooming(String), enabled(String), 2026-04-23T18:54:57.747419500(LocalDateTime), 2026-04-23T18:54:57.747419500(LocalDateTime)
2026-04-23T18:54:57.748+08:00 DEBUG 21652 --- [           main] c.petshop.mapper.ServiceMapper.insert    : <==    Updates: 1
2026-04-23T18:54:57.748+08:00 DEBUG 21652 --- [           main] c.petshop.mapper.ProductMapper.insert    : ==>  Preparing: INSERT INTO "product" ( merchant_id, name, description, price, stock, status, low_stock_threshold, category, created_at, updated_at ) VALUES ( ?, ?, ?, ?, ?, ?, ?, ?, ?, ? )
2026-04-23T18:54:57.748+08:00 DEBUG 21652 --- [           main] c.petshop.mapper.ProductMapper.insert    : ==> Parameters: 87(Integer), 宠物粮食(String), 优质宠物粮食(String), 59.99(BigDecimal), 100(Integer), enabled(String), 10(Integer), food(String), 2026-04-23T18:54:57.748423500(LocalDateTime), 2026-04-23T18:54:57.748423500(LocalDateTime)
2026-04-23T18:54:57.748+08:00 DEBUG 21652 --- [           main] c.petshop.mapper.ProductMapper.insert    : <==    Updates: 1
2026-04-23T18:54:57.829+08:00 DEBUG 21652 --- [           main] com.petshop.mapper.UserMapper.insert     : ==>  Preparing: INSERT INTO "user" ( username, email, password, phone, status, created_at, updated_at ) VALUES ( ?, ?, ?, ?, ?, ?, ? )
2026-04-23T18:54:57.829+08:00 DEBUG 21652 --- [           main] com.petshop.mapper.UserMapper.insert     : ==> Parameters: testuser(String), user@test.com(String), $2a$10$NXIvoDd1q3Kzt3BwpicquOn9yOrA3Gwg.fhkl0CLvnFTdv9bII1VK(String), 13800000001(String), active(String), 2026-04-23T18:54:57.829978900(LocalDateTime), 2026-04-23T18:54:57.829978900(LocalDateTime)
2026-04-23T18:54:57.829+08:00 DEBUG 21652 --- [           main] com.petshop.mapper.UserMapper.insert     : <==    Updates: 1
2026-04-23T18:54:57.829+08:00 DEBUG 21652 --- [           main] c.p.mapper.ProductOrderMapper.insert     : ==>  Preparing: INSERT INTO "product_order" ( order_no, user_id, merchant_id, total_price, freight, status, shipping_address, created_at, updated_at ) VALUES ( ?, ?, ?, ?, ?, ?, ?, ?, ? )
2026-04-23T18:54:57.830+08:00 DEBUG 21652 --- [           main] c.p.mapper.ProductOrderMapper.insert     : ==> Parameters: ORD1776941697829(String), 48(Integer), 87(Integer), 119.98(BigDecimal), 0(BigDecimal), pending(String), 测试收货地址(String), 2026-04-23T18:54:57.829978900(LocalDateTime), 2026-04-23T18:54:57.829978900(LocalDateTime)
2026-04-23T18:54:57.830+08:00 DEBUG 21652 --- [           main] c.p.mapper.ProductOrderMapper.insert     : <==    Updates: 1
2026-04-23T18:54:57.830+08:00 DEBUG 21652 --- [           main] com.petshop.mapper.ReviewMapper.insert   : ==>  Preparing: INSERT INTO "review" ( user_id, merchant_id, service_id, rating, comment, created_at, status ) VALUES ( ?, ?, ?, ?, ?, ?, ? )
2026-04-23T18:54:57.830+08:00 DEBUG 21652 --- [           main] com.petshop.mapper.ReviewMapper.insert   : ==> Parameters: 48(Integer), 87(Integer), 12(Integer), 5(Integer), 非常满意的服务！(String), 2026-04-23T18:54:57.830983400(LocalDateTime), approved(String)
2026-04-23T18:54:57.830+08:00 DEBUG 21652 --- [           main] com.petshop.mapper.ReviewMapper.insert   : <==    Updates: 1
2026-04-23T18:54:57.832+08:00 DEBUG 21652 --- [           main] o.s.security.web.FilterChainProxy        : Securing POST /api/auth/merchant/login
2026-04-23T18:54:57.832+08:00 DEBUG 21652 --- [           main] o.s.s.w.a.AnonymousAuthenticationFilter  : Set SecurityContextHolder to anonymous SecurityContext
2026-04-23T18:54:57.832+08:00 DEBUG 21652 --- [           main] o.s.security.web.FilterChainProxy        : Secured POST /api/auth/merchant/login
2026-04-23T18:54:57.833+08:00 DEBUG 21652 --- [           main] c.p.mapper.UserMapper.selectByPhone      : ==>  Preparing: SELECT * FROM `user` WHERE phone = ?
2026-04-23T18:54:57.833+08:00 DEBUG 21652 --- [           main] c.p.mapper.UserMapper.selectByPhone      : ==> Parameters: 13900000001(String)
2026-04-23T18:54:57.833+08:00 DEBUG 21652 --- [           main] c.p.mapper.UserMapper.selectByPhone      : <==      Total: 0
2026-04-23T18:54:57.833+08:00 DEBUG 21652 --- [           main] c.p.mapper.MerchantMapper.selectByPhone  : ==>  Preparing: SELECT * FROM `merchant` WHERE phone = ?
2026-04-23T18:54:57.834+08:00 DEBUG 21652 --- [           main] c.p.mapper.MerchantMapper.selectByPhone  : ==> Parameters: 13900000001(String)
2026-04-23T18:54:57.834+08:00 DEBUG 21652 --- [           main] c.p.mapper.MerchantMapper.selectByPhone  : <==      Total: 1
2026-04-23T18:54:57.915+08:00 DEBUG 21652 --- [           main] o.s.s.a.dao.DaoAuthenticationProvider    : Authenticated user
2026-04-23T18:54:57.918+08:00 DEBUG 21652 --- [           main] o.s.security.web.FilterChainProxy        : Securing POST /api/auth/merchant/login
2026-04-23T18:54:57.918+08:00 DEBUG 21652 --- [           main] o.s.s.w.a.AnonymousAuthenticationFilter  : Set SecurityContextHolder to anonymous SecurityContext
2026-04-23T18:54:57.918+08:00 DEBUG 21652 --- [           main] o.s.security.web.FilterChainProxy        : Secured POST /api/auth/merchant/login
2026-04-23T18:54:57.919+08:00 DEBUG 21652 --- [           main] c.p.mapper.UserMapper.selectByPhone      : ==>  Preparing: SELECT * FROM `user` WHERE phone = ?
2026-04-23T18:54:57.919+08:00 DEBUG 21652 --- [           main] c.p.mapper.UserMapper.selectByPhone      : ==> Parameters: 19999999999(String)
2026-04-23T18:54:57.919+08:00 DEBUG 21652 --- [           main] c.p.mapper.UserMapper.selectByPhone      : <==      Total: 0
2026-04-23T18:54:57.919+08:00 DEBUG 21652 --- [           main] c.p.mapper.MerchantMapper.selectByPhone  : ==>  Preparing: SELECT * FROM `merchant` WHERE phone = ?
2026-04-23T18:54:57.919+08:00 DEBUG 21652 --- [           main] c.p.mapper.MerchantMapper.selectByPhone  : ==> Parameters: 19999999999(String)
2026-04-23T18:54:57.919+08:00 DEBUG 21652 --- [           main] c.p.mapper.MerchantMapper.selectByPhone  : <==      Total: 0
2026-04-23T18:54:57.919+08:00 DEBUG 21652 --- [           main] c.p.mapper.MerchantMapper.selectByEmail  : ==>  Preparing: SELECT * FROM `merchant` WHERE email = ?
2026-04-23T18:54:57.920+08:00 DEBUG 21652 --- [           main] c.p.mapper.MerchantMapper.selectByEmail  : ==> Parameters: 19999999999(String)
2026-04-23T18:54:57.920+08:00 DEBUG 21652 --- [           main] c.p.mapper.MerchantMapper.selectByEmail  : <==      Total: 0
2026-04-23T18:54:57.920+08:00 DEBUG 21652 --- [           main] c.p.mapper.AdminMapper.selectByUsername  : ==>  Preparing: SELECT * FROM `admin` WHERE username = ?
2026-04-23T18:54:57.920+08:00 DEBUG 21652 --- [           main] c.p.mapper.AdminMapper.selectByUsername  : ==> Parameters: 19999999999(String)
2026-04-23T18:54:57.920+08:00 DEBUG 21652 --- [           main] c.p.mapper.AdminMapper.selectByUsername  : <==      Total: 0
2026-04-23T18:54:58.001+08:00 DEBUG 21652 --- [           main] o.s.s.a.dao.DaoAuthenticationProvider    : Failed to find user '19999999999'
[INFO] Tests run: 7, Failures: 0, Errors: 0, Skipped: 0, Time elapsed: 2.324 s -- in com.petshop.controller.MerchantApiControllerTest$MerchantAuthTests
[INFO] Running com.petshop.controller.MerchantApiControllerTest$MerchantProfileTests
2026-04-23T18:54:58.006+08:00  INFO 21652 --- [           main] t.c.s.AnnotationConfigContextLoaderUtils : Could not detect default configuration classes for test class [com.petshop.controller.MerchantApiControllerTest$MerchantProfileTests]: MerchantProfileTests does not declare any static, non-private, non-final, nested classes annotated with @Configuration.
2026-04-23T18:54:58.009+08:00  INFO 21652 --- [           main] .b.t.c.SpringBootTestContextBootstrapper : Found @SpringBootConfiguration com.petshop.PetManagementSystemApplication for test class com.petshop.controller.MerchantApiControllerTest$MerchantProfileTests
2026-04-23T18:54:58.098+08:00 DEBUG 21652 --- [           main] c.petshop.mapper.MerchantMapper.insert   : ==>  Preparing: INSERT INTO "merchant" ( name, contact_person, phone, email, password, address, status, created_at, updated_at ) VALUES ( ?, ?, ?, ?, ?, ?, ?, ?, ? )
2026-04-23T18:54:58.099+08:00 DEBUG 21652 --- [           main] c.petshop.mapper.MerchantMapper.insert   : ==> Parameters: 测试商家(String), 张三(String), 13900000001(String), merchant@test.com(String), $2a$10$8YKoxVixTVbvHSfWnyPWUu0yeRt3xOao0Nt8JeQNsG7gDn8HeLg.m(String), 测试地址123号(String), approved(String), 2026-04-23T18:54:58.098128300(LocalDateTime), 2026-04-23T18:54:58.098128300(LocalDateTime)
2026-04-23T18:54:58.099+08:00 DEBUG 21652 --- [           main] c.petshop.mapper.MerchantMapper.insert   : <==    Updates: 1
2026-04-23T18:54:58.099+08:00 DEBUG 21652 --- [           main] c.petshop.mapper.ServiceMapper.insert    : ==>  Preparing: INSERT INTO "service" ( merchant_id, name, description, price, duration, category, status, created_at, updated_at ) VALUES ( ?, ?, ?, ?, ?, ?, ?, ?, ? )
2026-04-23T18:54:58.100+08:00 DEBUG 21652 --- [           main] c.petshop.mapper.ServiceMapper.insert    : ==> Parameters: 88(Integer), 宠物美容(String), 专业宠物美容服务(String), 99.99(BigDecimal), 60(Integer), grooming(String), enabled(String), 2026-04-23T18:54:58.099750500(LocalDateTime), 2026-04-23T18:54:58.099750500(LocalDateTime)
2026-04-23T18:54:58.100+08:00 DEBUG 21652 --- [           main] c.petshop.mapper.ServiceMapper.insert    : <==    Updates: 1
2026-04-23T18:54:58.100+08:00 DEBUG 21652 --- [           main] c.petshop.mapper.ProductMapper.insert    : ==>  Preparing: INSERT INTO "product" ( merchant_id, name, description, price, stock, status, low_stock_threshold, category, created_at, updated_at ) VALUES ( ?, ?, ?, ?, ?, ?, ?, ?, ?, ? )
2026-04-23T18:54:58.101+08:00 DEBUG 21652 --- [           main] c.petshop.mapper.ProductMapper.insert    : ==> Parameters: 88(Integer), 宠物粮食(String), 优质宠物粮食(String), 59.99(BigDecimal), 100(Integer), enabled(String), 10(Integer), food(String), 2026-04-23T18:54:58.100214700(LocalDateTime), 2026-04-23T18:54:58.100214700(LocalDateTime)
2026-04-23T18:54:58.101+08:00 DEBUG 21652 --- [           main] c.petshop.mapper.ProductMapper.insert    : <==    Updates: 1
2026-04-23T18:54:58.182+08:00 DEBUG 21652 --- [           main] com.petshop.mapper.UserMapper.insert     : ==>  Preparing: INSERT INTO "user" ( username, email, password, phone, status, created_at, updated_at ) VALUES ( ?, ?, ?, ?, ?, ?, ? )
2026-04-23T18:54:58.182+08:00 DEBUG 21652 --- [           main] com.petshop.mapper.UserMapper.insert     : ==> Parameters: testuser(String), user@test.com(String), $2a$10$lIuItyshqXTKwE1E.hOoyOt7AoFmfnveC5A5Rclv2IZAq39HI0A.a(String), 13800000001(String), active(String), 2026-04-23T18:54:58.182283600(LocalDateTime), 2026-04-23T18:54:58.182283600(LocalDateTime)
2026-04-23T18:54:58.182+08:00 DEBUG 21652 --- [           main] com.petshop.mapper.UserMapper.insert     : <==    Updates: 1
2026-04-23T18:54:58.182+08:00 DEBUG 21652 --- [           main] c.p.mapper.ProductOrderMapper.insert     : ==>  Preparing: INSERT INTO "product_order" ( order_no, user_id, merchant_id, total_price, freight, status, shipping_address, created_at, updated_at ) VALUES ( ?, ?, ?, ?, ?, ?, ?, ?, ? )
2026-04-23T18:54:58.183+08:00 DEBUG 21652 --- [           main] c.p.mapper.ProductOrderMapper.insert     : ==> Parameters: ORD1776941698182(String), 49(Integer), 88(Integer), 119.98(BigDecimal), 0(BigDecimal), pending(String), 测试收货地址(String), 2026-04-23T18:54:58.182283600(LocalDateTime), 2026-04-23T18:54:58.182283600(LocalDateTime)
2026-04-23T18:54:58.183+08:00 DEBUG 21652 --- [           main] c.p.mapper.ProductOrderMapper.insert     : <==    Updates: 1
2026-04-23T18:54:58.183+08:00 DEBUG 21652 --- [           main] com.petshop.mapper.ReviewMapper.insert   : ==>  Preparing: INSERT INTO "review" ( user_id, merchant_id, service_id, rating, comment, created_at, status ) VALUES ( ?, ?, ?, ?, ?, ?, ? )
2026-04-23T18:54:58.183+08:00 DEBUG 21652 --- [           main] com.petshop.mapper.ReviewMapper.insert   : ==> Parameters: 49(Integer), 88(Integer), 13(Integer), 5(Integer), 非常满意的服务！(String), 2026-04-23T18:54:58.183281500(LocalDateTime), approved(String)
2026-04-23T18:54:58.183+08:00 DEBUG 21652 --- [           main] com.petshop.mapper.ReviewMapper.insert   : <==    Updates: 1
2026-04-23T18:54:58.184+08:00 DEBUG 21652 --- [           main] o.s.security.web.FilterChainProxy        : Securing POST /api/auth/merchant/login
2026-04-23T18:54:58.184+08:00 DEBUG 21652 --- [           main] o.s.s.w.a.AnonymousAuthenticationFilter  : Set SecurityContextHolder to anonymous SecurityContext
2026-04-23T18:54:58.184+08:00 DEBUG 21652 --- [           main] o.s.security.web.FilterChainProxy        : Secured POST /api/auth/merchant/login
2026-04-23T18:54:58.185+08:00 DEBUG 21652 --- [           main] c.p.mapper.UserMapper.selectByPhone      : ==>  Preparing: SELECT * FROM `user` WHERE phone = ?
2026-04-23T18:54:58.185+08:00 DEBUG 21652 --- [           main] c.p.mapper.UserMapper.selectByPhone      : ==> Parameters: 13900000001(String)
2026-04-23T18:54:58.185+08:00 DEBUG 21652 --- [           main] c.p.mapper.UserMapper.selectByPhone      : <==      Total: 0
2026-04-23T18:54:58.185+08:00 DEBUG 21652 --- [           main] c.p.mapper.MerchantMapper.selectByPhone  : ==>  Preparing: SELECT * FROM `merchant` WHERE phone = ?
2026-04-23T18:54:58.186+08:00 DEBUG 21652 --- [           main] c.p.mapper.MerchantMapper.selectByPhone  : ==> Parameters: 13900000001(String)
2026-04-23T18:54:58.186+08:00 DEBUG 21652 --- [           main] c.p.mapper.MerchantMapper.selectByPhone  : <==      Total: 1
2026-04-23T18:54:58.266+08:00 DEBUG 21652 --- [           main] o.s.s.a.dao.DaoAuthenticationProvider    : Authenticated user
2026-04-23T18:54:58.269+08:00 DEBUG 21652 --- [           main] o.s.security.web.FilterChainProxy        : Securing GET /api/merchant/info
2026-04-23T18:54:58.270+08:00 DEBUG 21652 --- [           main] o.s.security.web.FilterChainProxy        : Secured GET /api/merchant/info
2026-04-23T18:54:58.271+08:00 DEBUG 21652 --- [           main] c.p.mapper.MerchantMapper.selectList     : ==>  Preparing: SELECT id,name,contact_person,phone,email,password,address,logo,status,created_at,updated_at FROM "merchant" WHERE (phone = ?)
2026-04-23T18:54:58.271+08:00 DEBUG 21652 --- [           main] c.p.mapper.MerchantMapper.selectList     : ==> Parameters: 13900000001(String)
2026-04-23T18:54:58.272+08:00 DEBUG 21652 --- [           main] c.p.mapper.MerchantMapper.selectList     : <==      Total: 1
2026-04-23T18:54:58.272+08:00 DEBUG 21652 --- [           main] c.p.mapper.MerchantMapper.selectById     : ==>  Preparing: SELECT id,name,contact_person,phone,email,password,address,logo,status,created_at,updated_at FROM "merchant" WHERE id=?
2026-04-23T18:54:58.272+08:00 DEBUG 21652 --- [           main] c.p.mapper.MerchantMapper.selectById     : ==> Parameters: 88(Integer)
2026-04-23T18:54:58.272+08:00 DEBUG 21652 --- [           main] c.p.mapper.MerchantMapper.selectById     : <==      Total: 1
2026-04-23T18:54:58.358+08:00 DEBUG 21652 --- [           main] c.petshop.mapper.MerchantMapper.insert   : ==>  Preparing: INSERT INTO "merchant" ( name, contact_person, phone, email, password, address, status, created_at, updated_at ) VALUES ( ?, ?, ?, ?, ?, ?, ?, ?, ? )
2026-04-23T18:54:58.358+08:00 DEBUG 21652 --- [           main] c.petshop.mapper.MerchantMapper.insert   : ==> Parameters: 测试商家(String), 张三(String), 13900000001(String), merchant@test.com(String), $2a$10$lWAQ8Ki888vfErbikCciJ.kk2vLhv5SkptSq606p.Vf7kqZQgYeE6(String), 测试地址123号(String), approved(String), 2026-04-23T18:54:58.357013800(LocalDateTime), 2026-04-23T18:54:58.357013800(LocalDateTime)
2026-04-23T18:54:58.358+08:00 DEBUG 21652 --- [           main] c.petshop.mapper.MerchantMapper.insert   : <==    Updates: 1
2026-04-23T18:54:58.358+08:00 DEBUG 21652 --- [           main] c.petshop.mapper.ServiceMapper.insert    : ==>  Preparing: INSERT INTO "service" ( merchant_id, name, description, price, duration, category, status, created_at, updated_at ) VALUES ( ?, ?, ?, ?, ?, ?, ?, ?, ? )
2026-04-23T18:54:58.359+08:00 DEBUG 21652 --- [           main] c.petshop.mapper.ServiceMapper.insert    : ==> Parameters: 89(Integer), 宠物美容(String), 专业宠物美容服务(String), 99.99(BigDecimal), 60(Integer), grooming(String), enabled(String), 2026-04-23T18:54:58.358007600(LocalDateTime), 2026-04-23T18:54:58.358007600(LocalDateTime)
2026-04-23T18:54:58.359+08:00 DEBUG 21652 --- [           main] c.petshop.mapper.ServiceMapper.insert    : <==    Updates: 1
2026-04-23T18:54:58.359+08:00 DEBUG 21652 --- [           main] c.petshop.mapper.ProductMapper.insert    : ==>  Preparing: INSERT INTO "product" ( merchant_id, name, description, price, stock, status, low_stock_threshold, category, created_at, updated_at ) VALUES ( ?, ?, ?, ?, ?, ?, ?, ?, ?, ? )
2026-04-23T18:54:58.359+08:00 DEBUG 21652 --- [           main] c.petshop.mapper.ProductMapper.insert    : ==> Parameters: 89(Integer), 宠物粮食(String), 优质宠物粮食(String), 59.99(BigDecimal), 100(Integer), enabled(String), 10(Integer), food(String), 2026-04-23T18:54:58.359007(LocalDateTime), 2026-04-23T18:54:58.359007(LocalDateTime)
2026-04-23T18:54:58.360+08:00 DEBUG 21652 --- [           main] c.petshop.mapper.ProductMapper.insert    : <==    Updates: 1
2026-04-23T18:54:58.439+08:00 DEBUG 21652 --- [           main] com.petshop.mapper.UserMapper.insert     : ==>  Preparing: INSERT INTO "user" ( username, email, password, phone, status, created_at, updated_at ) VALUES ( ?, ?, ?, ?, ?, ?, ? )
2026-04-23T18:54:58.440+08:00 DEBUG 21652 --- [           main] com.petshop.mapper.UserMapper.insert     : ==> Parameters: testuser(String), user@test.com(String), $2a$10$B1XCNF3XKlKL021Nx8elhueq9wzodhp38UMVKaf2tkWAbooSpnapy(String), 13800000001(String), active(String), 2026-04-23T18:54:58.439491600(LocalDateTime), 2026-04-23T18:54:58.439491600(LocalDateTime)
2026-04-23T18:54:58.440+08:00 DEBUG 21652 --- [           main] com.petshop.mapper.UserMapper.insert     : <==    Updates: 1
2026-04-23T18:54:58.440+08:00 DEBUG 21652 --- [           main] c.p.mapper.ProductOrderMapper.insert     : ==>  Preparing: INSERT INTO "product_order" ( order_no, user_id, merchant_id, total_price, freight, status, shipping_address, created_at, updated_at ) VALUES ( ?, ?, ?, ?, ?, ?, ?, ?, ? )
2026-04-23T18:54:58.440+08:00 DEBUG 21652 --- [           main] c.p.mapper.ProductOrderMapper.insert     : ==> Parameters: ORD1776941698440(String), 50(Integer), 89(Integer), 119.98(BigDecimal), 0(BigDecimal), pending(String), 测试收货地址(String), 2026-04-23T18:54:58.440530200(LocalDateTime), 2026-04-23T18:54:58.440530200(LocalDateTime)
2026-04-23T18:54:58.441+08:00 DEBUG 21652 --- [           main] c.p.mapper.ProductOrderMapper.insert     : <==    Updates: 1
2026-04-23T18:54:58.441+08:00 DEBUG 21652 --- [           main] com.petshop.mapper.ReviewMapper.insert   : ==>  Preparing: INSERT INTO "review" ( user_id, merchant_id, service_id, rating, comment, created_at, status ) VALUES ( ?, ?, ?, ?, ?, ?, ? )
2026-04-23T18:54:58.441+08:00 DEBUG 21652 --- [           main] com.petshop.mapper.ReviewMapper.insert   : ==> Parameters: 50(Integer), 89(Integer), 14(Integer), 5(Integer), 非常满意的服务！(String), 2026-04-23T18:54:58.441419500(LocalDateTime), approved(String)
2026-04-23T18:54:58.441+08:00 DEBUG 21652 --- [           main] com.petshop.mapper.ReviewMapper.insert   : <==    Updates: 1
2026-04-23T18:54:58.442+08:00 DEBUG 21652 --- [           main] o.s.security.web.FilterChainProxy        : Securing POST /api/auth/merchant/login
2026-04-23T18:54:58.442+08:00 DEBUG 21652 --- [           main] o.s.s.w.a.AnonymousAuthenticationFilter  : Set SecurityContextHolder to anonymous SecurityContext
2026-04-23T18:54:58.443+08:00 DEBUG 21652 --- [           main] o.s.security.web.FilterChainProxy        : Secured POST /api/auth/merchant/login
2026-04-23T18:54:58.444+08:00 DEBUG 21652 --- [           main] c.p.mapper.UserMapper.selectByPhone      : ==>  Preparing: SELECT * FROM `user` WHERE phone = ?
2026-04-23T18:54:58.444+08:00 DEBUG 21652 --- [           main] c.p.mapper.UserMapper.selectByPhone      : ==> Parameters: 13900000001(String)
2026-04-23T18:54:58.445+08:00 DEBUG 21652 --- [           main] c.p.mapper.UserMapper.selectByPhone      : <==      Total: 0
2026-04-23T18:54:58.445+08:00 DEBUG 21652 --- [           main] c.p.mapper.MerchantMapper.selectByPhone  : ==>  Preparing: SELECT * FROM `merchant` WHERE phone = ?
2026-04-23T18:54:58.445+08:00 DEBUG 21652 --- [           main] c.p.mapper.MerchantMapper.selectByPhone  : ==> Parameters: 13900000001(String)
2026-04-23T18:54:58.445+08:00 DEBUG 21652 --- [           main] c.p.mapper.MerchantMapper.selectByPhone  : <==      Total: 1
2026-04-23T18:54:58.526+08:00 DEBUG 21652 --- [           main] o.s.s.a.dao.DaoAuthenticationProvider    : Authenticated user
2026-04-23T18:54:58.528+08:00 DEBUG 21652 --- [           main] o.s.security.web.FilterChainProxy        : Securing PUT /api/merchant/profile
2026-04-23T18:54:58.530+08:00 DEBUG 21652 --- [           main] o.s.security.web.FilterChainProxy        : Secured PUT /api/merchant/profile
2026-04-23T18:54:58.532+08:00 DEBUG 21652 --- [           main] c.p.mapper.MerchantMapper.selectList     : ==>  Preparing: SELECT id,name,contact_person,phone,email,password,address,logo,status,created_at,updated_at FROM "merchant" WHERE (phone = ?)
2026-04-23T18:54:58.533+08:00 DEBUG 21652 --- [           main] c.p.mapper.MerchantMapper.selectList     : ==> Parameters: 13900000001(String)
2026-04-23T18:54:58.534+08:00 DEBUG 21652 --- [           main] c.p.mapper.MerchantMapper.selectList     : <==      Total: 1
2026-04-23T18:54:58.534+08:00 DEBUG 21652 --- [           main] c.p.mapper.MerchantMapper.updateById     : ==>  Preparing: UPDATE "merchant" SET name=?, contact_person=?, phone=?, email=?, password=?, address=?, status=?, updated_at=? WHERE id=?
2026-04-23T18:54:58.534+08:00 DEBUG 21652 --- [           main] c.p.mapper.MerchantMapper.updateById     : ==> Parameters: 更新后的商家名(String), 李四(String), 13900000001(String), updated@test.com(String), $2a$10$lWAQ8Ki888vfErbikCciJ.kk2vLhv5SkptSq606p.Vf7kqZQgYeE6(String), 更新后的地址(String), approved(String), 2026-04-23T18:54:58.534136500(LocalDateTime), 89(Integer)
2026-04-23T18:54:58.534+08:00 DEBUG 21652 --- [           main] c.p.mapper.MerchantMapper.updateById     : <==    Updates: 1
2026-04-23T18:54:58.622+08:00 DEBUG 21652 --- [           main] c.petshop.mapper.MerchantMapper.insert   : ==>  Preparing: INSERT INTO "merchant" ( name, contact_person, phone, email, password, address, status, created_at, updated_at ) VALUES ( ?, ?, ?, ?, ?, ?, ?, ?, ? )
2026-04-23T18:54:58.622+08:00 DEBUG 21652 --- [           main] c.petshop.mapper.MerchantMapper.insert   : ==> Parameters: 测试商家(String), 张三(String), 13900000001(String), merchant@test.com(String), $2a$10$TbOoiFQ.OH0zypPKPVT0weNjqVpygL54q.O3K6To0FbkKTwMk/ewq(String), 测试地址123号(String), approved(String), 2026-04-23T18:54:58.622398800(LocalDateTime), 2026-04-23T18:54:58.622398800(LocalDateTime)
2026-04-23T18:54:58.622+08:00 DEBUG 21652 --- [           main] c.petshop.mapper.MerchantMapper.insert   : <==    Updates: 1
2026-04-23T18:54:58.622+08:00 DEBUG 21652 --- [           main] c.petshop.mapper.ServiceMapper.insert    : ==>  Preparing: INSERT INTO "service" ( merchant_id, name, description, price, duration, category, status, created_at, updated_at ) VALUES ( ?, ?, ?, ?, ?, ?, ?, ?, ? )
2026-04-23T18:54:58.623+08:00 DEBUG 21652 --- [           main] c.petshop.mapper.ServiceMapper.insert    : ==> Parameters: 90(Integer), 宠物美容(String), 专业宠物美容服务(String), 99.99(BigDecimal), 60(Integer), grooming(String), enabled(String), 2026-04-23T18:54:58.622920900(LocalDateTime), 2026-04-23T18:54:58.622920900(LocalDateTime)
2026-04-23T18:54:58.623+08:00 DEBUG 21652 --- [           main] c.petshop.mapper.ServiceMapper.insert    : <==    Updates: 1
2026-04-23T18:54:58.623+08:00 DEBUG 21652 --- [           main] c.petshop.mapper.ProductMapper.insert    : ==>  Preparing: INSERT INTO "product" ( merchant_id, name, description, price, stock, status, low_stock_threshold, category, created_at, updated_at ) VALUES ( ?, ?, ?, ?, ?, ?, ?, ?, ?, ? )
2026-04-23T18:54:58.623+08:00 DEBUG 21652 --- [           main] c.petshop.mapper.ProductMapper.insert    : ==> Parameters: 90(Integer), 宠物粮食(String), 优质宠物粮食(String), 59.99(BigDecimal), 100(Integer), enabled(String), 10(Integer), food(String), 2026-04-23T18:54:58.623956800(LocalDateTime), 2026-04-23T18:54:58.623956800(LocalDateTime)
2026-04-23T18:54:58.623+08:00 DEBUG 21652 --- [           main] c.petshop.mapper.ProductMapper.insert    : <==    Updates: 1
2026-04-23T18:54:58.705+08:00 DEBUG 21652 --- [           main] com.petshop.mapper.UserMapper.insert     : ==>  Preparing: INSERT INTO "user" ( username, email, password, phone, status, created_at, updated_at ) VALUES ( ?, ?, ?, ?, ?, ?, ? )
2026-04-23T18:54:58.705+08:00 DEBUG 21652 --- [           main] com.petshop.mapper.UserMapper.insert     : ==> Parameters: testuser(String), user@test.com(String), $2a$10$0PTRoQulYdBJEPGVAqjQ8ezPWRh/K4KXm8mk76QuqynR7tXdjw8Ze(String), 13800000001(String), active(String), 2026-04-23T18:54:58.705314300(LocalDateTime), 2026-04-23T18:54:58.705314300(LocalDateTime)
2026-04-23T18:54:58.705+08:00 DEBUG 21652 --- [           main] com.petshop.mapper.UserMapper.insert     : <==    Updates: 1
2026-04-23T18:54:58.706+08:00 DEBUG 21652 --- [           main] c.p.mapper.ProductOrderMapper.insert     : ==>  Preparing: INSERT INTO "product_order" ( order_no, user_id, merchant_id, total_price, freight, status, shipping_address, created_at, updated_at ) VALUES ( ?, ?, ?, ?, ?, ?, ?, ?, ? )
2026-04-23T18:54:58.706+08:00 DEBUG 21652 --- [           main] c.p.mapper.ProductOrderMapper.insert     : ==> Parameters: ORD1776941698705(String), 51(Integer), 90(Integer), 119.98(BigDecimal), 0(BigDecimal), pending(String), 测试收货地址(String), 2026-04-23T18:54:58.705314300(LocalDateTime), 2026-04-23T18:54:58.705314300(LocalDateTime)
2026-04-23T18:54:58.706+08:00 DEBUG 21652 --- [           main] c.p.mapper.ProductOrderMapper.insert     : <==    Updates: 1
2026-04-23T18:54:58.706+08:00 DEBUG 21652 --- [           main] com.petshop.mapper.ReviewMapper.insert   : ==>  Preparing: INSERT INTO "review" ( user_id, merchant_id, service_id, rating, comment, created_at, status ) VALUES ( ?, ?, ?, ?, ?, ?, ? )
2026-04-23T18:54:58.706+08:00 DEBUG 21652 --- [           main] com.petshop.mapper.ReviewMapper.insert   : ==> Parameters: 51(Integer), 90(Integer), 15(Integer), 5(Integer), 非常满意的服务！(String), 2026-04-23T18:54:58.706318800(LocalDateTime), approved(String)
2026-04-23T18:54:58.706+08:00 DEBUG 21652 --- [           main] com.petshop.mapper.ReviewMapper.insert   : <==    Updates: 1
2026-04-23T18:54:58.707+08:00 DEBUG 21652 --- [           main] o.s.security.web.FilterChainProxy        : Securing POST /api/auth/merchant/login
2026-04-23T18:54:58.707+08:00 DEBUG 21652 --- [           main] o.s.s.w.a.AnonymousAuthenticationFilter  : Set SecurityContextHolder to anonymous SecurityContext
2026-04-23T18:54:58.707+08:00 DEBUG 21652 --- [           main] o.s.security.web.FilterChainProxy        : Secured POST /api/auth/merchant/login
2026-04-23T18:54:58.708+08:00 DEBUG 21652 --- [           main] c.p.mapper.UserMapper.selectByPhone      : ==>  Preparing: SELECT * FROM `user` WHERE phone = ?
2026-04-23T18:54:58.708+08:00 DEBUG 21652 --- [           main] c.p.mapper.UserMapper.selectByPhone      : ==> Parameters: 13900000001(String)
2026-04-23T18:54:58.708+08:00 DEBUG 21652 --- [           main] c.p.mapper.UserMapper.selectByPhone      : <==      Total: 0
2026-04-23T18:54:58.708+08:00 DEBUG 21652 --- [           main] c.p.mapper.MerchantMapper.selectByPhone  : ==>  Preparing: SELECT * FROM `merchant` WHERE phone = ?
2026-04-23T18:54:58.709+08:00 DEBUG 21652 --- [           main] c.p.mapper.MerchantMapper.selectByPhone  : ==> Parameters: 13900000001(String)
2026-04-23T18:54:58.709+08:00 DEBUG 21652 --- [           main] c.p.mapper.MerchantMapper.selectByPhone  : <==      Total: 1
2026-04-23T18:54:58.789+08:00 DEBUG 21652 --- [           main] o.s.s.a.dao.DaoAuthenticationProvider    : Authenticated user
2026-04-23T18:54:58.792+08:00 DEBUG 21652 --- [           main] o.s.security.web.FilterChainProxy        : Securing GET /api/merchant/settings
2026-04-23T18:54:58.793+08:00 DEBUG 21652 --- [           main] o.s.security.web.FilterChainProxy        : Secured GET /api/merchant/settings
2026-04-23T18:54:58.794+08:00 DEBUG 21652 --- [           main] c.p.mapper.MerchantMapper.selectList     : ==>  Preparing: SELECT id,name,contact_person,phone,email,password,address,logo,status,created_at,updated_at FROM "merchant" WHERE (phone = ?)
2026-04-23T18:54:58.794+08:00 DEBUG 21652 --- [           main] c.p.mapper.MerchantMapper.selectList     : ==> Parameters: 13900000001(String)
2026-04-23T18:54:58.795+08:00 DEBUG 21652 --- [           main] c.p.mapper.MerchantMapper.selectList     : <==      Total: 1
2026-04-23T18:54:58.795+08:00 DEBUG 21652 --- [           main] c.p.mapper.MerchantMapper.selectById     : ==>  Preparing: SELECT id,name,contact_person,phone,email,password,address,logo,status,created_at,updated_at FROM "merchant" WHERE id=?
2026-04-23T18:54:58.795+08:00 DEBUG 21652 --- [           main] c.p.mapper.MerchantMapper.selectById     : ==> Parameters: 90(Integer)
2026-04-23T18:54:58.795+08:00 DEBUG 21652 --- [           main] c.p.mapper.MerchantMapper.selectById     : <==      Total: 1
2026-04-23T18:54:58.797+08:00 DEBUG 21652 --- [           main] c.p.m.MerchantSettingsMapper.selectList  : ==>  Preparing: SELECT id,merchant_id,is_open,appointment_notification,order_notification,review_notification,notification_type,created_at,updated_at FROM "merchant_settings" WHERE (merchant_id = ?)
2026-04-23T18:54:58.797+08:00 DEBUG 21652 --- [           main] c.p.m.MerchantSettingsMapper.selectList  : ==> Parameters: 90(Integer)
2026-04-23T18:54:58.797+08:00 DEBUG 21652 --- [           main] c.p.m.MerchantSettingsMapper.selectList  : <==      Total: 0
2026-04-23T18:54:58.799+08:00 DEBUG 21652 --- [           main] c.p.m.MerchantSettingsMapper.insert      : ==>  Preparing: INSERT INTO "merchant_settings" ( merchant_id, is_open, appointment_notification, order_notification, review_notification, notification_type, created_at, updated_at ) VALUES ( ?, ?, ?, ?, ?, ?, ?, ? )
2026-04-23T18:54:58.799+08:00 DEBUG 21652 --- [           main] c.p.m.MerchantSettingsMapper.insert      : ==> Parameters: 90(Integer), true(Boolean), true(Boolean), true(Boolean), true(Boolean), email(String), null, null
2026-04-23T18:54:58.799+08:00 DEBUG 21652 --- [           main] c.p.m.MerchantSettingsMapper.insert      : <==    Updates: 1
2026-04-23T18:54:58.886+08:00 DEBUG 21652 --- [           main] c.petshop.mapper.MerchantMapper.insert   : ==>  Preparing: INSERT INTO "merchant" ( name, contact_person, phone, email, password, address, status, created_at, updated_at ) VALUES ( ?, ?, ?, ?, ?, ?, ?, ?, ? )
2026-04-23T18:54:58.886+08:00 DEBUG 21652 --- [           main] c.petshop.mapper.MerchantMapper.insert   : ==> Parameters: 测试商家(String), 张三(String), 13900000001(String), merchant@test.com(String), $2a$10$9lsWBhS1ME954pRH7If5r.Cjsp81ut9i7vFmj4x0rt4xzClLUWOP2(String), 测试地址123号(String), approved(String), 2026-04-23T18:54:58.885453600(LocalDateTime), 2026-04-23T18:54:58.885453600(LocalDateTime)
2026-04-23T18:54:58.886+08:00 DEBUG 21652 --- [           main] c.petshop.mapper.MerchantMapper.insert   : <==    Updates: 1
2026-04-23T18:54:58.886+08:00 DEBUG 21652 --- [           main] c.petshop.mapper.ServiceMapper.insert    : ==>  Preparing: INSERT INTO "service" ( merchant_id, name, description, price, duration, category, status, created_at, updated_at ) VALUES ( ?, ?, ?, ?, ?, ?, ?, ?, ? )
2026-04-23T18:54:58.887+08:00 DEBUG 21652 --- [           main] c.petshop.mapper.ServiceMapper.insert    : ==> Parameters: 91(Integer), 宠物美容(String), 专业宠物美容服务(String), 99.99(BigDecimal), 60(Integer), grooming(String), enabled(String), 2026-04-23T18:54:58.886455900(LocalDateTime), 2026-04-23T18:54:58.886455900(LocalDateTime)
2026-04-23T18:54:58.887+08:00 DEBUG 21652 --- [           main] c.petshop.mapper.ServiceMapper.insert    : <==    Updates: 1
2026-04-23T18:54:58.887+08:00 DEBUG 21652 --- [           main] c.petshop.mapper.ProductMapper.insert    : ==>  Preparing: INSERT INTO "product" ( merchant_id, name, description, price, stock, status, low_stock_threshold, category, created_at, updated_at ) VALUES ( ?, ?, ?, ?, ?, ?, ?, ?, ?, ? )
2026-04-23T18:54:58.887+08:00 DEBUG 21652 --- [           main] c.petshop.mapper.ProductMapper.insert    : ==> Parameters: 91(Integer), 宠物粮食(String), 优质宠物粮食(String), 59.99(BigDecimal), 100(Integer), enabled(String), 10(Integer), food(String), 2026-04-23T18:54:58.887457600(LocalDateTime), 2026-04-23T18:54:58.887457600(LocalDateTime)
2026-04-23T18:54:58.887+08:00 DEBUG 21652 --- [           main] c.petshop.mapper.ProductMapper.insert    : <==    Updates: 1
2026-04-23T18:54:58.968+08:00 DEBUG 21652 --- [           main] com.petshop.mapper.UserMapper.insert     : ==>  Preparing: INSERT INTO "user" ( username, email, password, phone, status, created_at, updated_at ) VALUES ( ?, ?, ?, ?, ?, ?, ? )
2026-04-23T18:54:58.968+08:00 DEBUG 21652 --- [           main] com.petshop.mapper.UserMapper.insert     : ==> Parameters: testuser(String), user@test.com(String), $2a$10$3w1Y1s009eTEvrkfiGUVh.E5NSVRrqPdpca9.dxS8/MIt4BHaOaSC(String), 13800000001(String), active(String), 2026-04-23T18:54:58.968364700(LocalDateTime), 2026-04-23T18:54:58.968364700(LocalDateTime)
2026-04-23T18:54:58.969+08:00 DEBUG 21652 --- [           main] com.petshop.mapper.UserMapper.insert     : <==    Updates: 1
2026-04-23T18:54:58.969+08:00 DEBUG 21652 --- [           main] c.p.mapper.ProductOrderMapper.insert     : ==>  Preparing: INSERT INTO "product_order" ( order_no, user_id, merchant_id, total_price, freight, status, shipping_address, created_at, updated_at ) VALUES ( ?, ?, ?, ?, ?, ?, ?, ?, ? )
2026-04-23T18:54:58.969+08:00 DEBUG 21652 --- [           main] c.p.mapper.ProductOrderMapper.insert     : ==> Parameters: ORD1776941698969(String), 52(Integer), 91(Integer), 119.98(BigDecimal), 0(BigDecimal), pending(String), 测试收货地址(String), 2026-04-23T18:54:58.969369500(LocalDateTime), 2026-04-23T18:54:58.969369500(LocalDateTime)
2026-04-23T18:54:58.969+08:00 DEBUG 21652 --- [           main] c.p.mapper.ProductOrderMapper.insert     : <==    Updates: 1
2026-04-23T18:54:58.969+08:00 DEBUG 21652 --- [           main] com.petshop.mapper.ReviewMapper.insert   : ==>  Preparing: INSERT INTO "review" ( user_id, merchant_id, service_id, rating, comment, created_at, status ) VALUES ( ?, ?, ?, ?, ?, ?, ? )
2026-04-23T18:54:58.969+08:00 DEBUG 21652 --- [           main] com.petshop.mapper.ReviewMapper.insert   : ==> Parameters: 52(Integer), 91(Integer), 16(Integer), 5(Integer), 非常满意的服务！(String), 2026-04-23T18:54:58.969369500(LocalDateTime), approved(String)
2026-04-23T18:54:58.970+08:00 DEBUG 21652 --- [           main] com.petshop.mapper.ReviewMapper.insert   : <==    Updates: 1
2026-04-23T18:54:58.970+08:00 DEBUG 21652 --- [           main] o.s.security.web.FilterChainProxy        : Securing POST /api/auth/merchant/login
2026-04-23T18:54:58.970+08:00 DEBUG 21652 --- [           main] o.s.s.w.a.AnonymousAuthenticationFilter  : Set SecurityContextHolder to anonymous SecurityContext
2026-04-23T18:54:58.971+08:00 DEBUG 21652 --- [           main] o.s.security.web.FilterChainProxy        : Secured POST /api/auth/merchant/login
2026-04-23T18:54:58.971+08:00 DEBUG 21652 --- [           main] c.p.mapper.UserMapper.selectByPhone      : ==>  Preparing: SELECT * FROM `user` WHERE phone = ?
2026-04-23T18:54:58.971+08:00 DEBUG 21652 --- [           main] c.p.mapper.UserMapper.selectByPhone      : ==> Parameters: 13900000001(String)
2026-04-23T18:54:58.972+08:00 DEBUG 21652 --- [           main] c.p.mapper.UserMapper.selectByPhone      : <==      Total: 0
2026-04-23T18:54:58.972+08:00 DEBUG 21652 --- [           main] c.p.mapper.MerchantMapper.selectByPhone  : ==>  Preparing: SELECT * FROM `merchant` WHERE phone = ?
2026-04-23T18:54:58.972+08:00 DEBUG 21652 --- [           main] c.p.mapper.MerchantMapper.selectByPhone  : ==> Parameters: 13900000001(String)
2026-04-23T18:54:58.972+08:00 DEBUG 21652 --- [           main] c.p.mapper.MerchantMapper.selectByPhone  : <==      Total: 1
2026-04-23T18:54:59.057+08:00 DEBUG 21652 --- [           main] o.s.s.a.dao.DaoAuthenticationProvider    : Authenticated user
2026-04-23T18:54:59.062+08:00 DEBUG 21652 --- [           main] o.s.security.web.FilterChainProxy        : Securing GET /api/merchant/profile
2026-04-23T18:54:59.064+08:00 DEBUG 21652 --- [           main] o.s.security.web.FilterChainProxy        : Secured GET /api/merchant/profile
2026-04-23T18:54:59.064+08:00 DEBUG 21652 --- [           main] c.p.mapper.MerchantMapper.selectList     : ==>  Preparing: SELECT id,name,contact_person,phone,email,password,address,logo,status,created_at,updated_at FROM "merchant" WHERE (phone = ?)
2026-04-23T18:54:59.065+08:00 DEBUG 21652 --- [           main] c.p.mapper.MerchantMapper.selectList     : ==> Parameters: 13900000001(String)
2026-04-23T18:54:59.065+08:00 DEBUG 21652 --- [           main] c.p.mapper.MerchantMapper.selectList     : <==      Total: 1
2026-04-23T18:54:59.065+08:00 DEBUG 21652 --- [           main] c.p.mapper.MerchantMapper.selectById     : ==>  Preparing: SELECT id,name,contact_person,phone,email,password,address,logo,status,created_at,updated_at FROM "merchant" WHERE id=?
2026-04-23T18:54:59.065+08:00 DEBUG 21652 --- [           main] c.p.mapper.MerchantMapper.selectById     : ==> Parameters: 91(Integer)
2026-04-23T18:54:59.065+08:00 DEBUG 21652 --- [           main] c.p.mapper.MerchantMapper.selectById     : <==      Total: 1
2026-04-23T18:54:59.162+08:00 DEBUG 21652 --- [           main] c.petshop.mapper.MerchantMapper.insert   : ==>  Preparing: INSERT INTO "merchant" ( name, contact_person, phone, email, password, address, status, created_at, updated_at ) VALUES ( ?, ?, ?, ?, ?, ?, ?, ?, ? )
2026-04-23T18:54:59.162+08:00 DEBUG 21652 --- [           main] c.petshop.mapper.MerchantMapper.insert   : ==> Parameters: 测试商家(String), 张三(String), 13900000001(String), merchant@test.com(String), $2a$10$hZsJWT1Mq8Pv6hElNbHI5.NxcsD//0og2lRZ0xifwz1ek9jEhKgwq(String), 测试地址123号(String), approved(String), 2026-04-23T18:54:59.162215600(LocalDateTime), 2026-04-23T18:54:59.162215600(LocalDateTime)
2026-04-23T18:54:59.162+08:00 DEBUG 21652 --- [           main] c.petshop.mapper.MerchantMapper.insert   : <==    Updates: 1
2026-04-23T18:54:59.163+08:00 DEBUG 21652 --- [           main] c.petshop.mapper.ServiceMapper.insert    : ==>  Preparing: INSERT INTO "service" ( merchant_id, name, description, price, duration, category, status, created_at, updated_at ) VALUES ( ?, ?, ?, ?, ?, ?, ?, ?, ? )
2026-04-23T18:54:59.163+08:00 DEBUG 21652 --- [           main] c.petshop.mapper.ServiceMapper.insert    : ==> Parameters: 92(Integer), 宠物美容(String), 专业宠物美容服务(String), 99.99(BigDecimal), 60(Integer), grooming(String), enabled(String), 2026-04-23T18:54:59.162215600(LocalDateTime), 2026-04-23T18:54:59.162215600(LocalDateTime)
2026-04-23T18:54:59.163+08:00 DEBUG 21652 --- [           main] c.petshop.mapper.ServiceMapper.insert    : <==    Updates: 1
2026-04-23T18:54:59.163+08:00 DEBUG 21652 --- [           main] c.petshop.mapper.ProductMapper.insert    : ==>  Preparing: INSERT INTO "product" ( merchant_id, name, description, price, stock, status, low_stock_threshold, category, created_at, updated_at ) VALUES ( ?, ?, ?, ?, ?, ?, ?, ?, ?, ? )
2026-04-23T18:54:59.163+08:00 DEBUG 21652 --- [           main] c.petshop.mapper.ProductMapper.insert    : ==> Parameters: 92(Integer), 宠物粮食(String), 优质宠物粮食(String), 59.99(BigDecimal), 100(Integer), enabled(String), 10(Integer), food(String), 2026-04-23T18:54:59.163215200(LocalDateTime), 2026-04-23T18:54:59.163215200(LocalDateTime)
2026-04-23T18:54:59.163+08:00 DEBUG 21652 --- [           main] c.petshop.mapper.ProductMapper.insert    : <==    Updates: 1
2026-04-23T18:54:59.244+08:00 DEBUG 21652 --- [           main] com.petshop.mapper.UserMapper.insert     : ==>  Preparing: INSERT INTO "user" ( username, email, password, phone, status, created_at, updated_at ) VALUES ( ?, ?, ?, ?, ?, ?, ? )
2026-04-23T18:54:59.244+08:00 DEBUG 21652 --- [           main] com.petshop.mapper.UserMapper.insert     : ==> Parameters: testuser(String), user@test.com(String), $2a$10$krKspqv.9/TVwCrBOgrCou1YZ/w/KxnBh9R4hepYb8WATblNLPV..(String), 13800000001(String), active(String), 2026-04-23T18:54:59.243525500(LocalDateTime), 2026-04-23T18:54:59.243525500(LocalDateTime)
2026-04-23T18:54:59.244+08:00 DEBUG 21652 --- [           main] com.petshop.mapper.UserMapper.insert     : <==    Updates: 1
2026-04-23T18:54:59.244+08:00 DEBUG 21652 --- [           main] c.p.mapper.ProductOrderMapper.insert     : ==>  Preparing: INSERT INTO "product_order" ( order_no, user_id, merchant_id, total_price, freight, status, shipping_address, created_at, updated_at ) VALUES ( ?, ?, ?, ?, ?, ?, ?, ?, ? )
2026-04-23T18:54:59.245+08:00 DEBUG 21652 --- [           main] c.p.mapper.ProductOrderMapper.insert     : ==> Parameters: ORD1776941699244(String), 53(Integer), 92(Integer), 119.98(BigDecimal), 0(BigDecimal), pending(String), 测试收货地址(String), 2026-04-23T18:54:59.244525400(LocalDateTime), 2026-04-23T18:54:59.244525400(LocalDateTime)
2026-04-23T18:54:59.245+08:00 DEBUG 21652 --- [           main] c.p.mapper.ProductOrderMapper.insert     : <==    Updates: 1
2026-04-23T18:54:59.245+08:00 DEBUG 21652 --- [           main] com.petshop.mapper.ReviewMapper.insert   : ==>  Preparing: INSERT INTO "review" ( user_id, merchant_id, service_id, rating, comment, created_at, status ) VALUES ( ?, ?, ?, ?, ?, ?, ? )
2026-04-23T18:54:59.245+08:00 DEBUG 21652 --- [           main] com.petshop.mapper.ReviewMapper.insert   : ==> Parameters: 53(Integer), 92(Integer), 17(Integer), 5(Integer), 非常满意的服务！(String), 2026-04-23T18:54:59.245526500(LocalDateTime), approved(String)
2026-04-23T18:54:59.246+08:00 DEBUG 21652 --- [           main] com.petshop.mapper.ReviewMapper.insert   : <==    Updates: 1
2026-04-23T18:54:59.247+08:00 DEBUG 21652 --- [           main] o.s.security.web.FilterChainProxy        : Securing POST /api/auth/merchant/login
2026-04-23T18:54:59.247+08:00 DEBUG 21652 --- [           main] o.s.s.w.a.AnonymousAuthenticationFilter  : Set SecurityContextHolder to anonymous SecurityContext
2026-04-23T18:54:59.247+08:00 DEBUG 21652 --- [           main] o.s.security.web.FilterChainProxy        : Secured POST /api/auth/merchant/login
2026-04-23T18:54:59.248+08:00 DEBUG 21652 --- [           main] c.p.mapper.UserMapper.selectByPhone      : ==>  Preparing: SELECT * FROM `user` WHERE phone = ?
2026-04-23T18:54:59.248+08:00 DEBUG 21652 --- [           main] c.p.mapper.UserMapper.selectByPhone      : ==> Parameters: 13900000001(String)
2026-04-23T18:54:59.248+08:00 DEBUG 21652 --- [           main] c.p.mapper.UserMapper.selectByPhone      : <==      Total: 0
2026-04-23T18:54:59.249+08:00 DEBUG 21652 --- [           main] c.p.mapper.MerchantMapper.selectByPhone  : ==>  Preparing: SELECT * FROM `merchant` WHERE phone = ?
2026-04-23T18:54:59.249+08:00 DEBUG 21652 --- [           main] c.p.mapper.MerchantMapper.selectByPhone  : ==> Parameters: 13900000001(String)
2026-04-23T18:54:59.249+08:00 DEBUG 21652 --- [           main] c.p.mapper.MerchantMapper.selectByPhone  : <==      Total: 1
2026-04-23T18:54:59.334+08:00 DEBUG 21652 --- [           main] o.s.s.a.dao.DaoAuthenticationProvider    : Authenticated user
2026-04-23T18:54:59.336+08:00 DEBUG 21652 --- [           main] o.s.security.web.FilterChainProxy        : Securing GET /api/merchant/dashboard
2026-04-23T18:54:59.337+08:00 DEBUG 21652 --- [           main] o.s.security.web.FilterChainProxy        : Secured GET /api/merchant/dashboard
2026-04-23T18:54:59.338+08:00 DEBUG 21652 --- [           main] c.p.mapper.MerchantMapper.selectList     : ==>  Preparing: SELECT id,name,contact_person,phone,email,password,address,logo,status,created_at,updated_at FROM "merchant" WHERE (phone = ?)
2026-04-23T18:54:59.338+08:00 DEBUG 21652 --- [           main] c.p.mapper.MerchantMapper.selectList     : ==> Parameters: 13900000001(String)
2026-04-23T18:54:59.339+08:00 DEBUG 21652 --- [           main] c.p.mapper.MerchantMapper.selectList     : <==      Total: 1
2026-04-23T18:54:59.341+08:00 DEBUG 21652 --- [           main] c.p.mapper.AppointmentMapper.selectList  : ==>  Preparing: SELECT id,user_id,merchant_id,service_id,pet_id,appointment_time,status,total_price,notes,created_at,updated_at FROM "appointment" WHERE (merchant_id = ?)
2026-04-23T18:54:59.341+08:00 DEBUG 21652 --- [           main] c.p.mapper.AppointmentMapper.selectList  : ==> Parameters: 92(Integer)
2026-04-23T18:54:59.341+08:00 DEBUG 21652 --- [           main] c.p.mapper.AppointmentMapper.selectList  : <==      Total: 0
2026-04-23T18:54:59.343+08:00 DEBUG 21652 --- [           main] c.p.m.AppointmentMapper.selectCount      : ==>  Preparing: SELECT COUNT( * ) AS total FROM "appointment" WHERE (merchant_id = ? AND status = ?)
2026-04-23T18:54:59.343+08:00 DEBUG 21652 --- [           main] c.p.m.AppointmentMapper.selectCount      : ==> Parameters: 92(Integer), pending(String)
2026-04-23T18:54:59.343+08:00 DEBUG 21652 --- [           main] c.p.m.AppointmentMapper.selectCount      : <==      Total: 1
2026-04-23T18:54:59.344+08:00 DEBUG 21652 --- [           main] c.p.m.ProductOrderMapper.selectList      : ==>  Preparing: SELECT id,order_no,user_id,merchant_id,total_price,freight,status,pay_method,remark,shipping_address,logistics_company,logistics_number,transaction_id,paid_at,shipped_at,completed_at,cancelled_at,created_at,updated_at FROM "product_order" WHERE (merchant_id = ?)
2026-04-23T18:54:59.344+08:00 DEBUG 21652 --- [           main] c.p.m.ProductOrderMapper.selectList      : ==> Parameters: 92(Integer)
2026-04-23T18:54:59.345+08:00 DEBUG 21652 --- [           main] c.p.m.ProductOrderMapper.selectList      : <==      Total: 1
2026-04-23T18:54:59.347+08:00 DEBUG 21652 --- [           main] c.p.m.R.getAverageRatingByMerchantId     : ==>  Preparing: SELECT AVG(rating) FROM `review` WHERE merchant_id = ?
2026-04-23T18:54:59.348+08:00 DEBUG 21652 --- [           main] c.p.m.R.getAverageRatingByMerchantId     : ==> Parameters: 92(Integer)
2026-04-23T18:54:59.348+08:00 DEBUG 21652 --- [           main] c.p.m.R.getAverageRatingByMerchantId     : <==      Total: 1
2026-04-23T18:54:59.349+08:00 DEBUG 21652 --- [           main] c.p.mapper.ReviewMapper.selectCount      : ==>  Preparing: SELECT COUNT( * ) AS total FROM "review" WHERE (merchant_id = ?)
2026-04-23T18:54:59.349+08:00 DEBUG 21652 --- [           main] c.p.mapper.ReviewMapper.selectCount      : ==> Parameters: 92(Integer)
2026-04-23T18:54:59.350+08:00 DEBUG 21652 --- [           main] c.p.mapper.ReviewMapper.selectCount      : <==      Total: 1
2026-04-23T18:54:59.351+08:00 DEBUG 21652 --- [           main] c.p.mapper.AppointmentMapper.selectList  : ==>  Preparing: SELECT id,user_id,merchant_id,service_id,pet_id,appointment_time,status,total_price,notes,created_at,updated_at FROM "appointment" WHERE (merchant_id = ?) ORDER BY created_at DESC
2026-04-23T18:54:59.351+08:00 DEBUG 21652 --- [           main] c.p.mapper.AppointmentMapper.selectList  : ==> Parameters: 92(Integer)
2026-04-23T18:54:59.351+08:00 DEBUG 21652 --- [           main] c.p.mapper.AppointmentMapper.selectList  : <==      Total: 0
2026-04-23T18:54:59.352+08:00 DEBUG 21652 --- [           main] c.p.mapper.ReviewMapper.selectList       : ==>  Preparing: SELECT id,user_id,merchant_id,service_id,appointment_id,rating,comment,reply_content,reply_time,created_at,status FROM "review" WHERE (merchant_id = ?) ORDER BY created_at DESC
2026-04-23T18:54:59.352+08:00 DEBUG 21652 --- [           main] c.p.mapper.ReviewMapper.selectList       : ==> Parameters: 92(Integer)
2026-04-23T18:54:59.353+08:00 DEBUG 21652 --- [           main] c.p.mapper.ReviewMapper.selectList       : <==      Total: 1
2026-04-23T18:54:59.443+08:00 DEBUG 21652 --- [           main] c.petshop.mapper.MerchantMapper.insert   : ==>  Preparing: INSERT INTO "merchant" ( name, contact_person, phone, email, password, address, status, created_at, updated_at ) VALUES ( ?, ?, ?, ?, ?, ?, ?, ?, ? )
2026-04-23T18:54:59.443+08:00 DEBUG 21652 --- [           main] c.petshop.mapper.MerchantMapper.insert   : ==> Parameters: 测试商家(String), 张三(String), 13900000001(String), merchant@test.com(String), $2a$10$8NTG6eOeJhjvzEIdIWns0.xGI/GSKmslkoFoaYEtNH3jnexQcKSp2(String), 测试地址123号(String), approved(String), 2026-04-23T18:54:59.442987500(LocalDateTime), 2026-04-23T18:54:59.442987500(LocalDateTime)
2026-04-23T18:54:59.444+08:00 DEBUG 21652 --- [           main] c.petshop.mapper.MerchantMapper.insert   : <==    Updates: 1
2026-04-23T18:54:59.444+08:00 DEBUG 21652 --- [           main] c.petshop.mapper.ServiceMapper.insert    : ==>  Preparing: INSERT INTO "service" ( merchant_id, name, description, price, duration, category, status, created_at, updated_at ) VALUES ( ?, ?, ?, ?, ?, ?, ?, ?, ? )
2026-04-23T18:54:59.444+08:00 DEBUG 21652 --- [           main] c.petshop.mapper.ServiceMapper.insert    : ==> Parameters: 93(Integer), 宠物美容(String), 专业宠物美容服务(String), 99.99(BigDecimal), 60(Integer), grooming(String), enabled(String), 2026-04-23T18:54:59.444987400(LocalDateTime), 2026-04-23T18:54:59.444987400(LocalDateTime)
2026-04-23T18:54:59.445+08:00 DEBUG 21652 --- [           main] c.petshop.mapper.ServiceMapper.insert    : <==    Updates: 1
2026-04-23T18:54:59.445+08:00 DEBUG 21652 --- [           main] c.petshop.mapper.ProductMapper.insert    : ==>  Preparing: INSERT INTO "product" ( merchant_id, name, description, price, stock, status, low_stock_threshold, category, created_at, updated_at ) VALUES ( ?, ?, ?, ?, ?, ?, ?, ?, ?, ? )
2026-04-23T18:54:59.446+08:00 DEBUG 21652 --- [           main] c.petshop.mapper.ProductMapper.insert    : ==> Parameters: 93(Integer), 宠物粮食(String), 优质宠物粮食(String), 59.99(BigDecimal), 100(Integer), enabled(String), 10(Integer), food(String), 2026-04-23T18:54:59.445987600(LocalDateTime), 2026-04-23T18:54:59.445987600(LocalDateTime)
2026-04-23T18:54:59.446+08:00 DEBUG 21652 --- [           main] c.petshop.mapper.ProductMapper.insert    : <==    Updates: 1
2026-04-23T18:54:59.530+08:00 DEBUG 21652 --- [           main] com.petshop.mapper.UserMapper.insert     : ==>  Preparing: INSERT INTO "user" ( username, email, password, phone, status, created_at, updated_at ) VALUES ( ?, ?, ?, ?, ?, ?, ? )
2026-04-23T18:54:59.530+08:00 DEBUG 21652 --- [           main] com.petshop.mapper.UserMapper.insert     : ==> Parameters: testuser(String), user@test.com(String), $2a$10$Ew7PleFI1KrHQ.7K62pQyufm95hB7aZHiK55BDA5TR9jYnWK3W.7O(String), 13800000001(String), active(String), 2026-04-23T18:54:59.529722900(LocalDateTime), 2026-04-23T18:54:59.529722900(LocalDateTime)
2026-04-23T18:54:59.530+08:00 DEBUG 21652 --- [           main] com.petshop.mapper.UserMapper.insert     : <==    Updates: 1
2026-04-23T18:54:59.531+08:00 DEBUG 21652 --- [           main] c.p.mapper.ProductOrderMapper.insert     : ==>  Preparing: INSERT INTO "product_order" ( order_no, user_id, merchant_id, total_price, freight, status, shipping_address, created_at, updated_at ) VALUES ( ?, ?, ?, ?, ?, ?, ?, ?, ? )
2026-04-23T18:54:59.531+08:00 DEBUG 21652 --- [           main] c.p.mapper.ProductOrderMapper.insert     : ==> Parameters: ORD1776941699530(String), 54(Integer), 93(Integer), 119.98(BigDecimal), 0(BigDecimal), pending(String), 测试收货地址(String), 2026-04-23T18:54:59.530717400(LocalDateTime), 2026-04-23T18:54:59.530717400(LocalDateTime)
2026-04-23T18:54:59.532+08:00 DEBUG 21652 --- [           main] c.p.mapper.ProductOrderMapper.insert     : <==    Updates: 1
2026-04-23T18:54:59.532+08:00 DEBUG 21652 --- [           main] com.petshop.mapper.ReviewMapper.insert   : ==>  Preparing: INSERT INTO "review" ( user_id, merchant_id, service_id, rating, comment, created_at, status ) VALUES ( ?, ?, ?, ?, ?, ?, ? )
2026-04-23T18:54:59.533+08:00 DEBUG 21652 --- [           main] com.petshop.mapper.ReviewMapper.insert   : ==> Parameters: 54(Integer), 93(Integer), 18(Integer), 5(Integer), 非常满意的服务！(String), 2026-04-23T18:54:59.532719300(LocalDateTime), approved(String)
2026-04-23T18:54:59.533+08:00 DEBUG 21652 --- [           main] com.petshop.mapper.ReviewMapper.insert   : <==    Updates: 1
2026-04-23T18:54:59.534+08:00 DEBUG 21652 --- [           main] o.s.security.web.FilterChainProxy        : Securing POST /api/auth/merchant/login
2026-04-23T18:54:59.534+08:00 DEBUG 21652 --- [           main] o.s.s.w.a.AnonymousAuthenticationFilter  : Set SecurityContextHolder to anonymous SecurityContext
2026-04-23T18:54:59.534+08:00 DEBUG 21652 --- [           main] o.s.security.web.FilterChainProxy        : Secured POST /api/auth/merchant/login
2026-04-23T18:54:59.535+08:00 DEBUG 21652 --- [           main] c.p.mapper.UserMapper.selectByPhone      : ==>  Preparing: SELECT * FROM `user` WHERE phone = ?
2026-04-23T18:54:59.535+08:00 DEBUG 21652 --- [           main] c.p.mapper.UserMapper.selectByPhone      : ==> Parameters: 13900000001(String)
2026-04-23T18:54:59.535+08:00 DEBUG 21652 --- [           main] c.p.mapper.UserMapper.selectByPhone      : <==      Total: 0
2026-04-23T18:54:59.536+08:00 DEBUG 21652 --- [           main] c.p.mapper.MerchantMapper.selectByPhone  : ==>  Preparing: SELECT * FROM `merchant` WHERE phone = ?
2026-04-23T18:54:59.536+08:00 DEBUG 21652 --- [           main] c.p.mapper.MerchantMapper.selectByPhone  : ==> Parameters: 13900000001(String)
2026-04-23T18:54:59.536+08:00 DEBUG 21652 --- [           main] c.p.mapper.MerchantMapper.selectByPhone  : <==      Total: 1
2026-04-23T18:54:59.617+08:00 DEBUG 21652 --- [           main] o.s.s.a.dao.DaoAuthenticationProvider    : Authenticated user
2026-04-23T18:54:59.620+08:00 DEBUG 21652 --- [           main] o.s.security.web.FilterChainProxy        : Securing GET /api/merchant/appointments
2026-04-23T18:54:59.622+08:00 DEBUG 21652 --- [           main] o.s.security.web.FilterChainProxy        : Secured GET /api/merchant/appointments
2026-04-23T18:54:59.622+08:00 DEBUG 21652 --- [           main] c.p.mapper.MerchantMapper.selectList     : ==>  Preparing: SELECT id,name,contact_person,phone,email,password,address,logo,status,created_at,updated_at FROM "merchant" WHERE (phone = ?)
2026-04-23T18:54:59.623+08:00 DEBUG 21652 --- [           main] c.p.mapper.MerchantMapper.selectList     : ==> Parameters: 13900000001(String)
2026-04-23T18:54:59.623+08:00 DEBUG 21652 --- [           main] c.p.mapper.MerchantMapper.selectList     : <==      Total: 1
2026-04-23T18:54:59.624+08:00 DEBUG 21652 --- [           main] c.p.mapper.AppointmentMapper.selectList  : ==>  Preparing: SELECT id,user_id,merchant_id,service_id,pet_id,appointment_time,status,total_price,notes,created_at,updated_at FROM "appointment" WHERE (merchant_id = ?)
2026-04-23T18:54:59.624+08:00 DEBUG 21652 --- [           main] c.p.mapper.AppointmentMapper.selectList  : ==> Parameters: 93(Integer)
2026-04-23T18:54:59.624+08:00 DEBUG 21652 --- [           main] c.p.mapper.AppointmentMapper.selectList  : <==      Total: 0
[INFO] Tests run: 6, Failures: 0, Errors: 0, Skipped: 0, Time elapsed: 1.622 s -- in com.petshop.controller.MerchantApiControllerTest$MerchantProfileTests
[INFO] Running com.petshop.controller.MerchantApiControllerTest$OrderManagementTests
2026-04-23T18:54:59.630+08:00  INFO 21652 --- [           main] t.c.s.AnnotationConfigContextLoaderUtils : Could not detect default configuration classes for test class [com.petshop.controller.MerchantApiControllerTest$OrderManagementTests]: OrderManagementTests does not declare any static, non-private, non-final, nested classes annotated with @Configuration.
2026-04-23T18:54:59.633+08:00  INFO 21652 --- [           main] .b.t.c.SpringBootTestContextBootstrapper : Found @SpringBootConfiguration com.petshop.PetManagementSystemApplication for test class com.petshop.controller.MerchantApiControllerTest$OrderManagementTests
2026-04-23T18:54:59.723+08:00 DEBUG 21652 --- [           main] c.petshop.mapper.MerchantMapper.insert   : ==>  Preparing: INSERT INTO "merchant" ( name, contact_person, phone, email, password, address, status, created_at, updated_at ) VALUES ( ?, ?, ?, ?, ?, ?, ?, ?, ? )
2026-04-23T18:54:59.723+08:00 DEBUG 21652 --- [           main] c.petshop.mapper.MerchantMapper.insert   : ==> Parameters: 测试商家(String), 张三(String), 13900000001(String), merchant@test.com(String), $2a$10$m276dn4lb8HfYqePjAUQuOgIEoMFvzM1U25d/B40pOGy6XkbOsbgq(String), 测试地址123号(String), approved(String), 2026-04-23T18:54:59.723195800(LocalDateTime), 2026-04-23T18:54:59.723195800(LocalDateTime)
2026-04-23T18:54:59.723+08:00 DEBUG 21652 --- [           main] c.petshop.mapper.MerchantMapper.insert   : <==    Updates: 1
2026-04-23T18:54:59.724+08:00 DEBUG 21652 --- [           main] c.petshop.mapper.ServiceMapper.insert    : ==>  Preparing: INSERT INTO "service" ( merchant_id, name, description, price, duration, category, status, created_at, updated_at ) VALUES ( ?, ?, ?, ?, ?, ?, ?, ?, ? )
2026-04-23T18:54:59.724+08:00 DEBUG 21652 --- [           main] c.petshop.mapper.ServiceMapper.insert    : ==> Parameters: 94(Integer), 宠物美容(String), 专业宠物美容服务(String), 99.99(BigDecimal), 60(Integer), grooming(String), enabled(String), 2026-04-23T18:54:59.724196200(LocalDateTime), 2026-04-23T18:54:59.724196200(LocalDateTime)
2026-04-23T18:54:59.724+08:00 DEBUG 21652 --- [           main] c.petshop.mapper.ServiceMapper.insert    : <==    Updates: 1
2026-04-23T18:54:59.724+08:00 DEBUG 21652 --- [           main] c.petshop.mapper.ProductMapper.insert    : ==>  Preparing: INSERT INTO "product" ( merchant_id, name, description, price, stock, status, low_stock_threshold, category, created_at, updated_at ) VALUES ( ?, ?, ?, ?, ?, ?, ?, ?, ?, ? )
2026-04-23T18:54:59.724+08:00 DEBUG 21652 --- [           main] c.petshop.mapper.ProductMapper.insert    : ==> Parameters: 94(Integer), 宠物粮食(String), 优质宠物粮食(String), 59.99(BigDecimal), 100(Integer), enabled(String), 10(Integer), food(String), 2026-04-23T18:54:59.724196200(LocalDateTime), 2026-04-23T18:54:59.724196200(LocalDateTime)
2026-04-23T18:54:59.725+08:00 DEBUG 21652 --- [           main] c.petshop.mapper.ProductMapper.insert    : <==    Updates: 1
2026-04-23T18:54:59.812+08:00 DEBUG 21652 --- [           main] com.petshop.mapper.UserMapper.insert     : ==>  Preparing: INSERT INTO "user" ( username, email, password, phone, status, created_at, updated_at ) VALUES ( ?, ?, ?, ?, ?, ?, ? )
2026-04-23T18:54:59.812+08:00 DEBUG 21652 --- [           main] com.petshop.mapper.UserMapper.insert     : ==> Parameters: testuser(String), user@test.com(String), $2a$10$nTSZ4cf4sLa8.QTCGe6saOp6DNjFHo6jtjKH2R0i4BIz/Ry7tu5w2(String), 13800000001(String), active(String), 2026-04-23T18:54:59.810903300(LocalDateTime), 2026-04-23T18:54:59.810903300(LocalDateTime)
2026-04-23T18:54:59.812+08:00 DEBUG 21652 --- [           main] com.petshop.mapper.UserMapper.insert     : <==    Updates: 1
2026-04-23T18:54:59.812+08:00 DEBUG 21652 --- [           main] c.p.mapper.ProductOrderMapper.insert     : ==>  Preparing: INSERT INTO "product_order" ( order_no, user_id, merchant_id, total_price, freight, status, shipping_address, created_at, updated_at ) VALUES ( ?, ?, ?, ?, ?, ?, ?, ?, ? )
2026-04-23T18:54:59.812+08:00 DEBUG 21652 --- [           main] c.p.mapper.ProductOrderMapper.insert     : ==> Parameters: ORD1776941699812(String), 55(Integer), 94(Integer), 119.98(BigDecimal), 0(BigDecimal), pending(String), 测试收货地址(String), 2026-04-23T18:54:59.812074400(LocalDateTime), 2026-04-23T18:54:59.812074400(LocalDateTime)
2026-04-23T18:54:59.812+08:00 DEBUG 21652 --- [           main] c.p.mapper.ProductOrderMapper.insert     : <==    Updates: 1
2026-04-23T18:54:59.812+08:00 DEBUG 21652 --- [           main] com.petshop.mapper.ReviewMapper.insert   : ==>  Preparing: INSERT INTO "review" ( user_id, merchant_id, service_id, rating, comment, created_at, status ) VALUES ( ?, ?, ?, ?, ?, ?, ? )
2026-04-23T18:54:59.812+08:00 DEBUG 21652 --- [           main] com.petshop.mapper.ReviewMapper.insert   : ==> Parameters: 55(Integer), 94(Integer), 19(Integer), 5(Integer), 非常满意的服务！(String), 2026-04-23T18:54:59.812879800(LocalDateTime), approved(String)
2026-04-23T18:54:59.813+08:00 DEBUG 21652 --- [           main] com.petshop.mapper.ReviewMapper.insert   : <==    Updates: 1
2026-04-23T18:54:59.813+08:00 DEBUG 21652 --- [           main] o.s.security.web.FilterChainProxy        : Securing POST /api/auth/merchant/login
2026-04-23T18:54:59.813+08:00 DEBUG 21652 --- [           main] o.s.s.w.a.AnonymousAuthenticationFilter  : Set SecurityContextHolder to anonymous SecurityContext
2026-04-23T18:54:59.814+08:00 DEBUG 21652 --- [           main] o.s.security.web.FilterChainProxy        : Secured POST /api/auth/merchant/login
2026-04-23T18:54:59.815+08:00 DEBUG 21652 --- [           main] c.p.mapper.UserMapper.selectByPhone      : ==>  Preparing: SELECT * FROM `user` WHERE phone = ?
2026-04-23T18:54:59.816+08:00 DEBUG 21652 --- [           main] c.p.mapper.UserMapper.selectByPhone      : ==> Parameters: 13900000001(String)
2026-04-23T18:54:59.816+08:00 DEBUG 21652 --- [           main] c.p.mapper.UserMapper.selectByPhone      : <==      Total: 0
2026-04-23T18:54:59.816+08:00 DEBUG 21652 --- [           main] c.p.mapper.MerchantMapper.selectByPhone  : ==>  Preparing: SELECT * FROM `merchant` WHERE phone = ?
2026-04-23T18:54:59.817+08:00 DEBUG 21652 --- [           main] c.p.mapper.MerchantMapper.selectByPhone  : ==> Parameters: 13900000001(String)
2026-04-23T18:54:59.817+08:00 DEBUG 21652 --- [           main] c.p.mapper.MerchantMapper.selectByPhone  : <==      Total: 1
2026-04-23T18:54:59.914+08:00 DEBUG 21652 --- [           main] o.s.s.a.dao.DaoAuthenticationProvider    : Authenticated user
2026-04-23T18:54:59.916+08:00 DEBUG 21652 --- [           main] c.p.mapper.ProductOrderMapper.insert     : ==>  Preparing: INSERT INTO "product_order" ( order_no, user_id, merchant_id, total_price, freight, status, created_at, updated_at ) VALUES ( ?, ?, ?, ?, ?, ?, ?, ? )
2026-04-23T18:54:59.916+08:00 DEBUG 21652 --- [           main] c.p.mapper.ProductOrderMapper.insert     : ==> Parameters: ORD1776941699916(String), 55(Integer), 94(Integer), 99.99(BigDecimal), 0(BigDecimal), paid(String), 2026-04-23T18:54:59.916737400(LocalDateTime), 2026-04-23T18:54:59.916737400(LocalDateTime)
2026-04-23T18:54:59.917+08:00 DEBUG 21652 --- [           main] c.p.mapper.ProductOrderMapper.insert     : <==    Updates: 1
2026-04-23T18:54:59.917+08:00 DEBUG 21652 --- [           main] o.s.security.web.FilterChainProxy        : Securing PUT /api/merchant/product-orders/18/logistics
2026-04-23T18:54:59.919+08:00 DEBUG 21652 --- [           main] c.p.mapper.UserMapper.selectByPhone      : ==>  Preparing: SELECT * FROM `user` WHERE phone = ?
2026-04-23T18:54:59.920+08:00 DEBUG 21652 --- [           main] c.p.mapper.UserMapper.selectByPhone      : ==> Parameters: 13900000001(String)
2026-04-23T18:54:59.920+08:00 DEBUG 21652 --- [           main] c.p.mapper.UserMapper.selectByPhone      : <==      Total: 0
2026-04-23T18:54:59.920+08:00 DEBUG 21652 --- [           main] c.p.mapper.MerchantMapper.selectByPhone  : ==>  Preparing: SELECT * FROM `merchant` WHERE phone = ?
2026-04-23T18:54:59.920+08:00 DEBUG 21652 --- [           main] c.p.mapper.MerchantMapper.selectByPhone  : ==> Parameters: 13900000001(String)
2026-04-23T18:54:59.920+08:00 DEBUG 21652 --- [           main] c.p.mapper.MerchantMapper.selectByPhone  : <==      Total: 1
2026-04-23T18:54:59.920+08:00 DEBUG 21652 --- [           main] o.s.security.web.FilterChainProxy        : Secured PUT /api/merchant/product-orders/18/logistics
2026-04-23T18:54:59.922+08:00 DEBUG 21652 --- [           main] c.p.mapper.MerchantMapper.selectList     : ==>  Preparing: SELECT id,name,contact_person,phone,email,password,address,logo,status,created_at,updated_at FROM "merchant" WHERE (phone = ?)
2026-04-23T18:54:59.922+08:00 DEBUG 21652 --- [           main] c.p.mapper.MerchantMapper.selectList     : ==> Parameters: 13900000001(String)
2026-04-23T18:54:59.923+08:00 DEBUG 21652 --- [           main] c.p.mapper.MerchantMapper.selectList     : <==      Total: 1
2026-04-23T18:54:59.923+08:00 DEBUG 21652 --- [           main] c.p.m.P.selectByIdWithMerchant           : ==>  Preparing: SELECT po.*, m.id as merchant_id, m.name as merchant_name, m.contact_person as merchant_contact_person, m.phone as merchant_phone, m.email as merchant_email, m.address as merchant_address, m.logo as merchant_logo, m.status as merchant_status, m.created_at as merchant_created_at, m.updated_at as merchant_updated_at FROM product_order po LEFT JOIN merchant m ON po.merchant_id = m.id WHERE po.id = ?
2026-04-23T18:54:59.924+08:00 DEBUG 21652 --- [           main] c.p.m.P.selectByIdWithMerchant           : ==> Parameters: 18(Integer)
2026-04-23T18:54:59.924+08:00 DEBUG 21652 --- [           main] c.p.m.P.selectByIdWithMerchant           : <==      Total: 1
2026-04-23T18:54:59.928+08:00 DEBUG 21652 --- [           main] c.p.m.ProductOrderMapper.updateById      : ==>  Preparing: UPDATE "product_order" SET order_no=?, user_id=?, merchant_id=?, total_price=?, freight=?, status=?, logistics_company=?, logistics_number=?, created_at=?, updated_at=? WHERE id=?
2026-04-23T18:54:59.928+08:00 DEBUG 21652 --- [           main] c.p.m.ProductOrderMapper.updateById      : ==> Parameters: ORD1776941699916(String), 55(Integer), 94(Integer), 99.99(BigDecimal), 0.00(BigDecimal), shipped(String), 顺丰快递(String), SF1234567890(String), 2026-04-23T18:54:59.916737(LocalDateTime), 2026-04-23T18:54:59.916737(LocalDateTime), 18(Integer)
2026-04-23T18:54:59.928+08:00 DEBUG 21652 --- [           main] c.p.m.ProductOrderMapper.updateById      : <==    Updates: 1
2026-04-23T18:55:00.026+08:00 DEBUG 21652 --- [           main] c.petshop.mapper.MerchantMapper.insert   : ==>  Preparing: INSERT INTO "merchant" ( name, contact_person, phone, email, password, address, status, created_at, updated_at ) VALUES ( ?, ?, ?, ?, ?, ?, ?, ?, ? )
2026-04-23T18:55:00.026+08:00 DEBUG 21652 --- [           main] c.petshop.mapper.MerchantMapper.insert   : ==> Parameters: 测试商家(String), 张三(String), 13900000001(String), merchant@test.com(String), $2a$10$ffHbRyiIVTdN3GDLxnVMwul19Yvbj9eaTgKUy8w/C3shbIZHKbNVy(String), 测试地址123号(String), approved(String), 2026-04-23T18:55:00.025202900(LocalDateTime), 2026-04-23T18:55:00.025202900(LocalDateTime)
2026-04-23T18:55:00.026+08:00 DEBUG 21652 --- [           main] c.petshop.mapper.MerchantMapper.insert   : <==    Updates: 1
2026-04-23T18:55:00.026+08:00 DEBUG 21652 --- [           main] c.petshop.mapper.ServiceMapper.insert    : ==>  Preparing: INSERT INTO "service" ( merchant_id, name, description, price, duration, category, status, created_at, updated_at ) VALUES ( ?, ?, ?, ?, ?, ?, ?, ?, ? )
2026-04-23T18:55:00.026+08:00 DEBUG 21652 --- [           main] c.petshop.mapper.ServiceMapper.insert    : ==> Parameters: 95(Integer), 宠物美容(String), 专业宠物美容服务(String), 99.99(BigDecimal), 60(Integer), grooming(String), enabled(String), 2026-04-23T18:55:00.026206(LocalDateTime), 2026-04-23T18:55:00.026206(LocalDateTime)
2026-04-23T18:55:00.027+08:00 DEBUG 21652 --- [           main] c.petshop.mapper.ServiceMapper.insert    : <==    Updates: 1
2026-04-23T18:55:00.027+08:00 DEBUG 21652 --- [           main] c.petshop.mapper.ProductMapper.insert    : ==>  Preparing: INSERT INTO "product" ( merchant_id, name, description, price, stock, status, low_stock_threshold, category, created_at, updated_at ) VALUES ( ?, ?, ?, ?, ?, ?, ?, ?, ?, ? )
2026-04-23T18:55:00.027+08:00 DEBUG 21652 --- [           main] c.petshop.mapper.ProductMapper.insert    : ==> Parameters: 95(Integer), 宠物粮食(String), 优质宠物粮食(String), 59.99(BigDecimal), 100(Integer), enabled(String), 10(Integer), food(String), 2026-04-23T18:55:00.027205500(LocalDateTime), 2026-04-23T18:55:00.027205500(LocalDateTime)
2026-04-23T18:55:00.027+08:00 DEBUG 21652 --- [           main] c.petshop.mapper.ProductMapper.insert    : <==    Updates: 1
2026-04-23T18:55:00.116+08:00 DEBUG 21652 --- [           main] com.petshop.mapper.UserMapper.insert     : ==>  Preparing: INSERT INTO "user" ( username, email, password, phone, status, created_at, updated_at ) VALUES ( ?, ?, ?, ?, ?, ?, ? )
2026-04-23T18:55:00.116+08:00 DEBUG 21652 --- [           main] com.petshop.mapper.UserMapper.insert     : ==> Parameters: testuser(String), user@test.com(String), $2a$10$8Uelf6FzKjnOZTOlG1Lp6.8CRtF6XWv2skEpQBS/nbTHa1QjKoG0O(String), 13800000001(String), active(String), 2026-04-23T18:55:00.115410800(LocalDateTime), 2026-04-23T18:55:00.115410800(LocalDateTime)
2026-04-23T18:55:00.116+08:00 DEBUG 21652 --- [           main] com.petshop.mapper.UserMapper.insert     : <==    Updates: 1
2026-04-23T18:55:00.116+08:00 DEBUG 21652 --- [           main] c.p.mapper.ProductOrderMapper.insert     : ==>  Preparing: INSERT INTO "product_order" ( order_no, user_id, merchant_id, total_price, freight, status, shipping_address, created_at, updated_at ) VALUES ( ?, ?, ?, ?, ?, ?, ?, ?, ? )
2026-04-23T18:55:00.117+08:00 DEBUG 21652 --- [           main] c.p.mapper.ProductOrderMapper.insert     : ==> Parameters: ORD1776941700116(String), 56(Integer), 95(Integer), 119.98(BigDecimal), 0(BigDecimal), pending(String), 测试收货地址(String), 2026-04-23T18:55:00.116410900(LocalDateTime), 2026-04-23T18:55:00.116410900(LocalDateTime)
2026-04-23T18:55:00.117+08:00 DEBUG 21652 --- [           main] c.p.mapper.ProductOrderMapper.insert     : <==    Updates: 1
2026-04-23T18:55:00.117+08:00 DEBUG 21652 --- [           main] com.petshop.mapper.ReviewMapper.insert   : ==>  Preparing: INSERT INTO "review" ( user_id, merchant_id, service_id, rating, comment, created_at, status ) VALUES ( ?, ?, ?, ?, ?, ?, ? )
2026-04-23T18:55:00.118+08:00 DEBUG 21652 --- [           main] com.petshop.mapper.ReviewMapper.insert   : ==> Parameters: 56(Integer), 95(Integer), 20(Integer), 5(Integer), 非常满意的服务！(String), 2026-04-23T18:55:00.117630200(LocalDateTime), approved(String)
2026-04-23T18:55:00.118+08:00 DEBUG 21652 --- [           main] com.petshop.mapper.ReviewMapper.insert   : <==    Updates: 1
2026-04-23T18:55:00.118+08:00 DEBUG 21652 --- [           main] o.s.security.web.FilterChainProxy        : Securing POST /api/auth/merchant/login
2026-04-23T18:55:00.118+08:00 DEBUG 21652 --- [           main] o.s.s.w.a.AnonymousAuthenticationFilter  : Set SecurityContextHolder to anonymous SecurityContext
2026-04-23T18:55:00.118+08:00 DEBUG 21652 --- [           main] o.s.security.web.FilterChainProxy        : Secured POST /api/auth/merchant/login
2026-04-23T18:55:00.119+08:00 DEBUG 21652 --- [           main] c.p.mapper.UserMapper.selectByPhone      : ==>  Preparing: SELECT * FROM `user` WHERE phone = ?
2026-04-23T18:55:00.119+08:00 DEBUG 21652 --- [           main] c.p.mapper.UserMapper.selectByPhone      : ==> Parameters: 13900000001(String)
2026-04-23T18:55:00.119+08:00 DEBUG 21652 --- [           main] c.p.mapper.UserMapper.selectByPhone      : <==      Total: 0
2026-04-23T18:55:00.119+08:00 DEBUG 21652 --- [           main] c.p.mapper.MerchantMapper.selectByPhone  : ==>  Preparing: SELECT * FROM `merchant` WHERE phone = ?
2026-04-23T18:55:00.120+08:00 DEBUG 21652 --- [           main] c.p.mapper.MerchantMapper.selectByPhone  : ==> Parameters: 13900000001(String)
2026-04-23T18:55:00.120+08:00 DEBUG 21652 --- [           main] c.p.mapper.MerchantMapper.selectByPhone  : <==      Total: 1
2026-04-23T18:55:00.202+08:00 DEBUG 21652 --- [           main] o.s.s.a.dao.DaoAuthenticationProvider    : Authenticated user
2026-04-23T18:55:00.204+08:00 DEBUG 21652 --- [           main] o.s.security.web.FilterChainProxy        : Securing PUT /api/merchant/orders/19/status
2026-04-23T18:55:00.206+08:00 DEBUG 21652 --- [           main] o.s.security.web.FilterChainProxy        : Secured PUT /api/merchant/orders/19/status
2026-04-23T18:55:00.207+08:00 DEBUG 21652 --- [           main] c.p.mapper.MerchantMapper.selectList     : ==>  Preparing: SELECT id,name,contact_person,phone,email,password,address,logo,status,created_at,updated_at FROM "merchant" WHERE (phone = ?)
2026-04-23T18:55:00.208+08:00 DEBUG 21652 --- [           main] c.p.mapper.MerchantMapper.selectList     : ==> Parameters: 13900000001(String)
2026-04-23T18:55:00.208+08:00 DEBUG 21652 --- [           main] c.p.mapper.MerchantMapper.selectList     : <==      Total: 1
2026-04-23T18:55:00.296+08:00 DEBUG 21652 --- [           main] c.petshop.mapper.MerchantMapper.insert   : ==>  Preparing: INSERT INTO "merchant" ( name, contact_person, phone, email, password, address, status, created_at, updated_at ) VALUES ( ?, ?, ?, ?, ?, ?, ?, ?, ? )
2026-04-23T18:55:00.296+08:00 DEBUG 21652 --- [           main] c.petshop.mapper.MerchantMapper.insert   : ==> Parameters: 测试商家(String), 张三(String), 13900000001(String), merchant@test.com(String), $2a$10$1ZIZCYT87P6kXrpzkP7Ww.f3fiowrrt.IQdA3l6.69Isb6eGTgoFq(String), 测试地址123号(String), approved(String), 2026-04-23T18:55:00.295572500(LocalDateTime), 2026-04-23T18:55:00.295572500(LocalDateTime)
2026-04-23T18:55:00.296+08:00 DEBUG 21652 --- [           main] c.petshop.mapper.MerchantMapper.insert   : <==    Updates: 1
2026-04-23T18:55:00.297+08:00 DEBUG 21652 --- [           main] c.petshop.mapper.ServiceMapper.insert    : ==>  Preparing: INSERT INTO "service" ( merchant_id, name, description, price, duration, category, status, created_at, updated_at ) VALUES ( ?, ?, ?, ?, ?, ?, ?, ?, ? )
2026-04-23T18:55:00.297+08:00 DEBUG 21652 --- [           main] c.petshop.mapper.ServiceMapper.insert    : ==> Parameters: 96(Integer), 宠物美容(String), 专业宠物美容服务(String), 99.99(BigDecimal), 60(Integer), grooming(String), enabled(String), 2026-04-23T18:55:00.296616100(LocalDateTime), 2026-04-23T18:55:00.296616100(LocalDateTime)
2026-04-23T18:55:00.297+08:00 DEBUG 21652 --- [           main] c.petshop.mapper.ServiceMapper.insert    : <==    Updates: 1
2026-04-23T18:55:00.297+08:00 DEBUG 21652 --- [           main] c.petshop.mapper.ProductMapper.insert    : ==>  Preparing: INSERT INTO "product" ( merchant_id, name, description, price, stock, status, low_stock_threshold, category, created_at, updated_at ) VALUES ( ?, ?, ?, ?, ?, ?, ?, ?, ?, ? )
2026-04-23T18:55:00.298+08:00 DEBUG 21652 --- [           main] c.petshop.mapper.ProductMapper.insert    : ==> Parameters: 96(Integer), 宠物粮食(String), 优质宠物粮食(String), 59.99(BigDecimal), 100(Integer), enabled(String), 10(Integer), food(String), 2026-04-23T18:55:00.297624200(LocalDateTime), 2026-04-23T18:55:00.297624200(LocalDateTime)
2026-04-23T18:55:00.298+08:00 DEBUG 21652 --- [           main] c.petshop.mapper.ProductMapper.insert    : <==    Updates: 1
2026-04-23T18:55:00.387+08:00 DEBUG 21652 --- [           main] com.petshop.mapper.UserMapper.insert     : ==>  Preparing: INSERT INTO "user" ( username, email, password, phone, status, created_at, updated_at ) VALUES ( ?, ?, ?, ?, ?, ?, ? )
2026-04-23T18:55:00.387+08:00 DEBUG 21652 --- [           main] com.petshop.mapper.UserMapper.insert     : ==> Parameters: testuser(String), user@test.com(String), $2a$10$2XAZXKBDDvfMJmyqerZehuBhEZ4OKTCKcfb2/WRfCiU8n1sJboDqm(String), 13800000001(String), active(String), 2026-04-23T18:55:00.387758400(LocalDateTime), 2026-04-23T18:55:00.387758400(LocalDateTime)
2026-04-23T18:55:00.388+08:00 DEBUG 21652 --- [           main] com.petshop.mapper.UserMapper.insert     : <==    Updates: 1
2026-04-23T18:55:00.388+08:00 DEBUG 21652 --- [           main] c.p.mapper.ProductOrderMapper.insert     : ==>  Preparing: INSERT INTO "product_order" ( order_no, user_id, merchant_id, total_price, freight, status, shipping_address, created_at, updated_at ) VALUES ( ?, ?, ?, ?, ?, ?, ?, ?, ? )
2026-04-23T18:55:00.388+08:00 DEBUG 21652 --- [           main] c.p.mapper.ProductOrderMapper.insert     : ==> Parameters: ORD1776941700388(String), 57(Integer), 96(Integer), 119.98(BigDecimal), 0(BigDecimal), pending(String), 测试收货地址(String), 2026-04-23T18:55:00.388759(LocalDateTime), 2026-04-23T18:55:00.388759(LocalDateTime)
2026-04-23T18:55:00.388+08:00 DEBUG 21652 --- [           main] c.p.mapper.ProductOrderMapper.insert     : <==    Updates: 1
2026-04-23T18:55:00.388+08:00 DEBUG 21652 --- [           main] com.petshop.mapper.ReviewMapper.insert   : ==>  Preparing: INSERT INTO "review" ( user_id, merchant_id, service_id, rating, comment, created_at, status ) VALUES ( ?, ?, ?, ?, ?, ?, ? )
2026-04-23T18:55:00.389+08:00 DEBUG 21652 --- [           main] com.petshop.mapper.ReviewMapper.insert   : ==> Parameters: 57(Integer), 96(Integer), 21(Integer), 5(Integer), 非常满意的服务！(String), 2026-04-23T18:55:00.388759(LocalDateTime), approved(String)
2026-04-23T18:55:00.389+08:00 DEBUG 21652 --- [           main] com.petshop.mapper.ReviewMapper.insert   : <==    Updates: 1
2026-04-23T18:55:00.389+08:00 DEBUG 21652 --- [           main] o.s.security.web.FilterChainProxy        : Securing POST /api/auth/merchant/login
2026-04-23T18:55:00.389+08:00 DEBUG 21652 --- [           main] o.s.s.w.a.AnonymousAuthenticationFilter  : Set SecurityContextHolder to anonymous SecurityContext
2026-04-23T18:55:00.390+08:00 DEBUG 21652 --- [           main] o.s.security.web.FilterChainProxy        : Secured POST /api/auth/merchant/login
2026-04-23T18:55:00.390+08:00 DEBUG 21652 --- [           main] c.p.mapper.UserMapper.selectByPhone      : ==>  Preparing: SELECT * FROM `user` WHERE phone = ?
2026-04-23T18:55:00.391+08:00 DEBUG 21652 --- [           main] c.p.mapper.UserMapper.selectByPhone      : ==> Parameters: 13900000001(String)
2026-04-23T18:55:00.391+08:00 DEBUG 21652 --- [           main] c.p.mapper.UserMapper.selectByPhone      : <==      Total: 0
2026-04-23T18:55:00.391+08:00 DEBUG 21652 --- [           main] c.p.mapper.MerchantMapper.selectByPhone  : ==>  Preparing: SELECT * FROM `merchant` WHERE phone = ?
2026-04-23T18:55:00.391+08:00 DEBUG 21652 --- [           main] c.p.mapper.MerchantMapper.selectByPhone  : ==> Parameters: 13900000001(String)
2026-04-23T18:55:00.391+08:00 DEBUG 21652 --- [           main] c.p.mapper.MerchantMapper.selectByPhone  : <==      Total: 1
2026-04-23T18:55:00.481+08:00 DEBUG 21652 --- [           main] o.s.s.a.dao.DaoAuthenticationProvider    : Authenticated user
2026-04-23T18:55:00.484+08:00 DEBUG 21652 --- [           main] o.s.security.web.FilterChainProxy        : Securing GET /api/merchant/product-orders
2026-04-23T18:55:00.487+08:00 DEBUG 21652 --- [           main] o.s.security.web.FilterChainProxy        : Secured GET /api/merchant/product-orders
2026-04-23T18:55:00.488+08:00 DEBUG 21652 --- [           main] c.p.mapper.MerchantMapper.selectList     : ==>  Preparing: SELECT id,name,contact_person,phone,email,password,address,logo,status,created_at,updated_at FROM "merchant" WHERE (phone = ?)
2026-04-23T18:55:00.488+08:00 DEBUG 21652 --- [           main] c.p.mapper.MerchantMapper.selectList     : ==> Parameters: 13900000001(String)
2026-04-23T18:55:00.489+08:00 DEBUG 21652 --- [           main] c.p.mapper.MerchantMapper.selectList     : <==      Total: 1
2026-04-23T18:55:00.490+08:00 DEBUG 21652 --- [           main] c.p.m.ProductOrderMapper.selectList      : ==>  Preparing: SELECT id,order_no,user_id,merchant_id,total_price,freight,status,pay_method,remark,shipping_address,logistics_company,logistics_number,transaction_id,paid_at,shipped_at,completed_at,cancelled_at,created_at,updated_at FROM "product_order" WHERE (merchant_id = ?)
2026-04-23T18:55:00.491+08:00 DEBUG 21652 --- [           main] c.p.m.ProductOrderMapper.selectList      : ==> Parameters: 96(Integer)
2026-04-23T18:55:00.491+08:00 DEBUG 21652 --- [           main] c.p.m.ProductOrderMapper.selectList      : <==      Total: 1
2026-04-23T18:55:00.589+08:00 DEBUG 21652 --- [           main] c.petshop.mapper.MerchantMapper.insert   : ==>  Preparing: INSERT INTO "merchant" ( name, contact_person, phone, email, password, address, status, created_at, updated_at ) VALUES ( ?, ?, ?, ?, ?, ?, ?, ?, ? )
2026-04-23T18:55:00.589+08:00 DEBUG 21652 --- [           main] c.petshop.mapper.MerchantMapper.insert   : ==> Parameters: 测试商家(String), 张三(String), 13900000001(String), merchant@test.com(String), $2a$10$xhGQQcmyJk2PXNlju1GagOQEduqnFONC6n.kvhJJeB826FxG8/OG2(String), 测试地址123号(String), approved(String), 2026-04-23T18:55:00.588398100(LocalDateTime), 2026-04-23T18:55:00.588398100(LocalDateTime)
2026-04-23T18:55:00.589+08:00 DEBUG 21652 --- [           main] c.petshop.mapper.MerchantMapper.insert   : <==    Updates: 1
2026-04-23T18:55:00.589+08:00 DEBUG 21652 --- [           main] c.petshop.mapper.ServiceMapper.insert    : ==>  Preparing: INSERT INTO "service" ( merchant_id, name, description, price, duration, category, status, created_at, updated_at ) VALUES ( ?, ?, ?, ?, ?, ?, ?, ?, ? )
2026-04-23T18:55:00.589+08:00 DEBUG 21652 --- [           main] c.petshop.mapper.ServiceMapper.insert    : ==> Parameters: 97(Integer), 宠物美容(String), 专业宠物美容服务(String), 99.99(BigDecimal), 60(Integer), grooming(String), enabled(String), 2026-04-23T18:55:00.589731100(LocalDateTime), 2026-04-23T18:55:00.589731100(LocalDateTime)
2026-04-23T18:55:00.589+08:00 DEBUG 21652 --- [           main] c.petshop.mapper.ServiceMapper.insert    : <==    Updates: 1
2026-04-23T18:55:00.590+08:00 DEBUG 21652 --- [           main] c.petshop.mapper.ProductMapper.insert    : ==>  Preparing: INSERT INTO "product" ( merchant_id, name, description, price, stock, status, low_stock_threshold, category, created_at, updated_at ) VALUES ( ?, ?, ?, ?, ?, ?, ?, ?, ?, ? )
2026-04-23T18:55:00.590+08:00 DEBUG 21652 --- [           main] c.petshop.mapper.ProductMapper.insert    : ==> Parameters: 97(Integer), 宠物粮食(String), 优质宠物粮食(String), 59.99(BigDecimal), 100(Integer), enabled(String), 10(Integer), food(String), 2026-04-23T18:55:00.590275300(LocalDateTime), 2026-04-23T18:55:00.590275300(LocalDateTime)
2026-04-23T18:55:00.590+08:00 DEBUG 21652 --- [           main] c.petshop.mapper.ProductMapper.insert    : <==    Updates: 1
2026-04-23T18:55:00.683+08:00 DEBUG 21652 --- [           main] com.petshop.mapper.UserMapper.insert     : ==>  Preparing: INSERT INTO "user" ( username, email, password, phone, status, created_at, updated_at ) VALUES ( ?, ?, ?, ?, ?, ?, ? )
2026-04-23T18:55:00.684+08:00 DEBUG 21652 --- [           main] com.petshop.mapper.UserMapper.insert     : ==> Parameters: testuser(String), user@test.com(String), $2a$10$XbOwpUkY2D2EgH8yx2uIbur0G4sxvP/E/jDJ5ejxAYVyXkc1PZk.2(String), 13800000001(String), active(String), 2026-04-23T18:55:00.683947200(LocalDateTime), 2026-04-23T18:55:00.683947200(LocalDateTime)
2026-04-23T18:55:00.684+08:00 DEBUG 21652 --- [           main] com.petshop.mapper.UserMapper.insert     : <==    Updates: 1
2026-04-23T18:55:00.684+08:00 DEBUG 21652 --- [           main] c.p.mapper.ProductOrderMapper.insert     : ==>  Preparing: INSERT INTO "product_order" ( order_no, user_id, merchant_id, total_price, freight, status, shipping_address, created_at, updated_at ) VALUES ( ?, ?, ?, ?, ?, ?, ?, ?, ? )
2026-04-23T18:55:00.684+08:00 DEBUG 21652 --- [           main] c.p.mapper.ProductOrderMapper.insert     : ==> Parameters: ORD1776941700684(String), 58(Integer), 97(Integer), 119.98(BigDecimal), 0(BigDecimal), pending(String), 测试收货地址(String), 2026-04-23T18:55:00.684636600(LocalDateTime), 2026-04-23T18:55:00.684636600(LocalDateTime)
2026-04-23T18:55:00.685+08:00 DEBUG 21652 --- [           main] c.p.mapper.ProductOrderMapper.insert     : <==    Updates: 1
2026-04-23T18:55:00.685+08:00 DEBUG 21652 --- [           main] com.petshop.mapper.ReviewMapper.insert   : ==>  Preparing: INSERT INTO "review" ( user_id, merchant_id, service_id, rating, comment, created_at, status ) VALUES ( ?, ?, ?, ?, ?, ?, ? )
2026-04-23T18:55:00.685+08:00 DEBUG 21652 --- [           main] com.petshop.mapper.ReviewMapper.insert   : ==> Parameters: 58(Integer), 97(Integer), 22(Integer), 5(Integer), 非常满意的服务！(String), 2026-04-23T18:55:00.685201800(LocalDateTime), approved(String)
2026-04-23T18:55:00.685+08:00 DEBUG 21652 --- [           main] com.petshop.mapper.ReviewMapper.insert   : <==    Updates: 1
2026-04-23T18:55:00.685+08:00 DEBUG 21652 --- [           main] o.s.security.web.FilterChainProxy        : Securing POST /api/auth/merchant/login
2026-04-23T18:55:00.686+08:00 DEBUG 21652 --- [           main] o.s.s.w.a.AnonymousAuthenticationFilter  : Set SecurityContextHolder to anonymous SecurityContext
2026-04-23T18:55:00.686+08:00 DEBUG 21652 --- [           main] o.s.security.web.FilterChainProxy        : Secured POST /api/auth/merchant/login
2026-04-23T18:55:00.687+08:00 DEBUG 21652 --- [           main] c.p.mapper.UserMapper.selectByPhone      : ==>  Preparing: SELECT * FROM `user` WHERE phone = ?
2026-04-23T18:55:00.687+08:00 DEBUG 21652 --- [           main] c.p.mapper.UserMapper.selectByPhone      : ==> Parameters: 13900000001(String)
2026-04-23T18:55:00.687+08:00 DEBUG 21652 --- [           main] c.p.mapper.UserMapper.selectByPhone      : <==      Total: 0
2026-04-23T18:55:00.687+08:00 DEBUG 21652 --- [           main] c.p.mapper.MerchantMapper.selectByPhone  : ==>  Preparing: SELECT * FROM `merchant` WHERE phone = ?
2026-04-23T18:55:00.687+08:00 DEBUG 21652 --- [           main] c.p.mapper.MerchantMapper.selectByPhone  : ==> Parameters: 13900000001(String)
2026-04-23T18:55:00.687+08:00 DEBUG 21652 --- [           main] c.p.mapper.MerchantMapper.selectByPhone  : <==      Total: 1
2026-04-23T18:55:00.820+08:00 DEBUG 21652 --- [           main] o.s.s.a.dao.DaoAuthenticationProvider    : Authenticated user
2026-04-23T18:55:00.823+08:00 DEBUG 21652 --- [           main] o.s.security.web.FilterChainProxy        : Securing GET /api/merchant/orders
2026-04-23T18:55:00.827+08:00 DEBUG 21652 --- [           main] o.s.security.web.FilterChainProxy        : Secured GET /api/merchant/orders
2026-04-23T18:55:00.828+08:00 DEBUG 21652 --- [           main] c.p.mapper.MerchantMapper.selectList     : ==>  Preparing: SELECT id,name,contact_person,phone,email,password,address,logo,status,created_at,updated_at FROM "merchant" WHERE (phone = ?)
2026-04-23T18:55:00.828+08:00 DEBUG 21652 --- [           main] c.p.mapper.MerchantMapper.selectList     : ==> Parameters: 13900000001(String)
2026-04-23T18:55:00.829+08:00 DEBUG 21652 --- [           main] c.p.mapper.MerchantMapper.selectList     : <==      Total: 1
2026-04-23T18:55:00.831+08:00 DEBUG 21652 --- [           main] c.p.m.ProductOrderMapper.selectList      : ==>  Preparing: SELECT id,order_no,user_id,merchant_id,total_price,freight,status,pay_method,remark,shipping_address,logistics_company,logistics_number,transaction_id,paid_at,shipped_at,completed_at,cancelled_at,created_at,updated_at FROM "product_order" WHERE (merchant_id = ?)
2026-04-23T18:55:00.831+08:00 DEBUG 21652 --- [           main] c.p.m.ProductOrderMapper.selectList      : ==> Parameters: 97(Integer)
2026-04-23T18:55:00.833+08:00 DEBUG 21652 --- [           main] c.p.m.ProductOrderMapper.selectList      : <==      Total: 1
2026-04-23T18:55:01.003+08:00 DEBUG 21652 --- [           main] c.petshop.mapper.MerchantMapper.insert   : ==>  Preparing: INSERT INTO "merchant" ( name, contact_person, phone, email, password, address, status, created_at, updated_at ) VALUES ( ?, ?, ?, ?, ?, ?, ?, ?, ? )
2026-04-23T18:55:01.003+08:00 DEBUG 21652 --- [           main] c.petshop.mapper.MerchantMapper.insert   : ==> Parameters: 测试商家(String), 张三(String), 13900000001(String), merchant@test.com(String), $2a$10$Ijt8shiCyAClENJSimyIcuL764pCyP8NDXmdadOt8vXNO/NSjlZd.(String), 测试地址123号(String), approved(String), 2026-04-23T18:55:01.003661400(LocalDateTime), 2026-04-23T18:55:01.003661400(LocalDateTime)
2026-04-23T18:55:01.004+08:00 DEBUG 21652 --- [           main] c.petshop.mapper.MerchantMapper.insert   : <==    Updates: 1
2026-04-23T18:55:01.004+08:00 DEBUG 21652 --- [           main] c.petshop.mapper.ServiceMapper.insert    : ==>  Preparing: INSERT INTO "service" ( merchant_id, name, description, price, duration, category, status, created_at, updated_at ) VALUES ( ?, ?, ?, ?, ?, ?, ?, ?, ? )
2026-04-23T18:55:01.004+08:00 DEBUG 21652 --- [           main] c.petshop.mapper.ServiceMapper.insert    : ==> Parameters: 98(Integer), 宠物美容(String), 专业宠物美容服务(String), 99.99(BigDecimal), 60(Integer), grooming(String), enabled(String), 2026-04-23T18:55:01.004670600(LocalDateTime), 2026-04-23T18:55:01.004670600(LocalDateTime)
2026-04-23T18:55:01.005+08:00 DEBUG 21652 --- [           main] c.petshop.mapper.ServiceMapper.insert    : <==    Updates: 1
2026-04-23T18:55:01.005+08:00 DEBUG 21652 --- [           main] c.petshop.mapper.ProductMapper.insert    : ==>  Preparing: INSERT INTO "product" ( merchant_id, name, description, price, stock, status, low_stock_threshold, category, created_at, updated_at ) VALUES ( ?, ?, ?, ?, ?, ?, ?, ?, ?, ? )
2026-04-23T18:55:01.005+08:00 DEBUG 21652 --- [           main] c.petshop.mapper.ProductMapper.insert    : ==> Parameters: 98(Integer), 宠物粮食(String), 优质宠物粮食(String), 59.99(BigDecimal), 100(Integer), enabled(String), 10(Integer), food(String), 2026-04-23T18:55:01.005670600(LocalDateTime), 2026-04-23T18:55:01.005670600(LocalDateTime)
2026-04-23T18:55:01.005+08:00 DEBUG 21652 --- [           main] c.petshop.mapper.ProductMapper.insert    : <==    Updates: 1
2026-04-23T18:55:01.107+08:00 DEBUG 21652 --- [           main] com.petshop.mapper.UserMapper.insert     : ==>  Preparing: INSERT INTO "user" ( username, email, password, phone, status, created_at, updated_at ) VALUES ( ?, ?, ?, ?, ?, ?, ? )
2026-04-23T18:55:01.108+08:00 DEBUG 21652 --- [           main] com.petshop.mapper.UserMapper.insert     : ==> Parameters: testuser(String), user@test.com(String), $2a$10$5ZbnHOFsPb1kn/qB76Gqxuf0BxKH5x6/JOO6zDwVU3S1L4eUrjKS2(String), 13800000001(String), active(String), 2026-04-23T18:55:01.107479800(LocalDateTime), 2026-04-23T18:55:01.107479800(LocalDateTime)
2026-04-23T18:55:01.108+08:00 DEBUG 21652 --- [           main] com.petshop.mapper.UserMapper.insert     : <==    Updates: 1
2026-04-23T18:55:01.108+08:00 DEBUG 21652 --- [           main] c.p.mapper.ProductOrderMapper.insert     : ==>  Preparing: INSERT INTO "product_order" ( order_no, user_id, merchant_id, total_price, freight, status, shipping_address, created_at, updated_at ) VALUES ( ?, ?, ?, ?, ?, ?, ?, ?, ? )
2026-04-23T18:55:01.109+08:00 DEBUG 21652 --- [           main] c.p.mapper.ProductOrderMapper.insert     : ==> Parameters: ORD1776941701108(String), 59(Integer), 98(Integer), 119.98(BigDecimal), 0(BigDecimal), pending(String), 测试收货地址(String), 2026-04-23T18:55:01.108480600(LocalDateTime), 2026-04-23T18:55:01.108480600(LocalDateTime)
2026-04-23T18:55:01.109+08:00 DEBUG 21652 --- [           main] c.p.mapper.ProductOrderMapper.insert     : <==    Updates: 1
2026-04-23T18:55:01.109+08:00 DEBUG 21652 --- [           main] com.petshop.mapper.ReviewMapper.insert   : ==>  Preparing: INSERT INTO "review" ( user_id, merchant_id, service_id, rating, comment, created_at, status ) VALUES ( ?, ?, ?, ?, ?, ?, ? )
2026-04-23T18:55:01.109+08:00 DEBUG 21652 --- [           main] com.petshop.mapper.ReviewMapper.insert   : ==> Parameters: 59(Integer), 98(Integer), 23(Integer), 5(Integer), 非常满意的服务！(String), 2026-04-23T18:55:01.109479(LocalDateTime), approved(String)
2026-04-23T18:55:01.110+08:00 DEBUG 21652 --- [           main] com.petshop.mapper.ReviewMapper.insert   : <==    Updates: 1
2026-04-23T18:55:01.110+08:00 DEBUG 21652 --- [           main] o.s.security.web.FilterChainProxy        : Securing POST /api/auth/merchant/login
2026-04-23T18:55:01.111+08:00 DEBUG 21652 --- [           main] o.s.s.w.a.AnonymousAuthenticationFilter  : Set SecurityContextHolder to anonymous SecurityContext
2026-04-23T18:55:01.111+08:00 DEBUG 21652 --- [           main] o.s.security.web.FilterChainProxy        : Secured POST /api/auth/merchant/login
2026-04-23T18:55:01.112+08:00 DEBUG 21652 --- [           main] c.p.mapper.UserMapper.selectByPhone      : ==>  Preparing: SELECT * FROM `user` WHERE phone = ?
2026-04-23T18:55:01.112+08:00 DEBUG 21652 --- [           main] c.p.mapper.UserMapper.selectByPhone      : ==> Parameters: 13900000001(String)
2026-04-23T18:55:01.112+08:00 DEBUG 21652 --- [           main] c.p.mapper.UserMapper.selectByPhone      : <==      Total: 0
2026-04-23T18:55:01.113+08:00 DEBUG 21652 --- [           main] c.p.mapper.MerchantMapper.selectByPhone  : ==>  Preparing: SELECT * FROM `merchant` WHERE phone = ?
2026-04-23T18:55:01.113+08:00 DEBUG 21652 --- [           main] c.p.mapper.MerchantMapper.selectByPhone  : ==> Parameters: 13900000001(String)
2026-04-23T18:55:01.113+08:00 DEBUG 21652 --- [           main] c.p.mapper.MerchantMapper.selectByPhone  : <==      Total: 1
2026-04-23T18:55:01.196+08:00 DEBUG 21652 --- [           main] o.s.s.a.dao.DaoAuthenticationProvider    : Authenticated user
2026-04-23T18:55:01.199+08:00 DEBUG 21652 --- [           main] o.s.security.web.FilterChainProxy        : Securing PUT /api/merchant/orders/99999/status
2026-04-23T18:55:01.201+08:00 DEBUG 21652 --- [           main] o.s.security.web.FilterChainProxy        : Secured PUT /api/merchant/orders/99999/status
2026-04-23T18:55:01.203+08:00 DEBUG 21652 --- [           main] c.p.mapper.MerchantMapper.selectList     : ==>  Preparing: SELECT id,name,contact_person,phone,email,password,address,logo,status,created_at,updated_at FROM "merchant" WHERE (phone = ?)
2026-04-23T18:55:01.204+08:00 DEBUG 21652 --- [           main] c.p.mapper.MerchantMapper.selectList     : ==> Parameters: 13900000001(String)
2026-04-23T18:55:01.204+08:00 DEBUG 21652 --- [           main] c.p.mapper.MerchantMapper.selectList     : <==      Total: 1
2026-04-23T18:55:01.204+08:00 DEBUG 21652 --- [           main] c.p.m.P.selectByIdWithMerchant           : ==>  Preparing: SELECT po.*, m.id as merchant_id, m.name as merchant_name, m.contact_person as merchant_contact_person, m.phone as merchant_phone, m.email as merchant_email, m.address as merchant_address, m.logo as merchant_logo, m.status as merchant_status, m.created_at as merchant_created_at, m.updated_at as merchant_updated_at FROM product_order po LEFT JOIN merchant m ON po.merchant_id = m.id WHERE po.id = ?
2026-04-23T18:55:01.205+08:00 DEBUG 21652 --- [           main] c.p.m.P.selectByIdWithMerchant           : ==> Parameters: 99999(Integer)
2026-04-23T18:55:01.205+08:00 DEBUG 21652 --- [           main] c.p.m.P.selectByIdWithMerchant           : <==      Total: 0
2026-04-23T18:55:01.294+08:00 DEBUG 21652 --- [           main] c.petshop.mapper.MerchantMapper.insert   : ==>  Preparing: INSERT INTO "merchant" ( name, contact_person, phone, email, password, address, status, created_at, updated_at ) VALUES ( ?, ?, ?, ?, ?, ?, ?, ?, ? )
2026-04-23T18:55:01.294+08:00 DEBUG 21652 --- [           main] c.petshop.mapper.MerchantMapper.insert   : ==> Parameters: 测试商家(String), 张三(String), 13900000001(String), merchant@test.com(String), $2a$10$5S.X75GOXctIEtBPJ0MsT.kUBZB1bWq8/vCMNNjwX70hXUkaRQmve(String), 测试地址123号(String), approved(String), 2026-04-23T18:55:01.293115100(LocalDateTime), 2026-04-23T18:55:01.293115100(LocalDateTime)
2026-04-23T18:55:01.294+08:00 DEBUG 21652 --- [           main] c.petshop.mapper.MerchantMapper.insert   : <==    Updates: 1
2026-04-23T18:55:01.294+08:00 DEBUG 21652 --- [           main] c.petshop.mapper.ServiceMapper.insert    : ==>  Preparing: INSERT INTO "service" ( merchant_id, name, description, price, duration, category, status, created_at, updated_at ) VALUES ( ?, ?, ?, ?, ?, ?, ?, ?, ? )
2026-04-23T18:55:01.295+08:00 DEBUG 21652 --- [           main] c.petshop.mapper.ServiceMapper.insert    : ==> Parameters: 99(Integer), 宠物美容(String), 专业宠物美容服务(String), 99.99(BigDecimal), 60(Integer), grooming(String), enabled(String), 2026-04-23T18:55:01.294116(LocalDateTime), 2026-04-23T18:55:01.294116(LocalDateTime)
2026-04-23T18:55:01.295+08:00 DEBUG 21652 --- [           main] c.petshop.mapper.ServiceMapper.insert    : <==    Updates: 1
2026-04-23T18:55:01.295+08:00 DEBUG 21652 --- [           main] c.petshop.mapper.ProductMapper.insert    : ==>  Preparing: INSERT INTO "product" ( merchant_id, name, description, price, stock, status, low_stock_threshold, category, created_at, updated_at ) VALUES ( ?, ?, ?, ?, ?, ?, ?, ?, ?, ? )
2026-04-23T18:55:01.295+08:00 DEBUG 21652 --- [           main] c.petshop.mapper.ProductMapper.insert    : ==> Parameters: 99(Integer), 宠物粮食(String), 优质宠物粮食(String), 59.99(BigDecimal), 100(Integer), enabled(String), 10(Integer), food(String), 2026-04-23T18:55:01.295131(LocalDateTime), 2026-04-23T18:55:01.295131(LocalDateTime)
2026-04-23T18:55:01.295+08:00 DEBUG 21652 --- [           main] c.petshop.mapper.ProductMapper.insert    : <==    Updates: 1
2026-04-23T18:55:01.376+08:00 DEBUG 21652 --- [           main] com.petshop.mapper.UserMapper.insert     : ==>  Preparing: INSERT INTO "user" ( username, email, password, phone, status, created_at, updated_at ) VALUES ( ?, ?, ?, ?, ?, ?, ? )
2026-04-23T18:55:01.376+08:00 DEBUG 21652 --- [           main] com.petshop.mapper.UserMapper.insert     : ==> Parameters: testuser(String), user@test.com(String), $2a$10$A9ySopygRgg3a78cbIodNu1vgWxwh5Lld0AAbZ88SvEhlMbt6pRJa(String), 13800000001(String), active(String), 2026-04-23T18:55:01.376489600(LocalDateTime), 2026-04-23T18:55:01.376489600(LocalDateTime)
2026-04-23T18:55:01.377+08:00 DEBUG 21652 --- [           main] com.petshop.mapper.UserMapper.insert     : <==    Updates: 1
2026-04-23T18:55:01.377+08:00 DEBUG 21652 --- [           main] c.p.mapper.ProductOrderMapper.insert     : ==>  Preparing: INSERT INTO "product_order" ( order_no, user_id, merchant_id, total_price, freight, status, shipping_address, created_at, updated_at ) VALUES ( ?, ?, ?, ?, ?, ?, ?, ?, ? )
2026-04-23T18:55:01.377+08:00 DEBUG 21652 --- [           main] c.p.mapper.ProductOrderMapper.insert     : ==> Parameters: ORD1776941701377(String), 60(Integer), 99(Integer), 119.98(BigDecimal), 0(BigDecimal), pending(String), 测试收货地址(String), 2026-04-23T18:55:01.377490400(LocalDateTime), 2026-04-23T18:55:01.377490400(LocalDateTime)
2026-04-23T18:55:01.377+08:00 DEBUG 21652 --- [           main] c.p.mapper.ProductOrderMapper.insert     : <==    Updates: 1
2026-04-23T18:55:01.377+08:00 DEBUG 21652 --- [           main] com.petshop.mapper.ReviewMapper.insert   : ==>  Preparing: INSERT INTO "review" ( user_id, merchant_id, service_id, rating, comment, created_at, status ) VALUES ( ?, ?, ?, ?, ?, ?, ? )
2026-04-23T18:55:01.377+08:00 DEBUG 21652 --- [           main] com.petshop.mapper.ReviewMapper.insert   : ==> Parameters: 60(Integer), 99(Integer), 24(Integer), 5(Integer), 非常满意的服务！(String), 2026-04-23T18:55:01.377490400(LocalDateTime), approved(String)
2026-04-23T18:55:01.378+08:00 DEBUG 21652 --- [           main] com.petshop.mapper.ReviewMapper.insert   : <==    Updates: 1
2026-04-23T18:55:01.378+08:00 DEBUG 21652 --- [           main] o.s.security.web.FilterChainProxy        : Securing POST /api/auth/merchant/login
2026-04-23T18:55:01.378+08:00 DEBUG 21652 --- [           main] o.s.s.w.a.AnonymousAuthenticationFilter  : Set SecurityContextHolder to anonymous SecurityContext
2026-04-23T18:55:01.378+08:00 DEBUG 21652 --- [           main] o.s.security.web.FilterChainProxy        : Secured POST /api/auth/merchant/login
2026-04-23T18:55:01.379+08:00 DEBUG 21652 --- [           main] c.p.mapper.UserMapper.selectByPhone      : ==>  Preparing: SELECT * FROM `user` WHERE phone = ?
2026-04-23T18:55:01.379+08:00 DEBUG 21652 --- [           main] c.p.mapper.UserMapper.selectByPhone      : ==> Parameters: 13900000001(String)
2026-04-23T18:55:01.379+08:00 DEBUG 21652 --- [           main] c.p.mapper.UserMapper.selectByPhone      : <==      Total: 0
2026-04-23T18:55:01.380+08:00 DEBUG 21652 --- [           main] c.p.mapper.MerchantMapper.selectByPhone  : ==>  Preparing: SELECT * FROM `merchant` WHERE phone = ?
2026-04-23T18:55:01.380+08:00 DEBUG 21652 --- [           main] c.p.mapper.MerchantMapper.selectByPhone  : ==> Parameters: 13900000001(String)
2026-04-23T18:55:01.380+08:00 DEBUG 21652 --- [           main] c.p.mapper.MerchantMapper.selectByPhone  : <==      Total: 1
2026-04-23T18:55:01.465+08:00 DEBUG 21652 --- [           main] o.s.s.a.dao.DaoAuthenticationProvider    : Authenticated user
2026-04-23T18:55:01.467+08:00 DEBUG 21652 --- [           main] o.s.security.web.FilterChainProxy        : Securing PUT /api/merchant/orders/23/status
2026-04-23T18:55:01.469+08:00 DEBUG 21652 --- [           main] o.s.security.web.FilterChainProxy        : Secured PUT /api/merchant/orders/23/status
2026-04-23T18:55:01.470+08:00 DEBUG 21652 --- [           main] c.p.mapper.MerchantMapper.selectList     : ==>  Preparing: SELECT id,name,contact_person,phone,email,password,address,logo,status,created_at,updated_at FROM "merchant" WHERE (phone = ?)
2026-04-23T18:55:01.470+08:00 DEBUG 21652 --- [           main] c.p.mapper.MerchantMapper.selectList     : ==> Parameters: 13900000001(String)
2026-04-23T18:55:01.470+08:00 DEBUG 21652 --- [           main] c.p.mapper.MerchantMapper.selectList     : <==      Total: 1
2026-04-23T18:55:01.470+08:00 DEBUG 21652 --- [           main] c.p.m.P.selectByIdWithMerchant           : ==>  Preparing: SELECT po.*, m.id as merchant_id, m.name as merchant_name, m.contact_person as merchant_contact_person, m.phone as merchant_phone, m.email as merchant_email, m.address as merchant_address, m.logo as merchant_logo, m.status as merchant_status, m.created_at as merchant_created_at, m.updated_at as merchant_updated_at FROM product_order po LEFT JOIN merchant m ON po.merchant_id = m.id WHERE po.id = ?
2026-04-23T18:55:01.471+08:00 DEBUG 21652 --- [           main] c.p.m.P.selectByIdWithMerchant           : ==> Parameters: 23(Integer)
2026-04-23T18:55:01.471+08:00 DEBUG 21652 --- [           main] c.p.m.P.selectByIdWithMerchant           : <==      Total: 1
2026-04-23T18:55:01.471+08:00 DEBUG 21652 --- [           main] c.p.m.ProductOrderMapper.updateById      : ==>  Preparing: UPDATE "product_order" SET order_no=?, user_id=?, merchant_id=?, total_price=?, freight=?, status=?, shipping_address=?, created_at=?, updated_at=? WHERE id=?
2026-04-23T18:55:01.471+08:00 DEBUG 21652 --- [           main] c.p.m.ProductOrderMapper.updateById      : ==> Parameters: ORD1776941701377(String), 60(Integer), 99(Integer), 119.98(BigDecimal), 0.00(BigDecimal), paid(String), 测试收货地址(String), 2026-04-23T18:55:01.377490(LocalDateTime), 2026-04-23T18:55:01.377490(LocalDateTime), 23(Integer)
2026-04-23T18:55:01.472+08:00 DEBUG 21652 --- [           main] c.p.m.ProductOrderMapper.updateById      : <==    Updates: 1
2026-04-23T18:55:01.561+08:00 DEBUG 21652 --- [           main] c.petshop.mapper.MerchantMapper.insert   : ==>  Preparing: INSERT INTO "merchant" ( name, contact_person, phone, email, password, address, status, created_at, updated_at ) VALUES ( ?, ?, ?, ?, ?, ?, ?, ?, ? )
2026-04-23T18:55:01.561+08:00 DEBUG 21652 --- [           main] c.petshop.mapper.MerchantMapper.insert   : ==> Parameters: 测试商家(String), 张三(String), 13900000001(String), merchant@test.com(String), $2a$10$LCH0iskzMS8U4un/XyND1OJ35bjLO0VeGvNAzfUcIIH1E623Sw7m2(String), 测试地址123号(String), approved(String), 2026-04-23T18:55:01.560887100(LocalDateTime), 2026-04-23T18:55:01.560887100(LocalDateTime)
2026-04-23T18:55:01.561+08:00 DEBUG 21652 --- [           main] c.petshop.mapper.MerchantMapper.insert   : <==    Updates: 1
2026-04-23T18:55:01.561+08:00 DEBUG 21652 --- [           main] c.petshop.mapper.ServiceMapper.insert    : ==>  Preparing: INSERT INTO "service" ( merchant_id, name, description, price, duration, category, status, created_at, updated_at ) VALUES ( ?, ?, ?, ?, ?, ?, ?, ?, ? )
2026-04-23T18:55:01.561+08:00 DEBUG 21652 --- [           main] c.petshop.mapper.ServiceMapper.insert    : ==> Parameters: 100(Integer), 宠物美容(String), 专业宠物美容服务(String), 99.99(BigDecimal), 60(Integer), grooming(String), enabled(String), 2026-04-23T18:55:01.561007(LocalDateTime), 2026-04-23T18:55:01.561007(LocalDateTime)
2026-04-23T18:55:01.562+08:00 DEBUG 21652 --- [           main] c.petshop.mapper.ServiceMapper.insert    : <==    Updates: 1
2026-04-23T18:55:01.562+08:00 DEBUG 21652 --- [           main] c.petshop.mapper.ProductMapper.insert    : ==>  Preparing: INSERT INTO "product" ( merchant_id, name, description, price, stock, status, low_stock_threshold, category, created_at, updated_at ) VALUES ( ?, ?, ?, ?, ?, ?, ?, ?, ?, ? )
2026-04-23T18:55:01.562+08:00 DEBUG 21652 --- [           main] c.petshop.mapper.ProductMapper.insert    : ==> Parameters: 100(Integer), 宠物粮食(String), 优质宠物粮食(String), 59.99(BigDecimal), 100(Integer), enabled(String), 10(Integer), food(String), 2026-04-23T18:55:01.562028700(LocalDateTime), 2026-04-23T18:55:01.562028700(LocalDateTime)
2026-04-23T18:55:01.562+08:00 DEBUG 21652 --- [           main] c.petshop.mapper.ProductMapper.insert    : <==    Updates: 1
2026-04-23T18:55:01.644+08:00 DEBUG 21652 --- [           main] com.petshop.mapper.UserMapper.insert     : ==>  Preparing: INSERT INTO "user" ( username, email, password, phone, status, created_at, updated_at ) VALUES ( ?, ?, ?, ?, ?, ?, ? )
2026-04-23T18:55:01.644+08:00 DEBUG 21652 --- [           main] com.petshop.mapper.UserMapper.insert     : ==> Parameters: testuser(String), user@test.com(String), $2a$10$0cqs5o6L2arbqo6qtoJiK.ZzJdEUkakKSj9Wcu0puLeAzJzS1Qza2(String), 13800000001(String), active(String), 2026-04-23T18:55:01.644872600(LocalDateTime), 2026-04-23T18:55:01.644872600(LocalDateTime)
2026-04-23T18:55:01.645+08:00 DEBUG 21652 --- [           main] com.petshop.mapper.UserMapper.insert     : <==    Updates: 1
2026-04-23T18:55:01.645+08:00 DEBUG 21652 --- [           main] c.p.mapper.ProductOrderMapper.insert     : ==>  Preparing: INSERT INTO "product_order" ( order_no, user_id, merchant_id, total_price, freight, status, shipping_address, created_at, updated_at ) VALUES ( ?, ?, ?, ?, ?, ?, ?, ?, ? )
2026-04-23T18:55:01.645+08:00 DEBUG 21652 --- [           main] c.p.mapper.ProductOrderMapper.insert     : ==> Parameters: ORD1776941701645(String), 61(Integer), 100(Integer), 119.98(BigDecimal), 0(BigDecimal), pending(String), 测试收货地址(String), 2026-04-23T18:55:01.645396400(LocalDateTime), 2026-04-23T18:55:01.645396400(LocalDateTime)
2026-04-23T18:55:01.645+08:00 DEBUG 21652 --- [           main] c.p.mapper.ProductOrderMapper.insert     : <==    Updates: 1
2026-04-23T18:55:01.645+08:00 DEBUG 21652 --- [           main] com.petshop.mapper.ReviewMapper.insert   : ==>  Preparing: INSERT INTO "review" ( user_id, merchant_id, service_id, rating, comment, created_at, status ) VALUES ( ?, ?, ?, ?, ?, ?, ? )
2026-04-23T18:55:01.646+08:00 DEBUG 21652 --- [           main] com.petshop.mapper.ReviewMapper.insert   : ==> Parameters: 61(Integer), 100(Integer), 25(Integer), 5(Integer), 非常满意的服务！(String), 2026-04-23T18:55:01.645957500(LocalDateTime), approved(String)
2026-04-23T18:55:01.646+08:00 DEBUG 21652 --- [           main] com.petshop.mapper.ReviewMapper.insert   : <==    Updates: 1
2026-04-23T18:55:01.646+08:00 DEBUG 21652 --- [           main] o.s.security.web.FilterChainProxy        : Securing POST /api/auth/merchant/login
2026-04-23T18:55:01.646+08:00 DEBUG 21652 --- [           main] o.s.s.w.a.AnonymousAuthenticationFilter  : Set SecurityContextHolder to anonymous SecurityContext
2026-04-23T18:55:01.646+08:00 DEBUG 21652 --- [           main] o.s.security.web.FilterChainProxy        : Secured POST /api/auth/merchant/login
2026-04-23T18:55:01.648+08:00 DEBUG 21652 --- [           main] c.p.mapper.UserMapper.selectByPhone      : ==>  Preparing: SELECT * FROM `user` WHERE phone = ?
2026-04-23T18:55:01.648+08:00 DEBUG 21652 --- [           main] c.p.mapper.UserMapper.selectByPhone      : ==> Parameters: 13900000001(String)
2026-04-23T18:55:01.648+08:00 DEBUG 21652 --- [           main] c.p.mapper.UserMapper.selectByPhone      : <==      Total: 0
2026-04-23T18:55:01.648+08:00 DEBUG 21652 --- [           main] c.p.mapper.MerchantMapper.selectByPhone  : ==>  Preparing: SELECT * FROM `merchant` WHERE phone = ?
2026-04-23T18:55:01.648+08:00 DEBUG 21652 --- [           main] c.p.mapper.MerchantMapper.selectByPhone  : ==> Parameters: 13900000001(String)
2026-04-23T18:55:01.648+08:00 DEBUG 21652 --- [           main] c.p.mapper.MerchantMapper.selectByPhone  : <==      Total: 1
2026-04-23T18:55:01.731+08:00 DEBUG 21652 --- [           main] o.s.s.a.dao.DaoAuthenticationProvider    : Authenticated user
2026-04-23T18:55:01.734+08:00 DEBUG 21652 --- [           main] o.s.security.web.FilterChainProxy        : Securing PUT /api/merchant/orders/24/status
2026-04-23T18:55:01.735+08:00 DEBUG 21652 --- [           main] o.s.security.web.FilterChainProxy        : Secured PUT /api/merchant/orders/24/status
2026-04-23T18:55:01.736+08:00 DEBUG 21652 --- [           main] c.p.mapper.MerchantMapper.selectList     : ==>  Preparing: SELECT id,name,contact_person,phone,email,password,address,logo,status,created_at,updated_at FROM "merchant" WHERE (phone = ?)
2026-04-23T18:55:01.736+08:00 DEBUG 21652 --- [           main] c.p.mapper.MerchantMapper.selectList     : ==> Parameters: 13900000001(String)
2026-04-23T18:55:01.737+08:00 DEBUG 21652 --- [           main] c.p.mapper.MerchantMapper.selectList     : <==      Total: 1
2026-04-23T18:55:01.737+08:00 DEBUG 21652 --- [           main] c.p.m.P.selectByIdWithMerchant           : ==>  Preparing: SELECT po.*, m.id as merchant_id, m.name as merchant_name, m.contact_person as merchant_contact_person, m.phone as merchant_phone, m.email as merchant_email, m.address as merchant_address, m.logo as merchant_logo, m.status as merchant_status, m.created_at as merchant_created_at, m.updated_at as merchant_updated_at FROM product_order po LEFT JOIN merchant m ON po.merchant_id = m.id WHERE po.id = ?
2026-04-23T18:55:01.737+08:00 DEBUG 21652 --- [           main] c.p.m.P.selectByIdWithMerchant           : ==> Parameters: 24(Integer)
2026-04-23T18:55:01.737+08:00 DEBUG 21652 --- [           main] c.p.m.P.selectByIdWithMerchant           : <==      Total: 1
[INFO] Tests run: 7, Failures: 0, Errors: 0, Skipped: 0, Time elapsed: 2.111 s -- in com.petshop.controller.MerchantApiControllerTest$OrderManagementTests
[INFO] Running com.petshop.controller.MerchantApiControllerTest$ProductManagementTests
2026-04-23T18:55:01.742+08:00  INFO 21652 --- [           main] t.c.s.AnnotationConfigContextLoaderUtils : Could not detect default configuration classes for test class [com.petshop.controller.MerchantApiControllerTest$ProductManagementTests]: ProductManagementTests does not declare any static, non-private, non-final, nested classes annotated with @Configuration.
2026-04-23T18:55:01.745+08:00  INFO 21652 --- [           main] .b.t.c.SpringBootTestContextBootstrapper : Found @SpringBootConfiguration com.petshop.PetManagementSystemApplication for test class com.petshop.controller.MerchantApiControllerTest$ProductManagementTests
2026-04-23T18:55:01.834+08:00 DEBUG 21652 --- [           main] c.petshop.mapper.MerchantMapper.insert   : ==>  Preparing: INSERT INTO "merchant" ( name, contact_person, phone, email, password, address, status, created_at, updated_at ) VALUES ( ?, ?, ?, ?, ?, ?, ?, ?, ? )
2026-04-23T18:55:01.834+08:00 DEBUG 21652 --- [           main] c.petshop.mapper.MerchantMapper.insert   : ==> Parameters: 测试商家(String), 张三(String), 13900000001(String), merchant@test.com(String), $2a$10$tLQMe2AMU54XovH8p6p.qe6cr8HxWGLniPaVVVCD6ndGlcycPJ61m(String), 测试地址123号(String), approved(String), 2026-04-23T18:55:01.834107400(LocalDateTime), 2026-04-23T18:55:01.834107400(LocalDateTime)
2026-04-23T18:55:01.834+08:00 DEBUG 21652 --- [           main] c.petshop.mapper.MerchantMapper.insert   : <==    Updates: 1
2026-04-23T18:55:01.835+08:00 DEBUG 21652 --- [           main] c.petshop.mapper.ServiceMapper.insert    : ==>  Preparing: INSERT INTO "service" ( merchant_id, name, description, price, duration, category, status, created_at, updated_at ) VALUES ( ?, ?, ?, ?, ?, ?, ?, ?, ? )
2026-04-23T18:55:01.835+08:00 DEBUG 21652 --- [           main] c.petshop.mapper.ServiceMapper.insert    : ==> Parameters: 101(Integer), 宠物美容(String), 专业宠物美容服务(String), 99.99(BigDecimal), 60(Integer), grooming(String), enabled(String), 2026-04-23T18:55:01.835092700(LocalDateTime), 2026-04-23T18:55:01.835092700(LocalDateTime)
2026-04-23T18:55:01.835+08:00 DEBUG 21652 --- [           main] c.petshop.mapper.ServiceMapper.insert    : <==    Updates: 1
2026-04-23T18:55:01.835+08:00 DEBUG 21652 --- [           main] c.petshop.mapper.ProductMapper.insert    : ==>  Preparing: INSERT INTO "product" ( merchant_id, name, description, price, stock, status, low_stock_threshold, category, created_at, updated_at ) VALUES ( ?, ?, ?, ?, ?, ?, ?, ?, ?, ? )
2026-04-23T18:55:01.835+08:00 DEBUG 21652 --- [           main] c.petshop.mapper.ProductMapper.insert    : ==> Parameters: 101(Integer), 宠物粮食(String), 优质宠物粮食(String), 59.99(BigDecimal), 100(Integer), enabled(String), 10(Integer), food(String), 2026-04-23T18:55:01.835606900(LocalDateTime), 2026-04-23T18:55:01.835606900(LocalDateTime)
2026-04-23T18:55:01.836+08:00 DEBUG 21652 --- [           main] c.petshop.mapper.ProductMapper.insert    : <==    Updates: 1
2026-04-23T18:55:01.918+08:00 DEBUG 21652 --- [           main] com.petshop.mapper.UserMapper.insert     : ==>  Preparing: INSERT INTO "user" ( username, email, password, phone, status, created_at, updated_at ) VALUES ( ?, ?, ?, ?, ?, ?, ? )
2026-04-23T18:55:01.919+08:00 DEBUG 21652 --- [           main] com.petshop.mapper.UserMapper.insert     : ==> Parameters: testuser(String), user@test.com(String), $2a$10$rdh4MsGZQ5LjAqoeapOuu.K28YPB1VSkIl5qwEnTX2/Ucwr6Hl5Uu(String), 13800000001(String), active(String), 2026-04-23T18:55:01.918160(LocalDateTime), 2026-04-23T18:55:01.918160(LocalDateTime)
2026-04-23T18:55:01.919+08:00 DEBUG 21652 --- [           main] com.petshop.mapper.UserMapper.insert     : <==    Updates: 1
2026-04-23T18:55:01.919+08:00 DEBUG 21652 --- [           main] c.p.mapper.ProductOrderMapper.insert     : ==>  Preparing: INSERT INTO "product_order" ( order_no, user_id, merchant_id, total_price, freight, status, shipping_address, created_at, updated_at ) VALUES ( ?, ?, ?, ?, ?, ?, ?, ?, ? )
2026-04-23T18:55:01.920+08:00 DEBUG 21652 --- [           main] c.p.mapper.ProductOrderMapper.insert     : ==> Parameters: ORD1776941701919(String), 62(Integer), 101(Integer), 119.98(BigDecimal), 0(BigDecimal), pending(String), 测试收货地址(String), 2026-04-23T18:55:01.919159800(LocalDateTime), 2026-04-23T18:55:01.919159800(LocalDateTime)
2026-04-23T18:55:01.920+08:00 DEBUG 21652 --- [           main] c.p.mapper.ProductOrderMapper.insert     : <==    Updates: 1
2026-04-23T18:55:01.920+08:00 DEBUG 21652 --- [           main] com.petshop.mapper.ReviewMapper.insert   : ==>  Preparing: INSERT INTO "review" ( user_id, merchant_id, service_id, rating, comment, created_at, status ) VALUES ( ?, ?, ?, ?, ?, ?, ? )
2026-04-23T18:55:01.920+08:00 DEBUG 21652 --- [           main] com.petshop.mapper.ReviewMapper.insert   : ==> Parameters: 62(Integer), 101(Integer), 26(Integer), 5(Integer), 非常满意的服务！(String), 2026-04-23T18:55:01.920158300(LocalDateTime), approved(String)
2026-04-23T18:55:01.920+08:00 DEBUG 21652 --- [           main] com.petshop.mapper.ReviewMapper.insert   : <==    Updates: 1
2026-04-23T18:55:01.921+08:00 DEBUG 21652 --- [           main] o.s.security.web.FilterChainProxy        : Securing POST /api/auth/merchant/login
2026-04-23T18:55:01.921+08:00 DEBUG 21652 --- [           main] o.s.s.w.a.AnonymousAuthenticationFilter  : Set SecurityContextHolder to anonymous SecurityContext
2026-04-23T18:55:01.921+08:00 DEBUG 21652 --- [           main] o.s.security.web.FilterChainProxy        : Secured POST /api/auth/merchant/login
2026-04-23T18:55:01.922+08:00 DEBUG 21652 --- [           main] c.p.mapper.UserMapper.selectByPhone      : ==>  Preparing: SELECT * FROM `user` WHERE phone = ?
2026-04-23T18:55:01.922+08:00 DEBUG 21652 --- [           main] c.p.mapper.UserMapper.selectByPhone      : ==> Parameters: 13900000001(String)
2026-04-23T18:55:01.923+08:00 DEBUG 21652 --- [           main] c.p.mapper.UserMapper.selectByPhone      : <==      Total: 0
2026-04-23T18:55:01.923+08:00 DEBUG 21652 --- [           main] c.p.mapper.MerchantMapper.selectByPhone  : ==>  Preparing: SELECT * FROM `merchant` WHERE phone = ?
2026-04-23T18:55:01.923+08:00 DEBUG 21652 --- [           main] c.p.mapper.MerchantMapper.selectByPhone  : ==> Parameters: 13900000001(String)
2026-04-23T18:55:01.923+08:00 DEBUG 21652 --- [           main] c.p.mapper.MerchantMapper.selectByPhone  : <==      Total: 1
2026-04-23T18:55:02.006+08:00 DEBUG 21652 --- [           main] o.s.s.a.dao.DaoAuthenticationProvider    : Authenticated user
2026-04-23T18:55:02.009+08:00 DEBUG 21652 --- [           main] o.s.security.web.FilterChainProxy        : Securing POST /api/merchant/products
2026-04-23T18:55:02.011+08:00 DEBUG 21652 --- [           main] o.s.security.web.FilterChainProxy        : Secured POST /api/merchant/products
2026-04-23T18:55:02.012+08:00 DEBUG 21652 --- [           main] c.p.mapper.MerchantMapper.selectList     : ==>  Preparing: SELECT id,name,contact_person,phone,email,password,address,logo,status,created_at,updated_at FROM "merchant" WHERE (phone = ?)
2026-04-23T18:55:02.012+08:00 DEBUG 21652 --- [           main] c.p.mapper.MerchantMapper.selectList     : ==> Parameters: 13900000001(String)
2026-04-23T18:55:02.013+08:00 DEBUG 21652 --- [           main] c.p.mapper.MerchantMapper.selectList     : <==      Total: 1
2026-04-23T18:55:02.013+08:00 DEBUG 21652 --- [           main] c.petshop.mapper.ProductMapper.insert    : ==>  Preparing: INSERT INTO "product" ( name, description, price, stock, status, low_stock_threshold, category, created_at, updated_at ) VALUES ( ?, ?, ?, ?, ?, ?, ?, ?, ? )
2026-04-23T18:55:02.013+08:00 DEBUG 21652 --- [           main] c.petshop.mapper.ProductMapper.insert    : ==> Parameters: 宠物玩具(String), 优质宠物玩具(String), 29.99(BigDecimal), 50(Integer), enabled(String), 10(Integer), toy(String), null, null
2026-04-23T18:55:02.013+08:00 DEBUG 21652 --- [           main] c.petshop.mapper.ProductMapper.insert    : <==    Updates: 1
2026-04-23T18:55:02.104+08:00 DEBUG 21652 --- [           main] c.petshop.mapper.MerchantMapper.insert   : ==>  Preparing: INSERT INTO "merchant" ( name, contact_person, phone, email, password, address, status, created_at, updated_at ) VALUES ( ?, ?, ?, ?, ?, ?, ?, ?, ? )
2026-04-23T18:55:02.104+08:00 DEBUG 21652 --- [           main] c.petshop.mapper.MerchantMapper.insert   : ==> Parameters: 测试商家(String), 张三(String), 13900000001(String), merchant@test.com(String), $2a$10$cDfauFIPktRYsC65buOMMOnqar.7PQ9l5EzwLyUs/hr1AVi1Z6G7y(String), 测试地址123号(String), approved(String), 2026-04-23T18:55:02.104059800(LocalDateTime), 2026-04-23T18:55:02.104059800(LocalDateTime)
2026-04-23T18:55:02.104+08:00 DEBUG 21652 --- [           main] c.petshop.mapper.MerchantMapper.insert   : <==    Updates: 1
2026-04-23T18:55:02.104+08:00 DEBUG 21652 --- [           main] c.petshop.mapper.ServiceMapper.insert    : ==>  Preparing: INSERT INTO "service" ( merchant_id, name, description, price, duration, category, status, created_at, updated_at ) VALUES ( ?, ?, ?, ?, ?, ?, ?, ?, ? )
2026-04-23T18:55:02.104+08:00 DEBUG 21652 --- [           main] c.petshop.mapper.ServiceMapper.insert    : ==> Parameters: 102(Integer), 宠物美容(String), 专业宠物美容服务(String), 99.99(BigDecimal), 60(Integer), grooming(String), enabled(String), 2026-04-23T18:55:02.104059800(LocalDateTime), 2026-04-23T18:55:02.104059800(LocalDateTime)
2026-04-23T18:55:02.105+08:00 DEBUG 21652 --- [           main] c.petshop.mapper.ServiceMapper.insert    : <==    Updates: 1
2026-04-23T18:55:02.105+08:00 DEBUG 21652 --- [           main] c.petshop.mapper.ProductMapper.insert    : ==>  Preparing: INSERT INTO "product" ( merchant_id, name, description, price, stock, status, low_stock_threshold, category, created_at, updated_at ) VALUES ( ?, ?, ?, ?, ?, ?, ?, ?, ?, ? )
2026-04-23T18:55:02.105+08:00 DEBUG 21652 --- [           main] c.petshop.mapper.ProductMapper.insert    : ==> Parameters: 102(Integer), 宠物粮食(String), 优质宠物粮食(String), 59.99(BigDecimal), 100(Integer), enabled(String), 10(Integer), food(String), 2026-04-23T18:55:02.105082500(LocalDateTime), 2026-04-23T18:55:02.105082500(LocalDateTime)
2026-04-23T18:55:02.105+08:00 DEBUG 21652 --- [           main] c.petshop.mapper.ProductMapper.insert    : <==    Updates: 1
2026-04-23T18:55:02.187+08:00 DEBUG 21652 --- [           main] com.petshop.mapper.UserMapper.insert     : ==>  Preparing: INSERT INTO "user" ( username, email, password, phone, status, created_at, updated_at ) VALUES ( ?, ?, ?, ?, ?, ?, ? )
2026-04-23T18:55:02.188+08:00 DEBUG 21652 --- [           main] com.petshop.mapper.UserMapper.insert     : ==> Parameters: testuser(String), user@test.com(String), $2a$10$v/Y5HBX6kU7wQmQQ7hicmOTTqu.l110dMURHlBUsFVRMGKP1NOc0S(String), 13800000001(String), active(String), 2026-04-23T18:55:02.187384500(LocalDateTime), 2026-04-23T18:55:02.187384500(LocalDateTime)
2026-04-23T18:55:02.188+08:00 DEBUG 21652 --- [           main] com.petshop.mapper.UserMapper.insert     : <==    Updates: 1
2026-04-23T18:55:02.188+08:00 DEBUG 21652 --- [           main] c.p.mapper.ProductOrderMapper.insert     : ==>  Preparing: INSERT INTO "product_order" ( order_no, user_id, merchant_id, total_price, freight, status, shipping_address, created_at, updated_at ) VALUES ( ?, ?, ?, ?, ?, ?, ?, ?, ? )
2026-04-23T18:55:02.188+08:00 DEBUG 21652 --- [           main] c.p.mapper.ProductOrderMapper.insert     : ==> Parameters: ORD1776941702188(String), 63(Integer), 102(Integer), 119.98(BigDecimal), 0(BigDecimal), pending(String), 测试收货地址(String), 2026-04-23T18:55:02.188385600(LocalDateTime), 2026-04-23T18:55:02.188385600(LocalDateTime)
2026-04-23T18:55:02.188+08:00 DEBUG 21652 --- [           main] c.p.mapper.ProductOrderMapper.insert     : <==    Updates: 1
2026-04-23T18:55:02.188+08:00 DEBUG 21652 --- [           main] com.petshop.mapper.ReviewMapper.insert   : ==>  Preparing: INSERT INTO "review" ( user_id, merchant_id, service_id, rating, comment, created_at, status ) VALUES ( ?, ?, ?, ?, ?, ?, ? )
2026-04-23T18:55:02.189+08:00 DEBUG 21652 --- [           main] com.petshop.mapper.ReviewMapper.insert   : ==> Parameters: 63(Integer), 102(Integer), 27(Integer), 5(Integer), 非常满意的服务！(String), 2026-04-23T18:55:02.188385600(LocalDateTime), approved(String)
2026-04-23T18:55:02.189+08:00 DEBUG 21652 --- [           main] com.petshop.mapper.ReviewMapper.insert   : <==    Updates: 1
2026-04-23T18:55:02.189+08:00 DEBUG 21652 --- [           main] o.s.security.web.FilterChainProxy        : Securing POST /api/auth/merchant/login
2026-04-23T18:55:02.189+08:00 DEBUG 21652 --- [           main] o.s.s.w.a.AnonymousAuthenticationFilter  : Set SecurityContextHolder to anonymous SecurityContext
2026-04-23T18:55:02.189+08:00 DEBUG 21652 --- [           main] o.s.security.web.FilterChainProxy        : Secured POST /api/auth/merchant/login
2026-04-23T18:55:02.190+08:00 DEBUG 21652 --- [           main] c.p.mapper.UserMapper.selectByPhone      : ==>  Preparing: SELECT * FROM `user` WHERE phone = ?
2026-04-23T18:55:02.190+08:00 DEBUG 21652 --- [           main] c.p.mapper.UserMapper.selectByPhone      : ==> Parameters: 13900000001(String)
2026-04-23T18:55:02.190+08:00 DEBUG 21652 --- [           main] c.p.mapper.UserMapper.selectByPhone      : <==      Total: 0
2026-04-23T18:55:02.190+08:00 DEBUG 21652 --- [           main] c.p.mapper.MerchantMapper.selectByPhone  : ==>  Preparing: SELECT * FROM `merchant` WHERE phone = ?
2026-04-23T18:55:02.191+08:00 DEBUG 21652 --- [           main] c.p.mapper.MerchantMapper.selectByPhone  : ==> Parameters: 13900000001(String)
2026-04-23T18:55:02.191+08:00 DEBUG 21652 --- [           main] c.p.mapper.MerchantMapper.selectByPhone  : <==      Total: 1
2026-04-23T18:55:02.271+08:00 DEBUG 21652 --- [           main] o.s.s.a.dao.DaoAuthenticationProvider    : Authenticated user
2026-04-23T18:55:02.273+08:00 DEBUG 21652 --- [           main] o.s.security.web.FilterChainProxy        : Securing PUT /api/merchant/products/26
2026-04-23T18:55:02.275+08:00 DEBUG 21652 --- [           main] o.s.security.web.FilterChainProxy        : Secured PUT /api/merchant/products/26
2026-04-23T18:55:02.276+08:00 DEBUG 21652 --- [           main] c.p.mapper.MerchantMapper.selectList     : ==>  Preparing: SELECT id,name,contact_person,phone,email,password,address,logo,status,created_at,updated_at FROM "merchant" WHERE (phone = ?)
2026-04-23T18:55:02.276+08:00 DEBUG 21652 --- [           main] c.p.mapper.MerchantMapper.selectList     : ==> Parameters: 13900000001(String)
2026-04-23T18:55:02.276+08:00 DEBUG 21652 --- [           main] c.p.mapper.MerchantMapper.selectList     : <==      Total: 1
2026-04-23T18:55:02.277+08:00 DEBUG 21652 --- [           main] c.p.m.P.selectByIdWithMerchant           : ==>  Preparing: SELECT p.*, m.id as merchant_id, m.name as merchant_name, m.contact_person as merchant_contact_person, m.phone as merchant_phone, m.email as merchant_email, m.address as merchant_address, m.logo as merchant_logo, m.status as merchant_status, m.created_at as merchant_created_at, m.updated_at as merchant_updated_at FROM product p LEFT JOIN merchant m ON p.merchant_id = m.id WHERE p.id = ?
2026-04-23T18:55:02.277+08:00 DEBUG 21652 --- [           main] c.p.m.P.selectByIdWithMerchant           : ==> Parameters: 26(Integer)
2026-04-23T18:55:02.277+08:00 DEBUG 21652 --- [           main] c.p.m.P.selectByIdWithMerchant           : <==      Total: 1
2026-04-23T18:55:02.279+08:00 DEBUG 21652 --- [           main] c.p.mapper.ProductMapper.updateById      : ==>  Preparing: UPDATE "product" SET name=?, description=?, price=?, stock=?, status=?, low_stock_threshold=?, category=?, created_at=?, updated_at=? WHERE id=?
2026-04-23T18:55:02.279+08:00 DEBUG 21652 --- [           main] c.p.mapper.ProductMapper.updateById      : ==> Parameters: 高级宠物粮食(String), 高级优质宠物粮食(String), 89.99(BigDecimal), 200(Integer), enabled(String), 10(Integer), food(String), 2026-04-23T18:55:02.105083(LocalDateTime), null, 26(Integer)
2026-04-23T18:55:02.279+08:00 DEBUG 21652 --- [           main] c.p.mapper.ProductMapper.updateById      : <==    Updates: 1
2026-04-23T18:55:02.366+08:00 DEBUG 21652 --- [           main] c.petshop.mapper.MerchantMapper.insert   : ==>  Preparing: INSERT INTO "merchant" ( name, contact_person, phone, email, password, address, status, created_at, updated_at ) VALUES ( ?, ?, ?, ?, ?, ?, ?, ?, ? )
2026-04-23T18:55:02.366+08:00 DEBUG 21652 --- [           main] c.petshop.mapper.MerchantMapper.insert   : ==> Parameters: 测试商家(String), 张三(String), 13900000001(String), merchant@test.com(String), $2a$10$E/4fl0AFtPwhFxODqzDDiuEdQtQOM84YU6oLsSWjYemrqilsQQdhi(String), 测试地址123号(String), approved(String), 2026-04-23T18:55:02.365148500(LocalDateTime), 2026-04-23T18:55:02.365148500(LocalDateTime)
2026-04-23T18:55:02.366+08:00 DEBUG 21652 --- [           main] c.petshop.mapper.MerchantMapper.insert   : <==    Updates: 1
2026-04-23T18:55:02.366+08:00 DEBUG 21652 --- [           main] c.petshop.mapper.ServiceMapper.insert    : ==>  Preparing: INSERT INTO "service" ( merchant_id, name, description, price, duration, category, status, created_at, updated_at ) VALUES ( ?, ?, ?, ?, ?, ?, ?, ?, ? )
2026-04-23T18:55:02.366+08:00 DEBUG 21652 --- [           main] c.petshop.mapper.ServiceMapper.insert    : ==> Parameters: 103(Integer), 宠物美容(String), 专业宠物美容服务(String), 99.99(BigDecimal), 60(Integer), grooming(String), enabled(String), 2026-04-23T18:55:02.366148200(LocalDateTime), 2026-04-23T18:55:02.366148200(LocalDateTime)
2026-04-23T18:55:02.366+08:00 DEBUG 21652 --- [           main] c.petshop.mapper.ServiceMapper.insert    : <==    Updates: 1
2026-04-23T18:55:02.367+08:00 DEBUG 21652 --- [           main] c.petshop.mapper.ProductMapper.insert    : ==>  Preparing: INSERT INTO "product" ( merchant_id, name, description, price, stock, status, low_stock_threshold, category, created_at, updated_at ) VALUES ( ?, ?, ?, ?, ?, ?, ?, ?, ?, ? )
2026-04-23T18:55:02.367+08:00 DEBUG 21652 --- [           main] c.petshop.mapper.ProductMapper.insert    : ==> Parameters: 103(Integer), 宠物粮食(String), 优质宠物粮食(String), 59.99(BigDecimal), 100(Integer), enabled(String), 10(Integer), food(String), 2026-04-23T18:55:02.366148200(LocalDateTime), 2026-04-23T18:55:02.366148200(LocalDateTime)
2026-04-23T18:55:02.367+08:00 DEBUG 21652 --- [           main] c.petshop.mapper.ProductMapper.insert    : <==    Updates: 1
2026-04-23T18:55:02.446+08:00 DEBUG 21652 --- [           main] com.petshop.mapper.UserMapper.insert     : ==>  Preparing: INSERT INTO "user" ( username, email, password, phone, status, created_at, updated_at ) VALUES ( ?, ?, ?, ?, ?, ?, ? )
2026-04-23T18:55:02.446+08:00 DEBUG 21652 --- [           main] com.petshop.mapper.UserMapper.insert     : ==> Parameters: testuser(String), user@test.com(String), $2a$10$cJtex8FE/GFC3LGJQDKrJO.mSqj4Bv.qr8y7V1GKujFtbCS8Ge0vm(String), 13800000001(String), active(String), 2026-04-23T18:55:02.445865200(LocalDateTime), 2026-04-23T18:55:02.445865200(LocalDateTime)
2026-04-23T18:55:02.446+08:00 DEBUG 21652 --- [           main] com.petshop.mapper.UserMapper.insert     : <==    Updates: 1
2026-04-23T18:55:02.446+08:00 DEBUG 21652 --- [           main] c.p.mapper.ProductOrderMapper.insert     : ==>  Preparing: INSERT INTO "product_order" ( order_no, user_id, merchant_id, total_price, freight, status, shipping_address, created_at, updated_at ) VALUES ( ?, ?, ?, ?, ?, ?, ?, ?, ? )
2026-04-23T18:55:02.446+08:00 DEBUG 21652 --- [           main] c.p.mapper.ProductOrderMapper.insert     : ==> Parameters: ORD1776941702446(String), 64(Integer), 103(Integer), 119.98(BigDecimal), 0(BigDecimal), pending(String), 测试收货地址(String), 2026-04-23T18:55:02.446865700(LocalDateTime), 2026-04-23T18:55:02.446865700(LocalDateTime)
2026-04-23T18:55:02.446+08:00 DEBUG 21652 --- [           main] c.p.mapper.ProductOrderMapper.insert     : <==    Updates: 1
2026-04-23T18:55:02.447+08:00 DEBUG 21652 --- [           main] com.petshop.mapper.ReviewMapper.insert   : ==>  Preparing: INSERT INTO "review" ( user_id, merchant_id, service_id, rating, comment, created_at, status ) VALUES ( ?, ?, ?, ?, ?, ?, ? )
2026-04-23T18:55:02.447+08:00 DEBUG 21652 --- [           main] com.petshop.mapper.ReviewMapper.insert   : ==> Parameters: 64(Integer), 103(Integer), 28(Integer), 5(Integer), 非常满意的服务！(String), 2026-04-23T18:55:02.446865700(LocalDateTime), approved(String)
2026-04-23T18:55:02.447+08:00 DEBUG 21652 --- [           main] com.petshop.mapper.ReviewMapper.insert   : <==    Updates: 1
2026-04-23T18:55:02.447+08:00 DEBUG 21652 --- [           main] o.s.security.web.FilterChainProxy        : Securing POST /api/auth/merchant/login
2026-04-23T18:55:02.447+08:00 DEBUG 21652 --- [           main] o.s.s.w.a.AnonymousAuthenticationFilter  : Set SecurityContextHolder to anonymous SecurityContext
2026-04-23T18:55:02.448+08:00 DEBUG 21652 --- [           main] o.s.security.web.FilterChainProxy        : Secured POST /api/auth/merchant/login
2026-04-23T18:55:02.448+08:00 DEBUG 21652 --- [           main] c.p.mapper.UserMapper.selectByPhone      : ==>  Preparing: SELECT * FROM `user` WHERE phone = ?
2026-04-23T18:55:02.448+08:00 DEBUG 21652 --- [           main] c.p.mapper.UserMapper.selectByPhone      : ==> Parameters: 13900000001(String)
2026-04-23T18:55:02.448+08:00 DEBUG 21652 --- [           main] c.p.mapper.UserMapper.selectByPhone      : <==      Total: 0
2026-04-23T18:55:02.449+08:00 DEBUG 21652 --- [           main] c.p.mapper.MerchantMapper.selectByPhone  : ==>  Preparing: SELECT * FROM `merchant` WHERE phone = ?
2026-04-23T18:55:02.449+08:00 DEBUG 21652 --- [           main] c.p.mapper.MerchantMapper.selectByPhone  : ==> Parameters: 13900000001(String)
2026-04-23T18:55:02.449+08:00 DEBUG 21652 --- [           main] c.p.mapper.MerchantMapper.selectByPhone  : <==      Total: 1
2026-04-23T18:55:02.534+08:00 DEBUG 21652 --- [           main] o.s.s.a.dao.DaoAuthenticationProvider    : Authenticated user
2026-04-23T18:55:02.536+08:00 DEBUG 21652 --- [           main] o.s.security.web.FilterChainProxy        : Securing GET /api/merchant/products/27
2026-04-23T18:55:02.537+08:00 DEBUG 21652 --- [           main] o.s.security.web.FilterChainProxy        : Secured GET /api/merchant/products/27
2026-04-23T18:55:02.537+08:00 DEBUG 21652 --- [           main] c.p.mapper.MerchantMapper.selectList     : ==>  Preparing: SELECT id,name,contact_person,phone,email,password,address,logo,status,created_at,updated_at FROM "merchant" WHERE (phone = ?)
2026-04-23T18:55:02.538+08:00 DEBUG 21652 --- [           main] c.p.mapper.MerchantMapper.selectList     : ==> Parameters: 13900000001(String)
2026-04-23T18:55:02.538+08:00 DEBUG 21652 --- [           main] c.p.mapper.MerchantMapper.selectList     : <==      Total: 1
2026-04-23T18:55:02.538+08:00 DEBUG 21652 --- [           main] c.p.m.P.selectByIdWithMerchant           : ==>  Preparing: SELECT p.*, m.id as merchant_id, m.name as merchant_name, m.contact_person as merchant_contact_person, m.phone as merchant_phone, m.email as merchant_email, m.address as merchant_address, m.logo as merchant_logo, m.status as merchant_status, m.created_at as merchant_created_at, m.updated_at as merchant_updated_at FROM product p LEFT JOIN merchant m ON p.merchant_id = m.id WHERE p.id = ?
2026-04-23T18:55:02.538+08:00 DEBUG 21652 --- [           main] c.p.m.P.selectByIdWithMerchant           : ==> Parameters: 27(Integer)
2026-04-23T18:55:02.539+08:00 DEBUG 21652 --- [           main] c.p.m.P.selectByIdWithMerchant           : <==      Total: 1
2026-04-23T18:55:02.624+08:00 DEBUG 21652 --- [           main] c.petshop.mapper.MerchantMapper.insert   : ==>  Preparing: INSERT INTO "merchant" ( name, contact_person, phone, email, password, address, status, created_at, updated_at ) VALUES ( ?, ?, ?, ?, ?, ?, ?, ?, ? )
2026-04-23T18:55:02.624+08:00 DEBUG 21652 --- [           main] c.petshop.mapper.MerchantMapper.insert   : ==> Parameters: 测试商家(String), 张三(String), 13900000001(String), merchant@test.com(String), $2a$10$l/CjuxYOmjYa5XwzmX9OKupmBfFW0fYhbNNHqMPf8hjy0FeDk.Mbq(String), 测试地址123号(String), approved(String), 2026-04-23T18:55:02.624014300(LocalDateTime), 2026-04-23T18:55:02.624014300(LocalDateTime)
2026-04-23T18:55:02.624+08:00 DEBUG 21652 --- [           main] c.petshop.mapper.MerchantMapper.insert   : <==    Updates: 1
2026-04-23T18:55:02.624+08:00 DEBUG 21652 --- [           main] c.petshop.mapper.ServiceMapper.insert    : ==>  Preparing: INSERT INTO "service" ( merchant_id, name, description, price, duration, category, status, created_at, updated_at ) VALUES ( ?, ?, ?, ?, ?, ?, ?, ?, ? )
2026-04-23T18:55:02.625+08:00 DEBUG 21652 --- [           main] c.petshop.mapper.ServiceMapper.insert    : ==> Parameters: 104(Integer), 宠物美容(String), 专业宠物美容服务(String), 99.99(BigDecimal), 60(Integer), grooming(String), enabled(String), 2026-04-23T18:55:02.624014300(LocalDateTime), 2026-04-23T18:55:02.624014300(LocalDateTime)
2026-04-23T18:55:02.625+08:00 DEBUG 21652 --- [           main] c.petshop.mapper.ServiceMapper.insert    : <==    Updates: 1
2026-04-23T18:55:02.625+08:00 DEBUG 21652 --- [           main] c.petshop.mapper.ProductMapper.insert    : ==>  Preparing: INSERT INTO "product" ( merchant_id, name, description, price, stock, status, low_stock_threshold, category, created_at, updated_at ) VALUES ( ?, ?, ?, ?, ?, ?, ?, ?, ?, ? )
2026-04-23T18:55:02.625+08:00 DEBUG 21652 --- [           main] c.petshop.mapper.ProductMapper.insert    : ==> Parameters: 104(Integer), 宠物粮食(String), 优质宠物粮食(String), 59.99(BigDecimal), 100(Integer), enabled(String), 10(Integer), food(String), 2026-04-23T18:55:02.625014100(LocalDateTime), 2026-04-23T18:55:02.625014100(LocalDateTime)
2026-04-23T18:55:02.625+08:00 DEBUG 21652 --- [           main] c.petshop.mapper.ProductMapper.insert    : <==    Updates: 1
2026-04-23T18:55:02.705+08:00 DEBUG 21652 --- [           main] com.petshop.mapper.UserMapper.insert     : ==>  Preparing: INSERT INTO "user" ( username, email, password, phone, status, created_at, updated_at ) VALUES ( ?, ?, ?, ?, ?, ?, ? )
2026-04-23T18:55:02.705+08:00 DEBUG 21652 --- [           main] com.petshop.mapper.UserMapper.insert     : ==> Parameters: testuser(String), user@test.com(String), $2a$10$ytt.nspBJaWYfa4GJDg8eOE9CMFVf2AxgkCMNms6XKwvaQvbUXcNm(String), 13800000001(String), active(String), 2026-04-23T18:55:02.705095100(LocalDateTime), 2026-04-23T18:55:02.705095100(LocalDateTime)
2026-04-23T18:55:02.706+08:00 DEBUG 21652 --- [           main] com.petshop.mapper.UserMapper.insert     : <==    Updates: 1
2026-04-23T18:55:02.706+08:00 DEBUG 21652 --- [           main] c.p.mapper.ProductOrderMapper.insert     : ==>  Preparing: INSERT INTO "product_order" ( order_no, user_id, merchant_id, total_price, freight, status, shipping_address, created_at, updated_at ) VALUES ( ?, ?, ?, ?, ?, ?, ?, ?, ? )
2026-04-23T18:55:02.706+08:00 DEBUG 21652 --- [           main] c.p.mapper.ProductOrderMapper.insert     : ==> Parameters: ORD1776941702706(String), 65(Integer), 104(Integer), 119.98(BigDecimal), 0(BigDecimal), pending(String), 测试收货地址(String), 2026-04-23T18:55:02.706346500(LocalDateTime), 2026-04-23T18:55:02.706346500(LocalDateTime)
2026-04-23T18:55:02.706+08:00 DEBUG 21652 --- [           main] c.p.mapper.ProductOrderMapper.insert     : <==    Updates: 1
2026-04-23T18:55:02.706+08:00 DEBUG 21652 --- [           main] com.petshop.mapper.ReviewMapper.insert   : ==>  Preparing: INSERT INTO "review" ( user_id, merchant_id, service_id, rating, comment, created_at, status ) VALUES ( ?, ?, ?, ?, ?, ?, ? )
2026-04-23T18:55:02.706+08:00 DEBUG 21652 --- [           main] com.petshop.mapper.ReviewMapper.insert   : ==> Parameters: 65(Integer), 104(Integer), 29(Integer), 5(Integer), 非常满意的服务！(String), 2026-04-23T18:55:02.706769400(LocalDateTime), approved(String)
2026-04-23T18:55:02.706+08:00 DEBUG 21652 --- [           main] com.petshop.mapper.ReviewMapper.insert   : <==    Updates: 1
2026-04-23T18:55:02.707+08:00 DEBUG 21652 --- [           main] o.s.security.web.FilterChainProxy        : Securing POST /api/auth/merchant/login
2026-04-23T18:55:02.707+08:00 DEBUG 21652 --- [           main] o.s.s.w.a.AnonymousAuthenticationFilter  : Set SecurityContextHolder to anonymous SecurityContext
2026-04-23T18:55:02.707+08:00 DEBUG 21652 --- [           main] o.s.security.web.FilterChainProxy        : Secured POST /api/auth/merchant/login
2026-04-23T18:55:02.708+08:00 DEBUG 21652 --- [           main] c.p.mapper.UserMapper.selectByPhone      : ==>  Preparing: SELECT * FROM `user` WHERE phone = ?
2026-04-23T18:55:02.708+08:00 DEBUG 21652 --- [           main] c.p.mapper.UserMapper.selectByPhone      : ==> Parameters: 13900000001(String)
2026-04-23T18:55:02.708+08:00 DEBUG 21652 --- [           main] c.p.mapper.UserMapper.selectByPhone      : <==      Total: 0
2026-04-23T18:55:02.708+08:00 DEBUG 21652 --- [           main] c.p.mapper.MerchantMapper.selectByPhone  : ==>  Preparing: SELECT * FROM `merchant` WHERE phone = ?
2026-04-23T18:55:02.708+08:00 DEBUG 21652 --- [           main] c.p.mapper.MerchantMapper.selectByPhone  : ==> Parameters: 13900000001(String)
2026-04-23T18:55:02.709+08:00 DEBUG 21652 --- [           main] c.p.mapper.MerchantMapper.selectByPhone  : <==      Total: 1
2026-04-23T18:55:02.789+08:00 DEBUG 21652 --- [           main] o.s.s.a.dao.DaoAuthenticationProvider    : Authenticated user
2026-04-23T18:55:02.792+08:00 DEBUG 21652 --- [           main] o.s.security.web.FilterChainProxy        : Securing GET /api/merchant/products/99999
2026-04-23T18:55:02.794+08:00 DEBUG 21652 --- [           main] o.s.security.web.FilterChainProxy        : Secured GET /api/merchant/products/99999
2026-04-23T18:55:02.795+08:00 DEBUG 21652 --- [           main] c.p.mapper.MerchantMapper.selectList     : ==>  Preparing: SELECT id,name,contact_person,phone,email,password,address,logo,status,created_at,updated_at FROM "merchant" WHERE (phone = ?)
2026-04-23T18:55:02.796+08:00 DEBUG 21652 --- [           main] c.p.mapper.MerchantMapper.selectList     : ==> Parameters: 13900000001(String)
2026-04-23T18:55:02.796+08:00 DEBUG 21652 --- [           main] c.p.mapper.MerchantMapper.selectList     : <==      Total: 1
2026-04-23T18:55:02.796+08:00 DEBUG 21652 --- [           main] c.p.m.P.selectByIdWithMerchant           : ==>  Preparing: SELECT p.*, m.id as merchant_id, m.name as merchant_name, m.contact_person as merchant_contact_person, m.phone as merchant_phone, m.email as merchant_email, m.address as merchant_address, m.logo as merchant_logo, m.status as merchant_status, m.created_at as merchant_created_at, m.updated_at as merchant_updated_at FROM product p LEFT JOIN merchant m ON p.merchant_id = m.id WHERE p.id = ?
2026-04-23T18:55:02.796+08:00 DEBUG 21652 --- [           main] c.p.m.P.selectByIdWithMerchant           : ==> Parameters: 99999(Integer)
2026-04-23T18:55:02.796+08:00 DEBUG 21652 --- [           main] c.p.m.P.selectByIdWithMerchant           : <==      Total: 0
2026-04-23T18:55:02.884+08:00 DEBUG 21652 --- [           main] c.petshop.mapper.MerchantMapper.insert   : ==>  Preparing: INSERT INTO "merchant" ( name, contact_person, phone, email, password, address, status, created_at, updated_at ) VALUES ( ?, ?, ?, ?, ?, ?, ?, ?, ? )
2026-04-23T18:55:02.884+08:00 DEBUG 21652 --- [           main] c.petshop.mapper.MerchantMapper.insert   : ==> Parameters: 测试商家(String), 张三(String), 13900000001(String), merchant@test.com(String), $2a$10$xBAOklnzKnLI/fs9OUDxce.scrvVFDBkSW75T8jjoTJ81jOlQ3C56(String), 测试地址123号(String), approved(String), 2026-04-23T18:55:02.882904600(LocalDateTime), 2026-04-23T18:55:02.882904600(LocalDateTime)
2026-04-23T18:55:02.884+08:00 DEBUG 21652 --- [           main] c.petshop.mapper.MerchantMapper.insert   : <==    Updates: 1
2026-04-23T18:55:02.884+08:00 DEBUG 21652 --- [           main] c.petshop.mapper.ServiceMapper.insert    : ==>  Preparing: INSERT INTO "service" ( merchant_id, name, description, price, duration, category, status, created_at, updated_at ) VALUES ( ?, ?, ?, ?, ?, ?, ?, ?, ? )
2026-04-23T18:55:02.884+08:00 DEBUG 21652 --- [           main] c.petshop.mapper.ServiceMapper.insert    : ==> Parameters: 105(Integer), 宠物美容(String), 专业宠物美容服务(String), 99.99(BigDecimal), 60(Integer), grooming(String), enabled(String), 2026-04-23T18:55:02.884398600(LocalDateTime), 2026-04-23T18:55:02.884398600(LocalDateTime)
2026-04-23T18:55:02.885+08:00 DEBUG 21652 --- [           main] c.petshop.mapper.ServiceMapper.insert    : <==    Updates: 1
2026-04-23T18:55:02.885+08:00 DEBUG 21652 --- [           main] c.petshop.mapper.ProductMapper.insert    : ==>  Preparing: INSERT INTO "product" ( merchant_id, name, description, price, stock, status, low_stock_threshold, category, created_at, updated_at ) VALUES ( ?, ?, ?, ?, ?, ?, ?, ?, ?, ? )
2026-04-23T18:55:02.885+08:00 DEBUG 21652 --- [           main] c.petshop.mapper.ProductMapper.insert    : ==> Parameters: 105(Integer), 宠物粮食(String), 优质宠物粮食(String), 59.99(BigDecimal), 100(Integer), enabled(String), 10(Integer), food(String), 2026-04-23T18:55:02.885397100(LocalDateTime), 2026-04-23T18:55:02.885397100(LocalDateTime)
2026-04-23T18:55:02.885+08:00 DEBUG 21652 --- [           main] c.petshop.mapper.ProductMapper.insert    : <==    Updates: 1
2026-04-23T18:55:02.966+08:00 DEBUG 21652 --- [           main] com.petshop.mapper.UserMapper.insert     : ==>  Preparing: INSERT INTO "user" ( username, email, password, phone, status, created_at, updated_at ) VALUES ( ?, ?, ?, ?, ?, ?, ? )
2026-04-23T18:55:02.966+08:00 DEBUG 21652 --- [           main] com.petshop.mapper.UserMapper.insert     : ==> Parameters: testuser(String), user@test.com(String), $2a$10$0Tjiac289/aWBTFtGLQ5hOSDAqyCNLjPFIAZix./GG6xVy9ghHHni(String), 13800000001(String), active(String), 2026-04-23T18:55:02.966264400(LocalDateTime), 2026-04-23T18:55:02.966264400(LocalDateTime)
2026-04-23T18:55:02.966+08:00 DEBUG 21652 --- [           main] com.petshop.mapper.UserMapper.insert     : <==    Updates: 1
2026-04-23T18:55:02.966+08:00 DEBUG 21652 --- [           main] c.p.mapper.ProductOrderMapper.insert     : ==>  Preparing: INSERT INTO "product_order" ( order_no, user_id, merchant_id, total_price, freight, status, shipping_address, created_at, updated_at ) VALUES ( ?, ?, ?, ?, ?, ?, ?, ?, ? )
2026-04-23T18:55:02.967+08:00 DEBUG 21652 --- [           main] c.p.mapper.ProductOrderMapper.insert     : ==> Parameters: ORD1776941702966(String), 66(Integer), 105(Integer), 119.98(BigDecimal), 0(BigDecimal), pending(String), 测试收货地址(String), 2026-04-23T18:55:02.966264400(LocalDateTime), 2026-04-23T18:55:02.966264400(LocalDateTime)
2026-04-23T18:55:02.967+08:00 DEBUG 21652 --- [           main] c.p.mapper.ProductOrderMapper.insert     : <==    Updates: 1
2026-04-23T18:55:02.967+08:00 DEBUG 21652 --- [           main] com.petshop.mapper.ReviewMapper.insert   : ==>  Preparing: INSERT INTO "review" ( user_id, merchant_id, service_id, rating, comment, created_at, status ) VALUES ( ?, ?, ?, ?, ?, ?, ? )
2026-04-23T18:55:02.967+08:00 DEBUG 21652 --- [           main] com.petshop.mapper.ReviewMapper.insert   : ==> Parameters: 66(Integer), 105(Integer), 30(Integer), 5(Integer), 非常满意的服务！(String), 2026-04-23T18:55:02.967269100(LocalDateTime), approved(String)
2026-04-23T18:55:02.967+08:00 DEBUG 21652 --- [           main] com.petshop.mapper.ReviewMapper.insert   : <==    Updates: 1
2026-04-23T18:55:02.968+08:00 DEBUG 21652 --- [           main] o.s.security.web.FilterChainProxy        : Securing POST /api/auth/merchant/login
2026-04-23T18:55:02.968+08:00 DEBUG 21652 --- [           main] o.s.s.w.a.AnonymousAuthenticationFilter  : Set SecurityContextHolder to anonymous SecurityContext
2026-04-23T18:55:02.968+08:00 DEBUG 21652 --- [           main] o.s.security.web.FilterChainProxy        : Secured POST /api/auth/merchant/login
2026-04-23T18:55:02.969+08:00 DEBUG 21652 --- [           main] c.p.mapper.UserMapper.selectByPhone      : ==>  Preparing: SELECT * FROM `user` WHERE phone = ?
2026-04-23T18:55:02.969+08:00 DEBUG 21652 --- [           main] c.p.mapper.UserMapper.selectByPhone      : ==> Parameters: 13900000001(String)
2026-04-23T18:55:02.969+08:00 DEBUG 21652 --- [           main] c.p.mapper.UserMapper.selectByPhone      : <==      Total: 0
2026-04-23T18:55:02.969+08:00 DEBUG 21652 --- [           main] c.p.mapper.MerchantMapper.selectByPhone  : ==>  Preparing: SELECT * FROM `merchant` WHERE phone = ?
2026-04-23T18:55:02.969+08:00 DEBUG 21652 --- [           main] c.p.mapper.MerchantMapper.selectByPhone  : ==> Parameters: 13900000001(String)
2026-04-23T18:55:02.970+08:00 DEBUG 21652 --- [           main] c.p.mapper.MerchantMapper.selectByPhone  : <==      Total: 1
2026-04-23T18:55:03.052+08:00 DEBUG 21652 --- [           main] o.s.s.a.dao.DaoAuthenticationProvider    : Authenticated user
2026-04-23T18:55:03.053+08:00 DEBUG 21652 --- [           main] o.s.security.web.FilterChainProxy        : Securing GET /api/merchant/products
2026-04-23T18:55:03.054+08:00 DEBUG 21652 --- [           main] o.s.security.web.FilterChainProxy        : Secured GET /api/merchant/products
2026-04-23T18:55:03.055+08:00 DEBUG 21652 --- [           main] c.p.mapper.MerchantMapper.selectList     : ==>  Preparing: SELECT id,name,contact_person,phone,email,password,address,logo,status,created_at,updated_at FROM "merchant" WHERE (phone = ?)
2026-04-23T18:55:03.055+08:00 DEBUG 21652 --- [           main] c.p.mapper.MerchantMapper.selectList     : ==> Parameters: 13900000001(String)
2026-04-23T18:55:03.055+08:00 DEBUG 21652 --- [           main] c.p.mapper.MerchantMapper.selectList     : <==      Total: 1
2026-04-23T18:55:03.056+08:00 DEBUG 21652 --- [           main] c.p.mapper.ProductMapper.selectList      : ==>  Preparing: SELECT id,merchant_id,name,description,price,stock,image,status,low_stock_threshold,category,created_at,updated_at FROM "product" WHERE (merchant_id = ?)
2026-04-23T18:55:03.056+08:00 DEBUG 21652 --- [           main] c.p.mapper.ProductMapper.selectList      : ==> Parameters: 105(Integer)
2026-04-23T18:55:03.057+08:00 DEBUG 21652 --- [           main] c.p.mapper.ProductMapper.selectList      : <==      Total: 1
2026-04-23T18:55:03.148+08:00 DEBUG 21652 --- [           main] c.petshop.mapper.MerchantMapper.insert   : ==>  Preparing: INSERT INTO "merchant" ( name, contact_person, phone, email, password, address, status, created_at, updated_at ) VALUES ( ?, ?, ?, ?, ?, ?, ?, ?, ? )
2026-04-23T18:55:03.148+08:00 DEBUG 21652 --- [           main] c.petshop.mapper.MerchantMapper.insert   : ==> Parameters: 测试商家(String), 张三(String), 13900000001(String), merchant@test.com(String), $2a$10$GtT4ZntCPRzgSz3FlNPd9.mOHVPjaIt4q1er3/3LoUtAY8ouiN0Hy(String), 测试地址123号(String), approved(String), 2026-04-23T18:55:03.148206800(LocalDateTime), 2026-04-23T18:55:03.148206800(LocalDateTime)
2026-04-23T18:55:03.148+08:00 DEBUG 21652 --- [           main] c.petshop.mapper.MerchantMapper.insert   : <==    Updates: 1
2026-04-23T18:55:03.148+08:00 DEBUG 21652 --- [           main] c.petshop.mapper.ServiceMapper.insert    : ==>  Preparing: INSERT INTO "service" ( merchant_id, name, description, price, duration, category, status, created_at, updated_at ) VALUES ( ?, ?, ?, ?, ?, ?, ?, ?, ? )
2026-04-23T18:55:03.149+08:00 DEBUG 21652 --- [           main] c.petshop.mapper.ServiceMapper.insert    : ==> Parameters: 106(Integer), 宠物美容(String), 专业宠物美容服务(String), 99.99(BigDecimal), 60(Integer), grooming(String), enabled(String), 2026-04-23T18:55:03.148206800(LocalDateTime), 2026-04-23T18:55:03.148206800(LocalDateTime)
2026-04-23T18:55:03.149+08:00 DEBUG 21652 --- [           main] c.petshop.mapper.ServiceMapper.insert    : <==    Updates: 1
2026-04-23T18:55:03.149+08:00 DEBUG 21652 --- [           main] c.petshop.mapper.ProductMapper.insert    : ==>  Preparing: INSERT INTO "product" ( merchant_id, name, description, price, stock, status, low_stock_threshold, category, created_at, updated_at ) VALUES ( ?, ?, ?, ?, ?, ?, ?, ?, ?, ? )
2026-04-23T18:55:03.149+08:00 DEBUG 21652 --- [           main] c.petshop.mapper.ProductMapper.insert    : ==> Parameters: 106(Integer), 宠物粮食(String), 优质宠物粮食(String), 59.99(BigDecimal), 100(Integer), enabled(String), 10(Integer), food(String), 2026-04-23T18:55:03.149210400(LocalDateTime), 2026-04-23T18:55:03.149210400(LocalDateTime)
2026-04-23T18:55:03.149+08:00 DEBUG 21652 --- [           main] c.petshop.mapper.ProductMapper.insert    : <==    Updates: 1
2026-04-23T18:55:03.230+08:00 DEBUG 21652 --- [           main] com.petshop.mapper.UserMapper.insert     : ==>  Preparing: INSERT INTO "user" ( username, email, password, phone, status, created_at, updated_at ) VALUES ( ?, ?, ?, ?, ?, ?, ? )
2026-04-23T18:55:03.230+08:00 DEBUG 21652 --- [           main] com.petshop.mapper.UserMapper.insert     : ==> Parameters: testuser(String), user@test.com(String), $2a$10$mTbZ7B89a4keQvGMRFzD/.NNciay8T45ny3Uyw2ou0yGKrAltBNji(String), 13800000001(String), active(String), 2026-04-23T18:55:03.229319800(LocalDateTime), 2026-04-23T18:55:03.229319800(LocalDateTime)
2026-04-23T18:55:03.230+08:00 DEBUG 21652 --- [           main] com.petshop.mapper.UserMapper.insert     : <==    Updates: 1
2026-04-23T18:55:03.230+08:00 DEBUG 21652 --- [           main] c.p.mapper.ProductOrderMapper.insert     : ==>  Preparing: INSERT INTO "product_order" ( order_no, user_id, merchant_id, total_price, freight, status, shipping_address, created_at, updated_at ) VALUES ( ?, ?, ?, ?, ?, ?, ?, ?, ? )
2026-04-23T18:55:03.230+08:00 DEBUG 21652 --- [           main] c.p.mapper.ProductOrderMapper.insert     : ==> Parameters: ORD1776941703230(String), 67(Integer), 106(Integer), 119.98(BigDecimal), 0(BigDecimal), pending(String), 测试收货地址(String), 2026-04-23T18:55:03.230469400(LocalDateTime), 2026-04-23T18:55:03.230469400(LocalDateTime)
2026-04-23T18:55:03.230+08:00 DEBUG 21652 --- [           main] c.p.mapper.ProductOrderMapper.insert     : <==    Updates: 1
2026-04-23T18:55:03.230+08:00 DEBUG 21652 --- [           main] com.petshop.mapper.ReviewMapper.insert   : ==>  Preparing: INSERT INTO "review" ( user_id, merchant_id, service_id, rating, comment, created_at, status ) VALUES ( ?, ?, ?, ?, ?, ?, ? )
2026-04-23T18:55:03.231+08:00 DEBUG 21652 --- [           main] com.petshop.mapper.ReviewMapper.insert   : ==> Parameters: 67(Integer), 106(Integer), 31(Integer), 5(Integer), 非常满意的服务！(String), 2026-04-23T18:55:03.230469400(LocalDateTime), approved(String)
2026-04-23T18:55:03.231+08:00 DEBUG 21652 --- [           main] com.petshop.mapper.ReviewMapper.insert   : <==    Updates: 1
2026-04-23T18:55:03.231+08:00 DEBUG 21652 --- [           main] o.s.security.web.FilterChainProxy        : Securing POST /api/auth/merchant/login
2026-04-23T18:55:03.231+08:00 DEBUG 21652 --- [           main] o.s.s.w.a.AnonymousAuthenticationFilter  : Set SecurityContextHolder to anonymous SecurityContext
2026-04-23T18:55:03.232+08:00 DEBUG 21652 --- [           main] o.s.security.web.FilterChainProxy        : Secured POST /api/auth/merchant/login
2026-04-23T18:55:03.233+08:00 DEBUG 21652 --- [           main] c.p.mapper.UserMapper.selectByPhone      : ==>  Preparing: SELECT * FROM `user` WHERE phone = ?
2026-04-23T18:55:03.233+08:00 DEBUG 21652 --- [           main] c.p.mapper.UserMapper.selectByPhone      : ==> Parameters: 13900000001(String)
2026-04-23T18:55:03.233+08:00 DEBUG 21652 --- [           main] c.p.mapper.UserMapper.selectByPhone      : <==      Total: 0
2026-04-23T18:55:03.233+08:00 DEBUG 21652 --- [           main] c.p.mapper.MerchantMapper.selectByPhone  : ==>  Preparing: SELECT * FROM `merchant` WHERE phone = ?
2026-04-23T18:55:03.233+08:00 DEBUG 21652 --- [           main] c.p.mapper.MerchantMapper.selectByPhone  : ==> Parameters: 13900000001(String)
2026-04-23T18:55:03.234+08:00 DEBUG 21652 --- [           main] c.p.mapper.MerchantMapper.selectByPhone  : <==      Total: 1
2026-04-23T18:55:03.318+08:00 DEBUG 21652 --- [           main] o.s.s.a.dao.DaoAuthenticationProvider    : Authenticated user
2026-04-23T18:55:03.320+08:00 DEBUG 21652 --- [           main] o.s.security.web.FilterChainProxy        : Securing GET /api/merchant/products/paged
2026-04-23T18:55:03.321+08:00 DEBUG 21652 --- [           main] o.s.security.web.FilterChainProxy        : Secured GET /api/merchant/products/paged
2026-04-23T18:55:03.322+08:00 DEBUG 21652 --- [           main] c.p.mapper.MerchantMapper.selectList     : ==>  Preparing: SELECT id,name,contact_person,phone,email,password,address,logo,status,created_at,updated_at FROM "merchant" WHERE (phone = ?)
2026-04-23T18:55:03.322+08:00 DEBUG 21652 --- [           main] c.p.mapper.MerchantMapper.selectList     : ==> Parameters: 13900000001(String)
2026-04-23T18:55:03.323+08:00 DEBUG 21652 --- [           main] c.p.mapper.MerchantMapper.selectList     : <==      Total: 1
2026-04-23T18:55:03.324+08:00 DEBUG 21652 --- [           main] c.p.mapper.ProductMapper.selectList      : ==>  Preparing: SELECT id,merchant_id,name,description,price,stock,image,status,low_stock_threshold,category,created_at,updated_at FROM "product" WHERE (merchant_id = ?)
2026-04-23T18:55:03.324+08:00 DEBUG 21652 --- [           main] c.p.mapper.ProductMapper.selectList      : ==> Parameters: 106(Integer)
2026-04-23T18:55:03.326+08:00 DEBUG 21652 --- [           main] c.p.mapper.ProductMapper.selectList      : <==      Total: 1
2026-04-23T18:55:03.411+08:00 DEBUG 21652 --- [           main] c.petshop.mapper.MerchantMapper.insert   : ==>  Preparing: INSERT INTO "merchant" ( name, contact_person, phone, email, password, address, status, created_at, updated_at ) VALUES ( ?, ?, ?, ?, ?, ?, ?, ?, ? )
2026-04-23T18:55:03.411+08:00 DEBUG 21652 --- [           main] c.petshop.mapper.MerchantMapper.insert   : ==> Parameters: 测试商家(String), 张三(String), 13900000001(String), merchant@test.com(String), $2a$10$iLHihnzpI2Q3ONmAQHIYpuHrA.YegFAwTs.vG69GEw..JG0i6nV.a(String), 测试地址123号(String), approved(String), 2026-04-23T18:55:03.411664300(LocalDateTime), 2026-04-23T18:55:03.411664300(LocalDateTime)
2026-04-23T18:55:03.412+08:00 DEBUG 21652 --- [           main] c.petshop.mapper.MerchantMapper.insert   : <==    Updates: 1
2026-04-23T18:55:03.412+08:00 DEBUG 21652 --- [           main] c.petshop.mapper.ServiceMapper.insert    : ==>  Preparing: INSERT INTO "service" ( merchant_id, name, description, price, duration, category, status, created_at, updated_at ) VALUES ( ?, ?, ?, ?, ?, ?, ?, ?, ? )
2026-04-23T18:55:03.412+08:00 DEBUG 21652 --- [           main] c.petshop.mapper.ServiceMapper.insert    : ==> Parameters: 107(Integer), 宠物美容(String), 专业宠物美容服务(String), 99.99(BigDecimal), 60(Integer), grooming(String), enabled(String), 2026-04-23T18:55:03.412668600(LocalDateTime), 2026-04-23T18:55:03.412668600(LocalDateTime)
2026-04-23T18:55:03.412+08:00 DEBUG 21652 --- [           main] c.petshop.mapper.ServiceMapper.insert    : <==    Updates: 1
2026-04-23T18:55:03.412+08:00 DEBUG 21652 --- [           main] c.petshop.mapper.ProductMapper.insert    : ==>  Preparing: INSERT INTO "product" ( merchant_id, name, description, price, stock, status, low_stock_threshold, category, created_at, updated_at ) VALUES ( ?, ?, ?, ?, ?, ?, ?, ?, ?, ? )
2026-04-23T18:55:03.413+08:00 DEBUG 21652 --- [           main] c.petshop.mapper.ProductMapper.insert    : ==> Parameters: 107(Integer), 宠物粮食(String), 优质宠物粮食(String), 59.99(BigDecimal), 100(Integer), enabled(String), 10(Integer), food(String), 2026-04-23T18:55:03.412668600(LocalDateTime), 2026-04-23T18:55:03.412668600(LocalDateTime)
2026-04-23T18:55:03.413+08:00 DEBUG 21652 --- [           main] c.petshop.mapper.ProductMapper.insert    : <==    Updates: 1
2026-04-23T18:55:03.493+08:00 DEBUG 21652 --- [           main] com.petshop.mapper.UserMapper.insert     : ==>  Preparing: INSERT INTO "user" ( username, email, password, phone, status, created_at, updated_at ) VALUES ( ?, ?, ?, ?, ?, ?, ? )
2026-04-23T18:55:03.494+08:00 DEBUG 21652 --- [           main] com.petshop.mapper.UserMapper.insert     : ==> Parameters: testuser(String), user@test.com(String), $2a$10$exDQRl7tP8SiMUdyQ.j1je7z5hxWBdTmyxGOr3.y0y7QCnXwhrpYC(String), 13800000001(String), active(String), 2026-04-23T18:55:03.493622100(LocalDateTime), 2026-04-23T18:55:03.493622100(LocalDateTime)
2026-04-23T18:55:03.494+08:00 DEBUG 21652 --- [           main] com.petshop.mapper.UserMapper.insert     : <==    Updates: 1
2026-04-23T18:55:03.494+08:00 DEBUG 21652 --- [           main] c.p.mapper.ProductOrderMapper.insert     : ==>  Preparing: INSERT INTO "product_order" ( order_no, user_id, merchant_id, total_price, freight, status, shipping_address, created_at, updated_at ) VALUES ( ?, ?, ?, ?, ?, ?, ?, ?, ? )
2026-04-23T18:55:03.494+08:00 DEBUG 21652 --- [           main] c.p.mapper.ProductOrderMapper.insert     : ==> Parameters: ORD1776941703494(String), 68(Integer), 107(Integer), 119.98(BigDecimal), 0(BigDecimal), pending(String), 测试收货地址(String), 2026-04-23T18:55:03.494625600(LocalDateTime), 2026-04-23T18:55:03.494625600(LocalDateTime)
2026-04-23T18:55:03.494+08:00 DEBUG 21652 --- [           main] c.p.mapper.ProductOrderMapper.insert     : <==    Updates: 1
2026-04-23T18:55:03.494+08:00 DEBUG 21652 --- [           main] com.petshop.mapper.ReviewMapper.insert   : ==>  Preparing: INSERT INTO "review" ( user_id, merchant_id, service_id, rating, comment, created_at, status ) VALUES ( ?, ?, ?, ?, ?, ?, ? )
2026-04-23T18:55:03.495+08:00 DEBUG 21652 --- [           main] com.petshop.mapper.ReviewMapper.insert   : ==> Parameters: 68(Integer), 107(Integer), 32(Integer), 5(Integer), 非常满意的服务！(String), 2026-04-23T18:55:03.494625600(LocalDateTime), approved(String)
2026-04-23T18:55:03.495+08:00 DEBUG 21652 --- [           main] com.petshop.mapper.ReviewMapper.insert   : <==    Updates: 1
2026-04-23T18:55:03.495+08:00 DEBUG 21652 --- [           main] o.s.security.web.FilterChainProxy        : Securing POST /api/auth/merchant/login
2026-04-23T18:55:03.495+08:00 DEBUG 21652 --- [           main] o.s.s.w.a.AnonymousAuthenticationFilter  : Set SecurityContextHolder to anonymous SecurityContext
2026-04-23T18:55:03.496+08:00 DEBUG 21652 --- [           main] o.s.security.web.FilterChainProxy        : Secured POST /api/auth/merchant/login
2026-04-23T18:55:03.496+08:00 DEBUG 21652 --- [           main] c.p.mapper.UserMapper.selectByPhone      : ==>  Preparing: SELECT * FROM `user` WHERE phone = ?
2026-04-23T18:55:03.496+08:00 DEBUG 21652 --- [           main] c.p.mapper.UserMapper.selectByPhone      : ==> Parameters: 13900000001(String)
2026-04-23T18:55:03.497+08:00 DEBUG 21652 --- [           main] c.p.mapper.UserMapper.selectByPhone      : <==      Total: 0
2026-04-23T18:55:03.497+08:00 DEBUG 21652 --- [           main] c.p.mapper.MerchantMapper.selectByPhone  : ==>  Preparing: SELECT * FROM `merchant` WHERE phone = ?
2026-04-23T18:55:03.497+08:00 DEBUG 21652 --- [           main] c.p.mapper.MerchantMapper.selectByPhone  : ==> Parameters: 13900000001(String)
2026-04-23T18:55:03.497+08:00 DEBUG 21652 --- [           main] c.p.mapper.MerchantMapper.selectByPhone  : <==      Total: 1
2026-04-23T18:55:03.578+08:00 DEBUG 21652 --- [           main] o.s.s.a.dao.DaoAuthenticationProvider    : Authenticated user
2026-04-23T18:55:03.580+08:00 DEBUG 21652 --- [           main] o.s.security.web.FilterChainProxy        : Securing DELETE /api/merchant/products/99999
2026-04-23T18:55:03.581+08:00 DEBUG 21652 --- [           main] o.s.security.web.FilterChainProxy        : Secured DELETE /api/merchant/products/99999
2026-04-23T18:55:03.582+08:00 DEBUG 21652 --- [           main] c.p.mapper.MerchantMapper.selectList     : ==>  Preparing: SELECT id,name,contact_person,phone,email,password,address,logo,status,created_at,updated_at FROM "merchant" WHERE (phone = ?)
2026-04-23T18:55:03.583+08:00 DEBUG 21652 --- [           main] c.p.mapper.MerchantMapper.selectList     : ==> Parameters: 13900000001(String)
2026-04-23T18:55:03.583+08:00 DEBUG 21652 --- [           main] c.p.mapper.MerchantMapper.selectList     : <==      Total: 1
2026-04-23T18:55:03.583+08:00 DEBUG 21652 --- [           main] c.p.m.P.selectByIdWithMerchant           : ==>  Preparing: SELECT p.*, m.id as merchant_id, m.name as merchant_name, m.contact_person as merchant_contact_person, m.phone as merchant_phone, m.email as merchant_email, m.address as merchant_address, m.logo as merchant_logo, m.status as merchant_status, m.created_at as merchant_created_at, m.updated_at as merchant_updated_at FROM product p LEFT JOIN merchant m ON p.merchant_id = m.id WHERE p.id = ?
2026-04-23T18:55:03.584+08:00 DEBUG 21652 --- [           main] c.p.m.P.selectByIdWithMerchant           : ==> Parameters: 99999(Integer)
2026-04-23T18:55:03.584+08:00 DEBUG 21652 --- [           main] c.p.m.P.selectByIdWithMerchant           : <==      Total: 0
2026-04-23T18:55:03.669+08:00 DEBUG 21652 --- [           main] c.petshop.mapper.MerchantMapper.insert   : ==>  Preparing: INSERT INTO "merchant" ( name, contact_person, phone, email, password, address, status, created_at, updated_at ) VALUES ( ?, ?, ?, ?, ?, ?, ?, ?, ? )
2026-04-23T18:55:03.670+08:00 DEBUG 21652 --- [           main] c.petshop.mapper.MerchantMapper.insert   : ==> Parameters: 测试商家(String), 张三(String), 13900000001(String), merchant@test.com(String), $2a$10$8CUrtwbQP9O9rQixgwieleXQqYh3vuZLix3Zbw1mb1a59nzbfvpDa(String), 测试地址123号(String), approved(String), 2026-04-23T18:55:03.669187(LocalDateTime), 2026-04-23T18:55:03.669187(LocalDateTime)
2026-04-23T18:55:03.670+08:00 DEBUG 21652 --- [           main] c.petshop.mapper.MerchantMapper.insert   : <==    Updates: 1
2026-04-23T18:55:03.670+08:00 DEBUG 21652 --- [           main] c.petshop.mapper.ServiceMapper.insert    : ==>  Preparing: INSERT INTO "service" ( merchant_id, name, description, price, duration, category, status, created_at, updated_at ) VALUES ( ?, ?, ?, ?, ?, ?, ?, ?, ? )
2026-04-23T18:55:03.670+08:00 DEBUG 21652 --- [           main] c.petshop.mapper.ServiceMapper.insert    : ==> Parameters: 108(Integer), 宠物美容(String), 专业宠物美容服务(String), 99.99(BigDecimal), 60(Integer), grooming(String), enabled(String), 2026-04-23T18:55:03.670189900(LocalDateTime), 2026-04-23T18:55:03.670189900(LocalDateTime)
2026-04-23T18:55:03.670+08:00 DEBUG 21652 --- [           main] c.petshop.mapper.ServiceMapper.insert    : <==    Updates: 1
2026-04-23T18:55:03.670+08:00 DEBUG 21652 --- [           main] c.petshop.mapper.ProductMapper.insert    : ==>  Preparing: INSERT INTO "product" ( merchant_id, name, description, price, stock, status, low_stock_threshold, category, created_at, updated_at ) VALUES ( ?, ?, ?, ?, ?, ?, ?, ?, ?, ? )
2026-04-23T18:55:03.671+08:00 DEBUG 21652 --- [           main] c.petshop.mapper.ProductMapper.insert    : ==> Parameters: 108(Integer), 宠物粮食(String), 优质宠物粮食(String), 59.99(BigDecimal), 100(Integer), enabled(String), 10(Integer), food(String), 2026-04-23T18:55:03.670189900(LocalDateTime), 2026-04-23T18:55:03.670189900(LocalDateTime)
2026-04-23T18:55:03.671+08:00 DEBUG 21652 --- [           main] c.petshop.mapper.ProductMapper.insert    : <==    Updates: 1
2026-04-23T18:55:03.751+08:00 DEBUG 21652 --- [           main] com.petshop.mapper.UserMapper.insert     : ==>  Preparing: INSERT INTO "user" ( username, email, password, phone, status, created_at, updated_at ) VALUES ( ?, ?, ?, ?, ?, ?, ? )
2026-04-23T18:55:03.751+08:00 DEBUG 21652 --- [           main] com.petshop.mapper.UserMapper.insert     : ==> Parameters: testuser(String), user@test.com(String), $2a$10$cX7Rxq9U2stMnNQ1mI3AKORp3aQy2S1oa1OLxFn5i9oN.8qUtWjRe(String), 13800000001(String), active(String), 2026-04-23T18:55:03.751410(LocalDateTime), 2026-04-23T18:55:03.751418600(LocalDateTime)
2026-04-23T18:55:03.752+08:00 DEBUG 21652 --- [           main] com.petshop.mapper.UserMapper.insert     : <==    Updates: 1
2026-04-23T18:55:03.752+08:00 DEBUG 21652 --- [           main] c.p.mapper.ProductOrderMapper.insert     : ==>  Preparing: INSERT INTO "product_order" ( order_no, user_id, merchant_id, total_price, freight, status, shipping_address, created_at, updated_at ) VALUES ( ?, ?, ?, ?, ?, ?, ?, ?, ? )
2026-04-23T18:55:03.752+08:00 DEBUG 21652 --- [           main] c.p.mapper.ProductOrderMapper.insert     : ==> Parameters: ORD1776941703752(String), 69(Integer), 108(Integer), 119.98(BigDecimal), 0(BigDecimal), pending(String), 测试收货地址(String), 2026-04-23T18:55:03.752181600(LocalDateTime), 2026-04-23T18:55:03.752181600(LocalDateTime)
2026-04-23T18:55:03.752+08:00 DEBUG 21652 --- [           main] c.p.mapper.ProductOrderMapper.insert     : <==    Updates: 1
2026-04-23T18:55:03.752+08:00 DEBUG 21652 --- [           main] com.petshop.mapper.ReviewMapper.insert   : ==>  Preparing: INSERT INTO "review" ( user_id, merchant_id, service_id, rating, comment, created_at, status ) VALUES ( ?, ?, ?, ?, ?, ?, ? )
2026-04-23T18:55:03.752+08:00 DEBUG 21652 --- [           main] com.petshop.mapper.ReviewMapper.insert   : ==> Parameters: 69(Integer), 108(Integer), 33(Integer), 5(Integer), 非常满意的服务！(String), 2026-04-23T18:55:03.752676200(LocalDateTime), approved(String)
2026-04-23T18:55:03.752+08:00 DEBUG 21652 --- [           main] com.petshop.mapper.ReviewMapper.insert   : <==    Updates: 1
2026-04-23T18:55:03.753+08:00 DEBUG 21652 --- [           main] o.s.security.web.FilterChainProxy        : Securing POST /api/auth/merchant/login
2026-04-23T18:55:03.753+08:00 DEBUG 21652 --- [           main] o.s.s.w.a.AnonymousAuthenticationFilter  : Set SecurityContextHolder to anonymous SecurityContext
2026-04-23T18:55:03.753+08:00 DEBUG 21652 --- [           main] o.s.security.web.FilterChainProxy        : Secured POST /api/auth/merchant/login
2026-04-23T18:55:03.754+08:00 DEBUG 21652 --- [           main] c.p.mapper.UserMapper.selectByPhone      : ==>  Preparing: SELECT * FROM `user` WHERE phone = ?
2026-04-23T18:55:03.754+08:00 DEBUG 21652 --- [           main] c.p.mapper.UserMapper.selectByPhone      : ==> Parameters: 13900000001(String)
2026-04-23T18:55:03.754+08:00 DEBUG 21652 --- [           main] c.p.mapper.UserMapper.selectByPhone      : <==      Total: 0
2026-04-23T18:55:03.754+08:00 DEBUG 21652 --- [           main] c.p.mapper.MerchantMapper.selectByPhone  : ==>  Preparing: SELECT * FROM `merchant` WHERE phone = ?
2026-04-23T18:55:03.754+08:00 DEBUG 21652 --- [           main] c.p.mapper.MerchantMapper.selectByPhone  : ==> Parameters: 13900000001(String)
2026-04-23T18:55:03.755+08:00 DEBUG 21652 --- [           main] c.p.mapper.MerchantMapper.selectByPhone  : <==      Total: 1
2026-04-23T18:55:03.834+08:00 DEBUG 21652 --- [           main] o.s.s.a.dao.DaoAuthenticationProvider    : Authenticated user
2026-04-23T18:55:03.836+08:00 DEBUG 21652 --- [           main] o.s.security.web.FilterChainProxy        : Securing PUT /api/merchant/products/99999
2026-04-23T18:55:03.838+08:00 DEBUG 21652 --- [           main] o.s.security.web.FilterChainProxy        : Secured PUT /api/merchant/products/99999
2026-04-23T18:55:03.839+08:00 DEBUG 21652 --- [           main] c.p.mapper.MerchantMapper.selectList     : ==>  Preparing: SELECT id,name,contact_person,phone,email,password,address,logo,status,created_at,updated_at FROM "merchant" WHERE (phone = ?)
2026-04-23T18:55:03.839+08:00 DEBUG 21652 --- [           main] c.p.mapper.MerchantMapper.selectList     : ==> Parameters: 13900000001(String)
2026-04-23T18:55:03.839+08:00 DEBUG 21652 --- [           main] c.p.mapper.MerchantMapper.selectList     : <==      Total: 1
2026-04-23T18:55:03.839+08:00 DEBUG 21652 --- [           main] c.p.m.P.selectByIdWithMerchant           : ==>  Preparing: SELECT p.*, m.id as merchant_id, m.name as merchant_name, m.contact_person as merchant_contact_person, m.phone as merchant_phone, m.email as merchant_email, m.address as merchant_address, m.logo as merchant_logo, m.status as merchant_status, m.created_at as merchant_created_at, m.updated_at as merchant_updated_at FROM product p LEFT JOIN merchant m ON p.merchant_id = m.id WHERE p.id = ?
2026-04-23T18:55:03.839+08:00 DEBUG 21652 --- [           main] c.p.m.P.selectByIdWithMerchant           : ==> Parameters: 99999(Integer)
2026-04-23T18:55:03.840+08:00 DEBUG 21652 --- [           main] c.p.m.P.selectByIdWithMerchant           : <==      Total: 0
2026-04-23T18:55:03.928+08:00 DEBUG 21652 --- [           main] c.petshop.mapper.MerchantMapper.insert   : ==>  Preparing: INSERT INTO "merchant" ( name, contact_person, phone, email, password, address, status, created_at, updated_at ) VALUES ( ?, ?, ?, ?, ?, ?, ?, ?, ? )
2026-04-23T18:55:03.928+08:00 DEBUG 21652 --- [           main] c.petshop.mapper.MerchantMapper.insert   : ==> Parameters: 测试商家(String), 张三(String), 13900000001(String), merchant@test.com(String), $2a$10$Ph9mgBET3prJXIL6wBt25eWs0YCGHTNO8fIVRxb1PMnSaN..iNqBa(String), 测试地址123号(String), approved(String), 2026-04-23T18:55:03.928192100(LocalDateTime), 2026-04-23T18:55:03.928192100(LocalDateTime)
2026-04-23T18:55:03.929+08:00 DEBUG 21652 --- [           main] c.petshop.mapper.MerchantMapper.insert   : <==    Updates: 1
2026-04-23T18:55:03.929+08:00 DEBUG 21652 --- [           main] c.petshop.mapper.ServiceMapper.insert    : ==>  Preparing: INSERT INTO "service" ( merchant_id, name, description, price, duration, category, status, created_at, updated_at ) VALUES ( ?, ?, ?, ?, ?, ?, ?, ?, ? )
2026-04-23T18:55:03.929+08:00 DEBUG 21652 --- [           main] c.petshop.mapper.ServiceMapper.insert    : ==> Parameters: 109(Integer), 宠物美容(String), 专业宠物美容服务(String), 99.99(BigDecimal), 60(Integer), grooming(String), enabled(String), 2026-04-23T18:55:03.929295(LocalDateTime), 2026-04-23T18:55:03.929295(LocalDateTime)
2026-04-23T18:55:03.929+08:00 DEBUG 21652 --- [           main] c.petshop.mapper.ServiceMapper.insert    : <==    Updates: 1
2026-04-23T18:55:03.929+08:00 DEBUG 21652 --- [           main] c.petshop.mapper.ProductMapper.insert    : ==>  Preparing: INSERT INTO "product" ( merchant_id, name, description, price, stock, status, low_stock_threshold, category, created_at, updated_at ) VALUES ( ?, ?, ?, ?, ?, ?, ?, ?, ?, ? )
2026-04-23T18:55:03.929+08:00 DEBUG 21652 --- [           main] c.petshop.mapper.ProductMapper.insert    : ==> Parameters: 109(Integer), 宠物粮食(String), 优质宠物粮食(String), 59.99(BigDecimal), 100(Integer), enabled(String), 10(Integer), food(String), 2026-04-23T18:55:03.929743600(LocalDateTime), 2026-04-23T18:55:03.929743600(LocalDateTime)
2026-04-23T18:55:03.929+08:00 DEBUG 21652 --- [           main] c.petshop.mapper.ProductMapper.insert    : <==    Updates: 1
2026-04-23T18:55:04.010+08:00 DEBUG 21652 --- [           main] com.petshop.mapper.UserMapper.insert     : ==>  Preparing: INSERT INTO "user" ( username, email, password, phone, status, created_at, updated_at ) VALUES ( ?, ?, ?, ?, ?, ?, ? )
2026-04-23T18:55:04.010+08:00 DEBUG 21652 --- [           main] com.petshop.mapper.UserMapper.insert     : ==> Parameters: testuser(String), user@test.com(String), $2a$10$X3v6Wrvffq.JxkFoWUwOGOsVh8EShbzlF5AQrAXXC7gGC2DNbhHOu(String), 13800000001(String), active(String), 2026-04-23T18:55:04.010609400(LocalDateTime), 2026-04-23T18:55:04.010609400(LocalDateTime)
2026-04-23T18:55:04.010+08:00 DEBUG 21652 --- [           main] com.petshop.mapper.UserMapper.insert     : <==    Updates: 1
2026-04-23T18:55:04.010+08:00 DEBUG 21652 --- [           main] c.p.mapper.ProductOrderMapper.insert     : ==>  Preparing: INSERT INTO "product_order" ( order_no, user_id, merchant_id, total_price, freight, status, shipping_address, created_at, updated_at ) VALUES ( ?, ?, ?, ?, ?, ?, ?, ?, ? )
2026-04-23T18:55:04.011+08:00 DEBUG 21652 --- [           main] c.p.mapper.ProductOrderMapper.insert     : ==> Parameters: ORD1776941704010(String), 70(Integer), 109(Integer), 119.98(BigDecimal), 0(BigDecimal), pending(String), 测试收货地址(String), 2026-04-23T18:55:04.010609400(LocalDateTime), 2026-04-23T18:55:04.010609400(LocalDateTime)
2026-04-23T18:55:04.011+08:00 DEBUG 21652 --- [           main] c.p.mapper.ProductOrderMapper.insert     : <==    Updates: 1
2026-04-23T18:55:04.011+08:00 DEBUG 21652 --- [           main] com.petshop.mapper.ReviewMapper.insert   : ==>  Preparing: INSERT INTO "review" ( user_id, merchant_id, service_id, rating, comment, created_at, status ) VALUES ( ?, ?, ?, ?, ?, ?, ? )
2026-04-23T18:55:04.011+08:00 DEBUG 21652 --- [           main] com.petshop.mapper.ReviewMapper.insert   : ==> Parameters: 70(Integer), 109(Integer), 34(Integer), 5(Integer), 非常满意的服务！(String), 2026-04-23T18:55:04.011736(LocalDateTime), approved(String)
2026-04-23T18:55:04.011+08:00 DEBUG 21652 --- [           main] com.petshop.mapper.ReviewMapper.insert   : <==    Updates: 1
2026-04-23T18:55:04.011+08:00 DEBUG 21652 --- [           main] o.s.security.web.FilterChainProxy        : Securing POST /api/auth/merchant/login
2026-04-23T18:55:04.012+08:00 DEBUG 21652 --- [           main] o.s.s.w.a.AnonymousAuthenticationFilter  : Set SecurityContextHolder to anonymous SecurityContext
2026-04-23T18:55:04.012+08:00 DEBUG 21652 --- [           main] o.s.security.web.FilterChainProxy        : Secured POST /api/auth/merchant/login
2026-04-23T18:55:04.012+08:00 DEBUG 21652 --- [           main] c.p.mapper.UserMapper.selectByPhone      : ==>  Preparing: SELECT * FROM `user` WHERE phone = ?
2026-04-23T18:55:04.013+08:00 DEBUG 21652 --- [           main] c.p.mapper.UserMapper.selectByPhone      : ==> Parameters: 13900000001(String)
2026-04-23T18:55:04.013+08:00 DEBUG 21652 --- [           main] c.p.mapper.UserMapper.selectByPhone      : <==      Total: 0
2026-04-23T18:55:04.013+08:00 DEBUG 21652 --- [           main] c.p.mapper.MerchantMapper.selectByPhone  : ==>  Preparing: SELECT * FROM `merchant` WHERE phone = ?
2026-04-23T18:55:04.013+08:00 DEBUG 21652 --- [           main] c.p.mapper.MerchantMapper.selectByPhone  : ==> Parameters: 13900000001(String)
2026-04-23T18:55:04.013+08:00 DEBUG 21652 --- [           main] c.p.mapper.MerchantMapper.selectByPhone  : <==      Total: 1
2026-04-23T18:55:04.094+08:00 DEBUG 21652 --- [           main] o.s.s.a.dao.DaoAuthenticationProvider    : Authenticated user
2026-04-23T18:55:04.096+08:00 DEBUG 21652 --- [           main] o.s.security.web.FilterChainProxy        : Securing PUT /api/merchant/products/33/status
2026-04-23T18:55:04.097+08:00 DEBUG 21652 --- [           main] o.s.security.web.FilterChainProxy        : Secured PUT /api/merchant/products/33/status
2026-04-23T18:55:04.098+08:00 DEBUG 21652 --- [           main] c.p.mapper.MerchantMapper.selectList     : ==>  Preparing: SELECT id,name,contact_person,phone,email,password,address,logo,status,created_at,updated_at FROM "merchant" WHERE (phone = ?)
2026-04-23T18:55:04.098+08:00 DEBUG 21652 --- [           main] c.p.mapper.MerchantMapper.selectList     : ==> Parameters: 13900000001(String)
2026-04-23T18:55:04.098+08:00 DEBUG 21652 --- [           main] c.p.mapper.MerchantMapper.selectList     : <==      Total: 1
2026-04-23T18:55:04.099+08:00 DEBUG 21652 --- [           main] c.p.m.P.selectByIdWithMerchant           : ==>  Preparing: SELECT p.*, m.id as merchant_id, m.name as merchant_name, m.contact_person as merchant_contact_person, m.phone as merchant_phone, m.email as merchant_email, m.address as merchant_address, m.logo as merchant_logo, m.status as merchant_status, m.created_at as merchant_created_at, m.updated_at as merchant_updated_at FROM product p LEFT JOIN merchant m ON p.merchant_id = m.id WHERE p.id = ?
2026-04-23T18:55:04.099+08:00 DEBUG 21652 --- [           main] c.p.m.P.selectByIdWithMerchant           : ==> Parameters: 33(Integer)
2026-04-23T18:55:04.099+08:00 DEBUG 21652 --- [           main] c.p.m.P.selectByIdWithMerchant           : <==      Total: 1
2026-04-23T18:55:04.099+08:00 DEBUG 21652 --- [           main] c.p.mapper.ProductMapper.selectById      : ==>  Preparing: SELECT id,merchant_id,name,description,price,stock,image,status,low_stock_threshold,category,created_at,updated_at FROM "product" WHERE id=?
2026-04-23T18:55:04.100+08:00 DEBUG 21652 --- [           main] c.p.mapper.ProductMapper.selectById      : ==> Parameters: 33(Integer)
2026-04-23T18:55:04.100+08:00 DEBUG 21652 --- [           main] c.p.mapper.ProductMapper.selectById      : <==      Total: 1
2026-04-23T18:55:04.101+08:00 DEBUG 21652 --- [           main] c.p.mapper.ProductMapper.updateById      : ==>  Preparing: UPDATE "product" SET merchant_id=?, name=?, description=?, price=?, stock=?, status=?, low_stock_threshold=?, category=?, created_at=?, updated_at=? WHERE id=?
2026-04-23T18:55:04.101+08:00 DEBUG 21652 --- [           main] c.p.mapper.ProductMapper.updateById      : ==> Parameters: 109(Integer), 宠物粮食(String), 优质宠物粮食(String), 59.99(BigDecimal), 100(Integer), disabled(String), 10(Integer), food(String), 2026-04-23T18:55:03.929744(LocalDateTime), 2026-04-23T18:55:03.929744(LocalDateTime), 33(Integer)
2026-04-23T18:55:04.102+08:00 DEBUG 21652 --- [           main] c.p.mapper.ProductMapper.updateById      : <==    Updates: 1
2026-04-23T18:55:04.186+08:00 DEBUG 21652 --- [           main] c.petshop.mapper.MerchantMapper.insert   : ==>  Preparing: INSERT INTO "merchant" ( name, contact_person, phone, email, password, address, status, created_at, updated_at ) VALUES ( ?, ?, ?, ?, ?, ?, ?, ?, ? )
2026-04-23T18:55:04.186+08:00 DEBUG 21652 --- [           main] c.petshop.mapper.MerchantMapper.insert   : ==> Parameters: 测试商家(String), 张三(String), 13900000001(String), merchant@test.com(String), $2a$10$Wvh4tGf2cXRqPCYn5KxX1.AcWuLOepVeJxvb.uCPxRzHlVrsw3ZrO(String), 测试地址123号(String), approved(String), 2026-04-23T18:55:04.185750800(LocalDateTime), 2026-04-23T18:55:04.185750800(LocalDateTime)
2026-04-23T18:55:04.186+08:00 DEBUG 21652 --- [           main] c.petshop.mapper.MerchantMapper.insert   : <==    Updates: 1
2026-04-23T18:55:04.186+08:00 DEBUG 21652 --- [           main] c.petshop.mapper.ServiceMapper.insert    : ==>  Preparing: INSERT INTO "service" ( merchant_id, name, description, price, duration, category, status, created_at, updated_at ) VALUES ( ?, ?, ?, ?, ?, ?, ?, ?, ? )
2026-04-23T18:55:04.186+08:00 DEBUG 21652 --- [           main] c.petshop.mapper.ServiceMapper.insert    : ==> Parameters: 110(Integer), 宠物美容(String), 专业宠物美容服务(String), 99.99(BigDecimal), 60(Integer), grooming(String), enabled(String), 2026-04-23T18:55:04.186751(LocalDateTime), 2026-04-23T18:55:04.186751(LocalDateTime)
2026-04-23T18:55:04.187+08:00 DEBUG 21652 --- [           main] c.petshop.mapper.ServiceMapper.insert    : <==    Updates: 1
2026-04-23T18:55:04.187+08:00 DEBUG 21652 --- [           main] c.petshop.mapper.ProductMapper.insert    : ==>  Preparing: INSERT INTO "product" ( merchant_id, name, description, price, stock, status, low_stock_threshold, category, created_at, updated_at ) VALUES ( ?, ?, ?, ?, ?, ?, ?, ?, ?, ? )
2026-04-23T18:55:04.187+08:00 DEBUG 21652 --- [           main] c.petshop.mapper.ProductMapper.insert    : ==> Parameters: 110(Integer), 宠物粮食(String), 优质宠物粮食(String), 59.99(BigDecimal), 100(Integer), enabled(String), 10(Integer), food(String), 2026-04-23T18:55:04.187745(LocalDateTime), 2026-04-23T18:55:04.187745(LocalDateTime)
2026-04-23T18:55:04.187+08:00 DEBUG 21652 --- [           main] c.petshop.mapper.ProductMapper.insert    : <==    Updates: 1
2026-04-23T18:55:04.267+08:00 DEBUG 21652 --- [           main] com.petshop.mapper.UserMapper.insert     : ==>  Preparing: INSERT INTO "user" ( username, email, password, phone, status, created_at, updated_at ) VALUES ( ?, ?, ?, ?, ?, ?, ? )
2026-04-23T18:55:04.268+08:00 DEBUG 21652 --- [           main] com.petshop.mapper.UserMapper.insert     : ==> Parameters: testuser(String), user@test.com(String), $2a$10$7m2rRg8YG/RsEi8yTSN8uOfwhr1v/zHRfqlohrnH7Fwn1VtXVReyC(String), 13800000001(String), active(String), 2026-04-23T18:55:04.267416(LocalDateTime), 2026-04-23T18:55:04.267416(LocalDateTime)
2026-04-23T18:55:04.268+08:00 DEBUG 21652 --- [           main] com.petshop.mapper.UserMapper.insert     : <==    Updates: 1
2026-04-23T18:55:04.268+08:00 DEBUG 21652 --- [           main] c.p.mapper.ProductOrderMapper.insert     : ==>  Preparing: INSERT INTO "product_order" ( order_no, user_id, merchant_id, total_price, freight, status, shipping_address, created_at, updated_at ) VALUES ( ?, ?, ?, ?, ?, ?, ?, ?, ? )
2026-04-23T18:55:04.268+08:00 DEBUG 21652 --- [           main] c.p.mapper.ProductOrderMapper.insert     : ==> Parameters: ORD1776941704268(String), 71(Integer), 110(Integer), 119.98(BigDecimal), 0(BigDecimal), pending(String), 测试收货地址(String), 2026-04-23T18:55:04.268417(LocalDateTime), 2026-04-23T18:55:04.268417(LocalDateTime)
2026-04-23T18:55:04.268+08:00 DEBUG 21652 --- [           main] c.p.mapper.ProductOrderMapper.insert     : <==    Updates: 1
2026-04-23T18:55:04.268+08:00 DEBUG 21652 --- [           main] com.petshop.mapper.ReviewMapper.insert   : ==>  Preparing: INSERT INTO "review" ( user_id, merchant_id, service_id, rating, comment, created_at, status ) VALUES ( ?, ?, ?, ?, ?, ?, ? )
2026-04-23T18:55:04.269+08:00 DEBUG 21652 --- [           main] com.petshop.mapper.ReviewMapper.insert   : ==> Parameters: 71(Integer), 110(Integer), 35(Integer), 5(Integer), 非常满意的服务！(String), 2026-04-23T18:55:04.268417(LocalDateTime), approved(String)
2026-04-23T18:55:04.269+08:00 DEBUG 21652 --- [           main] com.petshop.mapper.ReviewMapper.insert   : <==    Updates: 1
2026-04-23T18:55:04.269+08:00 DEBUG 21652 --- [           main] o.s.security.web.FilterChainProxy        : Securing POST /api/auth/merchant/login
2026-04-23T18:55:04.269+08:00 DEBUG 21652 --- [           main] o.s.s.w.a.AnonymousAuthenticationFilter  : Set SecurityContextHolder to anonymous SecurityContext
2026-04-23T18:55:04.270+08:00 DEBUG 21652 --- [           main] o.s.security.web.FilterChainProxy        : Secured POST /api/auth/merchant/login
2026-04-23T18:55:04.270+08:00 DEBUG 21652 --- [           main] c.p.mapper.UserMapper.selectByPhone      : ==>  Preparing: SELECT * FROM `user` WHERE phone = ?
2026-04-23T18:55:04.270+08:00 DEBUG 21652 --- [           main] c.p.mapper.UserMapper.selectByPhone      : ==> Parameters: 13900000001(String)
2026-04-23T18:55:04.270+08:00 DEBUG 21652 --- [           main] c.p.mapper.UserMapper.selectByPhone      : <==      Total: 0
2026-04-23T18:55:04.270+08:00 DEBUG 21652 --- [           main] c.p.mapper.MerchantMapper.selectByPhone  : ==>  Preparing: SELECT * FROM `merchant` WHERE phone = ?
2026-04-23T18:55:04.271+08:00 DEBUG 21652 --- [           main] c.p.mapper.MerchantMapper.selectByPhone  : ==> Parameters: 13900000001(String)
2026-04-23T18:55:04.271+08:00 DEBUG 21652 --- [           main] c.p.mapper.MerchantMapper.selectByPhone  : <==      Total: 1
2026-04-23T18:55:04.352+08:00 DEBUG 21652 --- [           main] o.s.s.a.dao.DaoAuthenticationProvider    : Authenticated user
2026-04-23T18:55:04.353+08:00 DEBUG 21652 --- [           main] c.petshop.mapper.ProductMapper.insert    : ==>  Preparing: INSERT INTO "product" ( merchant_id, name, price, stock, status, low_stock_threshold, created_at, updated_at ) VALUES ( ?, ?, ?, ?, ?, ?, ?, ? )
2026-04-23T18:55:04.354+08:00 DEBUG 21652 --- [           main] c.petshop.mapper.ProductMapper.insert    : ==> Parameters: 110(Integer), 待删除商品(String), 99.99(BigDecimal), 10(Integer), enabled(String), 10(Integer), 2026-04-23T18:55:04.353132800(LocalDateTime), 2026-04-23T18:55:04.353132800(LocalDateTime)
2026-04-23T18:55:04.354+08:00 DEBUG 21652 --- [           main] c.petshop.mapper.ProductMapper.insert    : <==    Updates: 1
2026-04-23T18:55:04.354+08:00 DEBUG 21652 --- [           main] o.s.security.web.FilterChainProxy        : Securing DELETE /api/merchant/products/35
2026-04-23T18:55:04.355+08:00 DEBUG 21652 --- [           main] c.p.mapper.UserMapper.selectByPhone      : ==>  Preparing: SELECT * FROM `user` WHERE phone = ?
2026-04-23T18:55:04.355+08:00 DEBUG 21652 --- [           main] c.p.mapper.UserMapper.selectByPhone      : ==> Parameters: 13900000001(String)
2026-04-23T18:55:04.355+08:00 DEBUG 21652 --- [           main] c.p.mapper.UserMapper.selectByPhone      : <==      Total: 0
2026-04-23T18:55:04.355+08:00 DEBUG 21652 --- [           main] c.p.mapper.MerchantMapper.selectByPhone  : ==>  Preparing: SELECT * FROM `merchant` WHERE phone = ?
2026-04-23T18:55:04.355+08:00 DEBUG 21652 --- [           main] c.p.mapper.MerchantMapper.selectByPhone  : ==> Parameters: 13900000001(String)
2026-04-23T18:55:04.356+08:00 DEBUG 21652 --- [           main] c.p.mapper.MerchantMapper.selectByPhone  : <==      Total: 1
2026-04-23T18:55:04.356+08:00 DEBUG 21652 --- [           main] o.s.security.web.FilterChainProxy        : Secured DELETE /api/merchant/products/35
2026-04-23T18:55:04.357+08:00 DEBUG 21652 --- [           main] c.p.mapper.MerchantMapper.selectList     : ==>  Preparing: SELECT id,name,contact_person,phone,email,password,address,logo,status,created_at,updated_at FROM "merchant" WHERE (phone = ?)
2026-04-23T18:55:04.357+08:00 DEBUG 21652 --- [           main] c.p.mapper.MerchantMapper.selectList     : ==> Parameters: 13900000001(String)
2026-04-23T18:55:04.357+08:00 DEBUG 21652 --- [           main] c.p.mapper.MerchantMapper.selectList     : <==      Total: 1
2026-04-23T18:55:04.357+08:00 DEBUG 21652 --- [           main] c.p.m.P.selectByIdWithMerchant           : ==>  Preparing: SELECT p.*, m.id as merchant_id, m.name as merchant_name, m.contact_person as merchant_contact_person, m.phone as merchant_phone, m.email as merchant_email, m.address as merchant_address, m.logo as merchant_logo, m.status as merchant_status, m.created_at as merchant_created_at, m.updated_at as merchant_updated_at FROM product p LEFT JOIN merchant m ON p.merchant_id = m.id WHERE p.id = ?
2026-04-23T18:55:04.357+08:00 DEBUG 21652 --- [           main] c.p.m.P.selectByIdWithMerchant           : ==> Parameters: 35(Integer)
2026-04-23T18:55:04.358+08:00 DEBUG 21652 --- [           main] c.p.m.P.selectByIdWithMerchant           : <==      Total: 1
2026-04-23T18:55:04.358+08:00 DEBUG 21652 --- [           main] c.p.mapper.ProductMapper.deleteById      : ==>  Preparing: DELETE FROM "product" WHERE id=?
2026-04-23T18:55:04.359+08:00 DEBUG 21652 --- [           main] c.p.mapper.ProductMapper.deleteById      : ==> Parameters: 35(Integer)
2026-04-23T18:55:04.359+08:00 DEBUG 21652 --- [           main] c.p.mapper.ProductMapper.deleteById      : <==    Updates: 1
[INFO] Tests run: 10, Failures: 0, Errors: 0, Skipped: 0, Time elapsed: 2.621 s -- in com.petshop.controller.MerchantApiControllerTest$ProductManagementTests
[INFO] Running com.petshop.controller.MerchantApiControllerTest$ReviewManagementTests
2026-04-23T18:55:04.364+08:00  INFO 21652 --- [           main] t.c.s.AnnotationConfigContextLoaderUtils : Could not detect default configuration classes for test class [com.petshop.controller.MerchantApiControllerTest$ReviewManagementTests]: ReviewManagementTests does not declare any static, non-private, non-final, nested classes annotated with @Configuration.
2026-04-23T18:55:04.367+08:00  INFO 21652 --- [           main] .b.t.c.SpringBootTestContextBootstrapper : Found @SpringBootConfiguration com.petshop.PetManagementSystemApplication for test class com.petshop.controller.MerchantApiControllerTest$ReviewManagementTests
2026-04-23T18:55:04.453+08:00 DEBUG 21652 --- [           main] c.petshop.mapper.MerchantMapper.insert   : ==>  Preparing: INSERT INTO "merchant" ( name, contact_person, phone, email, password, address, status, created_at, updated_at ) VALUES ( ?, ?, ?, ?, ?, ?, ?, ?, ? )
2026-04-23T18:55:04.453+08:00 DEBUG 21652 --- [           main] c.petshop.mapper.MerchantMapper.insert   : ==> Parameters: 测试商家(String), 张三(String), 13900000001(String), merchant@test.com(String), $2a$10$ROhQfCh18GsfV1z5lqZ76OtB4Q6/rBn3QVdXEU7iAKnZh7crEEFcK(String), 测试地址123号(String), approved(String), 2026-04-23T18:55:04.452460700(LocalDateTime), 2026-04-23T18:55:04.452460700(LocalDateTime)
2026-04-23T18:55:04.453+08:00 DEBUG 21652 --- [           main] c.petshop.mapper.MerchantMapper.insert   : <==    Updates: 1
2026-04-23T18:55:04.453+08:00 DEBUG 21652 --- [           main] c.petshop.mapper.ServiceMapper.insert    : ==>  Preparing: INSERT INTO "service" ( merchant_id, name, description, price, duration, category, status, created_at, updated_at ) VALUES ( ?, ?, ?, ?, ?, ?, ?, ?, ? )
2026-04-23T18:55:04.453+08:00 DEBUG 21652 --- [           main] c.petshop.mapper.ServiceMapper.insert    : ==> Parameters: 111(Integer), 宠物美容(String), 专业宠物美容服务(String), 99.99(BigDecimal), 60(Integer), grooming(String), enabled(String), 2026-04-23T18:55:04.453460300(LocalDateTime), 2026-04-23T18:55:04.453460300(LocalDateTime)
2026-04-23T18:55:04.453+08:00 DEBUG 21652 --- [           main] c.petshop.mapper.ServiceMapper.insert    : <==    Updates: 1
2026-04-23T18:55:04.453+08:00 DEBUG 21652 --- [           main] c.petshop.mapper.ProductMapper.insert    : ==>  Preparing: INSERT INTO "product" ( merchant_id, name, description, price, stock, status, low_stock_threshold, category, created_at, updated_at ) VALUES ( ?, ?, ?, ?, ?, ?, ?, ?, ?, ? )
2026-04-23T18:55:04.454+08:00 DEBUG 21652 --- [           main] c.petshop.mapper.ProductMapper.insert    : ==> Parameters: 111(Integer), 宠物粮食(String), 优质宠物粮食(String), 59.99(BigDecimal), 100(Integer), enabled(String), 10(Integer), food(String), 2026-04-23T18:55:04.453460300(LocalDateTime), 2026-04-23T18:55:04.453460300(LocalDateTime)
2026-04-23T18:55:04.454+08:00 DEBUG 21652 --- [           main] c.petshop.mapper.ProductMapper.insert    : <==    Updates: 1
2026-04-23T18:55:04.535+08:00 DEBUG 21652 --- [           main] com.petshop.mapper.UserMapper.insert     : ==>  Preparing: INSERT INTO "user" ( username, email, password, phone, status, created_at, updated_at ) VALUES ( ?, ?, ?, ?, ?, ?, ? )
2026-04-23T18:55:04.535+08:00 DEBUG 21652 --- [           main] com.petshop.mapper.UserMapper.insert     : ==> Parameters: testuser(String), user@test.com(String), $2a$10$VX5gUH2BUGwqXA9g.9h52O3nqAqGkU/aSQM7nKn9n.pFYi42TSqgG(String), 13800000001(String), active(String), 2026-04-23T18:55:04.535182900(LocalDateTime), 2026-04-23T18:55:04.535182900(LocalDateTime)
2026-04-23T18:55:04.535+08:00 DEBUG 21652 --- [           main] com.petshop.mapper.UserMapper.insert     : <==    Updates: 1
2026-04-23T18:55:04.535+08:00 DEBUG 21652 --- [           main] c.p.mapper.ProductOrderMapper.insert     : ==>  Preparing: INSERT INTO "product_order" ( order_no, user_id, merchant_id, total_price, freight, status, shipping_address, created_at, updated_at ) VALUES ( ?, ?, ?, ?, ?, ?, ?, ?, ? )
2026-04-23T18:55:04.535+08:00 DEBUG 21652 --- [           main] c.p.mapper.ProductOrderMapper.insert     : ==> Parameters: ORD1776941704535(String), 72(Integer), 111(Integer), 119.98(BigDecimal), 0(BigDecimal), pending(String), 测试收货地址(String), 2026-04-23T18:55:04.535702700(LocalDateTime), 2026-04-23T18:55:04.535702700(LocalDateTime)
2026-04-23T18:55:04.536+08:00 DEBUG 21652 --- [           main] c.p.mapper.ProductOrderMapper.insert     : <==    Updates: 1
2026-04-23T18:55:04.536+08:00 DEBUG 21652 --- [           main] com.petshop.mapper.ReviewMapper.insert   : ==>  Preparing: INSERT INTO "review" ( user_id, merchant_id, service_id, rating, comment, created_at, status ) VALUES ( ?, ?, ?, ?, ?, ?, ? )
2026-04-23T18:55:04.536+08:00 DEBUG 21652 --- [           main] com.petshop.mapper.ReviewMapper.insert   : ==> Parameters: 72(Integer), 111(Integer), 36(Integer), 5(Integer), 非常满意的服务！(String), 2026-04-23T18:55:04.536205(LocalDateTime), approved(String)
2026-04-23T18:55:04.536+08:00 DEBUG 21652 --- [           main] com.petshop.mapper.ReviewMapper.insert   : <==    Updates: 1
2026-04-23T18:55:04.536+08:00 DEBUG 21652 --- [           main] o.s.security.web.FilterChainProxy        : Securing POST /api/auth/merchant/login
2026-04-23T18:55:04.537+08:00 DEBUG 21652 --- [           main] o.s.s.w.a.AnonymousAuthenticationFilter  : Set SecurityContextHolder to anonymous SecurityContext
2026-04-23T18:55:04.537+08:00 DEBUG 21652 --- [           main] o.s.security.web.FilterChainProxy        : Secured POST /api/auth/merchant/login
2026-04-23T18:55:04.538+08:00 DEBUG 21652 --- [           main] c.p.mapper.UserMapper.selectByPhone      : ==>  Preparing: SELECT * FROM `user` WHERE phone = ?
2026-04-23T18:55:04.538+08:00 DEBUG 21652 --- [           main] c.p.mapper.UserMapper.selectByPhone      : ==> Parameters: 13900000001(String)
2026-04-23T18:55:04.538+08:00 DEBUG 21652 --- [           main] c.p.mapper.UserMapper.selectByPhone      : <==      Total: 0
2026-04-23T18:55:04.538+08:00 DEBUG 21652 --- [           main] c.p.mapper.MerchantMapper.selectByPhone  : ==>  Preparing: SELECT * FROM `merchant` WHERE phone = ?
2026-04-23T18:55:04.538+08:00 DEBUG 21652 --- [           main] c.p.mapper.MerchantMapper.selectByPhone  : ==> Parameters: 13900000001(String)
2026-04-23T18:55:04.539+08:00 DEBUG 21652 --- [           main] c.p.mapper.MerchantMapper.selectByPhone  : <==      Total: 1
2026-04-23T18:55:04.619+08:00 DEBUG 21652 --- [           main] o.s.s.a.dao.DaoAuthenticationProvider    : Authenticated user
2026-04-23T18:55:04.621+08:00 DEBUG 21652 --- [           main] com.petshop.mapper.ReviewMapper.insert   : ==>  Preparing: INSERT INTO "review" ( user_id, merchant_id, rating, comment, created_at, status ) VALUES ( ?, ?, ?, ?, ?, ? )
2026-04-23T18:55:04.621+08:00 DEBUG 21652 --- [           main] com.petshop.mapper.ReviewMapper.insert   : ==> Parameters: 72(Integer), 111(Integer), 4(Integer), 测试评价(String), 2026-04-23T18:55:04.621319200(LocalDateTime), approved(String)
2026-04-23T18:55:04.622+08:00 DEBUG 21652 --- [           main] com.petshop.mapper.ReviewMapper.insert   : <==    Updates: 1
2026-04-23T18:55:04.622+08:00 DEBUG 21652 --- [           main] o.s.security.web.FilterChainProxy        : Securing DELETE /api/merchant/reviews/35
2026-04-23T18:55:04.623+08:00 DEBUG 21652 --- [           main] c.p.mapper.UserMapper.selectByPhone      : ==>  Preparing: SELECT * FROM `user` WHERE phone = ?
2026-04-23T18:55:04.623+08:00 DEBUG 21652 --- [           main] c.p.mapper.UserMapper.selectByPhone      : ==> Parameters: 13900000001(String)
2026-04-23T18:55:04.623+08:00 DEBUG 21652 --- [           main] c.p.mapper.UserMapper.selectByPhone      : <==      Total: 0
2026-04-23T18:55:04.623+08:00 DEBUG 21652 --- [           main] c.p.mapper.MerchantMapper.selectByPhone  : ==>  Preparing: SELECT * FROM `merchant` WHERE phone = ?
2026-04-23T18:55:04.623+08:00 DEBUG 21652 --- [           main] c.p.mapper.MerchantMapper.selectByPhone  : ==> Parameters: 13900000001(String)
2026-04-23T18:55:04.624+08:00 DEBUG 21652 --- [           main] c.p.mapper.MerchantMapper.selectByPhone  : <==      Total: 1
2026-04-23T18:55:04.624+08:00 DEBUG 21652 --- [           main] o.s.security.web.FilterChainProxy        : Secured DELETE /api/merchant/reviews/35
2026-04-23T18:55:04.625+08:00 DEBUG 21652 --- [           main] c.p.mapper.MerchantMapper.selectList     : ==>  Preparing: SELECT id,name,contact_person,phone,email,password,address,logo,status,created_at,updated_at FROM "merchant" WHERE (phone = ?)
2026-04-23T18:55:04.625+08:00 DEBUG 21652 --- [           main] c.p.mapper.MerchantMapper.selectList     : ==> Parameters: 13900000001(String)
2026-04-23T18:55:04.625+08:00 DEBUG 21652 --- [           main] c.p.mapper.MerchantMapper.selectList     : <==      Total: 1
2026-04-23T18:55:04.626+08:00 DEBUG 21652 --- [           main] c.p.mapper.ReviewMapper.selectById       : ==>  Preparing: SELECT id,user_id,merchant_id,service_id,appointment_id,rating,comment,reply_content,reply_time,created_at,status FROM "review" WHERE id=?
2026-04-23T18:55:04.626+08:00 DEBUG 21652 --- [           main] c.p.mapper.ReviewMapper.selectById       : ==> Parameters: 35(Integer)
2026-04-23T18:55:04.626+08:00 DEBUG 21652 --- [           main] c.p.mapper.ReviewMapper.selectById       : <==      Total: 1
2026-04-23T18:55:04.626+08:00 DEBUG 21652 --- [           main] c.p.mapper.ReviewMapper.deleteById       : ==>  Preparing: DELETE FROM "review" WHERE id=?
2026-04-23T18:55:04.626+08:00 DEBUG 21652 --- [           main] c.p.mapper.ReviewMapper.deleteById       : ==> Parameters: 35(Integer)
2026-04-23T18:55:04.626+08:00 DEBUG 21652 --- [           main] c.p.mapper.ReviewMapper.deleteById       : <==    Updates: 1
2026-04-23T18:55:04.723+08:00 DEBUG 21652 --- [           main] c.petshop.mapper.MerchantMapper.insert   : ==>  Preparing: INSERT INTO "merchant" ( name, contact_person, phone, email, password, address, status, created_at, updated_at ) VALUES ( ?, ?, ?, ?, ?, ?, ?, ?, ? )
2026-04-23T18:55:04.724+08:00 DEBUG 21652 --- [           main] c.petshop.mapper.MerchantMapper.insert   : ==> Parameters: 测试商家(String), 张三(String), 13900000001(String), merchant@test.com(String), $2a$10$U2lmDdOpjUcNvA5n9asTqun26qtJIaikwqp8JC2Ig3eb2n917ZjfO(String), 测试地址123号(String), approved(String), 2026-04-23T18:55:04.723914400(LocalDateTime), 2026-04-23T18:55:04.723914400(LocalDateTime)
2026-04-23T18:55:04.724+08:00 DEBUG 21652 --- [           main] c.petshop.mapper.MerchantMapper.insert   : <==    Updates: 1
2026-04-23T18:55:04.724+08:00 DEBUG 21652 --- [           main] c.petshop.mapper.ServiceMapper.insert    : ==>  Preparing: INSERT INTO "service" ( merchant_id, name, description, price, duration, category, status, created_at, updated_at ) VALUES ( ?, ?, ?, ?, ?, ?, ?, ?, ? )
2026-04-23T18:55:04.724+08:00 DEBUG 21652 --- [           main] c.petshop.mapper.ServiceMapper.insert    : ==> Parameters: 112(Integer), 宠物美容(String), 专业宠物美容服务(String), 99.99(BigDecimal), 60(Integer), grooming(String), enabled(String), 2026-04-23T18:55:04.724910900(LocalDateTime), 2026-04-23T18:55:04.724910900(LocalDateTime)
2026-04-23T18:55:04.724+08:00 DEBUG 21652 --- [           main] c.petshop.mapper.ServiceMapper.insert    : <==    Updates: 1
2026-04-23T18:55:04.724+08:00 DEBUG 21652 --- [           main] c.petshop.mapper.ProductMapper.insert    : ==>  Preparing: INSERT INTO "product" ( merchant_id, name, description, price, stock, status, low_stock_threshold, category, created_at, updated_at ) VALUES ( ?, ?, ?, ?, ?, ?, ?, ?, ?, ? )
2026-04-23T18:55:04.725+08:00 DEBUG 21652 --- [           main] c.petshop.mapper.ProductMapper.insert    : ==> Parameters: 112(Integer), 宠物粮食(String), 优质宠物粮食(String), 59.99(BigDecimal), 100(Integer), enabled(String), 10(Integer), food(String), 2026-04-23T18:55:04.724910900(LocalDateTime), 2026-04-23T18:55:04.724910900(LocalDateTime)
2026-04-23T18:55:04.725+08:00 DEBUG 21652 --- [           main] c.petshop.mapper.ProductMapper.insert    : <==    Updates: 1
2026-04-23T18:55:04.807+08:00 DEBUG 21652 --- [           main] com.petshop.mapper.UserMapper.insert     : ==>  Preparing: INSERT INTO "user" ( username, email, password, phone, status, created_at, updated_at ) VALUES ( ?, ?, ?, ?, ?, ?, ? )
2026-04-23T18:55:04.807+08:00 DEBUG 21652 --- [           main] com.petshop.mapper.UserMapper.insert     : ==> Parameters: testuser(String), user@test.com(String), $2a$10$dYjFX979eQcoMdJcn912V.ZLCId5mwz8UgYl2NwmrPiFIXzteCrZG(String), 13800000001(String), active(String), 2026-04-23T18:55:04.807009600(LocalDateTime), 2026-04-23T18:55:04.807009600(LocalDateTime)
2026-04-23T18:55:04.807+08:00 DEBUG 21652 --- [           main] com.petshop.mapper.UserMapper.insert     : <==    Updates: 1
2026-04-23T18:55:04.807+08:00 DEBUG 21652 --- [           main] c.p.mapper.ProductOrderMapper.insert     : ==>  Preparing: INSERT INTO "product_order" ( order_no, user_id, merchant_id, total_price, freight, status, shipping_address, created_at, updated_at ) VALUES ( ?, ?, ?, ?, ?, ?, ?, ?, ? )
2026-04-23T18:55:04.808+08:00 DEBUG 21652 --- [           main] c.p.mapper.ProductOrderMapper.insert     : ==> Parameters: ORD1776941704807(String), 73(Integer), 112(Integer), 119.98(BigDecimal), 0(BigDecimal), pending(String), 测试收货地址(String), 2026-04-23T18:55:04.807009600(LocalDateTime), 2026-04-23T18:55:04.807009600(LocalDateTime)
2026-04-23T18:55:04.808+08:00 DEBUG 21652 --- [           main] c.p.mapper.ProductOrderMapper.insert     : <==    Updates: 1
2026-04-23T18:55:04.808+08:00 DEBUG 21652 --- [           main] com.petshop.mapper.ReviewMapper.insert   : ==>  Preparing: INSERT INTO "review" ( user_id, merchant_id, service_id, rating, comment, created_at, status ) VALUES ( ?, ?, ?, ?, ?, ?, ? )
2026-04-23T18:55:04.808+08:00 DEBUG 21652 --- [           main] com.petshop.mapper.ReviewMapper.insert   : ==> Parameters: 73(Integer), 112(Integer), 37(Integer), 5(Integer), 非常满意的服务！(String), 2026-04-23T18:55:04.808010600(LocalDateTime), approved(String)
2026-04-23T18:55:04.808+08:00 DEBUG 21652 --- [           main] com.petshop.mapper.ReviewMapper.insert   : <==    Updates: 1
2026-04-23T18:55:04.808+08:00 DEBUG 21652 --- [           main] o.s.security.web.FilterChainProxy        : Securing POST /api/auth/merchant/login
2026-04-23T18:55:04.809+08:00 DEBUG 21652 --- [           main] o.s.s.w.a.AnonymousAuthenticationFilter  : Set SecurityContextHolder to anonymous SecurityContext
2026-04-23T18:55:04.809+08:00 DEBUG 21652 --- [           main] o.s.security.web.FilterChainProxy        : Secured POST /api/auth/merchant/login
2026-04-23T18:55:04.809+08:00 DEBUG 21652 --- [           main] c.p.mapper.UserMapper.selectByPhone      : ==>  Preparing: SELECT * FROM `user` WHERE phone = ?
2026-04-23T18:55:04.810+08:00 DEBUG 21652 --- [           main] c.p.mapper.UserMapper.selectByPhone      : ==> Parameters: 13900000001(String)
2026-04-23T18:55:04.810+08:00 DEBUG 21652 --- [           main] c.p.mapper.UserMapper.selectByPhone      : <==      Total: 0
2026-04-23T18:55:04.810+08:00 DEBUG 21652 --- [           main] c.p.mapper.MerchantMapper.selectByPhone  : ==>  Preparing: SELECT * FROM `merchant` WHERE phone = ?
2026-04-23T18:55:04.810+08:00 DEBUG 21652 --- [           main] c.p.mapper.MerchantMapper.selectByPhone  : ==> Parameters: 13900000001(String)
2026-04-23T18:55:04.810+08:00 DEBUG 21652 --- [           main] c.p.mapper.MerchantMapper.selectByPhone  : <==      Total: 1
2026-04-23T18:55:04.891+08:00 DEBUG 21652 --- [           main] o.s.s.a.dao.DaoAuthenticationProvider    : Authenticated user
2026-04-23T18:55:04.893+08:00 DEBUG 21652 --- [           main] o.s.security.web.FilterChainProxy        : Securing GET /api/merchant/reviews/36
2026-04-23T18:55:04.894+08:00 DEBUG 21652 --- [           main] o.s.security.web.FilterChainProxy        : Secured GET /api/merchant/reviews/36
2026-04-23T18:55:04.895+08:00 DEBUG 21652 --- [           main] c.p.mapper.MerchantMapper.selectList     : ==>  Preparing: SELECT id,name,contact_person,phone,email,password,address,logo,status,created_at,updated_at FROM "merchant" WHERE (phone = ?)
2026-04-23T18:55:04.895+08:00 DEBUG 21652 --- [           main] c.p.mapper.MerchantMapper.selectList     : ==> Parameters: 13900000001(String)
2026-04-23T18:55:04.895+08:00 DEBUG 21652 --- [           main] c.p.mapper.MerchantMapper.selectList     : <==      Total: 1
2026-04-23T18:55:04.895+08:00 DEBUG 21652 --- [           main] c.p.mapper.ReviewMapper.selectById       : ==>  Preparing: SELECT id,user_id,merchant_id,service_id,appointment_id,rating,comment,reply_content,reply_time,created_at,status FROM "review" WHERE id=?
2026-04-23T18:55:04.895+08:00 DEBUG 21652 --- [           main] c.p.mapper.ReviewMapper.selectById       : ==> Parameters: 36(Integer)
2026-04-23T18:55:04.896+08:00 DEBUG 21652 --- [           main] c.p.mapper.ReviewMapper.selectById       : <==      Total: 1
2026-04-23T18:55:04.981+08:00 DEBUG 21652 --- [           main] c.petshop.mapper.MerchantMapper.insert   : ==>  Preparing: INSERT INTO "merchant" ( name, contact_person, phone, email, password, address, status, created_at, updated_at ) VALUES ( ?, ?, ?, ?, ?, ?, ?, ?, ? )
2026-04-23T18:55:04.981+08:00 DEBUG 21652 --- [           main] c.petshop.mapper.MerchantMapper.insert   : ==> Parameters: 测试商家(String), 张三(String), 13900000001(String), merchant@test.com(String), $2a$10$MRdUXIjfmOgXs0rcAuuQpuMt.jwrWe9ImUWqbYCQwc8Kr6Kb/JM.S(String), 测试地址123号(String), approved(String), 2026-04-23T18:55:04.981667400(LocalDateTime), 2026-04-23T18:55:04.981667400(LocalDateTime)
2026-04-23T18:55:04.981+08:00 DEBUG 21652 --- [           main] c.petshop.mapper.MerchantMapper.insert   : <==    Updates: 1
2026-04-23T18:55:04.982+08:00 DEBUG 21652 --- [           main] c.petshop.mapper.ServiceMapper.insert    : ==>  Preparing: INSERT INTO "service" ( merchant_id, name, description, price, duration, category, status, created_at, updated_at ) VALUES ( ?, ?, ?, ?, ?, ?, ?, ?, ? )
2026-04-23T18:55:04.982+08:00 DEBUG 21652 --- [           main] c.petshop.mapper.ServiceMapper.insert    : ==> Parameters: 113(Integer), 宠物美容(String), 专业宠物美容服务(String), 99.99(BigDecimal), 60(Integer), grooming(String), enabled(String), 2026-04-23T18:55:04.982669800(LocalDateTime), 2026-04-23T18:55:04.982669800(LocalDateTime)
2026-04-23T18:55:04.982+08:00 DEBUG 21652 --- [           main] c.petshop.mapper.ServiceMapper.insert    : <==    Updates: 1
2026-04-23T18:55:04.982+08:00 DEBUG 21652 --- [           main] c.petshop.mapper.ProductMapper.insert    : ==>  Preparing: INSERT INTO "product" ( merchant_id, name, description, price, stock, status, low_stock_threshold, category, created_at, updated_at ) VALUES ( ?, ?, ?, ?, ?, ?, ?, ?, ?, ? )
2026-04-23T18:55:04.982+08:00 DEBUG 21652 --- [           main] c.petshop.mapper.ProductMapper.insert    : ==> Parameters: 113(Integer), 宠物粮食(String), 优质宠物粮食(String), 59.99(BigDecimal), 100(Integer), enabled(String), 10(Integer), food(String), 2026-04-23T18:55:04.982669800(LocalDateTime), 2026-04-23T18:55:04.982669800(LocalDateTime)
2026-04-23T18:55:04.982+08:00 DEBUG 21652 --- [           main] c.petshop.mapper.ProductMapper.insert    : <==    Updates: 1
2026-04-23T18:55:05.063+08:00 DEBUG 21652 --- [           main] com.petshop.mapper.UserMapper.insert     : ==>  Preparing: INSERT INTO "user" ( username, email, password, phone, status, created_at, updated_at ) VALUES ( ?, ?, ?, ?, ?, ?, ? )
2026-04-23T18:55:05.063+08:00 DEBUG 21652 --- [           main] com.petshop.mapper.UserMapper.insert     : ==> Parameters: testuser(String), user@test.com(String), $2a$10$/JTwa9pFZbM8h8My.ysyt.cSNz11maQL5lVU.FTe27l9fqfaqFiku(String), 13800000001(String), active(String), 2026-04-23T18:55:05.063358600(LocalDateTime), 2026-04-23T18:55:05.063358600(LocalDateTime)
2026-04-23T18:55:05.063+08:00 DEBUG 21652 --- [           main] com.petshop.mapper.UserMapper.insert     : <==    Updates: 1
2026-04-23T18:55:05.063+08:00 DEBUG 21652 --- [           main] c.p.mapper.ProductOrderMapper.insert     : ==>  Preparing: INSERT INTO "product_order" ( order_no, user_id, merchant_id, total_price, freight, status, shipping_address, created_at, updated_at ) VALUES ( ?, ?, ?, ?, ?, ?, ?, ?, ? )
2026-04-23T18:55:05.064+08:00 DEBUG 21652 --- [           main] c.p.mapper.ProductOrderMapper.insert     : ==> Parameters: ORD1776941705063(String), 74(Integer), 113(Integer), 119.98(BigDecimal), 0(BigDecimal), pending(String), 测试收货地址(String), 2026-04-23T18:55:05.063358600(LocalDateTime), 2026-04-23T18:55:05.063358600(LocalDateTime)
2026-04-23T18:55:05.064+08:00 DEBUG 21652 --- [           main] c.p.mapper.ProductOrderMapper.insert     : <==    Updates: 1
2026-04-23T18:55:05.064+08:00 DEBUG 21652 --- [           main] com.petshop.mapper.ReviewMapper.insert   : ==>  Preparing: INSERT INTO "review" ( user_id, merchant_id, service_id, rating, comment, created_at, status ) VALUES ( ?, ?, ?, ?, ?, ?, ? )
2026-04-23T18:55:05.064+08:00 DEBUG 21652 --- [           main] com.petshop.mapper.ReviewMapper.insert   : ==> Parameters: 74(Integer), 113(Integer), 38(Integer), 5(Integer), 非常满意的服务！(String), 2026-04-23T18:55:05.064352700(LocalDateTime), approved(String)
2026-04-23T18:55:05.064+08:00 DEBUG 21652 --- [           main] com.petshop.mapper.ReviewMapper.insert   : <==    Updates: 1
2026-04-23T18:55:05.064+08:00 DEBUG 21652 --- [           main] o.s.security.web.FilterChainProxy        : Securing POST /api/auth/merchant/login
2026-04-23T18:55:05.065+08:00 DEBUG 21652 --- [           main] o.s.s.w.a.AnonymousAuthenticationFilter  : Set SecurityContextHolder to anonymous SecurityContext
2026-04-23T18:55:05.065+08:00 DEBUG 21652 --- [           main] o.s.security.web.FilterChainProxy        : Secured POST /api/auth/merchant/login
2026-04-23T18:55:05.065+08:00 DEBUG 21652 --- [           main] c.p.mapper.UserMapper.selectByPhone      : ==>  Preparing: SELECT * FROM `user` WHERE phone = ?
2026-04-23T18:55:05.066+08:00 DEBUG 21652 --- [           main] c.p.mapper.UserMapper.selectByPhone      : ==> Parameters: 13900000001(String)
2026-04-23T18:55:05.066+08:00 DEBUG 21652 --- [           main] c.p.mapper.UserMapper.selectByPhone      : <==      Total: 0
2026-04-23T18:55:05.066+08:00 DEBUG 21652 --- [           main] c.p.mapper.MerchantMapper.selectByPhone  : ==>  Preparing: SELECT * FROM `merchant` WHERE phone = ?
2026-04-23T18:55:05.066+08:00 DEBUG 21652 --- [           main] c.p.mapper.MerchantMapper.selectByPhone  : ==> Parameters: 13900000001(String)
2026-04-23T18:55:05.066+08:00 DEBUG 21652 --- [           main] c.p.mapper.MerchantMapper.selectByPhone  : <==      Total: 1
2026-04-23T18:55:05.147+08:00 DEBUG 21652 --- [           main] o.s.s.a.dao.DaoAuthenticationProvider    : Authenticated user
2026-04-23T18:55:05.149+08:00 DEBUG 21652 --- [           main] o.s.security.web.FilterChainProxy        : Securing GET /api/merchant/reviews/statistics
2026-04-23T18:55:05.150+08:00 DEBUG 21652 --- [           main] o.s.security.web.FilterChainProxy        : Secured GET /api/merchant/reviews/statistics
2026-04-23T18:55:05.152+08:00 DEBUG 21652 --- [           main] c.p.mapper.MerchantMapper.selectList     : ==>  Preparing: SELECT id,name,contact_person,phone,email,password,address,logo,status,created_at,updated_at FROM "merchant" WHERE (phone = ?)
2026-04-23T18:55:05.152+08:00 DEBUG 21652 --- [           main] c.p.mapper.MerchantMapper.selectList     : ==> Parameters: 13900000001(String)
2026-04-23T18:55:05.153+08:00 DEBUG 21652 --- [           main] c.p.mapper.MerchantMapper.selectList     : <==      Total: 1
2026-04-23T18:55:05.154+08:00 DEBUG 21652 --- [           main] c.p.mapper.ReviewMapper.selectList       : ==>  Preparing: SELECT id,user_id,merchant_id,service_id,appointment_id,rating,comment,reply_content,reply_time,created_at,status FROM "review" WHERE (merchant_id = ?)
2026-04-23T18:55:05.154+08:00 DEBUG 21652 --- [           main] c.p.mapper.ReviewMapper.selectList       : ==> Parameters: 113(Integer)
2026-04-23T18:55:05.154+08:00 DEBUG 21652 --- [           main] c.p.mapper.ReviewMapper.selectList       : <==      Total: 1
2026-04-23T18:55:05.156+08:00 DEBUG 21652 --- [           main] c.p.mapper.ReviewMapper.selectCount      : ==>  Preparing: SELECT COUNT( * ) AS total FROM "review" WHERE (merchant_id = ? AND rating = ?)
2026-04-23T18:55:05.157+08:00 DEBUG 21652 --- [           main] c.p.mapper.ReviewMapper.selectCount      : ==> Parameters: 113(Integer), 1(Integer)
2026-04-23T18:55:05.157+08:00 DEBUG 21652 --- [           main] c.p.mapper.ReviewMapper.selectCount      : <==      Total: 1
2026-04-23T18:55:05.158+08:00 DEBUG 21652 --- [           main] c.p.mapper.ReviewMapper.selectCount      : ==>  Preparing: SELECT COUNT( * ) AS total FROM "review" WHERE (merchant_id = ? AND rating = ?)
2026-04-23T18:55:05.158+08:00 DEBUG 21652 --- [           main] c.p.mapper.ReviewMapper.selectCount      : ==> Parameters: 113(Integer), 2(Integer)
2026-04-23T18:55:05.158+08:00 DEBUG 21652 --- [           main] c.p.mapper.ReviewMapper.selectCount      : <==      Total: 1
2026-04-23T18:55:05.159+08:00 DEBUG 21652 --- [           main] c.p.mapper.ReviewMapper.selectCount      : ==>  Preparing: SELECT COUNT( * ) AS total FROM "review" WHERE (merchant_id = ? AND rating = ?)
2026-04-23T18:55:05.159+08:00 DEBUG 21652 --- [           main] c.p.mapper.ReviewMapper.selectCount      : ==> Parameters: 113(Integer), 3(Integer)
2026-04-23T18:55:05.159+08:00 DEBUG 21652 --- [           main] c.p.mapper.ReviewMapper.selectCount      : <==      Total: 1
2026-04-23T18:55:05.159+08:00 DEBUG 21652 --- [           main] c.p.mapper.ReviewMapper.selectCount      : ==>  Preparing: SELECT COUNT( * ) AS total FROM "review" WHERE (merchant_id = ? AND rating = ?)
2026-04-23T18:55:05.159+08:00 DEBUG 21652 --- [           main] c.p.mapper.ReviewMapper.selectCount      : ==> Parameters: 113(Integer), 4(Integer)
2026-04-23T18:55:05.160+08:00 DEBUG 21652 --- [           main] c.p.mapper.ReviewMapper.selectCount      : <==      Total: 1
2026-04-23T18:55:05.160+08:00 DEBUG 21652 --- [           main] c.p.mapper.ReviewMapper.selectCount      : ==>  Preparing: SELECT COUNT( * ) AS total FROM "review" WHERE (merchant_id = ? AND rating = ?)
2026-04-23T18:55:05.160+08:00 DEBUG 21652 --- [           main] c.p.mapper.ReviewMapper.selectCount      : ==> Parameters: 113(Integer), 5(Integer)
2026-04-23T18:55:05.161+08:00 DEBUG 21652 --- [           main] c.p.mapper.ReviewMapper.selectCount      : <==      Total: 1
2026-04-23T18:55:05.161+08:00 DEBUG 21652 --- [           main] c.p.mapper.ReviewMapper.selectCount      : ==>  Preparing: SELECT COUNT( * ) AS total FROM "review" WHERE (merchant_id = ?)
2026-04-23T18:55:05.162+08:00 DEBUG 21652 --- [           main] c.p.mapper.ReviewMapper.selectCount      : ==> Parameters: 113(Integer)
2026-04-23T18:55:05.162+08:00 DEBUG 21652 --- [           main] c.p.mapper.ReviewMapper.selectCount      : <==      Total: 1
2026-04-23T18:55:05.252+08:00 DEBUG 21652 --- [           main] c.petshop.mapper.MerchantMapper.insert   : ==>  Preparing: INSERT INTO "merchant" ( name, contact_person, phone, email, password, address, status, created_at, updated_at ) VALUES ( ?, ?, ?, ?, ?, ?, ?, ?, ? )
2026-04-23T18:55:05.252+08:00 DEBUG 21652 --- [           main] c.petshop.mapper.MerchantMapper.insert   : ==> Parameters: 测试商家(String), 张三(String), 13900000001(String), merchant@test.com(String), $2a$10$mOXU20qOthfhsqhw/OVHSu6N5e9in9yQdeBzz69VsGj1GjMeBwTq6(String), 测试地址123号(String), approved(String), 2026-04-23T18:55:05.252507100(LocalDateTime), 2026-04-23T18:55:05.252507100(LocalDateTime)
2026-04-23T18:55:05.252+08:00 DEBUG 21652 --- [           main] c.petshop.mapper.MerchantMapper.insert   : <==    Updates: 1
2026-04-23T18:55:05.253+08:00 DEBUG 21652 --- [           main] c.petshop.mapper.ServiceMapper.insert    : ==>  Preparing: INSERT INTO "service" ( merchant_id, name, description, price, duration, category, status, created_at, updated_at ) VALUES ( ?, ?, ?, ?, ?, ?, ?, ?, ? )
2026-04-23T18:55:05.253+08:00 DEBUG 21652 --- [           main] c.petshop.mapper.ServiceMapper.insert    : ==> Parameters: 114(Integer), 宠物美容(String), 专业宠物美容服务(String), 99.99(BigDecimal), 60(Integer), grooming(String), enabled(String), 2026-04-23T18:55:05.252507100(LocalDateTime), 2026-04-23T18:55:05.252507100(LocalDateTime)
2026-04-23T18:55:05.253+08:00 DEBUG 21652 --- [           main] c.petshop.mapper.ServiceMapper.insert    : <==    Updates: 1
2026-04-23T18:55:05.253+08:00 DEBUG 21652 --- [           main] c.petshop.mapper.ProductMapper.insert    : ==>  Preparing: INSERT INTO "product" ( merchant_id, name, description, price, stock, status, low_stock_threshold, category, created_at, updated_at ) VALUES ( ?, ?, ?, ?, ?, ?, ?, ?, ?, ? )
2026-04-23T18:55:05.253+08:00 DEBUG 21652 --- [           main] c.petshop.mapper.ProductMapper.insert    : ==> Parameters: 114(Integer), 宠物粮食(String), 优质宠物粮食(String), 59.99(BigDecimal), 100(Integer), enabled(String), 10(Integer), food(String), 2026-04-23T18:55:05.253482100(LocalDateTime), 2026-04-23T18:55:05.253482100(LocalDateTime)
2026-04-23T18:55:05.253+08:00 DEBUG 21652 --- [           main] c.petshop.mapper.ProductMapper.insert    : <==    Updates: 1
2026-04-23T18:55:05.333+08:00 DEBUG 21652 --- [           main] com.petshop.mapper.UserMapper.insert     : ==>  Preparing: INSERT INTO "user" ( username, email, password, phone, status, created_at, updated_at ) VALUES ( ?, ?, ?, ?, ?, ?, ? )
2026-04-23T18:55:05.333+08:00 DEBUG 21652 --- [           main] com.petshop.mapper.UserMapper.insert     : ==> Parameters: testuser(String), user@test.com(String), $2a$10$RbR7/.TW0YitetQDRxUtGeEYl.PYbBn870r1VFPzU39Q3yHE1KJtK(String), 13800000001(String), active(String), 2026-04-23T18:55:05.332926800(LocalDateTime), 2026-04-23T18:55:05.332926800(LocalDateTime)
2026-04-23T18:55:05.333+08:00 DEBUG 21652 --- [           main] com.petshop.mapper.UserMapper.insert     : <==    Updates: 1
2026-04-23T18:55:05.334+08:00 DEBUG 21652 --- [           main] c.p.mapper.ProductOrderMapper.insert     : ==>  Preparing: INSERT INTO "product_order" ( order_no, user_id, merchant_id, total_price, freight, status, shipping_address, created_at, updated_at ) VALUES ( ?, ?, ?, ?, ?, ?, ?, ?, ? )
2026-04-23T18:55:05.334+08:00 DEBUG 21652 --- [           main] c.p.mapper.ProductOrderMapper.insert     : ==> Parameters: ORD1776941705334(String), 75(Integer), 114(Integer), 119.98(BigDecimal), 0(BigDecimal), pending(String), 测试收货地址(String), 2026-04-23T18:55:05.334505500(LocalDateTime), 2026-04-23T18:55:05.334505500(LocalDateTime)
2026-04-23T18:55:05.334+08:00 DEBUG 21652 --- [           main] c.p.mapper.ProductOrderMapper.insert     : <==    Updates: 1
2026-04-23T18:55:05.335+08:00 DEBUG 21652 --- [           main] com.petshop.mapper.ReviewMapper.insert   : ==>  Preparing: INSERT INTO "review" ( user_id, merchant_id, service_id, rating, comment, created_at, status ) VALUES ( ?, ?, ?, ?, ?, ?, ? )
2026-04-23T18:55:05.335+08:00 DEBUG 21652 --- [           main] com.petshop.mapper.ReviewMapper.insert   : ==> Parameters: 75(Integer), 114(Integer), 39(Integer), 5(Integer), 非常满意的服务！(String), 2026-04-23T18:55:05.334505500(LocalDateTime), approved(String)
2026-04-23T18:55:05.335+08:00 DEBUG 21652 --- [           main] com.petshop.mapper.ReviewMapper.insert   : <==    Updates: 1
2026-04-23T18:55:05.335+08:00 DEBUG 21652 --- [           main] o.s.security.web.FilterChainProxy        : Securing POST /api/auth/merchant/login
2026-04-23T18:55:05.335+08:00 DEBUG 21652 --- [           main] o.s.s.w.a.AnonymousAuthenticationFilter  : Set SecurityContextHolder to anonymous SecurityContext
2026-04-23T18:55:05.335+08:00 DEBUG 21652 --- [           main] o.s.security.web.FilterChainProxy        : Secured POST /api/auth/merchant/login
2026-04-23T18:55:05.336+08:00 DEBUG 21652 --- [           main] c.p.mapper.UserMapper.selectByPhone      : ==>  Preparing: SELECT * FROM `user` WHERE phone = ?
2026-04-23T18:55:05.336+08:00 DEBUG 21652 --- [           main] c.p.mapper.UserMapper.selectByPhone      : ==> Parameters: 13900000001(String)
2026-04-23T18:55:05.336+08:00 DEBUG 21652 --- [           main] c.p.mapper.UserMapper.selectByPhone      : <==      Total: 0
2026-04-23T18:55:05.336+08:00 DEBUG 21652 --- [           main] c.p.mapper.MerchantMapper.selectByPhone  : ==>  Preparing: SELECT * FROM `merchant` WHERE phone = ?
2026-04-23T18:55:05.336+08:00 DEBUG 21652 --- [           main] c.p.mapper.MerchantMapper.selectByPhone  : ==> Parameters: 13900000001(String)
2026-04-23T18:55:05.336+08:00 DEBUG 21652 --- [           main] c.p.mapper.MerchantMapper.selectByPhone  : <==      Total: 1
2026-04-23T18:55:05.421+08:00 DEBUG 21652 --- [           main] o.s.s.a.dao.DaoAuthenticationProvider    : Authenticated user
2026-04-23T18:55:05.423+08:00 DEBUG 21652 --- [           main] o.s.security.web.FilterChainProxy        : Securing PUT /api/merchant/reviews/99999/reply
2026-04-23T18:55:05.424+08:00 DEBUG 21652 --- [           main] o.s.security.web.FilterChainProxy        : Secured PUT /api/merchant/reviews/99999/reply
2026-04-23T18:55:05.425+08:00 DEBUG 21652 --- [           main] c.p.mapper.MerchantMapper.selectList     : ==>  Preparing: SELECT id,name,contact_person,phone,email,password,address,logo,status,created_at,updated_at FROM "merchant" WHERE (phone = ?)
2026-04-23T18:55:05.425+08:00 DEBUG 21652 --- [           main] c.p.mapper.MerchantMapper.selectList     : ==> Parameters: 13900000001(String)
2026-04-23T18:55:05.426+08:00 DEBUG 21652 --- [           main] c.p.mapper.MerchantMapper.selectList     : <==      Total: 1
2026-04-23T18:55:05.426+08:00 DEBUG 21652 --- [           main] c.p.mapper.ReviewMapper.selectById       : ==>  Preparing: SELECT id,user_id,merchant_id,service_id,appointment_id,rating,comment,reply_content,reply_time,created_at,status FROM "review" WHERE id=?
2026-04-23T18:55:05.426+08:00 DEBUG 21652 --- [           main] c.p.mapper.ReviewMapper.selectById       : ==> Parameters: 99999(Integer)
2026-04-23T18:55:05.426+08:00 DEBUG 21652 --- [           main] c.p.mapper.ReviewMapper.selectById       : <==      Total: 0
2026-04-23T18:55:05.514+08:00 DEBUG 21652 --- [           main] c.petshop.mapper.MerchantMapper.insert   : ==>  Preparing: INSERT INTO "merchant" ( name, contact_person, phone, email, password, address, status, created_at, updated_at ) VALUES ( ?, ?, ?, ?, ?, ?, ?, ?, ? )
2026-04-23T18:55:05.514+08:00 DEBUG 21652 --- [           main] c.petshop.mapper.MerchantMapper.insert   : ==> Parameters: 测试商家(String), 张三(String), 13900000001(String), merchant@test.com(String), $2a$10$OkBUOcKaCGoTpRybQ.rJ/uXuziNrzm8oxIiQObaOxLqIafLSrO4b.(String), 测试地址123号(String), approved(String), 2026-04-23T18:55:05.514461400(LocalDateTime), 2026-04-23T18:55:05.514461400(LocalDateTime)
2026-04-23T18:55:05.515+08:00 DEBUG 21652 --- [           main] c.petshop.mapper.MerchantMapper.insert   : <==    Updates: 1
2026-04-23T18:55:05.515+08:00 DEBUG 21652 --- [           main] c.petshop.mapper.ServiceMapper.insert    : ==>  Preparing: INSERT INTO "service" ( merchant_id, name, description, price, duration, category, status, created_at, updated_at ) VALUES ( ?, ?, ?, ?, ?, ?, ?, ?, ? )
2026-04-23T18:55:05.515+08:00 DEBUG 21652 --- [           main] c.petshop.mapper.ServiceMapper.insert    : ==> Parameters: 115(Integer), 宠物美容(String), 专业宠物美容服务(String), 99.99(BigDecimal), 60(Integer), grooming(String), enabled(String), 2026-04-23T18:55:05.515006900(LocalDateTime), 2026-04-23T18:55:05.515006900(LocalDateTime)
2026-04-23T18:55:05.515+08:00 DEBUG 21652 --- [           main] c.petshop.mapper.ServiceMapper.insert    : <==    Updates: 1
2026-04-23T18:55:05.515+08:00 DEBUG 21652 --- [           main] c.petshop.mapper.ProductMapper.insert    : ==>  Preparing: INSERT INTO "product" ( merchant_id, name, description, price, stock, status, low_stock_threshold, category, created_at, updated_at ) VALUES ( ?, ?, ?, ?, ?, ?, ?, ?, ?, ? )
2026-04-23T18:55:05.515+08:00 DEBUG 21652 --- [           main] c.petshop.mapper.ProductMapper.insert    : ==> Parameters: 115(Integer), 宠物粮食(String), 优质宠物粮食(String), 59.99(BigDecimal), 100(Integer), enabled(String), 10(Integer), food(String), 2026-04-23T18:55:05.515581200(LocalDateTime), 2026-04-23T18:55:05.515581200(LocalDateTime)
2026-04-23T18:55:05.515+08:00 DEBUG 21652 --- [           main] c.petshop.mapper.ProductMapper.insert    : <==    Updates: 1
2026-04-23T18:55:05.596+08:00 DEBUG 21652 --- [           main] com.petshop.mapper.UserMapper.insert     : ==>  Preparing: INSERT INTO "user" ( username, email, password, phone, status, created_at, updated_at ) VALUES ( ?, ?, ?, ?, ?, ?, ? )
2026-04-23T18:55:05.597+08:00 DEBUG 21652 --- [           main] com.petshop.mapper.UserMapper.insert     : ==> Parameters: testuser(String), user@test.com(String), $2a$10$k4HIXgXucUaNWSaW42vEQ.rbaq6L/kkA9OIGESRX8PrYSpzob7nkC(String), 13800000001(String), active(String), 2026-04-23T18:55:05.596730100(LocalDateTime), 2026-04-23T18:55:05.596730100(LocalDateTime)
2026-04-23T18:55:05.597+08:00 DEBUG 21652 --- [           main] com.petshop.mapper.UserMapper.insert     : <==    Updates: 1
2026-04-23T18:55:05.597+08:00 DEBUG 21652 --- [           main] c.p.mapper.ProductOrderMapper.insert     : ==>  Preparing: INSERT INTO "product_order" ( order_no, user_id, merchant_id, total_price, freight, status, shipping_address, created_at, updated_at ) VALUES ( ?, ?, ?, ?, ?, ?, ?, ?, ? )
2026-04-23T18:55:05.597+08:00 DEBUG 21652 --- [           main] c.p.mapper.ProductOrderMapper.insert     : ==> Parameters: ORD1776941705597(String), 76(Integer), 115(Integer), 119.98(BigDecimal), 0(BigDecimal), pending(String), 测试收货地址(String), 2026-04-23T18:55:05.597732600(LocalDateTime), 2026-04-23T18:55:05.597732600(LocalDateTime)
2026-04-23T18:55:05.597+08:00 DEBUG 21652 --- [           main] c.p.mapper.ProductOrderMapper.insert     : <==    Updates: 1
2026-04-23T18:55:05.597+08:00 DEBUG 21652 --- [           main] com.petshop.mapper.ReviewMapper.insert   : ==>  Preparing: INSERT INTO "review" ( user_id, merchant_id, service_id, rating, comment, created_at, status ) VALUES ( ?, ?, ?, ?, ?, ?, ? )
2026-04-23T18:55:05.598+08:00 DEBUG 21652 --- [           main] com.petshop.mapper.ReviewMapper.insert   : ==> Parameters: 76(Integer), 115(Integer), 40(Integer), 5(Integer), 非常满意的服务！(String), 2026-04-23T18:55:05.597732600(LocalDateTime), approved(String)
2026-04-23T18:55:05.598+08:00 DEBUG 21652 --- [           main] com.petshop.mapper.ReviewMapper.insert   : <==    Updates: 1
2026-04-23T18:55:05.598+08:00 DEBUG 21652 --- [           main] o.s.security.web.FilterChainProxy        : Securing POST /api/auth/merchant/login
2026-04-23T18:55:05.598+08:00 DEBUG 21652 --- [           main] o.s.s.w.a.AnonymousAuthenticationFilter  : Set SecurityContextHolder to anonymous SecurityContext
2026-04-23T18:55:05.599+08:00 DEBUG 21652 --- [           main] o.s.security.web.FilterChainProxy        : Secured POST /api/auth/merchant/login
2026-04-23T18:55:05.600+08:00 DEBUG 21652 --- [           main] c.p.mapper.UserMapper.selectByPhone      : ==>  Preparing: SELECT * FROM `user` WHERE phone = ?
2026-04-23T18:55:05.600+08:00 DEBUG 21652 --- [           main] c.p.mapper.UserMapper.selectByPhone      : ==> Parameters: 13900000001(String)
2026-04-23T18:55:05.600+08:00 DEBUG 21652 --- [           main] c.p.mapper.UserMapper.selectByPhone      : <==      Total: 0
2026-04-23T18:55:05.600+08:00 DEBUG 21652 --- [           main] c.p.mapper.MerchantMapper.selectByPhone  : ==>  Preparing: SELECT * FROM `merchant` WHERE phone = ?
2026-04-23T18:55:05.600+08:00 DEBUG 21652 --- [           main] c.p.mapper.MerchantMapper.selectByPhone  : ==> Parameters: 13900000001(String)
2026-04-23T18:55:05.601+08:00 DEBUG 21652 --- [           main] c.p.mapper.MerchantMapper.selectByPhone  : <==      Total: 1
2026-04-23T18:55:05.682+08:00 DEBUG 21652 --- [           main] o.s.s.a.dao.DaoAuthenticationProvider    : Authenticated user
2026-04-23T18:55:05.684+08:00 DEBUG 21652 --- [           main] o.s.security.web.FilterChainProxy        : Securing PUT /api/merchant/reviews/39/reply
2026-04-23T18:55:05.686+08:00 DEBUG 21652 --- [           main] o.s.security.web.FilterChainProxy        : Secured PUT /api/merchant/reviews/39/reply
2026-04-23T18:55:05.687+08:00 DEBUG 21652 --- [           main] c.p.mapper.MerchantMapper.selectList     : ==>  Preparing: SELECT id,name,contact_person,phone,email,password,address,logo,status,created_at,updated_at FROM "merchant" WHERE (phone = ?)
2026-04-23T18:55:05.687+08:00 DEBUG 21652 --- [           main] c.p.mapper.MerchantMapper.selectList     : ==> Parameters: 13900000001(String)
2026-04-23T18:55:05.687+08:00 DEBUG 21652 --- [           main] c.p.mapper.MerchantMapper.selectList     : <==      Total: 1
2026-04-23T18:55:05.687+08:00 DEBUG 21652 --- [           main] c.p.mapper.ReviewMapper.selectById       : ==>  Preparing: SELECT id,user_id,merchant_id,service_id,appointment_id,rating,comment,reply_content,reply_time,created_at,status FROM "review" WHERE id=?
2026-04-23T18:55:05.688+08:00 DEBUG 21652 --- [           main] c.p.mapper.ReviewMapper.selectById       : ==> Parameters: 39(Integer)
2026-04-23T18:55:05.688+08:00 DEBUG 21652 --- [           main] c.p.mapper.ReviewMapper.selectById       : <==      Total: 1
2026-04-23T18:55:05.776+08:00 DEBUG 21652 --- [           main] c.petshop.mapper.MerchantMapper.insert   : ==>  Preparing: INSERT INTO "merchant" ( name, contact_person, phone, email, password, address, status, created_at, updated_at ) VALUES ( ?, ?, ?, ?, ?, ?, ?, ?, ? )
2026-04-23T18:55:05.776+08:00 DEBUG 21652 --- [           main] c.petshop.mapper.MerchantMapper.insert   : ==> Parameters: 测试商家(String), 张三(String), 13900000001(String), merchant@test.com(String), $2a$10$qjaRP7SQBZmo.V7v7iZc0uymdq23Rgo6moBvPAw2uE71FUna18ATu(String), 测试地址123号(String), approved(String), 2026-04-23T18:55:05.776805(LocalDateTime), 2026-04-23T18:55:05.776805(LocalDateTime)
2026-04-23T18:55:05.776+08:00 DEBUG 21652 --- [           main] c.petshop.mapper.MerchantMapper.insert   : <==    Updates: 1
2026-04-23T18:55:05.777+08:00 DEBUG 21652 --- [           main] c.petshop.mapper.ServiceMapper.insert    : ==>  Preparing: INSERT INTO "service" ( merchant_id, name, description, price, duration, category, status, created_at, updated_at ) VALUES ( ?, ?, ?, ?, ?, ?, ?, ?, ? )
2026-04-23T18:55:05.777+08:00 DEBUG 21652 --- [           main] c.petshop.mapper.ServiceMapper.insert    : ==> Parameters: 116(Integer), 宠物美容(String), 专业宠物美容服务(String), 99.99(BigDecimal), 60(Integer), grooming(String), enabled(String), 2026-04-23T18:55:05.776805(LocalDateTime), 2026-04-23T18:55:05.776805(LocalDateTime)
2026-04-23T18:55:05.777+08:00 DEBUG 21652 --- [           main] c.petshop.mapper.ServiceMapper.insert    : <==    Updates: 1
2026-04-23T18:55:05.777+08:00 DEBUG 21652 --- [           main] c.petshop.mapper.ProductMapper.insert    : ==>  Preparing: INSERT INTO "product" ( merchant_id, name, description, price, stock, status, low_stock_threshold, category, created_at, updated_at ) VALUES ( ?, ?, ?, ?, ?, ?, ?, ?, ?, ? )
2026-04-23T18:55:05.777+08:00 DEBUG 21652 --- [           main] c.petshop.mapper.ProductMapper.insert    : ==> Parameters: 116(Integer), 宠物粮食(String), 优质宠物粮食(String), 59.99(BigDecimal), 100(Integer), enabled(String), 10(Integer), food(String), 2026-04-23T18:55:05.777810400(LocalDateTime), 2026-04-23T18:55:05.777810400(LocalDateTime)
2026-04-23T18:55:05.777+08:00 DEBUG 21652 --- [           main] c.petshop.mapper.ProductMapper.insert    : <==    Updates: 1
2026-04-23T18:55:05.858+08:00 DEBUG 21652 --- [           main] com.petshop.mapper.UserMapper.insert     : ==>  Preparing: INSERT INTO "user" ( username, email, password, phone, status, created_at, updated_at ) VALUES ( ?, ?, ?, ?, ?, ?, ? )
2026-04-23T18:55:05.858+08:00 DEBUG 21652 --- [           main] com.petshop.mapper.UserMapper.insert     : ==> Parameters: testuser(String), user@test.com(String), $2a$10$N0Cjg8wDQpHQfBgJZ39tX.uqVQpQ8SwYvuGNo6lQie1tfFSAaPUsG(String), 13800000001(String), active(String), 2026-04-23T18:55:05.858579700(LocalDateTime), 2026-04-23T18:55:05.858579700(LocalDateTime)
2026-04-23T18:55:05.858+08:00 DEBUG 21652 --- [           main] com.petshop.mapper.UserMapper.insert     : <==    Updates: 1
2026-04-23T18:55:05.858+08:00 DEBUG 21652 --- [           main] c.p.mapper.ProductOrderMapper.insert     : ==>  Preparing: INSERT INTO "product_order" ( order_no, user_id, merchant_id, total_price, freight, status, shipping_address, created_at, updated_at ) VALUES ( ?, ?, ?, ?, ?, ?, ?, ?, ? )
2026-04-23T18:55:05.859+08:00 DEBUG 21652 --- [           main] c.p.mapper.ProductOrderMapper.insert     : ==> Parameters: ORD1776941705858(String), 77(Integer), 116(Integer), 119.98(BigDecimal), 0(BigDecimal), pending(String), 测试收货地址(String), 2026-04-23T18:55:05.858579700(LocalDateTime), 2026-04-23T18:55:05.858579700(LocalDateTime)
2026-04-23T18:55:05.859+08:00 DEBUG 21652 --- [           main] c.p.mapper.ProductOrderMapper.insert     : <==    Updates: 1
2026-04-23T18:55:05.859+08:00 DEBUG 21652 --- [           main] com.petshop.mapper.ReviewMapper.insert   : ==>  Preparing: INSERT INTO "review" ( user_id, merchant_id, service_id, rating, comment, created_at, status ) VALUES ( ?, ?, ?, ?, ?, ?, ? )
2026-04-23T18:55:05.859+08:00 DEBUG 21652 --- [           main] com.petshop.mapper.ReviewMapper.insert   : ==> Parameters: 77(Integer), 116(Integer), 41(Integer), 5(Integer), 非常满意的服务！(String), 2026-04-23T18:55:05.859579900(LocalDateTime), approved(String)
2026-04-23T18:55:05.859+08:00 DEBUG 21652 --- [           main] com.petshop.mapper.ReviewMapper.insert   : <==    Updates: 1
2026-04-23T18:55:05.859+08:00 DEBUG 21652 --- [           main] o.s.security.web.FilterChainProxy        : Securing POST /api/auth/merchant/login
2026-04-23T18:55:05.860+08:00 DEBUG 21652 --- [           main] o.s.s.w.a.AnonymousAuthenticationFilter  : Set SecurityContextHolder to anonymous SecurityContext
2026-04-23T18:55:05.860+08:00 DEBUG 21652 --- [           main] o.s.security.web.FilterChainProxy        : Secured POST /api/auth/merchant/login
2026-04-23T18:55:05.860+08:00 DEBUG 21652 --- [           main] c.p.mapper.UserMapper.selectByPhone      : ==>  Preparing: SELECT * FROM `user` WHERE phone = ?
2026-04-23T18:55:05.861+08:00 DEBUG 21652 --- [           main] c.p.mapper.UserMapper.selectByPhone      : ==> Parameters: 13900000001(String)
2026-04-23T18:55:05.861+08:00 DEBUG 21652 --- [           main] c.p.mapper.UserMapper.selectByPhone      : <==      Total: 0
2026-04-23T18:55:05.861+08:00 DEBUG 21652 --- [           main] c.p.mapper.MerchantMapper.selectByPhone  : ==>  Preparing: SELECT * FROM `merchant` WHERE phone = ?
2026-04-23T18:55:05.861+08:00 DEBUG 21652 --- [           main] c.p.mapper.MerchantMapper.selectByPhone  : ==> Parameters: 13900000001(String)
2026-04-23T18:55:05.861+08:00 DEBUG 21652 --- [           main] c.p.mapper.MerchantMapper.selectByPhone  : <==      Total: 1
2026-04-23T18:55:05.943+08:00 DEBUG 21652 --- [           main] o.s.s.a.dao.DaoAuthenticationProvider    : Authenticated user
2026-04-23T18:55:05.945+08:00 DEBUG 21652 --- [           main] o.s.security.web.FilterChainProxy        : Securing DELETE /api/merchant/reviews/99999
2026-04-23T18:55:05.946+08:00 DEBUG 21652 --- [           main] o.s.security.web.FilterChainProxy        : Secured DELETE /api/merchant/reviews/99999
2026-04-23T18:55:05.947+08:00 DEBUG 21652 --- [           main] c.p.mapper.MerchantMapper.selectList     : ==>  Preparing: SELECT id,name,contact_person,phone,email,password,address,logo,status,created_at,updated_at FROM "merchant" WHERE (phone = ?)
2026-04-23T18:55:05.947+08:00 DEBUG 21652 --- [           main] c.p.mapper.MerchantMapper.selectList     : ==> Parameters: 13900000001(String)
2026-04-23T18:55:05.947+08:00 DEBUG 21652 --- [           main] c.p.mapper.MerchantMapper.selectList     : <==      Total: 1
2026-04-23T18:55:05.947+08:00 DEBUG 21652 --- [           main] c.p.mapper.ReviewMapper.selectById       : ==>  Preparing: SELECT id,user_id,merchant_id,service_id,appointment_id,rating,comment,reply_content,reply_time,created_at,status FROM "review" WHERE id=?
2026-04-23T18:55:05.947+08:00 DEBUG 21652 --- [           main] c.p.mapper.ReviewMapper.selectById       : ==> Parameters: 99999(Integer)
2026-04-23T18:55:05.948+08:00 DEBUG 21652 --- [           main] c.p.mapper.ReviewMapper.selectById       : <==      Total: 0
2026-04-23T18:55:06.036+08:00 DEBUG 21652 --- [           main] c.petshop.mapper.MerchantMapper.insert   : ==>  Preparing: INSERT INTO "merchant" ( name, contact_person, phone, email, password, address, status, created_at, updated_at ) VALUES ( ?, ?, ?, ?, ?, ?, ?, ?, ? )
2026-04-23T18:55:06.036+08:00 DEBUG 21652 --- [           main] c.petshop.mapper.MerchantMapper.insert   : ==> Parameters: 测试商家(String), 张三(String), 13900000001(String), merchant@test.com(String), $2a$10$/oxhaXjCSCwCFgSAcJMw9uiv8R.NWYOpaVmv8fIk03TeQhSvPWo3m(String), 测试地址123号(String), approved(String), 2026-04-23T18:55:06.035800600(LocalDateTime), 2026-04-23T18:55:06.035800600(LocalDateTime)
2026-04-23T18:55:06.036+08:00 DEBUG 21652 --- [           main] c.petshop.mapper.MerchantMapper.insert   : <==    Updates: 1
2026-04-23T18:55:06.036+08:00 DEBUG 21652 --- [           main] c.petshop.mapper.ServiceMapper.insert    : ==>  Preparing: INSERT INTO "service" ( merchant_id, name, description, price, duration, category, status, created_at, updated_at ) VALUES ( ?, ?, ?, ?, ?, ?, ?, ?, ? )
2026-04-23T18:55:06.036+08:00 DEBUG 21652 --- [           main] c.petshop.mapper.ServiceMapper.insert    : ==> Parameters: 117(Integer), 宠物美容(String), 专业宠物美容服务(String), 99.99(BigDecimal), 60(Integer), grooming(String), enabled(String), 2026-04-23T18:55:06.036800100(LocalDateTime), 2026-04-23T18:55:06.036800100(LocalDateTime)
2026-04-23T18:55:06.036+08:00 DEBUG 21652 --- [           main] c.petshop.mapper.ServiceMapper.insert    : <==    Updates: 1
2026-04-23T18:55:06.036+08:00 DEBUG 21652 --- [           main] c.petshop.mapper.ProductMapper.insert    : ==>  Preparing: INSERT INTO "product" ( merchant_id, name, description, price, stock, status, low_stock_threshold, category, created_at, updated_at ) VALUES ( ?, ?, ?, ?, ?, ?, ?, ?, ?, ? )
2026-04-23T18:55:06.037+08:00 DEBUG 21652 --- [           main] c.petshop.mapper.ProductMapper.insert    : ==> Parameters: 117(Integer), 宠物粮食(String), 优质宠物粮食(String), 59.99(BigDecimal), 100(Integer), enabled(String), 10(Integer), food(String), 2026-04-23T18:55:06.036800100(LocalDateTime), 2026-04-23T18:55:06.036800100(LocalDateTime)
2026-04-23T18:55:06.037+08:00 DEBUG 21652 --- [           main] c.petshop.mapper.ProductMapper.insert    : <==    Updates: 1
2026-04-23T18:55:06.118+08:00 DEBUG 21652 --- [           main] com.petshop.mapper.UserMapper.insert     : ==>  Preparing: INSERT INTO "user" ( username, email, password, phone, status, created_at, updated_at ) VALUES ( ?, ?, ?, ?, ?, ?, ? )
2026-04-23T18:55:06.118+08:00 DEBUG 21652 --- [           main] com.petshop.mapper.UserMapper.insert     : ==> Parameters: testuser(String), user@test.com(String), $2a$10$uqwSP6RwTM4WLkNY/Tcp6ebuRTiFc0o4hkM2JR2I1AcZdqBWVzCI2(String), 13800000001(String), active(String), 2026-04-23T18:55:06.117485200(LocalDateTime), 2026-04-23T18:55:06.117485200(LocalDateTime)
2026-04-23T18:55:06.118+08:00 DEBUG 21652 --- [           main] com.petshop.mapper.UserMapper.insert     : <==    Updates: 1
2026-04-23T18:55:06.118+08:00 DEBUG 21652 --- [           main] c.p.mapper.ProductOrderMapper.insert     : ==>  Preparing: INSERT INTO "product_order" ( order_no, user_id, merchant_id, total_price, freight, status, shipping_address, created_at, updated_at ) VALUES ( ?, ?, ?, ?, ?, ?, ?, ?, ? )
2026-04-23T18:55:06.118+08:00 DEBUG 21652 --- [           main] c.p.mapper.ProductOrderMapper.insert     : ==> Parameters: ORD1776941706118(String), 78(Integer), 117(Integer), 119.98(BigDecimal), 0(BigDecimal), pending(String), 测试收货地址(String), 2026-04-23T18:55:06.118485700(LocalDateTime), 2026-04-23T18:55:06.118485700(LocalDateTime)
2026-04-23T18:55:06.118+08:00 DEBUG 21652 --- [           main] c.p.mapper.ProductOrderMapper.insert     : <==    Updates: 1
2026-04-23T18:55:06.119+08:00 DEBUG 21652 --- [           main] com.petshop.mapper.ReviewMapper.insert   : ==>  Preparing: INSERT INTO "review" ( user_id, merchant_id, service_id, rating, comment, created_at, status ) VALUES ( ?, ?, ?, ?, ?, ?, ? )
2026-04-23T18:55:06.119+08:00 DEBUG 21652 --- [           main] com.petshop.mapper.ReviewMapper.insert   : ==> Parameters: 78(Integer), 117(Integer), 42(Integer), 5(Integer), 非常满意的服务！(String), 2026-04-23T18:55:06.119484600(LocalDateTime), approved(String)
2026-04-23T18:55:06.119+08:00 DEBUG 21652 --- [           main] com.petshop.mapper.ReviewMapper.insert   : <==    Updates: 1
2026-04-23T18:55:06.119+08:00 DEBUG 21652 --- [           main] o.s.security.web.FilterChainProxy        : Securing POST /api/auth/merchant/login
2026-04-23T18:55:06.120+08:00 DEBUG 21652 --- [           main] o.s.s.w.a.AnonymousAuthenticationFilter  : Set SecurityContextHolder to anonymous SecurityContext
2026-04-23T18:55:06.120+08:00 DEBUG 21652 --- [           main] o.s.security.web.FilterChainProxy        : Secured POST /api/auth/merchant/login
2026-04-23T18:55:06.121+08:00 DEBUG 21652 --- [           main] c.p.mapper.UserMapper.selectByPhone      : ==>  Preparing: SELECT * FROM `user` WHERE phone = ?
2026-04-23T18:55:06.121+08:00 DEBUG 21652 --- [           main] c.p.mapper.UserMapper.selectByPhone      : ==> Parameters: 13900000001(String)
2026-04-23T18:55:06.121+08:00 DEBUG 21652 --- [           main] c.p.mapper.UserMapper.selectByPhone      : <==      Total: 0
2026-04-23T18:55:06.121+08:00 DEBUG 21652 --- [           main] c.p.mapper.MerchantMapper.selectByPhone  : ==>  Preparing: SELECT * FROM `merchant` WHERE phone = ?
2026-04-23T18:55:06.121+08:00 DEBUG 21652 --- [           main] c.p.mapper.MerchantMapper.selectByPhone  : ==> Parameters: 13900000001(String)
2026-04-23T18:55:06.121+08:00 DEBUG 21652 --- [           main] c.p.mapper.MerchantMapper.selectByPhone  : <==      Total: 1
2026-04-23T18:55:06.205+08:00 DEBUG 21652 --- [           main] o.s.s.a.dao.DaoAuthenticationProvider    : Authenticated user
2026-04-23T18:55:06.207+08:00 DEBUG 21652 --- [           main] o.s.security.web.FilterChainProxy        : Securing PUT /api/merchant/reviews/41/reply
2026-04-23T18:55:06.208+08:00 DEBUG 21652 --- [           main] o.s.security.web.FilterChainProxy        : Secured PUT /api/merchant/reviews/41/reply
2026-04-23T18:55:06.208+08:00 DEBUG 21652 --- [           main] c.p.mapper.MerchantMapper.selectList     : ==>  Preparing: SELECT id,name,contact_person,phone,email,password,address,logo,status,created_at,updated_at FROM "merchant" WHERE (phone = ?)
2026-04-23T18:55:06.209+08:00 DEBUG 21652 --- [           main] c.p.mapper.MerchantMapper.selectList     : ==> Parameters: 13900000001(String)
2026-04-23T18:55:06.209+08:00 DEBUG 21652 --- [           main] c.p.mapper.MerchantMapper.selectList     : <==      Total: 1
2026-04-23T18:55:06.209+08:00 DEBUG 21652 --- [           main] c.p.mapper.ReviewMapper.selectById       : ==>  Preparing: SELECT id,user_id,merchant_id,service_id,appointment_id,rating,comment,reply_content,reply_time,created_at,status FROM "review" WHERE id=?
2026-04-23T18:55:06.209+08:00 DEBUG 21652 --- [           main] c.p.mapper.ReviewMapper.selectById       : ==> Parameters: 41(Integer)
2026-04-23T18:55:06.209+08:00 DEBUG 21652 --- [           main] c.p.mapper.ReviewMapper.selectById       : <==      Total: 1
2026-04-23T18:55:06.212+08:00 DEBUG 21652 --- [           main] c.p.mapper.ReviewMapper.updateById       : ==>  Preparing: UPDATE "review" SET user_id=?, merchant_id=?, service_id=?, rating=?, comment=?, reply_content=?, created_at=?, status=? WHERE id=?
2026-04-23T18:55:06.212+08:00 DEBUG 21652 --- [           main] c.p.mapper.ReviewMapper.updateById       : ==> Parameters: 78(Integer), 117(Integer), 42(Integer), 5(Integer), 非常满意的服务！(String), 感谢您的好评，我们会继续努力！(String), 2026-04-23T18:55:06.119485(LocalDateTime), approved(String), 41(Integer)
2026-04-23T18:55:06.212+08:00 DEBUG 21652 --- [           main] c.p.mapper.ReviewMapper.updateById       : <==    Updates: 1
2026-04-23T18:55:06.302+08:00 DEBUG 21652 --- [           main] c.petshop.mapper.MerchantMapper.insert   : ==>  Preparing: INSERT INTO "merchant" ( name, contact_person, phone, email, password, address, status, created_at, updated_at ) VALUES ( ?, ?, ?, ?, ?, ?, ?, ?, ? )
2026-04-23T18:55:06.302+08:00 DEBUG 21652 --- [           main] c.petshop.mapper.MerchantMapper.insert   : ==> Parameters: 测试商家(String), 张三(String), 13900000001(String), merchant@test.com(String), $2a$10$4iFW5Pd/baB9HsDs2ot0lehZ8qXqeLlfJbUYi8qQbBDlnUX9tOeBi(String), 测试地址123号(String), approved(String), 2026-04-23T18:55:06.302231600(LocalDateTime), 2026-04-23T18:55:06.302231600(LocalDateTime)
2026-04-23T18:55:06.302+08:00 DEBUG 21652 --- [           main] c.petshop.mapper.MerchantMapper.insert   : <==    Updates: 1
2026-04-23T18:55:06.303+08:00 DEBUG 21652 --- [           main] c.petshop.mapper.ServiceMapper.insert    : ==>  Preparing: INSERT INTO "service" ( merchant_id, name, description, price, duration, category, status, created_at, updated_at ) VALUES ( ?, ?, ?, ?, ?, ?, ?, ?, ? )
2026-04-23T18:55:06.303+08:00 DEBUG 21652 --- [           main] c.petshop.mapper.ServiceMapper.insert    : ==> Parameters: 118(Integer), 宠物美容(String), 专业宠物美容服务(String), 99.99(BigDecimal), 60(Integer), grooming(String), enabled(String), 2026-04-23T18:55:06.302358800(LocalDateTime), 2026-04-23T18:55:06.302358800(LocalDateTime)
2026-04-23T18:55:06.303+08:00 DEBUG 21652 --- [           main] c.petshop.mapper.ServiceMapper.insert    : <==    Updates: 1
2026-04-23T18:55:06.303+08:00 DEBUG 21652 --- [           main] c.petshop.mapper.ProductMapper.insert    : ==>  Preparing: INSERT INTO "product" ( merchant_id, name, description, price, stock, status, low_stock_threshold, category, created_at, updated_at ) VALUES ( ?, ?, ?, ?, ?, ?, ?, ?, ?, ? )
2026-04-23T18:55:06.303+08:00 DEBUG 21652 --- [           main] c.petshop.mapper.ProductMapper.insert    : ==> Parameters: 118(Integer), 宠物粮食(String), 优质宠物粮食(String), 59.99(BigDecimal), 100(Integer), enabled(String), 10(Integer), food(String), 2026-04-23T18:55:06.303572800(LocalDateTime), 2026-04-23T18:55:06.303572800(LocalDateTime)
2026-04-23T18:55:06.303+08:00 DEBUG 21652 --- [           main] c.petshop.mapper.ProductMapper.insert    : <==    Updates: 1
2026-04-23T18:55:06.394+08:00 DEBUG 21652 --- [           main] com.petshop.mapper.UserMapper.insert     : ==>  Preparing: INSERT INTO "user" ( username, email, password, phone, status, created_at, updated_at ) VALUES ( ?, ?, ?, ?, ?, ?, ? )
2026-04-23T18:55:06.394+08:00 DEBUG 21652 --- [           main] com.petshop.mapper.UserMapper.insert     : ==> Parameters: testuser(String), user@test.com(String), $2a$10$r/c3O.iqT./RTM..I9eu.eGpl02LnXShx6RLtTPyn63ZNHDddc1yy(String), 13800000001(String), active(String), 2026-04-23T18:55:06.393733200(LocalDateTime), 2026-04-23T18:55:06.393733200(LocalDateTime)
2026-04-23T18:55:06.394+08:00 DEBUG 21652 --- [           main] com.petshop.mapper.UserMapper.insert     : <==    Updates: 1
2026-04-23T18:55:06.394+08:00 DEBUG 21652 --- [           main] c.p.mapper.ProductOrderMapper.insert     : ==>  Preparing: INSERT INTO "product_order" ( order_no, user_id, merchant_id, total_price, freight, status, shipping_address, created_at, updated_at ) VALUES ( ?, ?, ?, ?, ?, ?, ?, ?, ? )
2026-04-23T18:55:06.394+08:00 DEBUG 21652 --- [           main] c.p.mapper.ProductOrderMapper.insert     : ==> Parameters: ORD1776941706394(String), 79(Integer), 118(Integer), 119.98(BigDecimal), 0(BigDecimal), pending(String), 测试收货地址(String), 2026-04-23T18:55:06.394733100(LocalDateTime), 2026-04-23T18:55:06.394733100(LocalDateTime)
2026-04-23T18:55:06.395+08:00 DEBUG 21652 --- [           main] c.p.mapper.ProductOrderMapper.insert     : <==    Updates: 1
2026-04-23T18:55:06.395+08:00 DEBUG 21652 --- [           main] com.petshop.mapper.ReviewMapper.insert   : ==>  Preparing: INSERT INTO "review" ( user_id, merchant_id, service_id, rating, comment, created_at, status ) VALUES ( ?, ?, ?, ?, ?, ?, ? )
2026-04-23T18:55:06.395+08:00 DEBUG 21652 --- [           main] com.petshop.mapper.ReviewMapper.insert   : ==> Parameters: 79(Integer), 118(Integer), 43(Integer), 5(Integer), 非常满意的服务！(String), 2026-04-23T18:55:06.395733300(LocalDateTime), approved(String)
2026-04-23T18:55:06.395+08:00 DEBUG 21652 --- [           main] com.petshop.mapper.ReviewMapper.insert   : <==    Updates: 1
2026-04-23T18:55:06.396+08:00 DEBUG 21652 --- [           main] o.s.security.web.FilterChainProxy        : Securing POST /api/auth/merchant/login
2026-04-23T18:55:06.396+08:00 DEBUG 21652 --- [           main] o.s.s.w.a.AnonymousAuthenticationFilter  : Set SecurityContextHolder to anonymous SecurityContext
2026-04-23T18:55:06.396+08:00 DEBUG 21652 --- [           main] o.s.security.web.FilterChainProxy        : Secured POST /api/auth/merchant/login
2026-04-23T18:55:06.397+08:00 DEBUG 21652 --- [           main] c.p.mapper.UserMapper.selectByPhone      : ==>  Preparing: SELECT * FROM `user` WHERE phone = ?
2026-04-23T18:55:06.397+08:00 DEBUG 21652 --- [           main] c.p.mapper.UserMapper.selectByPhone      : ==> Parameters: 13900000001(String)
2026-04-23T18:55:06.397+08:00 DEBUG 21652 --- [           main] c.p.mapper.UserMapper.selectByPhone      : <==      Total: 0
2026-04-23T18:55:06.398+08:00 DEBUG 21652 --- [           main] c.p.mapper.MerchantMapper.selectByPhone  : ==>  Preparing: SELECT * FROM `merchant` WHERE phone = ?
2026-04-23T18:55:06.398+08:00 DEBUG 21652 --- [           main] c.p.mapper.MerchantMapper.selectByPhone  : ==> Parameters: 13900000001(String)
2026-04-23T18:55:06.398+08:00 DEBUG 21652 --- [           main] c.p.mapper.MerchantMapper.selectByPhone  : <==      Total: 1
2026-04-23T18:55:06.483+08:00 DEBUG 21652 --- [           main] o.s.s.a.dao.DaoAuthenticationProvider    : Authenticated user
2026-04-23T18:55:06.485+08:00 DEBUG 21652 --- [           main] o.s.security.web.FilterChainProxy        : Securing GET /api/merchant/reviews/99999
2026-04-23T18:55:06.487+08:00 DEBUG 21652 --- [           main] o.s.security.web.FilterChainProxy        : Secured GET /api/merchant/reviews/99999
2026-04-23T18:55:06.488+08:00 DEBUG 21652 --- [           main] c.p.mapper.MerchantMapper.selectList     : ==>  Preparing: SELECT id,name,contact_person,phone,email,password,address,logo,status,created_at,updated_at FROM "merchant" WHERE (phone = ?)
2026-04-23T18:55:06.489+08:00 DEBUG 21652 --- [           main] c.p.mapper.MerchantMapper.selectList     : ==> Parameters: 13900000001(String)
2026-04-23T18:55:06.489+08:00 DEBUG 21652 --- [           main] c.p.mapper.MerchantMapper.selectList     : <==      Total: 1
2026-04-23T18:55:06.489+08:00 DEBUG 21652 --- [           main] c.p.mapper.ReviewMapper.selectById       : ==>  Preparing: SELECT id,user_id,merchant_id,service_id,appointment_id,rating,comment,reply_content,reply_time,created_at,status FROM "review" WHERE id=?
2026-04-23T18:55:06.489+08:00 DEBUG 21652 --- [           main] c.p.mapper.ReviewMapper.selectById       : ==> Parameters: 99999(Integer)
2026-04-23T18:55:06.489+08:00 DEBUG 21652 --- [           main] c.p.mapper.ReviewMapper.selectById       : <==      Total: 0
2026-04-23T18:55:06.577+08:00 DEBUG 21652 --- [           main] c.petshop.mapper.MerchantMapper.insert   : ==>  Preparing: INSERT INTO "merchant" ( name, contact_person, phone, email, password, address, status, created_at, updated_at ) VALUES ( ?, ?, ?, ?, ?, ?, ?, ?, ? )
2026-04-23T18:55:06.577+08:00 DEBUG 21652 --- [           main] c.petshop.mapper.MerchantMapper.insert   : ==> Parameters: 测试商家(String), 张三(String), 13900000001(String), merchant@test.com(String), $2a$10$KBCDLfptVWsbkG60DqqqduCoIm9iTVrQKMv424snkplWMeGGwm6I6(String), 测试地址123号(String), approved(String), 2026-04-23T18:55:06.577562900(LocalDateTime), 2026-04-23T18:55:06.577562900(LocalDateTime)
2026-04-23T18:55:06.578+08:00 DEBUG 21652 --- [           main] c.petshop.mapper.MerchantMapper.insert   : <==    Updates: 1
2026-04-23T18:55:06.578+08:00 DEBUG 21652 --- [           main] c.petshop.mapper.ServiceMapper.insert    : ==>  Preparing: INSERT INTO "service" ( merchant_id, name, description, price, duration, category, status, created_at, updated_at ) VALUES ( ?, ?, ?, ?, ?, ?, ?, ?, ? )
2026-04-23T18:55:06.578+08:00 DEBUG 21652 --- [           main] c.petshop.mapper.ServiceMapper.insert    : ==> Parameters: 119(Integer), 宠物美容(String), 专业宠物美容服务(String), 99.99(BigDecimal), 60(Integer), grooming(String), enabled(String), 2026-04-23T18:55:06.578563800(LocalDateTime), 2026-04-23T18:55:06.578563800(LocalDateTime)
2026-04-23T18:55:06.578+08:00 DEBUG 21652 --- [           main] c.petshop.mapper.ServiceMapper.insert    : <==    Updates: 1
2026-04-23T18:55:06.578+08:00 DEBUG 21652 --- [           main] c.petshop.mapper.ProductMapper.insert    : ==>  Preparing: INSERT INTO "product" ( merchant_id, name, description, price, stock, status, low_stock_threshold, category, created_at, updated_at ) VALUES ( ?, ?, ?, ?, ?, ?, ?, ?, ?, ? )
2026-04-23T18:55:06.578+08:00 DEBUG 21652 --- [           main] c.petshop.mapper.ProductMapper.insert    : ==> Parameters: 119(Integer), 宠物粮食(String), 优质宠物粮食(String), 59.99(BigDecimal), 100(Integer), enabled(String), 10(Integer), food(String), 2026-04-23T18:55:06.578563800(LocalDateTime), 2026-04-23T18:55:06.578563800(LocalDateTime)
2026-04-23T18:55:06.578+08:00 DEBUG 21652 --- [           main] c.petshop.mapper.ProductMapper.insert    : <==    Updates: 1
2026-04-23T18:55:06.663+08:00 DEBUG 21652 --- [           main] com.petshop.mapper.UserMapper.insert     : ==>  Preparing: INSERT INTO "user" ( username, email, password, phone, status, created_at, updated_at ) VALUES ( ?, ?, ?, ?, ?, ?, ? )
2026-04-23T18:55:06.663+08:00 DEBUG 21652 --- [           main] com.petshop.mapper.UserMapper.insert     : ==> Parameters: testuser(String), user@test.com(String), $2a$10$TSIJmC3rHPSLl0.WxOQT/uwUe9UkGbZ75uzBQzzDvvNIeip356OHK(String), 13800000001(String), active(String), 2026-04-23T18:55:06.662558100(LocalDateTime), 2026-04-23T18:55:06.662558100(LocalDateTime)
2026-04-23T18:55:06.663+08:00 DEBUG 21652 --- [           main] com.petshop.mapper.UserMapper.insert     : <==    Updates: 1
2026-04-23T18:55:06.663+08:00 DEBUG 21652 --- [           main] c.p.mapper.ProductOrderMapper.insert     : ==>  Preparing: INSERT INTO "product_order" ( order_no, user_id, merchant_id, total_price, freight, status, shipping_address, created_at, updated_at ) VALUES ( ?, ?, ?, ?, ?, ?, ?, ?, ? )
2026-04-23T18:55:06.663+08:00 DEBUG 21652 --- [           main] c.p.mapper.ProductOrderMapper.insert     : ==> Parameters: ORD1776941706663(String), 80(Integer), 119(Integer), 119.98(BigDecimal), 0(BigDecimal), pending(String), 测试收货地址(String), 2026-04-23T18:55:06.663558300(LocalDateTime), 2026-04-23T18:55:06.663558300(LocalDateTime)
2026-04-23T18:55:06.663+08:00 DEBUG 21652 --- [           main] c.p.mapper.ProductOrderMapper.insert     : <==    Updates: 1
2026-04-23T18:55:06.664+08:00 DEBUG 21652 --- [           main] com.petshop.mapper.ReviewMapper.insert   : ==>  Preparing: INSERT INTO "review" ( user_id, merchant_id, service_id, rating, comment, created_at, status ) VALUES ( ?, ?, ?, ?, ?, ?, ? )
2026-04-23T18:55:06.664+08:00 DEBUG 21652 --- [           main] com.petshop.mapper.ReviewMapper.insert   : ==> Parameters: 80(Integer), 119(Integer), 44(Integer), 5(Integer), 非常满意的服务！(String), 2026-04-23T18:55:06.663558300(LocalDateTime), approved(String)
2026-04-23T18:55:06.664+08:00 DEBUG 21652 --- [           main] com.petshop.mapper.ReviewMapper.insert   : <==    Updates: 1
2026-04-23T18:55:06.664+08:00 DEBUG 21652 --- [           main] o.s.security.web.FilterChainProxy        : Securing POST /api/auth/merchant/login
2026-04-23T18:55:06.664+08:00 DEBUG 21652 --- [           main] o.s.s.w.a.AnonymousAuthenticationFilter  : Set SecurityContextHolder to anonymous SecurityContext
2026-04-23T18:55:06.665+08:00 DEBUG 21652 --- [           main] o.s.security.web.FilterChainProxy        : Secured POST /api/auth/merchant/login
2026-04-23T18:55:06.665+08:00 DEBUG 21652 --- [           main] c.p.mapper.UserMapper.selectByPhone      : ==>  Preparing: SELECT * FROM `user` WHERE phone = ?
2026-04-23T18:55:06.665+08:00 DEBUG 21652 --- [           main] c.p.mapper.UserMapper.selectByPhone      : ==> Parameters: 13900000001(String)
2026-04-23T18:55:06.666+08:00 DEBUG 21652 --- [           main] c.p.mapper.UserMapper.selectByPhone      : <==      Total: 0
2026-04-23T18:55:06.666+08:00 DEBUG 21652 --- [           main] c.p.mapper.MerchantMapper.selectByPhone  : ==>  Preparing: SELECT * FROM `merchant` WHERE phone = ?
2026-04-23T18:55:06.666+08:00 DEBUG 21652 --- [           main] c.p.mapper.MerchantMapper.selectByPhone  : ==> Parameters: 13900000001(String)
2026-04-23T18:55:06.666+08:00 DEBUG 21652 --- [           main] c.p.mapper.MerchantMapper.selectByPhone  : <==      Total: 1
2026-04-23T18:55:06.752+08:00 DEBUG 21652 --- [           main] o.s.s.a.dao.DaoAuthenticationProvider    : Authenticated user
2026-04-23T18:55:06.754+08:00 DEBUG 21652 --- [           main] o.s.security.web.FilterChainProxy        : Securing GET /api/merchant/reviews
2026-04-23T18:55:06.754+08:00 DEBUG 21652 --- [           main] o.s.security.web.FilterChainProxy        : Secured GET /api/merchant/reviews
2026-04-23T18:55:06.755+08:00 DEBUG 21652 --- [           main] c.p.mapper.MerchantMapper.selectList     : ==>  Preparing: SELECT id,name,contact_person,phone,email,password,address,logo,status,created_at,updated_at FROM "merchant" WHERE (phone = ?)
2026-04-23T18:55:06.756+08:00 DEBUG 21652 --- [           main] c.p.mapper.MerchantMapper.selectList     : ==> Parameters: 13900000001(String)
2026-04-23T18:55:06.756+08:00 DEBUG 21652 --- [           main] c.p.mapper.MerchantMapper.selectList     : <==      Total: 1
2026-04-23T18:55:06.757+08:00 DEBUG 21652 --- [           main] c.p.mapper.ReviewMapper.selectList       : ==>  Preparing: SELECT id,user_id,merchant_id,service_id,appointment_id,rating,comment,reply_content,reply_time,created_at,status FROM "review" WHERE (merchant_id = ?) ORDER BY created_at DESC
2026-04-23T18:55:06.757+08:00 DEBUG 21652 --- [           main] c.p.mapper.ReviewMapper.selectList       : ==> Parameters: 119(Integer)
2026-04-23T18:55:06.757+08:00 DEBUG 21652 --- [           main] c.p.mapper.ReviewMapper.selectList       : <==      Total: 1
2026-04-23T18:55:06.844+08:00 DEBUG 21652 --- [           main] c.petshop.mapper.MerchantMapper.insert   : ==>  Preparing: INSERT INTO "merchant" ( name, contact_person, phone, email, password, address, status, created_at, updated_at ) VALUES ( ?, ?, ?, ?, ?, ?, ?, ?, ? )
2026-04-23T18:55:06.844+08:00 DEBUG 21652 --- [           main] c.petshop.mapper.MerchantMapper.insert   : ==> Parameters: 测试商家(String), 张三(String), 13900000001(String), merchant@test.com(String), $2a$10$JmM/.Ve8w1o.1l9QAtidzuJqOehQWmxkfakJt1Vuib.aSRKaSfKs6(String), 测试地址123号(String), approved(String), 2026-04-23T18:55:06.844734500(LocalDateTime), 2026-04-23T18:55:06.844734500(LocalDateTime)
2026-04-23T18:55:06.845+08:00 DEBUG 21652 --- [           main] c.petshop.mapper.MerchantMapper.insert   : <==    Updates: 1
2026-04-23T18:55:06.845+08:00 DEBUG 21652 --- [           main] c.petshop.mapper.ServiceMapper.insert    : ==>  Preparing: INSERT INTO "service" ( merchant_id, name, description, price, duration, category, status, created_at, updated_at ) VALUES ( ?, ?, ?, ?, ?, ?, ?, ?, ? )
2026-04-23T18:55:06.846+08:00 DEBUG 21652 --- [           main] c.petshop.mapper.ServiceMapper.insert    : ==> Parameters: 120(Integer), 宠物美容(String), 专业宠物美容服务(String), 99.99(BigDecimal), 60(Integer), grooming(String), enabled(String), 2026-04-23T18:55:06.845639400(LocalDateTime), 2026-04-23T18:55:06.845639400(LocalDateTime)
2026-04-23T18:55:06.846+08:00 DEBUG 21652 --- [           main] c.petshop.mapper.ServiceMapper.insert    : <==    Updates: 1
2026-04-23T18:55:06.846+08:00 DEBUG 21652 --- [           main] c.petshop.mapper.ProductMapper.insert    : ==>  Preparing: INSERT INTO "product" ( merchant_id, name, description, price, stock, status, low_stock_threshold, category, created_at, updated_at ) VALUES ( ?, ?, ?, ?, ?, ?, ?, ?, ?, ? )
2026-04-23T18:55:06.846+08:00 DEBUG 21652 --- [           main] c.petshop.mapper.ProductMapper.insert    : ==> Parameters: 120(Integer), 宠物粮食(String), 优质宠物粮食(String), 59.99(BigDecimal), 100(Integer), enabled(String), 10(Integer), food(String), 2026-04-23T18:55:06.846095600(LocalDateTime), 2026-04-23T18:55:06.846095600(LocalDateTime)
2026-04-23T18:55:06.846+08:00 DEBUG 21652 --- [           main] c.petshop.mapper.ProductMapper.insert    : <==    Updates: 1
2026-04-23T18:55:06.936+08:00 DEBUG 21652 --- [           main] com.petshop.mapper.UserMapper.insert     : ==>  Preparing: INSERT INTO "user" ( username, email, password, phone, status, created_at, updated_at ) VALUES ( ?, ?, ?, ?, ?, ?, ? )
2026-04-23T18:55:06.936+08:00 DEBUG 21652 --- [           main] com.petshop.mapper.UserMapper.insert     : ==> Parameters: testuser(String), user@test.com(String), $2a$10$2xb.AqrYTGXDeDEj1tFa8efW2LvbrLcELhJfPpwdh01SePEwAsdZa(String), 13800000001(String), active(String), 2026-04-23T18:55:06.936037900(LocalDateTime), 2026-04-23T18:55:06.936037900(LocalDateTime)
2026-04-23T18:55:06.937+08:00 DEBUG 21652 --- [           main] com.petshop.mapper.UserMapper.insert     : <==    Updates: 1
2026-04-23T18:55:06.937+08:00 DEBUG 21652 --- [           main] c.p.mapper.ProductOrderMapper.insert     : ==>  Preparing: INSERT INTO "product_order" ( order_no, user_id, merchant_id, total_price, freight, status, shipping_address, created_at, updated_at ) VALUES ( ?, ?, ?, ?, ?, ?, ?, ?, ? )
2026-04-23T18:55:06.937+08:00 DEBUG 21652 --- [           main] c.p.mapper.ProductOrderMapper.insert     : ==> Parameters: ORD1776941706937(String), 81(Integer), 120(Integer), 119.98(BigDecimal), 0(BigDecimal), pending(String), 测试收货地址(String), 2026-04-23T18:55:06.937114500(LocalDateTime), 2026-04-23T18:55:06.937114500(LocalDateTime)
2026-04-23T18:55:06.938+08:00 DEBUG 21652 --- [           main] c.p.mapper.ProductOrderMapper.insert     : <==    Updates: 1
2026-04-23T18:55:06.938+08:00 DEBUG 21652 --- [           main] com.petshop.mapper.ReviewMapper.insert   : ==>  Preparing: INSERT INTO "review" ( user_id, merchant_id, service_id, rating, comment, created_at, status ) VALUES ( ?, ?, ?, ?, ?, ?, ? )
2026-04-23T18:55:06.938+08:00 DEBUG 21652 --- [           main] com.petshop.mapper.ReviewMapper.insert   : ==> Parameters: 81(Integer), 120(Integer), 45(Integer), 5(Integer), 非常满意的服务！(String), 2026-04-23T18:55:06.938307(LocalDateTime), approved(String)
2026-04-23T18:55:06.938+08:00 DEBUG 21652 --- [           main] com.petshop.mapper.ReviewMapper.insert   : <==    Updates: 1
2026-04-23T18:55:06.938+08:00 DEBUG 21652 --- [           main] o.s.security.web.FilterChainProxy        : Securing POST /api/auth/merchant/login
2026-04-23T18:55:06.939+08:00 DEBUG 21652 --- [           main] o.s.s.w.a.AnonymousAuthenticationFilter  : Set SecurityContextHolder to anonymous SecurityContext
2026-04-23T18:55:06.939+08:00 DEBUG 21652 --- [           main] o.s.security.web.FilterChainProxy        : Secured POST /api/auth/merchant/login
2026-04-23T18:55:06.940+08:00 DEBUG 21652 --- [           main] c.p.mapper.UserMapper.selectByPhone      : ==>  Preparing: SELECT * FROM `user` WHERE phone = ?
2026-04-23T18:55:06.940+08:00 DEBUG 21652 --- [           main] c.p.mapper.UserMapper.selectByPhone      : ==> Parameters: 13900000001(String)
2026-04-23T18:55:06.941+08:00 DEBUG 21652 --- [           main] c.p.mapper.UserMapper.selectByPhone      : <==      Total: 0
2026-04-23T18:55:06.941+08:00 DEBUG 21652 --- [           main] c.p.mapper.MerchantMapper.selectByPhone  : ==>  Preparing: SELECT * FROM `merchant` WHERE phone = ?
2026-04-23T18:55:06.941+08:00 DEBUG 21652 --- [           main] c.p.mapper.MerchantMapper.selectByPhone  : ==> Parameters: 13900000001(String)
2026-04-23T18:55:06.941+08:00 DEBUG 21652 --- [           main] c.p.mapper.MerchantMapper.selectByPhone  : <==      Total: 1
2026-04-23T18:55:07.026+08:00 DEBUG 21652 --- [           main] o.s.s.a.dao.DaoAuthenticationProvider    : Authenticated user
2026-04-23T18:55:07.028+08:00 DEBUG 21652 --- [           main] o.s.security.web.FilterChainProxy        : Securing GET /api/merchant/reviews/recent
2026-04-23T18:55:07.030+08:00 DEBUG 21652 --- [           main] o.s.security.web.FilterChainProxy        : Secured GET /api/merchant/reviews/recent
2026-04-23T18:55:07.031+08:00 DEBUG 21652 --- [           main] c.p.mapper.MerchantMapper.selectList     : ==>  Preparing: SELECT id,name,contact_person,phone,email,password,address,logo,status,created_at,updated_at FROM "merchant" WHERE (phone = ?)
2026-04-23T18:55:07.031+08:00 DEBUG 21652 --- [           main] c.p.mapper.MerchantMapper.selectList     : ==> Parameters: 13900000001(String)
2026-04-23T18:55:07.031+08:00 DEBUG 21652 --- [           main] c.p.mapper.MerchantMapper.selectList     : <==      Total: 1
2026-04-23T18:55:07.032+08:00 DEBUG 21652 --- [           main] c.p.mapper.ReviewMapper.selectList       : ==>  Preparing: SELECT id,user_id,merchant_id,service_id,appointment_id,rating,comment,reply_content,reply_time,created_at,status FROM "review" WHERE (merchant_id = ?) ORDER BY created_at DESC
2026-04-23T18:55:07.032+08:00 DEBUG 21652 --- [           main] c.p.mapper.ReviewMapper.selectList       : ==> Parameters: 120(Integer)
2026-04-23T18:55:07.033+08:00 DEBUG 21652 --- [           main] c.p.mapper.ReviewMapper.selectList       : <==      Total: 1
[INFO] Tests run: 10, Failures: 0, Errors: 0, Skipped: 0, Time elapsed: 2.672 s -- in com.petshop.controller.MerchantApiControllerTest$ReviewManagementTests
[INFO] Running com.petshop.controller.MerchantApiControllerTest$ServiceManagementTests
2026-04-23T18:55:07.038+08:00  INFO 21652 --- [           main] t.c.s.AnnotationConfigContextLoaderUtils : Could not detect default configuration classes for test class [com.petshop.controller.MerchantApiControllerTest$ServiceManagementTests]: ServiceManagementTests does not declare any static, non-private, non-final, nested classes annotated with @Configuration.
2026-04-23T18:55:07.047+08:00  INFO 21652 --- [           main] .b.t.c.SpringBootTestContextBootstrapper : Found @SpringBootConfiguration com.petshop.PetManagementSystemApplication for test class com.petshop.controller.MerchantApiControllerTest$ServiceManagementTests
2026-04-23T18:55:07.174+08:00 DEBUG 21652 --- [           main] c.petshop.mapper.MerchantMapper.insert   : ==>  Preparing: INSERT INTO "merchant" ( name, contact_person, phone, email, password, address, status, created_at, updated_at ) VALUES ( ?, ?, ?, ?, ?, ?, ?, ?, ? )
2026-04-23T18:55:07.175+08:00 DEBUG 21652 --- [           main] c.petshop.mapper.MerchantMapper.insert   : ==> Parameters: 测试商家(String), 张三(String), 13900000001(String), merchant@test.com(String), $2a$10$OMqdq6FRNJydDgfD3DS3we/nvagTGtnRe.ZZXFzgPLcnGFgfrQ.tW(String), 测试地址123号(String), approved(String), 2026-04-23T18:55:07.174551(LocalDateTime), 2026-04-23T18:55:07.174551(LocalDateTime)
2026-04-23T18:55:07.175+08:00 DEBUG 21652 --- [           main] c.petshop.mapper.MerchantMapper.insert   : <==    Updates: 1
2026-04-23T18:55:07.175+08:00 DEBUG 21652 --- [           main] c.petshop.mapper.ServiceMapper.insert    : ==>  Preparing: INSERT INTO "service" ( merchant_id, name, description, price, duration, category, status, created_at, updated_at ) VALUES ( ?, ?, ?, ?, ?, ?, ?, ?, ? )
2026-04-23T18:55:07.175+08:00 DEBUG 21652 --- [           main] c.petshop.mapper.ServiceMapper.insert    : ==> Parameters: 121(Integer), 宠物美容(String), 专业宠物美容服务(String), 99.99(BigDecimal), 60(Integer), grooming(String), enabled(String), 2026-04-23T18:55:07.175551600(LocalDateTime), 2026-04-23T18:55:07.175551600(LocalDateTime)
2026-04-23T18:55:07.175+08:00 DEBUG 21652 --- [           main] c.petshop.mapper.ServiceMapper.insert    : <==    Updates: 1
2026-04-23T18:55:07.175+08:00 DEBUG 21652 --- [           main] c.petshop.mapper.ProductMapper.insert    : ==>  Preparing: INSERT INTO "product" ( merchant_id, name, description, price, stock, status, low_stock_threshold, category, created_at, updated_at ) VALUES ( ?, ?, ?, ?, ?, ?, ?, ?, ?, ? )
2026-04-23T18:55:07.176+08:00 DEBUG 21652 --- [           main] c.petshop.mapper.ProductMapper.insert    : ==> Parameters: 121(Integer), 宠物粮食(String), 优质宠物粮食(String), 59.99(BigDecimal), 100(Integer), enabled(String), 10(Integer), food(String), 2026-04-23T18:55:07.175551600(LocalDateTime), 2026-04-23T18:55:07.175551600(LocalDateTime)
2026-04-23T18:55:07.176+08:00 DEBUG 21652 --- [           main] c.petshop.mapper.ProductMapper.insert    : <==    Updates: 1
2026-04-23T18:55:07.285+08:00 DEBUG 21652 --- [           main] com.petshop.mapper.UserMapper.insert     : ==>  Preparing: INSERT INTO "user" ( username, email, password, phone, status, created_at, updated_at ) VALUES ( ?, ?, ?, ?, ?, ?, ? )
2026-04-23T18:55:07.285+08:00 DEBUG 21652 --- [           main] com.petshop.mapper.UserMapper.insert     : ==> Parameters: testuser(String), user@test.com(String), $2a$10$S0v3oHbd5E9UDaCINhEkGOL5M6nxNVkPg7aqg14t5GZWhATiTennW(String), 13800000001(String), active(String), 2026-04-23T18:55:07.284252300(LocalDateTime), 2026-04-23T18:55:07.284252300(LocalDateTime)
2026-04-23T18:55:07.285+08:00 DEBUG 21652 --- [           main] com.petshop.mapper.UserMapper.insert     : <==    Updates: 1
2026-04-23T18:55:07.285+08:00 DEBUG 21652 --- [           main] c.p.mapper.ProductOrderMapper.insert     : ==>  Preparing: INSERT INTO "product_order" ( order_no, user_id, merchant_id, total_price, freight, status, shipping_address, created_at, updated_at ) VALUES ( ?, ?, ?, ?, ?, ?, ?, ?, ? )
2026-04-23T18:55:07.286+08:00 DEBUG 21652 --- [           main] c.p.mapper.ProductOrderMapper.insert     : ==> Parameters: ORD1776941707285(String), 82(Integer), 121(Integer), 119.98(BigDecimal), 0(BigDecimal), pending(String), 测试收货地址(String), 2026-04-23T18:55:07.285252800(LocalDateTime), 2026-04-23T18:55:07.285252800(LocalDateTime)
2026-04-23T18:55:07.286+08:00 DEBUG 21652 --- [           main] c.p.mapper.ProductOrderMapper.insert     : <==    Updates: 1
2026-04-23T18:55:07.286+08:00 DEBUG 21652 --- [           main] com.petshop.mapper.ReviewMapper.insert   : ==>  Preparing: INSERT INTO "review" ( user_id, merchant_id, service_id, rating, comment, created_at, status ) VALUES ( ?, ?, ?, ?, ?, ?, ? )
2026-04-23T18:55:07.286+08:00 DEBUG 21652 --- [           main] com.petshop.mapper.ReviewMapper.insert   : ==> Parameters: 82(Integer), 121(Integer), 46(Integer), 5(Integer), 非常满意的服务！(String), 2026-04-23T18:55:07.286253200(LocalDateTime), approved(String)
2026-04-23T18:55:07.286+08:00 DEBUG 21652 --- [           main] com.petshop.mapper.ReviewMapper.insert   : <==    Updates: 1
2026-04-23T18:55:07.287+08:00 DEBUG 21652 --- [           main] o.s.security.web.FilterChainProxy        : Securing POST /api/auth/merchant/login
2026-04-23T18:55:07.287+08:00 DEBUG 21652 --- [           main] o.s.s.w.a.AnonymousAuthenticationFilter  : Set SecurityContextHolder to anonymous SecurityContext
2026-04-23T18:55:07.288+08:00 DEBUG 21652 --- [           main] o.s.security.web.FilterChainProxy        : Secured POST /api/auth/merchant/login
2026-04-23T18:55:07.289+08:00 DEBUG 21652 --- [           main] c.p.mapper.UserMapper.selectByPhone      : ==>  Preparing: SELECT * FROM `user` WHERE phone = ?
2026-04-23T18:55:07.289+08:00 DEBUG 21652 --- [           main] c.p.mapper.UserMapper.selectByPhone      : ==> Parameters: 13900000001(String)
2026-04-23T18:55:07.289+08:00 DEBUG 21652 --- [           main] c.p.mapper.UserMapper.selectByPhone      : <==      Total: 0
2026-04-23T18:55:07.290+08:00 DEBUG 21652 --- [           main] c.p.mapper.MerchantMapper.selectByPhone  : ==>  Preparing: SELECT * FROM `merchant` WHERE phone = ?
2026-04-23T18:55:07.290+08:00 DEBUG 21652 --- [           main] c.p.mapper.MerchantMapper.selectByPhone  : ==> Parameters: 13900000001(String)
2026-04-23T18:55:07.290+08:00 DEBUG 21652 --- [           main] c.p.mapper.MerchantMapper.selectByPhone  : <==      Total: 1
2026-04-23T18:55:07.391+08:00 DEBUG 21652 --- [           main] o.s.s.a.dao.DaoAuthenticationProvider    : Authenticated user
2026-04-23T18:55:07.394+08:00 DEBUG 21652 --- [           main] o.s.security.web.FilterChainProxy        : Securing POST /api/merchant/services
2026-04-23T18:55:07.395+08:00 DEBUG 21652 --- [           main] o.s.security.web.FilterChainProxy        : Secured POST /api/merchant/services
2026-04-23T18:55:07.397+08:00 DEBUG 21652 --- [           main] c.p.mapper.MerchantMapper.selectList     : ==>  Preparing: SELECT id,name,contact_person,phone,email,password,address,logo,status,created_at,updated_at FROM "merchant" WHERE (phone = ?)
2026-04-23T18:55:07.397+08:00 DEBUG 21652 --- [           main] c.p.mapper.MerchantMapper.selectList     : ==> Parameters: 13900000001(String)
2026-04-23T18:55:07.398+08:00 DEBUG 21652 --- [           main] c.p.mapper.MerchantMapper.selectList     : <==      Total: 1
2026-04-23T18:55:07.498+08:00 DEBUG 21652 --- [           main] c.petshop.mapper.MerchantMapper.insert   : ==>  Preparing: INSERT INTO "merchant" ( name, contact_person, phone, email, password, address, status, created_at, updated_at ) VALUES ( ?, ?, ?, ?, ?, ?, ?, ?, ? )
2026-04-23T18:55:07.499+08:00 DEBUG 21652 --- [           main] c.petshop.mapper.MerchantMapper.insert   : ==> Parameters: 测试商家(String), 张三(String), 13900000001(String), merchant@test.com(String), $2a$10$JrOpXD0YdPniuNdIgpILiOdJfPa5OIvta5GWxqhi1s4SBW3cefFCG(String), 测试地址123号(String), approved(String), 2026-04-23T18:55:07.498457300(LocalDateTime), 2026-04-23T18:55:07.498457300(LocalDateTime)
2026-04-23T18:55:07.499+08:00 DEBUG 21652 --- [           main] c.petshop.mapper.MerchantMapper.insert   : <==    Updates: 1
2026-04-23T18:55:07.499+08:00 DEBUG 21652 --- [           main] c.petshop.mapper.ServiceMapper.insert    : ==>  Preparing: INSERT INTO "service" ( merchant_id, name, description, price, duration, category, status, created_at, updated_at ) VALUES ( ?, ?, ?, ?, ?, ?, ?, ?, ? )
2026-04-23T18:55:07.499+08:00 DEBUG 21652 --- [           main] c.petshop.mapper.ServiceMapper.insert    : ==> Parameters: 122(Integer), 宠物美容(String), 专业宠物美容服务(String), 99.99(BigDecimal), 60(Integer), grooming(String), enabled(String), 2026-04-23T18:55:07.499459800(LocalDateTime), 2026-04-23T18:55:07.499459800(LocalDateTime)
2026-04-23T18:55:07.499+08:00 DEBUG 21652 --- [           main] c.petshop.mapper.ServiceMapper.insert    : <==    Updates: 1
2026-04-23T18:55:07.499+08:00 DEBUG 21652 --- [           main] c.petshop.mapper.ProductMapper.insert    : ==>  Preparing: INSERT INTO "product" ( merchant_id, name, description, price, stock, status, low_stock_threshold, category, created_at, updated_at ) VALUES ( ?, ?, ?, ?, ?, ?, ?, ?, ?, ? )
2026-04-23T18:55:07.500+08:00 DEBUG 21652 --- [           main] c.petshop.mapper.ProductMapper.insert    : ==> Parameters: 122(Integer), 宠物粮食(String), 优质宠物粮食(String), 59.99(BigDecimal), 100(Integer), enabled(String), 10(Integer), food(String), 2026-04-23T18:55:07.499459800(LocalDateTime), 2026-04-23T18:55:07.499459800(LocalDateTime)
2026-04-23T18:55:07.500+08:00 DEBUG 21652 --- [           main] c.petshop.mapper.ProductMapper.insert    : <==    Updates: 1
2026-04-23T18:55:07.596+08:00 DEBUG 21652 --- [           main] com.petshop.mapper.UserMapper.insert     : ==>  Preparing: INSERT INTO "user" ( username, email, password, phone, status, created_at, updated_at ) VALUES ( ?, ?, ?, ?, ?, ?, ? )
2026-04-23T18:55:07.596+08:00 DEBUG 21652 --- [           main] com.petshop.mapper.UserMapper.insert     : ==> Parameters: testuser(String), user@test.com(String), $2a$10$YxlCvnAGb2jWjdcsoQx0XuP2FwO1Xh85LNanozhXZ7Ll85CNQFO3K(String), 13800000001(String), active(String), 2026-04-23T18:55:07.595455600(LocalDateTime), 2026-04-23T18:55:07.595455600(LocalDateTime)
2026-04-23T18:55:07.596+08:00 DEBUG 21652 --- [           main] com.petshop.mapper.UserMapper.insert     : <==    Updates: 1
2026-04-23T18:55:07.596+08:00 DEBUG 21652 --- [           main] c.p.mapper.ProductOrderMapper.insert     : ==>  Preparing: INSERT INTO "product_order" ( order_no, user_id, merchant_id, total_price, freight, status, shipping_address, created_at, updated_at ) VALUES ( ?, ?, ?, ?, ?, ?, ?, ?, ? )
2026-04-23T18:55:07.597+08:00 DEBUG 21652 --- [           main] c.p.mapper.ProductOrderMapper.insert     : ==> Parameters: ORD1776941707596(String), 83(Integer), 122(Integer), 119.98(BigDecimal), 0(BigDecimal), pending(String), 测试收货地址(String), 2026-04-23T18:55:07.596455600(LocalDateTime), 2026-04-23T18:55:07.596455600(LocalDateTime)
2026-04-23T18:55:07.597+08:00 DEBUG 21652 --- [           main] c.p.mapper.ProductOrderMapper.insert     : <==    Updates: 1
2026-04-23T18:55:07.597+08:00 DEBUG 21652 --- [           main] com.petshop.mapper.ReviewMapper.insert   : ==>  Preparing: INSERT INTO "review" ( user_id, merchant_id, service_id, rating, comment, created_at, status ) VALUES ( ?, ?, ?, ?, ?, ?, ? )
2026-04-23T18:55:07.597+08:00 DEBUG 21652 --- [           main] com.petshop.mapper.ReviewMapper.insert   : ==> Parameters: 83(Integer), 122(Integer), 47(Integer), 5(Integer), 非常满意的服务！(String), 2026-04-23T18:55:07.597455600(LocalDateTime), approved(String)
2026-04-23T18:55:07.597+08:00 DEBUG 21652 --- [           main] com.petshop.mapper.ReviewMapper.insert   : <==    Updates: 1
2026-04-23T18:55:07.598+08:00 DEBUG 21652 --- [           main] o.s.security.web.FilterChainProxy        : Securing POST /api/auth/merchant/login
2026-04-23T18:55:07.598+08:00 DEBUG 21652 --- [           main] o.s.s.w.a.AnonymousAuthenticationFilter  : Set SecurityContextHolder to anonymous SecurityContext
2026-04-23T18:55:07.599+08:00 DEBUG 21652 --- [           main] o.s.security.web.FilterChainProxy        : Secured POST /api/auth/merchant/login
2026-04-23T18:55:07.599+08:00 DEBUG 21652 --- [           main] c.p.mapper.UserMapper.selectByPhone      : ==>  Preparing: SELECT * FROM `user` WHERE phone = ?
2026-04-23T18:55:07.600+08:00 DEBUG 21652 --- [           main] c.p.mapper.UserMapper.selectByPhone      : ==> Parameters: 13900000001(String)
2026-04-23T18:55:07.600+08:00 DEBUG 21652 --- [           main] c.p.mapper.UserMapper.selectByPhone      : <==      Total: 0
2026-04-23T18:55:07.600+08:00 DEBUG 21652 --- [           main] c.p.mapper.MerchantMapper.selectByPhone  : ==>  Preparing: SELECT * FROM `merchant` WHERE phone = ?
2026-04-23T18:55:07.600+08:00 DEBUG 21652 --- [           main] c.p.mapper.MerchantMapper.selectByPhone  : ==> Parameters: 13900000001(String)
2026-04-23T18:55:07.600+08:00 DEBUG 21652 --- [           main] c.p.mapper.MerchantMapper.selectByPhone  : <==      Total: 1
2026-04-23T18:55:07.691+08:00 DEBUG 21652 --- [           main] o.s.s.a.dao.DaoAuthenticationProvider    : Authenticated user
2026-04-23T18:55:07.694+08:00 DEBUG 21652 --- [           main] o.s.security.web.FilterChainProxy        : Securing POST /api/merchant/services
2026-04-23T18:55:07.695+08:00 DEBUG 21652 --- [           main] o.s.security.web.FilterChainProxy        : Secured POST /api/merchant/services
2026-04-23T18:55:07.696+08:00 DEBUG 21652 --- [           main] c.p.mapper.MerchantMapper.selectList     : ==>  Preparing: SELECT id,name,contact_person,phone,email,password,address,logo,status,created_at,updated_at FROM "merchant" WHERE (phone = ?)
2026-04-23T18:55:07.697+08:00 DEBUG 21652 --- [           main] c.p.mapper.MerchantMapper.selectList     : ==> Parameters: 13900000001(String)
2026-04-23T18:55:07.697+08:00 DEBUG 21652 --- [           main] c.p.mapper.MerchantMapper.selectList     : <==      Total: 1
2026-04-23T18:55:07.794+08:00 DEBUG 21652 --- [           main] c.petshop.mapper.MerchantMapper.insert   : ==>  Preparing: INSERT INTO "merchant" ( name, contact_person, phone, email, password, address, status, created_at, updated_at ) VALUES ( ?, ?, ?, ?, ?, ?, ?, ?, ? )
2026-04-23T18:55:07.795+08:00 DEBUG 21652 --- [           main] c.petshop.mapper.MerchantMapper.insert   : ==> Parameters: 测试商家(String), 张三(String), 13900000001(String), merchant@test.com(String), $2a$10$gJq20ie6wayn61HmTHVn7.TMqIyYjN54/mNUYIW1NXfazPIjd5BOm(String), 测试地址123号(String), approved(String), 2026-04-23T18:55:07.794779400(LocalDateTime), 2026-04-23T18:55:07.794779400(LocalDateTime)
2026-04-23T18:55:07.795+08:00 DEBUG 21652 --- [           main] c.petshop.mapper.MerchantMapper.insert   : <==    Updates: 1
2026-04-23T18:55:07.795+08:00 DEBUG 21652 --- [           main] c.petshop.mapper.ServiceMapper.insert    : ==>  Preparing: INSERT INTO "service" ( merchant_id, name, description, price, duration, category, status, created_at, updated_at ) VALUES ( ?, ?, ?, ?, ?, ?, ?, ?, ? )
2026-04-23T18:55:07.795+08:00 DEBUG 21652 --- [           main] c.petshop.mapper.ServiceMapper.insert    : ==> Parameters: 123(Integer), 宠物美容(String), 专业宠物美容服务(String), 99.99(BigDecimal), 60(Integer), grooming(String), enabled(String), 2026-04-23T18:55:07.795779100(LocalDateTime), 2026-04-23T18:55:07.795779100(LocalDateTime)
2026-04-23T18:55:07.795+08:00 DEBUG 21652 --- [           main] c.petshop.mapper.ServiceMapper.insert    : <==    Updates: 1
2026-04-23T18:55:07.795+08:00 DEBUG 21652 --- [           main] c.petshop.mapper.ProductMapper.insert    : ==>  Preparing: INSERT INTO "product" ( merchant_id, name, description, price, stock, status, low_stock_threshold, category, created_at, updated_at ) VALUES ( ?, ?, ?, ?, ?, ?, ?, ?, ?, ? )
2026-04-23T18:55:07.795+08:00 DEBUG 21652 --- [           main] c.petshop.mapper.ProductMapper.insert    : ==> Parameters: 123(Integer), 宠物粮食(String), 优质宠物粮食(String), 59.99(BigDecimal), 100(Integer), enabled(String), 10(Integer), food(String), 2026-04-23T18:55:07.795779100(LocalDateTime), 2026-04-23T18:55:07.795779100(LocalDateTime)
2026-04-23T18:55:07.796+08:00 DEBUG 21652 --- [           main] c.petshop.mapper.ProductMapper.insert    : <==    Updates: 1
2026-04-23T18:55:07.886+08:00 DEBUG 21652 --- [           main] com.petshop.mapper.UserMapper.insert     : ==>  Preparing: INSERT INTO "user" ( username, email, password, phone, status, created_at, updated_at ) VALUES ( ?, ?, ?, ?, ?, ?, ? )
2026-04-23T18:55:07.886+08:00 DEBUG 21652 --- [           main] com.petshop.mapper.UserMapper.insert     : ==> Parameters: testuser(String), user@test.com(String), $2a$10$6Nu7.fM2Hep7.aXCpUMsYOZrbk6qCUEI1lsMDRT8tIM1t.eRMbRya(String), 13800000001(String), active(String), 2026-04-23T18:55:07.886044800(LocalDateTime), 2026-04-23T18:55:07.886044800(LocalDateTime)
2026-04-23T18:55:07.886+08:00 DEBUG 21652 --- [           main] com.petshop.mapper.UserMapper.insert     : <==    Updates: 1
2026-04-23T18:55:07.886+08:00 DEBUG 21652 --- [           main] c.p.mapper.ProductOrderMapper.insert     : ==>  Preparing: INSERT INTO "product_order" ( order_no, user_id, merchant_id, total_price, freight, status, shipping_address, created_at, updated_at ) VALUES ( ?, ?, ?, ?, ?, ?, ?, ?, ? )
2026-04-23T18:55:07.886+08:00 DEBUG 21652 --- [           main] c.p.mapper.ProductOrderMapper.insert     : ==> Parameters: ORD1776941707886(String), 84(Integer), 123(Integer), 119.98(BigDecimal), 0(BigDecimal), pending(String), 测试收货地址(String), 2026-04-23T18:55:07.886569200(LocalDateTime), 2026-04-23T18:55:07.886569200(LocalDateTime)
2026-04-23T18:55:07.886+08:00 DEBUG 21652 --- [           main] c.p.mapper.ProductOrderMapper.insert     : <==    Updates: 1
2026-04-23T18:55:07.886+08:00 DEBUG 21652 --- [           main] com.petshop.mapper.ReviewMapper.insert   : ==>  Preparing: INSERT INTO "review" ( user_id, merchant_id, service_id, rating, comment, created_at, status ) VALUES ( ?, ?, ?, ?, ?, ?, ? )
2026-04-23T18:55:07.886+08:00 DEBUG 21652 --- [           main] com.petshop.mapper.ReviewMapper.insert   : ==> Parameters: 84(Integer), 123(Integer), 48(Integer), 5(Integer), 非常满意的服务！(String), 2026-04-23T18:55:07.886569200(LocalDateTime), approved(String)
2026-04-23T18:55:07.886+08:00 DEBUG 21652 --- [           main] com.petshop.mapper.ReviewMapper.insert   : <==    Updates: 1
2026-04-23T18:55:07.887+08:00 DEBUG 21652 --- [           main] o.s.security.web.FilterChainProxy        : Securing POST /api/auth/merchant/login
2026-04-23T18:55:07.887+08:00 DEBUG 21652 --- [           main] o.s.s.w.a.AnonymousAuthenticationFilter  : Set SecurityContextHolder to anonymous SecurityContext
2026-04-23T18:55:07.887+08:00 DEBUG 21652 --- [           main] o.s.security.web.FilterChainProxy        : Secured POST /api/auth/merchant/login
2026-04-23T18:55:07.889+08:00 DEBUG 21652 --- [           main] c.p.mapper.UserMapper.selectByPhone      : ==>  Preparing: SELECT * FROM `user` WHERE phone = ?
2026-04-23T18:55:07.889+08:00 DEBUG 21652 --- [           main] c.p.mapper.UserMapper.selectByPhone      : ==> Parameters: 13900000001(String)
2026-04-23T18:55:07.889+08:00 DEBUG 21652 --- [           main] c.p.mapper.UserMapper.selectByPhone      : <==      Total: 0
2026-04-23T18:55:07.889+08:00 DEBUG 21652 --- [           main] c.p.mapper.MerchantMapper.selectByPhone  : ==>  Preparing: SELECT * FROM `merchant` WHERE phone = ?
2026-04-23T18:55:07.889+08:00 DEBUG 21652 --- [           main] c.p.mapper.MerchantMapper.selectByPhone  : ==> Parameters: 13900000001(String)
2026-04-23T18:55:07.889+08:00 DEBUG 21652 --- [           main] c.p.mapper.MerchantMapper.selectByPhone  : <==      Total: 1
2026-04-23T18:55:07.980+08:00 DEBUG 21652 --- [           main] o.s.s.a.dao.DaoAuthenticationProvider    : Authenticated user
2026-04-23T18:55:07.982+08:00 DEBUG 21652 --- [           main] o.s.security.web.FilterChainProxy        : Securing POST /api/merchant/services
2026-04-23T18:55:07.984+08:00 DEBUG 21652 --- [           main] o.s.security.web.FilterChainProxy        : Secured POST /api/merchant/services
2026-04-23T18:55:07.986+08:00 DEBUG 21652 --- [           main] c.p.mapper.MerchantMapper.selectList     : ==>  Preparing: SELECT id,name,contact_person,phone,email,password,address,logo,status,created_at,updated_at FROM "merchant" WHERE (phone = ?)
2026-04-23T18:55:07.986+08:00 DEBUG 21652 --- [           main] c.p.mapper.MerchantMapper.selectList     : ==> Parameters: 13900000001(String)
2026-04-23T18:55:07.986+08:00 DEBUG 21652 --- [           main] c.p.mapper.MerchantMapper.selectList     : <==      Total: 1
2026-04-23T18:55:08.081+08:00 DEBUG 21652 --- [           main] c.petshop.mapper.MerchantMapper.insert   : ==>  Preparing: INSERT INTO "merchant" ( name, contact_person, phone, email, password, address, status, created_at, updated_at ) VALUES ( ?, ?, ?, ?, ?, ?, ?, ?, ? )
2026-04-23T18:55:08.081+08:00 DEBUG 21652 --- [           main] c.petshop.mapper.MerchantMapper.insert   : ==> Parameters: 测试商家(String), 张三(String), 13900000001(String), merchant@test.com(String), $2a$10$VcqtiqjDDfhcqC78IAQIYOQa9mdgCmsSFlNlEAPAMLbVzUIkGcqB2(String), 测试地址123号(String), approved(String), 2026-04-23T18:55:08.081903200(LocalDateTime), 2026-04-23T18:55:08.081903200(LocalDateTime)
2026-04-23T18:55:08.083+08:00 DEBUG 21652 --- [           main] c.petshop.mapper.MerchantMapper.insert   : <==    Updates: 1
2026-04-23T18:55:08.083+08:00 DEBUG 21652 --- [           main] c.petshop.mapper.ServiceMapper.insert    : ==>  Preparing: INSERT INTO "service" ( merchant_id, name, description, price, duration, category, status, created_at, updated_at ) VALUES ( ?, ?, ?, ?, ?, ?, ?, ?, ? )
2026-04-23T18:55:08.083+08:00 DEBUG 21652 --- [           main] c.petshop.mapper.ServiceMapper.insert    : ==> Parameters: 124(Integer), 宠物美容(String), 专业宠物美容服务(String), 99.99(BigDecimal), 60(Integer), grooming(String), enabled(String), 2026-04-23T18:55:08.083021900(LocalDateTime), 2026-04-23T18:55:08.083021900(LocalDateTime)
2026-04-23T18:55:08.083+08:00 DEBUG 21652 --- [           main] c.petshop.mapper.ServiceMapper.insert    : <==    Updates: 1
2026-04-23T18:55:08.083+08:00 DEBUG 21652 --- [           main] c.petshop.mapper.ProductMapper.insert    : ==>  Preparing: INSERT INTO "product" ( merchant_id, name, description, price, stock, status, low_stock_threshold, category, created_at, updated_at ) VALUES ( ?, ?, ?, ?, ?, ?, ?, ?, ?, ? )
2026-04-23T18:55:08.083+08:00 DEBUG 21652 --- [           main] c.petshop.mapper.ProductMapper.insert    : ==> Parameters: 124(Integer), 宠物粮食(String), 优质宠物粮食(String), 59.99(BigDecimal), 100(Integer), enabled(String), 10(Integer), food(String), 2026-04-23T18:55:08.083591500(LocalDateTime), 2026-04-23T18:55:08.083591500(LocalDateTime)
2026-04-23T18:55:08.083+08:00 DEBUG 21652 --- [           main] c.petshop.mapper.ProductMapper.insert    : <==    Updates: 1
2026-04-23T18:55:08.177+08:00 DEBUG 21652 --- [           main] com.petshop.mapper.UserMapper.insert     : ==>  Preparing: INSERT INTO "user" ( username, email, password, phone, status, created_at, updated_at ) VALUES ( ?, ?, ?, ?, ?, ?, ? )
2026-04-23T18:55:08.177+08:00 DEBUG 21652 --- [           main] com.petshop.mapper.UserMapper.insert     : ==> Parameters: testuser(String), user@test.com(String), $2a$10$aJbrFZAnK6DFkKOwZhjSheAAg1Ez7LIPmN5qAHIqSjd8bQG2sStcS(String), 13800000001(String), active(String), 2026-04-23T18:55:08.177200500(LocalDateTime), 2026-04-23T18:55:08.177200500(LocalDateTime)
2026-04-23T18:55:08.177+08:00 DEBUG 21652 --- [           main] com.petshop.mapper.UserMapper.insert     : <==    Updates: 1
2026-04-23T18:55:08.178+08:00 DEBUG 21652 --- [           main] c.p.mapper.ProductOrderMapper.insert     : ==>  Preparing: INSERT INTO "product_order" ( order_no, user_id, merchant_id, total_price, freight, status, shipping_address, created_at, updated_at ) VALUES ( ?, ?, ?, ?, ?, ?, ?, ?, ? )
2026-04-23T18:55:08.178+08:00 DEBUG 21652 --- [           main] c.p.mapper.ProductOrderMapper.insert     : ==> Parameters: ORD1776941708177(String), 85(Integer), 124(Integer), 119.98(BigDecimal), 0(BigDecimal), pending(String), 测试收货地址(String), 2026-04-23T18:55:08.178203300(LocalDateTime), 2026-04-23T18:55:08.178203300(LocalDateTime)
2026-04-23T18:55:08.178+08:00 DEBUG 21652 --- [           main] c.p.mapper.ProductOrderMapper.insert     : <==    Updates: 1
2026-04-23T18:55:08.178+08:00 DEBUG 21652 --- [           main] com.petshop.mapper.ReviewMapper.insert   : ==>  Preparing: INSERT INTO "review" ( user_id, merchant_id, service_id, rating, comment, created_at, status ) VALUES ( ?, ?, ?, ?, ?, ?, ? )
2026-04-23T18:55:08.178+08:00 DEBUG 21652 --- [           main] com.petshop.mapper.ReviewMapper.insert   : ==> Parameters: 85(Integer), 124(Integer), 49(Integer), 5(Integer), 非常满意的服务！(String), 2026-04-23T18:55:08.178725700(LocalDateTime), approved(String)
2026-04-23T18:55:08.178+08:00 DEBUG 21652 --- [           main] com.petshop.mapper.ReviewMapper.insert   : <==    Updates: 1
2026-04-23T18:55:08.179+08:00 DEBUG 21652 --- [           main] o.s.security.web.FilterChainProxy        : Securing POST /api/auth/merchant/login
2026-04-23T18:55:08.179+08:00 DEBUG 21652 --- [           main] o.s.s.w.a.AnonymousAuthenticationFilter  : Set SecurityContextHolder to anonymous SecurityContext
2026-04-23T18:55:08.180+08:00 DEBUG 21652 --- [           main] o.s.security.web.FilterChainProxy        : Secured POST /api/auth/merchant/login
2026-04-23T18:55:08.181+08:00 DEBUG 21652 --- [           main] c.p.mapper.UserMapper.selectByPhone      : ==>  Preparing: SELECT * FROM `user` WHERE phone = ?
2026-04-23T18:55:08.181+08:00 DEBUG 21652 --- [           main] c.p.mapper.UserMapper.selectByPhone      : ==> Parameters: 13900000001(String)
2026-04-23T18:55:08.181+08:00 DEBUG 21652 --- [           main] c.p.mapper.UserMapper.selectByPhone      : <==      Total: 0
2026-04-23T18:55:08.181+08:00 DEBUG 21652 --- [           main] c.p.mapper.MerchantMapper.selectByPhone  : ==>  Preparing: SELECT * FROM `merchant` WHERE phone = ?
2026-04-23T18:55:08.181+08:00 DEBUG 21652 --- [           main] c.p.mapper.MerchantMapper.selectByPhone  : ==> Parameters: 13900000001(String)
2026-04-23T18:55:08.182+08:00 DEBUG 21652 --- [           main] c.p.mapper.MerchantMapper.selectByPhone  : <==      Total: 1
2026-04-23T18:55:08.286+08:00 DEBUG 21652 --- [           main] o.s.s.a.dao.DaoAuthenticationProvider    : Authenticated user
2026-04-23T18:55:08.289+08:00 DEBUG 21652 --- [           main] c.petshop.mapper.ServiceMapper.insert    : ==>  Preparing: INSERT INTO "service" ( merchant_id, name, price, duration, status, created_at, updated_at ) VALUES ( ?, ?, ?, ?, ?, ?, ? )
2026-04-23T18:55:08.289+08:00 DEBUG 21652 --- [           main] c.petshop.mapper.ServiceMapper.insert    : ==> Parameters: 124(Integer), 待删除服务(String), 99.99(BigDecimal), 60(Integer), enabled(String), 2026-04-23T18:55:08.289405900(LocalDateTime), 2026-04-23T18:55:08.289405900(LocalDateTime)
2026-04-23T18:55:08.290+08:00 DEBUG 21652 --- [           main] c.petshop.mapper.ServiceMapper.insert    : <==    Updates: 1
2026-04-23T18:55:08.290+08:00 DEBUG 21652 --- [           main] o.s.security.web.FilterChainProxy        : Securing DELETE /api/merchant/services/50
2026-04-23T18:55:08.292+08:00 DEBUG 21652 --- [           main] c.p.mapper.UserMapper.selectByPhone      : ==>  Preparing: SELECT * FROM `user` WHERE phone = ?
2026-04-23T18:55:08.292+08:00 DEBUG 21652 --- [           main] c.p.mapper.UserMapper.selectByPhone      : ==> Parameters: 13900000001(String)
2026-04-23T18:55:08.292+08:00 DEBUG 21652 --- [           main] c.p.mapper.UserMapper.selectByPhone      : <==      Total: 0
2026-04-23T18:55:08.293+08:00 DEBUG 21652 --- [           main] c.p.mapper.MerchantMapper.selectByPhone  : ==>  Preparing: SELECT * FROM `merchant` WHERE phone = ?
2026-04-23T18:55:08.293+08:00 DEBUG 21652 --- [           main] c.p.mapper.MerchantMapper.selectByPhone  : ==> Parameters: 13900000001(String)
2026-04-23T18:55:08.293+08:00 DEBUG 21652 --- [           main] c.p.mapper.MerchantMapper.selectByPhone  : <==      Total: 1
2026-04-23T18:55:08.293+08:00 DEBUG 21652 --- [           main] o.s.security.web.FilterChainProxy        : Secured DELETE /api/merchant/services/50
2026-04-23T18:55:08.295+08:00 DEBUG 21652 --- [           main] c.p.mapper.MerchantMapper.selectList     : ==>  Preparing: SELECT id,name,contact_person,phone,email,password,address,logo,status,created_at,updated_at FROM "merchant" WHERE (phone = ?)
2026-04-23T18:55:08.295+08:00 DEBUG 21652 --- [           main] c.p.mapper.MerchantMapper.selectList     : ==> Parameters: 13900000001(String)
2026-04-23T18:55:08.295+08:00 DEBUG 21652 --- [           main] c.p.mapper.MerchantMapper.selectList     : <==      Total: 1
2026-04-23T18:55:08.296+08:00 DEBUG 21652 --- [           main] c.p.m.S.selectByIdWithMerchant           : ==>  Preparing: SELECT s.*, m.id as merchant_id, m.name as merchant_name, m.contact_person as merchant_contact_person, m.phone as merchant_phone, m.email as merchant_email, m.address as merchant_address, m.logo as merchant_logo, m.status as merchant_status, m.created_at as merchant_created_at, m.updated_at as merchant_updated_at FROM service s LEFT JOIN merchant m ON s.merchant_id = m.id WHERE s.id = ?
2026-04-23T18:55:08.296+08:00 DEBUG 21652 --- [           main] c.p.m.S.selectByIdWithMerchant           : ==> Parameters: 50(Integer)
2026-04-23T18:55:08.296+08:00 DEBUG 21652 --- [           main] c.p.m.S.selectByIdWithMerchant           : <==      Total: 1
2026-04-23T18:55:08.297+08:00 DEBUG 21652 --- [           main] c.p.mapper.ServiceMapper.deleteById      : ==>  Preparing: DELETE FROM "service" WHERE id=?
2026-04-23T18:55:08.297+08:00 DEBUG 21652 --- [           main] c.p.mapper.ServiceMapper.deleteById      : ==> Parameters: 50(Integer)
2026-04-23T18:55:08.297+08:00 DEBUG 21652 --- [           main] c.p.mapper.ServiceMapper.deleteById      : <==    Updates: 1
2026-04-23T18:55:08.399+08:00 DEBUG 21652 --- [           main] c.petshop.mapper.MerchantMapper.insert   : ==>  Preparing: INSERT INTO "merchant" ( name, contact_person, phone, email, password, address, status, created_at, updated_at ) VALUES ( ?, ?, ?, ?, ?, ?, ?, ?, ? )
2026-04-23T18:55:08.399+08:00 DEBUG 21652 --- [           main] c.petshop.mapper.MerchantMapper.insert   : ==> Parameters: 测试商家(String), 张三(String), 13900000001(String), merchant@test.com(String), $2a$10$kja/bHD0MDgjtUIqps1A7ushdMcGJ0nImAhBeQo7yhGxSYppm50qu(String), 测试地址123号(String), approved(String), 2026-04-23T18:55:08.399047100(LocalDateTime), 2026-04-23T18:55:08.399047100(LocalDateTime)
2026-04-23T18:55:08.399+08:00 DEBUG 21652 --- [           main] c.petshop.mapper.MerchantMapper.insert   : <==    Updates: 1
2026-04-23T18:55:08.400+08:00 DEBUG 21652 --- [           main] c.petshop.mapper.ServiceMapper.insert    : ==>  Preparing: INSERT INTO "service" ( merchant_id, name, description, price, duration, category, status, created_at, updated_at ) VALUES ( ?, ?, ?, ?, ?, ?, ?, ?, ? )
2026-04-23T18:55:08.400+08:00 DEBUG 21652 --- [           main] c.petshop.mapper.ServiceMapper.insert    : ==> Parameters: 125(Integer), 宠物美容(String), 专业宠物美容服务(String), 99.99(BigDecimal), 60(Integer), grooming(String), enabled(String), 2026-04-23T18:55:08.400047800(LocalDateTime), 2026-04-23T18:55:08.400047800(LocalDateTime)
2026-04-23T18:55:08.400+08:00 DEBUG 21652 --- [           main] c.petshop.mapper.ServiceMapper.insert    : <==    Updates: 1
2026-04-23T18:55:08.400+08:00 DEBUG 21652 --- [           main] c.petshop.mapper.ProductMapper.insert    : ==>  Preparing: INSERT INTO "product" ( merchant_id, name, description, price, stock, status, low_stock_threshold, category, created_at, updated_at ) VALUES ( ?, ?, ?, ?, ?, ?, ?, ?, ?, ? )
2026-04-23T18:55:08.400+08:00 DEBUG 21652 --- [           main] c.petshop.mapper.ProductMapper.insert    : ==> Parameters: 125(Integer), 宠物粮食(String), 优质宠物粮食(String), 59.99(BigDecimal), 100(Integer), enabled(String), 10(Integer), food(String), 2026-04-23T18:55:08.400047800(LocalDateTime), 2026-04-23T18:55:08.400047800(LocalDateTime)
2026-04-23T18:55:08.401+08:00 DEBUG 21652 --- [           main] c.petshop.mapper.ProductMapper.insert    : <==    Updates: 1
2026-04-23T18:55:08.487+08:00 DEBUG 21652 --- [           main] com.petshop.mapper.UserMapper.insert     : ==>  Preparing: INSERT INTO "user" ( username, email, password, phone, status, created_at, updated_at ) VALUES ( ?, ?, ?, ?, ?, ?, ? )
2026-04-23T18:55:08.487+08:00 DEBUG 21652 --- [           main] com.petshop.mapper.UserMapper.insert     : ==> Parameters: testuser(String), user@test.com(String), $2a$10$tVN3wztsO6KdvNWHcE3B9uluaA0AIUk81tnKgQPRfQWsJ9BODvy6e(String), 13800000001(String), active(String), 2026-04-23T18:55:08.487864900(LocalDateTime), 2026-04-23T18:55:08.487864900(LocalDateTime)
2026-04-23T18:55:08.487+08:00 DEBUG 21652 --- [           main] com.petshop.mapper.UserMapper.insert     : <==    Updates: 1
2026-04-23T18:55:08.487+08:00 DEBUG 21652 --- [           main] c.p.mapper.ProductOrderMapper.insert     : ==>  Preparing: INSERT INTO "product_order" ( order_no, user_id, merchant_id, total_price, freight, status, shipping_address, created_at, updated_at ) VALUES ( ?, ?, ?, ?, ?, ?, ?, ?, ? )
2026-04-23T18:55:08.487+08:00 DEBUG 21652 --- [           main] c.p.mapper.ProductOrderMapper.insert     : ==> Parameters: ORD1776941708487(String), 86(Integer), 125(Integer), 119.98(BigDecimal), 0(BigDecimal), pending(String), 测试收货地址(String), 2026-04-23T18:55:08.487864900(LocalDateTime), 2026-04-23T18:55:08.487864900(LocalDateTime)
2026-04-23T18:55:08.488+08:00 DEBUG 21652 --- [           main] c.p.mapper.ProductOrderMapper.insert     : <==    Updates: 1
2026-04-23T18:55:08.488+08:00 DEBUG 21652 --- [           main] com.petshop.mapper.ReviewMapper.insert   : ==>  Preparing: INSERT INTO "review" ( user_id, merchant_id, service_id, rating, comment, created_at, status ) VALUES ( ?, ?, ?, ?, ?, ?, ? )
2026-04-23T18:55:08.488+08:00 DEBUG 21652 --- [           main] com.petshop.mapper.ReviewMapper.insert   : ==> Parameters: 86(Integer), 125(Integer), 51(Integer), 5(Integer), 非常满意的服务！(String), 2026-04-23T18:55:08.488865800(LocalDateTime), approved(String)
2026-04-23T18:55:08.488+08:00 DEBUG 21652 --- [           main] com.petshop.mapper.ReviewMapper.insert   : <==    Updates: 1
2026-04-23T18:55:08.488+08:00 DEBUG 21652 --- [           main] o.s.security.web.FilterChainProxy        : Securing POST /api/auth/merchant/login
2026-04-23T18:55:08.489+08:00 DEBUG 21652 --- [           main] o.s.s.w.a.AnonymousAuthenticationFilter  : Set SecurityContextHolder to anonymous SecurityContext
2026-04-23T18:55:08.489+08:00 DEBUG 21652 --- [           main] o.s.security.web.FilterChainProxy        : Secured POST /api/auth/merchant/login
2026-04-23T18:55:08.489+08:00 DEBUG 21652 --- [           main] c.p.mapper.UserMapper.selectByPhone      : ==>  Preparing: SELECT * FROM `user` WHERE phone = ?
2026-04-23T18:55:08.490+08:00 DEBUG 21652 --- [           main] c.p.mapper.UserMapper.selectByPhone      : ==> Parameters: 13900000001(String)
2026-04-23T18:55:08.490+08:00 DEBUG 21652 --- [           main] c.p.mapper.UserMapper.selectByPhone      : <==      Total: 0
2026-04-23T18:55:08.490+08:00 DEBUG 21652 --- [           main] c.p.mapper.MerchantMapper.selectByPhone  : ==>  Preparing: SELECT * FROM `merchant` WHERE phone = ?
2026-04-23T18:55:08.490+08:00 DEBUG 21652 --- [           main] c.p.mapper.MerchantMapper.selectByPhone  : ==> Parameters: 13900000001(String)
2026-04-23T18:55:08.490+08:00 DEBUG 21652 --- [           main] c.p.mapper.MerchantMapper.selectByPhone  : <==      Total: 1
2026-04-23T18:55:08.581+08:00 DEBUG 21652 --- [           main] o.s.s.a.dao.DaoAuthenticationProvider    : Authenticated user
2026-04-23T18:55:08.582+08:00 DEBUG 21652 --- [           main] o.s.security.web.FilterChainProxy        : Securing POST /api/merchant/services
2026-04-23T18:55:08.584+08:00 DEBUG 21652 --- [           main] o.s.security.web.FilterChainProxy        : Secured POST /api/merchant/services
2026-04-23T18:55:08.585+08:00 DEBUG 21652 --- [           main] c.p.mapper.MerchantMapper.selectList     : ==>  Preparing: SELECT id,name,contact_person,phone,email,password,address,logo,status,created_at,updated_at FROM "merchant" WHERE (phone = ?)
2026-04-23T18:55:08.585+08:00 DEBUG 21652 --- [           main] c.p.mapper.MerchantMapper.selectList     : ==> Parameters: 13900000001(String)
2026-04-23T18:55:08.585+08:00 DEBUG 21652 --- [           main] c.p.mapper.MerchantMapper.selectList     : <==      Total: 1
2026-04-23T18:55:08.585+08:00 DEBUG 21652 --- [           main] c.petshop.mapper.ServiceMapper.insert    : ==>  Preparing: INSERT INTO "service" ( name, description, price, duration, category, status, created_at, updated_at ) VALUES ( ?, ?, ?, ?, ?, ?, ?, ? )
2026-04-23T18:55:08.585+08:00 DEBUG 21652 --- [           main] c.petshop.mapper.ServiceMapper.insert    : ==> Parameters: 宠物洗澡(String), 专业宠物洗澡服务(String), 49.99(BigDecimal), 30(Integer), bath(String), enabled(String), null, null
2026-04-23T18:55:08.586+08:00 DEBUG 21652 --- [           main] c.petshop.mapper.ServiceMapper.insert    : <==    Updates: 1
2026-04-23T18:55:08.671+08:00 DEBUG 21652 --- [           main] c.petshop.mapper.MerchantMapper.insert   : ==>  Preparing: INSERT INTO "merchant" ( name, contact_person, phone, email, password, address, status, created_at, updated_at ) VALUES ( ?, ?, ?, ?, ?, ?, ?, ?, ? )
2026-04-23T18:55:08.671+08:00 DEBUG 21652 --- [           main] c.petshop.mapper.MerchantMapper.insert   : ==> Parameters: 测试商家(String), 张三(String), 13900000001(String), merchant@test.com(String), $2a$10$Ra1vFNnpFcNUEqm6wj5PSOFkgOzmB8/bW9mqaDyt4X3.Fz.yQ/I7K(String), 测试地址123号(String), approved(String), 2026-04-23T18:55:08.671273500(LocalDateTime), 2026-04-23T18:55:08.671273500(LocalDateTime)
2026-04-23T18:55:08.672+08:00 DEBUG 21652 --- [           main] c.petshop.mapper.MerchantMapper.insert   : <==    Updates: 1
2026-04-23T18:55:08.672+08:00 DEBUG 21652 --- [           main] c.petshop.mapper.ServiceMapper.insert    : ==>  Preparing: INSERT INTO "service" ( merchant_id, name, description, price, duration, category, status, created_at, updated_at ) VALUES ( ?, ?, ?, ?, ?, ?, ?, ?, ? )
2026-04-23T18:55:08.672+08:00 DEBUG 21652 --- [           main] c.petshop.mapper.ServiceMapper.insert    : ==> Parameters: 126(Integer), 宠物美容(String), 专业宠物美容服务(String), 99.99(BigDecimal), 60(Integer), grooming(String), enabled(String), 2026-04-23T18:55:08.672294700(LocalDateTime), 2026-04-23T18:55:08.672294700(LocalDateTime)
2026-04-23T18:55:08.672+08:00 DEBUG 21652 --- [           main] c.petshop.mapper.ServiceMapper.insert    : <==    Updates: 1
2026-04-23T18:55:08.672+08:00 DEBUG 21652 --- [           main] c.petshop.mapper.ProductMapper.insert    : ==>  Preparing: INSERT INTO "product" ( merchant_id, name, description, price, stock, status, low_stock_threshold, category, created_at, updated_at ) VALUES ( ?, ?, ?, ?, ?, ?, ?, ?, ?, ? )
2026-04-23T18:55:08.672+08:00 DEBUG 21652 --- [           main] c.petshop.mapper.ProductMapper.insert    : ==> Parameters: 126(Integer), 宠物粮食(String), 优质宠物粮食(String), 59.99(BigDecimal), 100(Integer), enabled(String), 10(Integer), food(String), 2026-04-23T18:55:08.672294700(LocalDateTime), 2026-04-23T18:55:08.672294700(LocalDateTime)
2026-04-23T18:55:08.672+08:00 DEBUG 21652 --- [           main] c.petshop.mapper.ProductMapper.insert    : <==    Updates: 1
2026-04-23T18:55:08.753+08:00 DEBUG 21652 --- [           main] com.petshop.mapper.UserMapper.insert     : ==>  Preparing: INSERT INTO "user" ( username, email, password, phone, status, created_at, updated_at ) VALUES ( ?, ?, ?, ?, ?, ?, ? )
2026-04-23T18:55:08.753+08:00 DEBUG 21652 --- [           main] com.petshop.mapper.UserMapper.insert     : ==> Parameters: testuser(String), user@test.com(String), $2a$10$XZMvpL1F1kh1WPqFyHHnNu9lkSNrAwNY67WiqvqD6Hn5Ugkqz5FA.(String), 13800000001(String), active(String), 2026-04-23T18:55:08.753693300(LocalDateTime), 2026-04-23T18:55:08.753693300(LocalDateTime)
2026-04-23T18:55:08.753+08:00 DEBUG 21652 --- [           main] com.petshop.mapper.UserMapper.insert     : <==    Updates: 1
2026-04-23T18:55:08.753+08:00 DEBUG 21652 --- [           main] c.p.mapper.ProductOrderMapper.insert     : ==>  Preparing: INSERT INTO "product_order" ( order_no, user_id, merchant_id, total_price, freight, status, shipping_address, created_at, updated_at ) VALUES ( ?, ?, ?, ?, ?, ?, ?, ?, ? )
2026-04-23T18:55:08.754+08:00 DEBUG 21652 --- [           main] c.p.mapper.ProductOrderMapper.insert     : ==> Parameters: ORD1776941708753(String), 87(Integer), 126(Integer), 119.98(BigDecimal), 0(BigDecimal), pending(String), 测试收货地址(String), 2026-04-23T18:55:08.753693300(LocalDateTime), 2026-04-23T18:55:08.753693300(LocalDateTime)
2026-04-23T18:55:08.754+08:00 DEBUG 21652 --- [           main] c.p.mapper.ProductOrderMapper.insert     : <==    Updates: 1
2026-04-23T18:55:08.754+08:00 DEBUG 21652 --- [           main] com.petshop.mapper.ReviewMapper.insert   : ==>  Preparing: INSERT INTO "review" ( user_id, merchant_id, service_id, rating, comment, created_at, status ) VALUES ( ?, ?, ?, ?, ?, ?, ? )
2026-04-23T18:55:08.754+08:00 DEBUG 21652 --- [           main] com.petshop.mapper.ReviewMapper.insert   : ==> Parameters: 87(Integer), 126(Integer), 53(Integer), 5(Integer), 非常满意的服务！(String), 2026-04-23T18:55:08.754712300(LocalDateTime), approved(String)
2026-04-23T18:55:08.754+08:00 DEBUG 21652 --- [           main] com.petshop.mapper.ReviewMapper.insert   : <==    Updates: 1
2026-04-23T18:55:08.754+08:00 DEBUG 21652 --- [           main] o.s.security.web.FilterChainProxy        : Securing POST /api/auth/merchant/login
2026-04-23T18:55:08.755+08:00 DEBUG 21652 --- [           main] o.s.s.w.a.AnonymousAuthenticationFilter  : Set SecurityContextHolder to anonymous SecurityContext
2026-04-23T18:55:08.755+08:00 DEBUG 21652 --- [           main] o.s.security.web.FilterChainProxy        : Secured POST /api/auth/merchant/login
2026-04-23T18:55:08.755+08:00 DEBUG 21652 --- [           main] c.p.mapper.UserMapper.selectByPhone      : ==>  Preparing: SELECT * FROM `user` WHERE phone = ?
2026-04-23T18:55:08.756+08:00 DEBUG 21652 --- [           main] c.p.mapper.UserMapper.selectByPhone      : ==> Parameters: 13900000001(String)
2026-04-23T18:55:08.756+08:00 DEBUG 21652 --- [           main] c.p.mapper.UserMapper.selectByPhone      : <==      Total: 0
2026-04-23T18:55:08.756+08:00 DEBUG 21652 --- [           main] c.p.mapper.MerchantMapper.selectByPhone  : ==>  Preparing: SELECT * FROM `merchant` WHERE phone = ?
2026-04-23T18:55:08.756+08:00 DEBUG 21652 --- [           main] c.p.mapper.MerchantMapper.selectByPhone  : ==> Parameters: 13900000001(String)
2026-04-23T18:55:08.756+08:00 DEBUG 21652 --- [           main] c.p.mapper.MerchantMapper.selectByPhone  : <==      Total: 1
2026-04-23T18:55:08.841+08:00 DEBUG 21652 --- [           main] o.s.s.a.dao.DaoAuthenticationProvider    : Authenticated user
2026-04-23T18:55:08.843+08:00 DEBUG 21652 --- [           main] o.s.security.web.FilterChainProxy        : Securing GET /api/merchant/services
2026-04-23T18:55:08.845+08:00 DEBUG 21652 --- [           main] o.s.security.web.FilterChainProxy        : Secured GET /api/merchant/services
2026-04-23T18:55:08.845+08:00 DEBUG 21652 --- [           main] c.p.mapper.MerchantMapper.selectList     : ==>  Preparing: SELECT id,name,contact_person,phone,email,password,address,logo,status,created_at,updated_at FROM "merchant" WHERE (phone = ?)
2026-04-23T18:55:08.845+08:00 DEBUG 21652 --- [           main] c.p.mapper.MerchantMapper.selectList     : ==> Parameters: 13900000001(String)
2026-04-23T18:55:08.846+08:00 DEBUG 21652 --- [           main] c.p.mapper.MerchantMapper.selectList     : <==      Total: 1
2026-04-23T18:55:08.846+08:00 DEBUG 21652 --- [           main] c.p.mapper.ServiceMapper.selectList      : ==>  Preparing: SELECT id,merchant_id,name,description,price,duration,category,image,status,created_at,updated_at FROM "service" WHERE (merchant_id = ?)
2026-04-23T18:55:08.847+08:00 DEBUG 21652 --- [           main] c.p.mapper.ServiceMapper.selectList      : ==> Parameters: 126(Integer)
2026-04-23T18:55:08.847+08:00 DEBUG 21652 --- [           main] c.p.mapper.ServiceMapper.selectList      : <==      Total: 1
2026-04-23T18:55:08.938+08:00 DEBUG 21652 --- [           main] c.petshop.mapper.MerchantMapper.insert   : ==>  Preparing: INSERT INTO "merchant" ( name, contact_person, phone, email, password, address, status, created_at, updated_at ) VALUES ( ?, ?, ?, ?, ?, ?, ?, ?, ? )
2026-04-23T18:55:08.938+08:00 DEBUG 21652 --- [           main] c.petshop.mapper.MerchantMapper.insert   : ==> Parameters: 测试商家(String), 张三(String), 13900000001(String), merchant@test.com(String), $2a$10$S0YwkXIKXlLBIro3VeW0multIXdcbZaqnsDoN0FthrS0WXj2WVTb.(String), 测试地址123号(String), approved(String), 2026-04-23T18:55:08.938006900(LocalDateTime), 2026-04-23T18:55:08.938006900(LocalDateTime)
2026-04-23T18:55:08.938+08:00 DEBUG 21652 --- [           main] c.petshop.mapper.MerchantMapper.insert   : <==    Updates: 1
2026-04-23T18:55:08.939+08:00 DEBUG 21652 --- [           main] c.petshop.mapper.ServiceMapper.insert    : ==>  Preparing: INSERT INTO "service" ( merchant_id, name, description, price, duration, category, status, created_at, updated_at ) VALUES ( ?, ?, ?, ?, ?, ?, ?, ?, ? )
2026-04-23T18:55:08.939+08:00 DEBUG 21652 --- [           main] c.petshop.mapper.ServiceMapper.insert    : ==> Parameters: 127(Integer), 宠物美容(String), 专业宠物美容服务(String), 99.99(BigDecimal), 60(Integer), grooming(String), enabled(String), 2026-04-23T18:55:08.939009200(LocalDateTime), 2026-04-23T18:55:08.939009200(LocalDateTime)
2026-04-23T18:55:08.939+08:00 DEBUG 21652 --- [           main] c.petshop.mapper.ServiceMapper.insert    : <==    Updates: 1
2026-04-23T18:55:08.939+08:00 DEBUG 21652 --- [           main] c.petshop.mapper.ProductMapper.insert    : ==>  Preparing: INSERT INTO "product" ( merchant_id, name, description, price, stock, status, low_stock_threshold, category, created_at, updated_at ) VALUES ( ?, ?, ?, ?, ?, ?, ?, ?, ?, ? )
2026-04-23T18:55:08.939+08:00 DEBUG 21652 --- [           main] c.petshop.mapper.ProductMapper.insert    : ==> Parameters: 127(Integer), 宠物粮食(String), 优质宠物粮食(String), 59.99(BigDecimal), 100(Integer), enabled(String), 10(Integer), food(String), 2026-04-23T18:55:08.939009200(LocalDateTime), 2026-04-23T18:55:08.939009200(LocalDateTime)
2026-04-23T18:55:08.939+08:00 DEBUG 21652 --- [           main] c.petshop.mapper.ProductMapper.insert    : <==    Updates: 1
2026-04-23T18:55:09.022+08:00 DEBUG 21652 --- [           main] com.petshop.mapper.UserMapper.insert     : ==>  Preparing: INSERT INTO "user" ( username, email, password, phone, status, created_at, updated_at ) VALUES ( ?, ?, ?, ?, ?, ?, ? )
2026-04-23T18:55:09.023+08:00 DEBUG 21652 --- [           main] com.petshop.mapper.UserMapper.insert     : ==> Parameters: testuser(String), user@test.com(String), $2a$10$seU88ifrhL7Aip4vBc./pu3XEN7L2grsbb2OPLKHvyvtT3dYEpHmm(String), 13800000001(String), active(String), 2026-04-23T18:55:09.022390400(LocalDateTime), 2026-04-23T18:55:09.022390400(LocalDateTime)
2026-04-23T18:55:09.023+08:00 DEBUG 21652 --- [           main] com.petshop.mapper.UserMapper.insert     : <==    Updates: 1
2026-04-23T18:55:09.023+08:00 DEBUG 21652 --- [           main] c.p.mapper.ProductOrderMapper.insert     : ==>  Preparing: INSERT INTO "product_order" ( order_no, user_id, merchant_id, total_price, freight, status, shipping_address, created_at, updated_at ) VALUES ( ?, ?, ?, ?, ?, ?, ?, ?, ? )
2026-04-23T18:55:09.023+08:00 DEBUG 21652 --- [           main] c.p.mapper.ProductOrderMapper.insert     : ==> Parameters: ORD1776941709023(String), 88(Integer), 127(Integer), 119.98(BigDecimal), 0(BigDecimal), pending(String), 测试收货地址(String), 2026-04-23T18:55:09.023390200(LocalDateTime), 2026-04-23T18:55:09.023390200(LocalDateTime)
2026-04-23T18:55:09.023+08:00 DEBUG 21652 --- [           main] c.p.mapper.ProductOrderMapper.insert     : <==    Updates: 1
2026-04-23T18:55:09.024+08:00 DEBUG 21652 --- [           main] com.petshop.mapper.ReviewMapper.insert   : ==>  Preparing: INSERT INTO "review" ( user_id, merchant_id, service_id, rating, comment, created_at, status ) VALUES ( ?, ?, ?, ?, ?, ?, ? )
2026-04-23T18:55:09.024+08:00 DEBUG 21652 --- [           main] com.petshop.mapper.ReviewMapper.insert   : ==> Parameters: 88(Integer), 127(Integer), 54(Integer), 5(Integer), 非常满意的服务！(String), 2026-04-23T18:55:09.023912200(LocalDateTime), approved(String)
2026-04-23T18:55:09.024+08:00 DEBUG 21652 --- [           main] com.petshop.mapper.ReviewMapper.insert   : <==    Updates: 1
2026-04-23T18:55:09.024+08:00 DEBUG 21652 --- [           main] o.s.security.web.FilterChainProxy        : Securing POST /api/auth/merchant/login
2026-04-23T18:55:09.025+08:00 DEBUG 21652 --- [           main] o.s.s.w.a.AnonymousAuthenticationFilter  : Set SecurityContextHolder to anonymous SecurityContext
2026-04-23T18:55:09.025+08:00 DEBUG 21652 --- [           main] o.s.security.web.FilterChainProxy        : Secured POST /api/auth/merchant/login
2026-04-23T18:55:09.026+08:00 DEBUG 21652 --- [           main] c.p.mapper.UserMapper.selectByPhone      : ==>  Preparing: SELECT * FROM `user` WHERE phone = ?
2026-04-23T18:55:09.026+08:00 DEBUG 21652 --- [           main] c.p.mapper.UserMapper.selectByPhone      : ==> Parameters: 13900000001(String)
2026-04-23T18:55:09.026+08:00 DEBUG 21652 --- [           main] c.p.mapper.UserMapper.selectByPhone      : <==      Total: 0
2026-04-23T18:55:09.026+08:00 DEBUG 21652 --- [           main] c.p.mapper.MerchantMapper.selectByPhone  : ==>  Preparing: SELECT * FROM `merchant` WHERE phone = ?
2026-04-23T18:55:09.026+08:00 DEBUG 21652 --- [           main] c.p.mapper.MerchantMapper.selectByPhone  : ==> Parameters: 13900000001(String)
2026-04-23T18:55:09.027+08:00 DEBUG 21652 --- [           main] c.p.mapper.MerchantMapper.selectByPhone  : <==      Total: 1
2026-04-23T18:55:09.110+08:00 DEBUG 21652 --- [           main] o.s.s.a.dao.DaoAuthenticationProvider    : Authenticated user
2026-04-23T18:55:09.112+08:00 DEBUG 21652 --- [           main] o.s.security.web.FilterChainProxy        : Securing DELETE /api/merchant/services/99999
2026-04-23T18:55:09.113+08:00 DEBUG 21652 --- [           main] o.s.security.web.FilterChainProxy        : Secured DELETE /api/merchant/services/99999
2026-04-23T18:55:09.115+08:00 DEBUG 21652 --- [           main] c.p.mapper.MerchantMapper.selectList     : ==>  Preparing: SELECT id,name,contact_person,phone,email,password,address,logo,status,created_at,updated_at FROM "merchant" WHERE (phone = ?)
2026-04-23T18:55:09.115+08:00 DEBUG 21652 --- [           main] c.p.mapper.MerchantMapper.selectList     : ==> Parameters: 13900000001(String)
2026-04-23T18:55:09.116+08:00 DEBUG 21652 --- [           main] c.p.mapper.MerchantMapper.selectList     : <==      Total: 1
2026-04-23T18:55:09.116+08:00 DEBUG 21652 --- [           main] c.p.m.S.selectByIdWithMerchant           : ==>  Preparing: SELECT s.*, m.id as merchant_id, m.name as merchant_name, m.contact_person as merchant_contact_person, m.phone as merchant_phone, m.email as merchant_email, m.address as merchant_address, m.logo as merchant_logo, m.status as merchant_status, m.created_at as merchant_created_at, m.updated_at as merchant_updated_at FROM service s LEFT JOIN merchant m ON s.merchant_id = m.id WHERE s.id = ?
2026-04-23T18:55:09.116+08:00 DEBUG 21652 --- [           main] c.p.m.S.selectByIdWithMerchant           : ==> Parameters: 99999(Integer)
2026-04-23T18:55:09.116+08:00 DEBUG 21652 --- [           main] c.p.m.S.selectByIdWithMerchant           : <==      Total: 0
2026-04-23T18:55:09.211+08:00 DEBUG 21652 --- [           main] c.petshop.mapper.MerchantMapper.insert   : ==>  Preparing: INSERT INTO "merchant" ( name, contact_person, phone, email, password, address, status, created_at, updated_at ) VALUES ( ?, ?, ?, ?, ?, ?, ?, ?, ? )
2026-04-23T18:55:09.211+08:00 DEBUG 21652 --- [           main] c.petshop.mapper.MerchantMapper.insert   : ==> Parameters: 测试商家(String), 张三(String), 13900000001(String), merchant@test.com(String), $2a$10$/OekdmWXt0DIF6IneEIXVuN8xx3I.qkagm3HDYRo8YwrxkcTCQvRK(String), 测试地址123号(String), approved(String), 2026-04-23T18:55:09.211340100(LocalDateTime), 2026-04-23T18:55:09.211340100(LocalDateTime)
2026-04-23T18:55:09.211+08:00 DEBUG 21652 --- [           main] c.petshop.mapper.MerchantMapper.insert   : <==    Updates: 1
2026-04-23T18:55:09.211+08:00 DEBUG 21652 --- [           main] c.petshop.mapper.ServiceMapper.insert    : ==>  Preparing: INSERT INTO "service" ( merchant_id, name, description, price, duration, category, status, created_at, updated_at ) VALUES ( ?, ?, ?, ?, ?, ?, ?, ?, ? )
2026-04-23T18:55:09.212+08:00 DEBUG 21652 --- [           main] c.petshop.mapper.ServiceMapper.insert    : ==> Parameters: 128(Integer), 宠物美容(String), 专业宠物美容服务(String), 99.99(BigDecimal), 60(Integer), grooming(String), enabled(String), 2026-04-23T18:55:09.211340100(LocalDateTime), 2026-04-23T18:55:09.211340100(LocalDateTime)
2026-04-23T18:55:09.212+08:00 DEBUG 21652 --- [           main] c.petshop.mapper.ServiceMapper.insert    : <==    Updates: 1
2026-04-23T18:55:09.212+08:00 DEBUG 21652 --- [           main] c.petshop.mapper.ProductMapper.insert    : ==>  Preparing: INSERT INTO "product" ( merchant_id, name, description, price, stock, status, low_stock_threshold, category, created_at, updated_at ) VALUES ( ?, ?, ?, ?, ?, ?, ?, ?, ?, ? )
2026-04-23T18:55:09.212+08:00 DEBUG 21652 --- [           main] c.petshop.mapper.ProductMapper.insert    : ==> Parameters: 128(Integer), 宠物粮食(String), 优质宠物粮食(String), 59.99(BigDecimal), 100(Integer), enabled(String), 10(Integer), food(String), 2026-04-23T18:55:09.212320800(LocalDateTime), 2026-04-23T18:55:09.212320800(LocalDateTime)
2026-04-23T18:55:09.212+08:00 DEBUG 21652 --- [           main] c.petshop.mapper.ProductMapper.insert    : <==    Updates: 1
2026-04-23T18:55:09.292+08:00 DEBUG 21652 --- [           main] com.petshop.mapper.UserMapper.insert     : ==>  Preparing: INSERT INTO "user" ( username, email, password, phone, status, created_at, updated_at ) VALUES ( ?, ?, ?, ?, ?, ?, ? )
2026-04-23T18:55:09.293+08:00 DEBUG 21652 --- [           main] com.petshop.mapper.UserMapper.insert     : ==> Parameters: testuser(String), user@test.com(String), $2a$10$GMijq9byWwGr2zJ7duLbxOjx8DtlfVcMXa3RFtueZ3CY4KYhtS5la(String), 13800000001(String), active(String), 2026-04-23T18:55:09.292658800(LocalDateTime), 2026-04-23T18:55:09.292658800(LocalDateTime)
2026-04-23T18:55:09.293+08:00 DEBUG 21652 --- [           main] com.petshop.mapper.UserMapper.insert     : <==    Updates: 1
2026-04-23T18:55:09.293+08:00 DEBUG 21652 --- [           main] c.p.mapper.ProductOrderMapper.insert     : ==>  Preparing: INSERT INTO "product_order" ( order_no, user_id, merchant_id, total_price, freight, status, shipping_address, created_at, updated_at ) VALUES ( ?, ?, ?, ?, ?, ?, ?, ?, ? )
2026-04-23T18:55:09.293+08:00 DEBUG 21652 --- [           main] c.p.mapper.ProductOrderMapper.insert     : ==> Parameters: ORD1776941709293(String), 89(Integer), 128(Integer), 119.98(BigDecimal), 0(BigDecimal), pending(String), 测试收货地址(String), 2026-04-23T18:55:09.293639400(LocalDateTime), 2026-04-23T18:55:09.293639400(LocalDateTime)
2026-04-23T18:55:09.293+08:00 DEBUG 21652 --- [           main] c.p.mapper.ProductOrderMapper.insert     : <==    Updates: 1
2026-04-23T18:55:09.293+08:00 DEBUG 21652 --- [           main] com.petshop.mapper.ReviewMapper.insert   : ==>  Preparing: INSERT INTO "review" ( user_id, merchant_id, service_id, rating, comment, created_at, status ) VALUES ( ?, ?, ?, ?, ?, ?, ? )
2026-04-23T18:55:09.293+08:00 DEBUG 21652 --- [           main] com.petshop.mapper.ReviewMapper.insert   : ==> Parameters: 89(Integer), 128(Integer), 55(Integer), 5(Integer), 非常满意的服务！(String), 2026-04-23T18:55:09.293639400(LocalDateTime), approved(String)
2026-04-23T18:55:09.293+08:00 DEBUG 21652 --- [           main] com.petshop.mapper.ReviewMapper.insert   : <==    Updates: 1
2026-04-23T18:55:09.294+08:00 DEBUG 21652 --- [           main] o.s.security.web.FilterChainProxy        : Securing POST /api/auth/merchant/login
2026-04-23T18:55:09.294+08:00 DEBUG 21652 --- [           main] o.s.s.w.a.AnonymousAuthenticationFilter  : Set SecurityContextHolder to anonymous SecurityContext
2026-04-23T18:55:09.294+08:00 DEBUG 21652 --- [           main] o.s.security.web.FilterChainProxy        : Secured POST /api/auth/merchant/login
2026-04-23T18:55:09.295+08:00 DEBUG 21652 --- [           main] c.p.mapper.UserMapper.selectByPhone      : ==>  Preparing: SELECT * FROM `user` WHERE phone = ?
2026-04-23T18:55:09.295+08:00 DEBUG 21652 --- [           main] c.p.mapper.UserMapper.selectByPhone      : ==> Parameters: 13900000001(String)
2026-04-23T18:55:09.295+08:00 DEBUG 21652 --- [           main] c.p.mapper.UserMapper.selectByPhone      : <==      Total: 0
2026-04-23T18:55:09.295+08:00 DEBUG 21652 --- [           main] c.p.mapper.MerchantMapper.selectByPhone  : ==>  Preparing: SELECT * FROM `merchant` WHERE phone = ?
2026-04-23T18:55:09.295+08:00 DEBUG 21652 --- [           main] c.p.mapper.MerchantMapper.selectByPhone  : ==> Parameters: 13900000001(String)
2026-04-23T18:55:09.296+08:00 DEBUG 21652 --- [           main] c.p.mapper.MerchantMapper.selectByPhone  : <==      Total: 1
2026-04-23T18:55:09.380+08:00 DEBUG 21652 --- [           main] o.s.s.a.dao.DaoAuthenticationProvider    : Authenticated user
2026-04-23T18:55:09.383+08:00 DEBUG 21652 --- [           main] o.s.security.web.FilterChainProxy        : Securing PUT /api/merchant/services/99999
2026-04-23T18:55:09.385+08:00 DEBUG 21652 --- [           main] o.s.security.web.FilterChainProxy        : Secured PUT /api/merchant/services/99999
2026-04-23T18:55:09.386+08:00 DEBUG 21652 --- [           main] c.p.mapper.MerchantMapper.selectList     : ==>  Preparing: SELECT id,name,contact_person,phone,email,password,address,logo,status,created_at,updated_at FROM "merchant" WHERE (phone = ?)
2026-04-23T18:55:09.386+08:00 DEBUG 21652 --- [           main] c.p.mapper.MerchantMapper.selectList     : ==> Parameters: 13900000001(String)
2026-04-23T18:55:09.387+08:00 DEBUG 21652 --- [           main] c.p.mapper.MerchantMapper.selectList     : <==      Total: 1
2026-04-23T18:55:09.387+08:00 DEBUG 21652 --- [           main] c.p.m.S.selectByIdWithMerchant           : ==>  Preparing: SELECT s.*, m.id as merchant_id, m.name as merchant_name, m.contact_person as merchant_contact_person, m.phone as merchant_phone, m.email as merchant_email, m.address as merchant_address, m.logo as merchant_logo, m.status as merchant_status, m.created_at as merchant_created_at, m.updated_at as merchant_updated_at FROM service s LEFT JOIN merchant m ON s.merchant_id = m.id WHERE s.id = ?
2026-04-23T18:55:09.387+08:00 DEBUG 21652 --- [           main] c.p.m.S.selectByIdWithMerchant           : ==> Parameters: 99999(Integer)
2026-04-23T18:55:09.387+08:00 DEBUG 21652 --- [           main] c.p.m.S.selectByIdWithMerchant           : <==      Total: 0
2026-04-23T18:55:09.474+08:00 DEBUG 21652 --- [           main] c.petshop.mapper.MerchantMapper.insert   : ==>  Preparing: INSERT INTO "merchant" ( name, contact_person, phone, email, password, address, status, created_at, updated_at ) VALUES ( ?, ?, ?, ?, ?, ?, ?, ?, ? )
2026-04-23T18:55:09.474+08:00 DEBUG 21652 --- [           main] c.petshop.mapper.MerchantMapper.insert   : ==> Parameters: 测试商家(String), 张三(String), 13900000001(String), merchant@test.com(String), $2a$10$RKmiBz7E4CtFk9WK8mPxvee2m2mJWFAPFGo6IjLqaCqL2r2kPfYMa(String), 测试地址123号(String), approved(String), 2026-04-23T18:55:09.474152800(LocalDateTime), 2026-04-23T18:55:09.474152800(LocalDateTime)
2026-04-23T18:55:09.474+08:00 DEBUG 21652 --- [           main] c.petshop.mapper.MerchantMapper.insert   : <==    Updates: 1
2026-04-23T18:55:09.474+08:00 DEBUG 21652 --- [           main] c.petshop.mapper.ServiceMapper.insert    : ==>  Preparing: INSERT INTO "service" ( merchant_id, name, description, price, duration, category, status, created_at, updated_at ) VALUES ( ?, ?, ?, ?, ?, ?, ?, ?, ? )
2026-04-23T18:55:09.474+08:00 DEBUG 21652 --- [           main] c.petshop.mapper.ServiceMapper.insert    : ==> Parameters: 129(Integer), 宠物美容(String), 专业宠物美容服务(String), 99.99(BigDecimal), 60(Integer), grooming(String), enabled(String), 2026-04-23T18:55:09.474698200(LocalDateTime), 2026-04-23T18:55:09.474698200(LocalDateTime)
2026-04-23T18:55:09.474+08:00 DEBUG 21652 --- [           main] c.petshop.mapper.ServiceMapper.insert    : <==    Updates: 1
2026-04-23T18:55:09.475+08:00 DEBUG 21652 --- [           main] c.petshop.mapper.ProductMapper.insert    : ==>  Preparing: INSERT INTO "product" ( merchant_id, name, description, price, stock, status, low_stock_threshold, category, created_at, updated_at ) VALUES ( ?, ?, ?, ?, ?, ?, ?, ?, ?, ? )
2026-04-23T18:55:09.475+08:00 DEBUG 21652 --- [           main] c.petshop.mapper.ProductMapper.insert    : ==> Parameters: 129(Integer), 宠物粮食(String), 优质宠物粮食(String), 59.99(BigDecimal), 100(Integer), enabled(String), 10(Integer), food(String), 2026-04-23T18:55:09.474698200(LocalDateTime), 2026-04-23T18:55:09.474698200(LocalDateTime)
2026-04-23T18:55:09.475+08:00 DEBUG 21652 --- [           main] c.petshop.mapper.ProductMapper.insert    : <==    Updates: 1
2026-04-23T18:55:09.558+08:00 DEBUG 21652 --- [           main] com.petshop.mapper.UserMapper.insert     : ==>  Preparing: INSERT INTO "user" ( username, email, password, phone, status, created_at, updated_at ) VALUES ( ?, ?, ?, ?, ?, ?, ? )
2026-04-23T18:55:09.559+08:00 DEBUG 21652 --- [           main] com.petshop.mapper.UserMapper.insert     : ==> Parameters: testuser(String), user@test.com(String), $2a$10$ozu1vZdPSzRYvnoiTObfv.r9DuTH.OphMfiadyz9sGcCMJdPzIlMS(String), 13800000001(String), active(String), 2026-04-23T18:55:09.558659900(LocalDateTime), 2026-04-23T18:55:09.558659900(LocalDateTime)
2026-04-23T18:55:09.559+08:00 DEBUG 21652 --- [           main] com.petshop.mapper.UserMapper.insert     : <==    Updates: 1
2026-04-23T18:55:09.560+08:00 DEBUG 21652 --- [           main] c.p.mapper.ProductOrderMapper.insert     : ==>  Preparing: INSERT INTO "product_order" ( order_no, user_id, merchant_id, total_price, freight, status, shipping_address, created_at, updated_at ) VALUES ( ?, ?, ?, ?, ?, ?, ?, ?, ? )
2026-04-23T18:55:09.560+08:00 DEBUG 21652 --- [           main] c.p.mapper.ProductOrderMapper.insert     : ==> Parameters: ORD1776941709559(String), 90(Integer), 129(Integer), 119.98(BigDecimal), 0(BigDecimal), pending(String), 测试收货地址(String), 2026-04-23T18:55:09.559664(LocalDateTime), 2026-04-23T18:55:09.559664(LocalDateTime)
2026-04-23T18:55:09.560+08:00 DEBUG 21652 --- [           main] c.p.mapper.ProductOrderMapper.insert     : <==    Updates: 1
2026-04-23T18:55:09.560+08:00 DEBUG 21652 --- [           main] com.petshop.mapper.ReviewMapper.insert   : ==>  Preparing: INSERT INTO "review" ( user_id, merchant_id, service_id, rating, comment, created_at, status ) VALUES ( ?, ?, ?, ?, ?, ?, ? )
2026-04-23T18:55:09.560+08:00 DEBUG 21652 --- [           main] com.petshop.mapper.ReviewMapper.insert   : ==> Parameters: 90(Integer), 129(Integer), 56(Integer), 5(Integer), 非常满意的服务！(String), 2026-04-23T18:55:09.560061500(LocalDateTime), approved(String)
2026-04-23T18:55:09.560+08:00 DEBUG 21652 --- [           main] com.petshop.mapper.ReviewMapper.insert   : <==    Updates: 1
2026-04-23T18:55:09.561+08:00 DEBUG 21652 --- [           main] o.s.security.web.FilterChainProxy        : Securing POST /api/auth/merchant/login
2026-04-23T18:55:09.561+08:00 DEBUG 21652 --- [           main] o.s.s.w.a.AnonymousAuthenticationFilter  : Set SecurityContextHolder to anonymous SecurityContext
2026-04-23T18:55:09.561+08:00 DEBUG 21652 --- [           main] o.s.security.web.FilterChainProxy        : Secured POST /api/auth/merchant/login
2026-04-23T18:55:09.562+08:00 DEBUG 21652 --- [           main] c.p.mapper.UserMapper.selectByPhone      : ==>  Preparing: SELECT * FROM `user` WHERE phone = ?
2026-04-23T18:55:09.562+08:00 DEBUG 21652 --- [           main] c.p.mapper.UserMapper.selectByPhone      : ==> Parameters: 13900000001(String)
2026-04-23T18:55:09.562+08:00 DEBUG 21652 --- [           main] c.p.mapper.UserMapper.selectByPhone      : <==      Total: 0
2026-04-23T18:55:09.562+08:00 DEBUG 21652 --- [           main] c.p.mapper.MerchantMapper.selectByPhone  : ==>  Preparing: SELECT * FROM `merchant` WHERE phone = ?
2026-04-23T18:55:09.562+08:00 DEBUG 21652 --- [           main] c.p.mapper.MerchantMapper.selectByPhone  : ==> Parameters: 13900000001(String)
2026-04-23T18:55:09.562+08:00 DEBUG 21652 --- [           main] c.p.mapper.MerchantMapper.selectByPhone  : <==      Total: 1
2026-04-23T18:55:09.657+08:00 DEBUG 21652 --- [           main] o.s.s.a.dao.DaoAuthenticationProvider    : Authenticated user
2026-04-23T18:55:09.660+08:00 DEBUG 21652 --- [           main] o.s.security.web.FilterChainProxy        : Securing GET /api/merchant/services/56
2026-04-23T18:55:09.662+08:00 DEBUG 21652 --- [           main] o.s.security.web.FilterChainProxy        : Secured GET /api/merchant/services/56
2026-04-23T18:55:09.664+08:00 DEBUG 21652 --- [           main] c.p.mapper.MerchantMapper.selectList     : ==>  Preparing: SELECT id,name,contact_person,phone,email,password,address,logo,status,created_at,updated_at FROM "merchant" WHERE (phone = ?)
2026-04-23T18:55:09.664+08:00 DEBUG 21652 --- [           main] c.p.mapper.MerchantMapper.selectList     : ==> Parameters: 13900000001(String)
2026-04-23T18:55:09.665+08:00 DEBUG 21652 --- [           main] c.p.mapper.MerchantMapper.selectList     : <==      Total: 1
2026-04-23T18:55:09.665+08:00 DEBUG 21652 --- [           main] c.p.m.S.selectByIdWithMerchant           : ==>  Preparing: SELECT s.*, m.id as merchant_id, m.name as merchant_name, m.contact_person as merchant_contact_person, m.phone as merchant_phone, m.email as merchant_email, m.address as merchant_address, m.logo as merchant_logo, m.status as merchant_status, m.created_at as merchant_created_at, m.updated_at as merchant_updated_at FROM service s LEFT JOIN merchant m ON s.merchant_id = m.id WHERE s.id = ?
2026-04-23T18:55:09.666+08:00 DEBUG 21652 --- [           main] c.p.m.S.selectByIdWithMerchant           : ==> Parameters: 56(Integer)
2026-04-23T18:55:09.666+08:00 DEBUG 21652 --- [           main] c.p.m.S.selectByIdWithMerchant           : <==      Total: 1
2026-04-23T18:55:09.774+08:00 DEBUG 21652 --- [           main] c.petshop.mapper.MerchantMapper.insert   : ==>  Preparing: INSERT INTO "merchant" ( name, contact_person, phone, email, password, address, status, created_at, updated_at ) VALUES ( ?, ?, ?, ?, ?, ?, ?, ?, ? )
2026-04-23T18:55:09.774+08:00 DEBUG 21652 --- [           main] c.petshop.mapper.MerchantMapper.insert   : ==> Parameters: 测试商家(String), 张三(String), 13900000001(String), merchant@test.com(String), $2a$10$0n7xTknsz1QhpejTBcdS/Od5q90ZoLTYXltif1rxN3gvpUpzMuLai(String), 测试地址123号(String), approved(String), 2026-04-23T18:55:09.774252100(LocalDateTime), 2026-04-23T18:55:09.774252100(LocalDateTime)
2026-04-23T18:55:09.774+08:00 DEBUG 21652 --- [           main] c.petshop.mapper.MerchantMapper.insert   : <==    Updates: 1
2026-04-23T18:55:09.774+08:00 DEBUG 21652 --- [           main] c.petshop.mapper.ServiceMapper.insert    : ==>  Preparing: INSERT INTO "service" ( merchant_id, name, description, price, duration, category, status, created_at, updated_at ) VALUES ( ?, ?, ?, ?, ?, ?, ?, ?, ? )
2026-04-23T18:55:09.774+08:00 DEBUG 21652 --- [           main] c.petshop.mapper.ServiceMapper.insert    : ==> Parameters: 130(Integer), 宠物美容(String), 专业宠物美容服务(String), 99.99(BigDecimal), 60(Integer), grooming(String), enabled(String), 2026-04-23T18:55:09.774773(LocalDateTime), 2026-04-23T18:55:09.774773(LocalDateTime)
2026-04-23T18:55:09.774+08:00 DEBUG 21652 --- [           main] c.petshop.mapper.ServiceMapper.insert    : <==    Updates: 1
2026-04-23T18:55:09.774+08:00 DEBUG 21652 --- [           main] c.petshop.mapper.ProductMapper.insert    : ==>  Preparing: INSERT INTO "product" ( merchant_id, name, description, price, stock, status, low_stock_threshold, category, created_at, updated_at ) VALUES ( ?, ?, ?, ?, ?, ?, ?, ?, ?, ? )
2026-04-23T18:55:09.774+08:00 DEBUG 21652 --- [           main] c.petshop.mapper.ProductMapper.insert    : ==> Parameters: 130(Integer), 宠物粮食(String), 优质宠物粮食(String), 59.99(BigDecimal), 100(Integer), enabled(String), 10(Integer), food(String), 2026-04-23T18:55:09.774773(LocalDateTime), 2026-04-23T18:55:09.774773(LocalDateTime)
2026-04-23T18:55:09.775+08:00 DEBUG 21652 --- [           main] c.petshop.mapper.ProductMapper.insert    : <==    Updates: 1
2026-04-23T18:55:09.865+08:00 DEBUG 21652 --- [           main] com.petshop.mapper.UserMapper.insert     : ==>  Preparing: INSERT INTO "user" ( username, email, password, phone, status, created_at, updated_at ) VALUES ( ?, ?, ?, ?, ?, ?, ? )
2026-04-23T18:55:09.865+08:00 DEBUG 21652 --- [           main] com.petshop.mapper.UserMapper.insert     : ==> Parameters: testuser(String), user@test.com(String), $2a$10$A4DGZ025r/XSsT8BxIP8F.nRqBU6TQLt4N4VLIuUa6RlM9/kK74Eq(String), 13800000001(String), active(String), 2026-04-23T18:55:09.865593900(LocalDateTime), 2026-04-23T18:55:09.865593900(LocalDateTime)
2026-04-23T18:55:09.865+08:00 DEBUG 21652 --- [           main] com.petshop.mapper.UserMapper.insert     : <==    Updates: 1
2026-04-23T18:55:09.865+08:00 DEBUG 21652 --- [           main] c.p.mapper.ProductOrderMapper.insert     : ==>  Preparing: INSERT INTO "product_order" ( order_no, user_id, merchant_id, total_price, freight, status, shipping_address, created_at, updated_at ) VALUES ( ?, ?, ?, ?, ?, ?, ?, ?, ? )
2026-04-23T18:55:09.867+08:00 DEBUG 21652 --- [           main] c.p.mapper.ProductOrderMapper.insert     : ==> Parameters: ORD1776941709865(String), 91(Integer), 130(Integer), 119.98(BigDecimal), 0(BigDecimal), pending(String), 测试收货地址(String), 2026-04-23T18:55:09.865997900(LocalDateTime), 2026-04-23T18:55:09.865997900(LocalDateTime)
2026-04-23T18:55:09.867+08:00 DEBUG 21652 --- [           main] c.p.mapper.ProductOrderMapper.insert     : <==    Updates: 1
2026-04-23T18:55:09.867+08:00 DEBUG 21652 --- [           main] com.petshop.mapper.ReviewMapper.insert   : ==>  Preparing: INSERT INTO "review" ( user_id, merchant_id, service_id, rating, comment, created_at, status ) VALUES ( ?, ?, ?, ?, ?, ?, ? )
2026-04-23T18:55:09.867+08:00 DEBUG 21652 --- [           main] com.petshop.mapper.ReviewMapper.insert   : ==> Parameters: 91(Integer), 130(Integer), 57(Integer), 5(Integer), 非常满意的服务！(String), 2026-04-23T18:55:09.867088100(LocalDateTime), approved(String)
2026-04-23T18:55:09.867+08:00 DEBUG 21652 --- [           main] com.petshop.mapper.ReviewMapper.insert   : <==    Updates: 1
2026-04-23T18:55:09.867+08:00 DEBUG 21652 --- [           main] o.s.security.web.FilterChainProxy        : Securing POST /api/auth/merchant/login
2026-04-23T18:55:09.867+08:00 DEBUG 21652 --- [           main] o.s.s.w.a.AnonymousAuthenticationFilter  : Set SecurityContextHolder to anonymous SecurityContext
2026-04-23T18:55:09.867+08:00 DEBUG 21652 --- [           main] o.s.security.web.FilterChainProxy        : Secured POST /api/auth/merchant/login
2026-04-23T18:55:09.869+08:00 DEBUG 21652 --- [           main] c.p.mapper.UserMapper.selectByPhone      : ==>  Preparing: SELECT * FROM `user` WHERE phone = ?
2026-04-23T18:55:09.869+08:00 DEBUG 21652 --- [           main] c.p.mapper.UserMapper.selectByPhone      : ==> Parameters: 13900000001(String)
2026-04-23T18:55:09.869+08:00 DEBUG 21652 --- [           main] c.p.mapper.UserMapper.selectByPhone      : <==      Total: 0
2026-04-23T18:55:09.869+08:00 DEBUG 21652 --- [           main] c.p.mapper.MerchantMapper.selectByPhone  : ==>  Preparing: SELECT * FROM `merchant` WHERE phone = ?
2026-04-23T18:55:09.870+08:00 DEBUG 21652 --- [           main] c.p.mapper.MerchantMapper.selectByPhone  : ==> Parameters: 13900000001(String)
2026-04-23T18:55:09.870+08:00 DEBUG 21652 --- [           main] c.p.mapper.MerchantMapper.selectByPhone  : <==      Total: 1
2026-04-23T18:55:09.958+08:00 DEBUG 21652 --- [           main] o.s.s.a.dao.DaoAuthenticationProvider    : Authenticated user
2026-04-23T18:55:09.960+08:00 DEBUG 21652 --- [           main] o.s.security.web.FilterChainProxy        : Securing PUT /api/merchant/services/57
2026-04-23T18:55:09.961+08:00 DEBUG 21652 --- [           main] o.s.security.web.FilterChainProxy        : Secured PUT /api/merchant/services/57
2026-04-23T18:55:09.963+08:00 DEBUG 21652 --- [           main] c.p.mapper.MerchantMapper.selectList     : ==>  Preparing: SELECT id,name,contact_person,phone,email,password,address,logo,status,created_at,updated_at FROM "merchant" WHERE (phone = ?)
2026-04-23T18:55:09.963+08:00 DEBUG 21652 --- [           main] c.p.mapper.MerchantMapper.selectList     : ==> Parameters: 13900000001(String)
2026-04-23T18:55:09.963+08:00 DEBUG 21652 --- [           main] c.p.mapper.MerchantMapper.selectList     : <==      Total: 1
2026-04-23T18:55:09.964+08:00 DEBUG 21652 --- [           main] c.p.m.S.selectByIdWithMerchant           : ==>  Preparing: SELECT s.*, m.id as merchant_id, m.name as merchant_name, m.contact_person as merchant_contact_person, m.phone as merchant_phone, m.email as merchant_email, m.address as merchant_address, m.logo as merchant_logo, m.status as merchant_status, m.created_at as merchant_created_at, m.updated_at as merchant_updated_at FROM service s LEFT JOIN merchant m ON s.merchant_id = m.id WHERE s.id = ?
2026-04-23T18:55:09.964+08:00 DEBUG 21652 --- [           main] c.p.m.S.selectByIdWithMerchant           : ==> Parameters: 57(Integer)
2026-04-23T18:55:09.965+08:00 DEBUG 21652 --- [           main] c.p.m.S.selectByIdWithMerchant           : <==      Total: 1
2026-04-23T18:55:09.966+08:00 DEBUG 21652 --- [           main] c.p.mapper.ServiceMapper.updateById      : ==>  Preparing: UPDATE "service" SET name=?, description=?, price=?, duration=?, category=?, status=?, created_at=?, updated_at=? WHERE id=?
2026-04-23T18:55:09.966+08:00 DEBUG 21652 --- [           main] c.p.mapper.ServiceMapper.updateById      : ==> Parameters: 高级宠物美容(String), 高级宠物美容服务(String), 199.99(BigDecimal), 90(Integer), grooming(String), enabled(String), 2026-04-23T18:55:09.774773(LocalDateTime), null, 57(Integer)
2026-04-23T18:55:09.967+08:00 DEBUG 21652 --- [           main] c.p.mapper.ServiceMapper.updateById      : <==    Updates: 1
[INFO] Tests run: 10, Failures: 0, Errors: 0, Skipped: 0, Time elapsed: 2.934 s -- in com.petshop.controller.MerchantApiControllerTest$ServiceManagementTests
[INFO] Tests run: 0, Failures: 0, Errors: 0, Skipped: 0, Time elapsed: 15.26 s -- in com.petshop.controller.MerchantApiControllerTest
[INFO] Running com.petshop.controller.UserApiControllerTest
2026-04-23T18:55:09.979+08:00  INFO 21652 --- [           main] t.c.s.AnnotationConfigContextLoaderUtils : Could not detect default configuration classes for test class [com.petshop.controller.UserApiControllerTest]: UserApiControllerTest does not declare any static, non-private, non-final, nested classes annotated with @Configuration.
2026-04-23T18:55:09.984+08:00  INFO 21652 --- [           main] .b.t.c.SpringBootTestContextBootstrapper : Found @SpringBootConfiguration com.petshop.PetManagementSystemApplication for test class com.petshop.controller.UserApiControllerTest
[INFO] Running com.petshop.controller.UserApiControllerTest$AddressApiTests
2026-04-23T18:55:09.989+08:00  INFO 21652 --- [           main] t.c.s.AnnotationConfigContextLoaderUtils : Could not detect default configuration classes for test class [com.petshop.controller.UserApiControllerTest$AddressApiTests]: AddressApiTests does not declare any static, non-private, non-final, nested classes annotated with @Configuration.
2026-04-23T18:55:09.998+08:00  INFO 21652 --- [           main] .b.t.c.SpringBootTestContextBootstrapper : Found @SpringBootConfiguration com.petshop.PetManagementSystemApplication for test class com.petshop.controller.UserApiControllerTest$AddressApiTests
2026-04-23T18:55:10.102+08:00 DEBUG 21652 --- [           main] com.petshop.mapper.UserMapper.insert     : ==>  Preparing: INSERT INTO "user" ( username, email, password, phone, status, created_at, updated_at ) VALUES ( ?, ?, ?, ?, ?, ?, ? )
2026-04-23T18:55:10.102+08:00 DEBUG 21652 --- [           main] com.petshop.mapper.UserMapper.insert     : ==> Parameters: testuser(String), testuser@example.com(String), $2a$10$GP89azTynxLBlh4ZUEDRhuk5bKtWPT1Js3VrlQLrOerR1nItWeTzG(String), 13900000001(String), active(String), 2026-04-23T18:55:10.102000700(LocalDateTime), 2026-04-23T18:55:10.102000700(LocalDateTime)
2026-04-23T18:55:10.102+08:00 DEBUG 21652 --- [           main] com.petshop.mapper.UserMapper.insert     : <==    Updates: 1
2026-04-23T18:55:10.188+08:00 DEBUG 21652 --- [           main] c.petshop.mapper.MerchantMapper.insert   : ==>  Preparing: INSERT INTO "merchant" ( name, contact_person, phone, email, password, address, status, created_at, updated_at ) VALUES ( ?, ?, ?, ?, ?, ?, ?, ?, ? )
2026-04-23T18:55:10.188+08:00 DEBUG 21652 --- [           main] c.petshop.mapper.MerchantMapper.insert   : ==> Parameters: Test Merchant(String), Test Contact(String), 13900000002(String), merchant@example.com(String), $2a$10$EsFK4ZtliAFS4mI50sXwv.VKhnss.ve7ox0FeX5GDuvnBfp26H1mu(String), Test Address 123(String), approved(String), 2026-04-23T18:55:10.187266100(LocalDateTime), 2026-04-23T18:55:10.187266100(LocalDateTime)
2026-04-23T18:55:10.188+08:00 DEBUG 21652 --- [           main] c.petshop.mapper.MerchantMapper.insert   : <==    Updates: 1
2026-04-23T18:55:10.189+08:00 DEBUG 21652 --- [           main] c.petshop.mapper.ServiceMapper.insert    : ==>  Preparing: INSERT INTO "service" ( merchant_id, name, description, price, duration, category, status, created_at, updated_at ) VALUES ( ?, ?, ?, ?, ?, ?, ?, ?, ? )
2026-04-23T18:55:10.189+08:00 DEBUG 21652 --- [           main] c.petshop.mapper.ServiceMapper.insert    : ==> Parameters: 131(Integer), Test Pet Grooming(String), Professional pet grooming service(String), 99.99(BigDecimal), 60(Integer), grooming(String), enabled(String), 2026-04-23T18:55:10.189015200(LocalDateTime), 2026-04-23T18:55:10.189015200(LocalDateTime)
2026-04-23T18:55:10.189+08:00 DEBUG 21652 --- [           main] c.petshop.mapper.ServiceMapper.insert    : <==    Updates: 1
2026-04-23T18:55:10.190+08:00 DEBUG 21652 --- [           main] com.petshop.mapper.PetMapper.insert      : ==>  Preparing: INSERT INTO "pet" ( user_id, name, type, breed, age, gender, created_at, updated_at ) VALUES ( ?, ?, ?, ?, ?, ?, ?, ? )
2026-04-23T18:55:10.190+08:00 DEBUG 21652 --- [           main] com.petshop.mapper.PetMapper.insert      : ==> Parameters: 92(Integer), Test Pet(String), dog(String), Golden Retriever(String), 2(Integer), male(String), 2026-04-23T18:55:10.189015200(LocalDateTime), 2026-04-23T18:55:10.189015200(LocalDateTime)
2026-04-23T18:55:10.190+08:00 DEBUG 21652 --- [           main] com.petshop.mapper.PetMapper.insert      : <==    Updates: 1
2026-04-23T18:55:10.190+08:00 DEBUG 21652 --- [           main] c.petshop.mapper.ProductMapper.insert    : ==>  Preparing: INSERT INTO "product" ( merchant_id, name, description, price, stock, status, low_stock_threshold, created_at, updated_at ) VALUES ( ?, ?, ?, ?, ?, ?, ?, ?, ? )
2026-04-23T18:55:10.190+08:00 DEBUG 21652 --- [           main] c.petshop.mapper.ProductMapper.insert    : ==> Parameters: 131(Integer), Test Product(String), Test product description(String), 49.99(BigDecimal), 100(Integer), enabled(String), 10(Integer), 2026-04-23T18:55:10.190888100(LocalDateTime), 2026-04-23T18:55:10.190888100(LocalDateTime)
2026-04-23T18:55:10.191+08:00 DEBUG 21652 --- [           main] c.petshop.mapper.ProductMapper.insert    : <==    Updates: 1
2026-04-23T18:55:10.191+08:00 DEBUG 21652 --- [           main] c.petshop.mapper.AddressMapper.insert    : ==>  Preparing: INSERT INTO "address" ( user_id, contact_name, phone, province, city, district, detail_address, is_default, created_at, updated_at ) VALUES ( ?, ?, ?, ?, ?, ?, ?, ?, ?, ? )
2026-04-23T18:55:10.191+08:00 DEBUG 21652 --- [           main] c.petshop.mapper.AddressMapper.insert    : ==> Parameters: 92(Integer), Test Receiver(String), 13900000003(String), Beijing(String), Beijing(String), Chaoyang(String), Test Street 123(String), true(Boolean), 2026-04-23T18:55:10.191415700(LocalDateTime), 2026-04-23T18:55:10.191415700(LocalDateTime)
2026-04-23T18:55:10.191+08:00 DEBUG 21652 --- [           main] c.petshop.mapper.AddressMapper.insert    : <==    Updates: 1
2026-04-23T18:55:10.195+08:00 DEBUG 21652 --- [           main] o.s.security.web.FilterChainProxy        : Securing PUT /api/user/addresses/1
2026-04-23T18:55:10.197+08:00 DEBUG 21652 --- [           main] c.p.mapper.UserMapper.selectByPhone      : ==>  Preparing: SELECT * FROM `user` WHERE phone = ?
2026-04-23T18:55:10.197+08:00 DEBUG 21652 --- [           main] c.p.mapper.UserMapper.selectByPhone      : ==> Parameters: 13900000001(String)
2026-04-23T18:55:10.198+08:00 DEBUG 21652 --- [           main] c.p.mapper.UserMapper.selectByPhone      : <==      Total: 1
2026-04-23T18:55:10.198+08:00 DEBUG 21652 --- [           main] o.s.security.web.FilterChainProxy        : Secured PUT /api/user/addresses/1
2026-04-23T18:55:10.204+08:00 DEBUG 21652 --- [           main] c.p.mapper.AddressMapper.selectById      : ==>  Preparing: SELECT id,user_id,contact_name,phone,province,city,district,detail_address,is_default,created_at,updated_at FROM "address" WHERE id=?
2026-04-23T18:55:10.204+08:00 DEBUG 21652 --- [           main] c.p.mapper.AddressMapper.selectById      : ==> Parameters: 1(Integer)
2026-04-23T18:55:10.205+08:00 DEBUG 21652 --- [           main] c.p.mapper.AddressMapper.selectById      : <==      Total: 1
2026-04-23T18:55:10.207+08:00 DEBUG 21652 --- [           main] c.p.mapper.AddressMapper.updateById      : ==>  Preparing: UPDATE "address" SET contact_name=?, phone=?, province=?, city=?, district=?, detail_address=?, is_default=?, updated_at=? WHERE id=?
2026-04-23T18:55:10.207+08:00 DEBUG 21652 --- [           main] c.p.mapper.AddressMapper.updateById      : ==> Parameters: Updated Receiver(String), 13900000005(String), Guangdong(String), Shenzhen(String), Nanshan(String), Updated Street 789(String), true(Boolean), null, 1(Integer)
2026-04-23T18:55:10.207+08:00 DEBUG 21652 --- [           main] c.p.mapper.AddressMapper.updateById      : <==    Updates: 1

MockHttpServletRequest:
      HTTP Method = PUT
      Request URI = /api/user/addresses/1
       Parameters = {}
          Headers = [Content-Type:"application/json;charset=UTF-8", Authorization:"Bearer eyJhbGciOiJIUzUxMiJ9.eyJzdWIiOiIxMzkwMDAwMDAwMSIsImlhdCI6MTc3Njk0MTcxMH0._AMS6ssO8F4F33bmT0WlodPTa4WlBorYTXmrGA8C9w37HtZcevykOV1qTnHjqINimobNo-noTb0pIER6at8sTQ", Content-Length:"243"]
             Body = {"id":null,"userId":null,"contactName":"Updated Receiver","phone":"13900000005","province":"Guangdong","city":"Shenzhen","district":"Nanshan","detailAddress":"Updated Street 789","isDefault":false,"createdAt":null,"updatedAt":null,"user":null}
    Session Attrs = {}

Handler:
             Type = com.petshop.controller.api.UserApiController
           Method = com.petshop.controller.api.UserApiController#updateAddress(Integer, Address)

Async:
    Async started = false
     Async result = null

Resolved Exception:
             Type = null

ModelAndView:
        View name = null
             View = null
            Model = null

FlashMap:
       Attributes = null

MockHttpServletResponse:
           Status = 200
    Error message = null
          Headers = [Vary:"Origin", "Access-Control-Request-Method", "Access-Control-Request-Headers", Content-Type:"application/json", X-Content-Type-Options:"nosniff", X-XSS-Protection:"0", Cache-Control:"no-cache, no-store, max-age=0, must-revalidate", Pragma:"no-cache", Expires:"0", X-Frame-Options:"DENY"]
     Content type = application/json
             Body = {"code":200,"message":"地址更新成功","data":{"id":1,"userId":null,"contactName":"Updated Receiver","phone":"13900000005","province":"Guangdong","city":"Shenzhen","district":"Nanshan","detailAddress":"Updated Street 789","isDefault":true}}
    Forwarded URL = null
   Redirected URL = null
          Cookies = []
2026-04-23T18:55:10.301+08:00 DEBUG 21652 --- [           main] com.petshop.mapper.UserMapper.insert     : ==>  Preparing: INSERT INTO "user" ( username, email, password, phone, status, created_at, updated_at ) VALUES ( ?, ?, ?, ?, ?, ?, ? )
2026-04-23T18:55:10.301+08:00 DEBUG 21652 --- [           main] com.petshop.mapper.UserMapper.insert     : ==> Parameters: testuser(String), testuser@example.com(String), $2a$10$xoRk75SqWQZ6cXzsu6PGf..XzcZBPgJj9tE9JubyMHixR4kiuK2Gi(String), 13900000001(String), active(String), 2026-04-23T18:55:10.301826700(LocalDateTime), 2026-04-23T18:55:10.301826700(LocalDateTime)
2026-04-23T18:55:10.301+08:00 DEBUG 21652 --- [           main] com.petshop.mapper.UserMapper.insert     : <==    Updates: 1
2026-04-23T18:55:10.384+08:00 DEBUG 21652 --- [           main] c.petshop.mapper.MerchantMapper.insert   : ==>  Preparing: INSERT INTO "merchant" ( name, contact_person, phone, email, password, address, status, created_at, updated_at ) VALUES ( ?, ?, ?, ?, ?, ?, ?, ?, ? )
2026-04-23T18:55:10.384+08:00 DEBUG 21652 --- [           main] c.petshop.mapper.MerchantMapper.insert   : ==> Parameters: Test Merchant(String), Test Contact(String), 13900000002(String), merchant@example.com(String), $2a$10$cLV3zDEA.dvCOvbAC2SiheRhMrmqcEk4M9eb4bUXnSkn1hNNiu3wq(String), Test Address 123(String), approved(String), 2026-04-23T18:55:10.384584500(LocalDateTime), 2026-04-23T18:55:10.384584500(LocalDateTime)
2026-04-23T18:55:10.384+08:00 DEBUG 21652 --- [           main] c.petshop.mapper.MerchantMapper.insert   : <==    Updates: 1
2026-04-23T18:55:10.385+08:00 DEBUG 21652 --- [           main] c.petshop.mapper.ServiceMapper.insert    : ==>  Preparing: INSERT INTO "service" ( merchant_id, name, description, price, duration, category, status, created_at, updated_at ) VALUES ( ?, ?, ?, ?, ?, ?, ?, ?, ? )
2026-04-23T18:55:10.385+08:00 DEBUG 21652 --- [           main] c.petshop.mapper.ServiceMapper.insert    : ==> Parameters: 132(Integer), Test Pet Grooming(String), Professional pet grooming service(String), 99.99(BigDecimal), 60(Integer), grooming(String), enabled(String), 2026-04-23T18:55:10.385584400(LocalDateTime), 2026-04-23T18:55:10.385584400(LocalDateTime)
2026-04-23T18:55:10.385+08:00 DEBUG 21652 --- [           main] c.petshop.mapper.ServiceMapper.insert    : <==    Updates: 1
2026-04-23T18:55:10.385+08:00 DEBUG 21652 --- [           main] com.petshop.mapper.PetMapper.insert      : ==>  Preparing: INSERT INTO "pet" ( user_id, name, type, breed, age, gender, created_at, updated_at ) VALUES ( ?, ?, ?, ?, ?, ?, ?, ? )
2026-04-23T18:55:10.385+08:00 DEBUG 21652 --- [           main] com.petshop.mapper.PetMapper.insert      : ==> Parameters: 93(Integer), Test Pet(String), dog(String), Golden Retriever(String), 2(Integer), male(String), 2026-04-23T18:55:10.385941100(LocalDateTime), 2026-04-23T18:55:10.385941100(LocalDateTime)
2026-04-23T18:55:10.386+08:00 DEBUG 21652 --- [           main] com.petshop.mapper.PetMapper.insert      : <==    Updates: 1
2026-04-23T18:55:10.386+08:00 DEBUG 21652 --- [           main] c.petshop.mapper.ProductMapper.insert    : ==>  Preparing: INSERT INTO "product" ( merchant_id, name, description, price, stock, status, low_stock_threshold, created_at, updated_at ) VALUES ( ?, ?, ?, ?, ?, ?, ?, ?, ? )
2026-04-23T18:55:10.386+08:00 DEBUG 21652 --- [           main] c.petshop.mapper.ProductMapper.insert    : ==> Parameters: 132(Integer), Test Product(String), Test product description(String), 49.99(BigDecimal), 100(Integer), enabled(String), 10(Integer), 2026-04-23T18:55:10.386493(LocalDateTime), 2026-04-23T18:55:10.386493(LocalDateTime)
2026-04-23T18:55:10.386+08:00 DEBUG 21652 --- [           main] c.petshop.mapper.ProductMapper.insert    : <==    Updates: 1
2026-04-23T18:55:10.386+08:00 DEBUG 21652 --- [           main] c.petshop.mapper.AddressMapper.insert    : ==>  Preparing: INSERT INTO "address" ( user_id, contact_name, phone, province, city, district, detail_address, is_default, created_at, updated_at ) VALUES ( ?, ?, ?, ?, ?, ?, ?, ?, ?, ? )
2026-04-23T18:55:10.386+08:00 DEBUG 21652 --- [           main] c.petshop.mapper.AddressMapper.insert    : ==> Parameters: 93(Integer), Test Receiver(String), 13900000003(String), Beijing(String), Beijing(String), Chaoyang(String), Test Street 123(String), true(Boolean), 2026-04-23T18:55:10.386924600(LocalDateTime), 2026-04-23T18:55:10.386924600(LocalDateTime)
2026-04-23T18:55:10.386+08:00 DEBUG 21652 --- [           main] c.petshop.mapper.AddressMapper.insert    : <==    Updates: 1
2026-04-23T18:55:10.387+08:00 DEBUG 21652 --- [           main] o.s.security.web.FilterChainProxy        : Securing GET /api/user/addresses
2026-04-23T18:55:10.387+08:00 DEBUG 21652 --- [           main] c.p.mapper.UserMapper.selectByPhone      : ==>  Preparing: SELECT * FROM `user` WHERE phone = ?
2026-04-23T18:55:10.388+08:00 DEBUG 21652 --- [           main] c.p.mapper.UserMapper.selectByPhone      : ==> Parameters: 13900000001(String)
2026-04-23T18:55:10.388+08:00 DEBUG 21652 --- [           main] c.p.mapper.UserMapper.selectByPhone      : <==      Total: 1
2026-04-23T18:55:10.388+08:00 DEBUG 21652 --- [           main] o.s.security.web.FilterChainProxy        : Secured GET /api/user/addresses
2026-04-23T18:55:10.389+08:00 DEBUG 21652 --- [           main] c.p.mapper.AddressMapper.selectList      : ==>  Preparing: SELECT id,user_id,contact_name,phone,province,city,district,detail_address,is_default,created_at,updated_at FROM "address" WHERE (user_id = ?)
2026-04-23T18:55:10.389+08:00 DEBUG 21652 --- [           main] c.p.mapper.AddressMapper.selectList      : ==> Parameters: 93(Integer)
2026-04-23T18:55:10.389+08:00 DEBUG 21652 --- [           main] c.p.mapper.AddressMapper.selectList      : <==      Total: 1

MockHttpServletRequest:
      HTTP Method = GET
      Request URI = /api/user/addresses
       Parameters = {}
          Headers = [Authorization:"Bearer eyJhbGciOiJIUzUxMiJ9.eyJzdWIiOiIxMzkwMDAwMDAwMSIsImlhdCI6MTc3Njk0MTcxMH0._AMS6ssO8F4F33bmT0WlodPTa4WlBorYTXmrGA8C9w37HtZcevykOV1qTnHjqINimobNo-noTb0pIER6at8sTQ"]
             Body = null
    Session Attrs = {}

Handler:
             Type = com.petshop.controller.api.UserApiController
           Method = com.petshop.controller.api.UserApiController#getAddresses()

Async:
    Async started = false
     Async result = null

Resolved Exception:
             Type = null

ModelAndView:
        View name = null
             View = null
            Model = null

FlashMap:
       Attributes = null

MockHttpServletResponse:
           Status = 200
    Error message = null
          Headers = [Vary:"Origin", "Access-Control-Request-Method", "Access-Control-Request-Headers", Content-Type:"application/json", X-Content-Type-Options:"nosniff", X-XSS-Protection:"0", Cache-Control:"no-cache, no-store, max-age=0, must-revalidate", Pragma:"no-cache", Expires:"0", X-Frame-Options:"DENY"]
     Content type = application/json
             Body = {"code":200,"message":"success","data":[{"id":2,"userId":93,"contactName":"Test Receiver","phone":"13900000003","province":"Beijing","city":"Beijing","district":"Chaoyang","detailAddress":"Test Street 123","isDefault":true}]}
    Forwarded URL = null
   Redirected URL = null
          Cookies = []
2026-04-23T18:55:10.479+08:00 DEBUG 21652 --- [           main] com.petshop.mapper.UserMapper.insert     : ==>  Preparing: INSERT INTO "user" ( username, email, password, phone, status, created_at, updated_at ) VALUES ( ?, ?, ?, ?, ?, ?, ? )
2026-04-23T18:55:10.480+08:00 DEBUG 21652 --- [           main] com.petshop.mapper.UserMapper.insert     : ==> Parameters: testuser(String), testuser@example.com(String), $2a$10$1ODZTVLMH.12m67AtXB7Ne3RByPlaiZRZ4P2Jofvi248Y2kEF3cJG(String), 13900000001(String), active(String), 2026-04-23T18:55:10.479184700(LocalDateTime), 2026-04-23T18:55:10.479184700(LocalDateTime)
2026-04-23T18:55:10.480+08:00 DEBUG 21652 --- [           main] com.petshop.mapper.UserMapper.insert     : <==    Updates: 1
2026-04-23T18:55:10.563+08:00 DEBUG 21652 --- [           main] c.petshop.mapper.MerchantMapper.insert   : ==>  Preparing: INSERT INTO "merchant" ( name, contact_person, phone, email, password, address, status, created_at, updated_at ) VALUES ( ?, ?, ?, ?, ?, ?, ?, ?, ? )
2026-04-23T18:55:10.563+08:00 DEBUG 21652 --- [           main] c.petshop.mapper.MerchantMapper.insert   : ==> Parameters: Test Merchant(String), Test Contact(String), 13900000002(String), merchant@example.com(String), $2a$10$Z5.vk4wxZgk80g/nHzhrU.p5qhCaWULrs/oSBNaCBTCO7iks/1UuK(String), Test Address 123(String), approved(String), 2026-04-23T18:55:10.562650700(LocalDateTime), 2026-04-23T18:55:10.562650700(LocalDateTime)
2026-04-23T18:55:10.563+08:00 DEBUG 21652 --- [           main] c.petshop.mapper.MerchantMapper.insert   : <==    Updates: 1
2026-04-23T18:55:10.563+08:00 DEBUG 21652 --- [           main] c.petshop.mapper.ServiceMapper.insert    : ==>  Preparing: INSERT INTO "service" ( merchant_id, name, description, price, duration, category, status, created_at, updated_at ) VALUES ( ?, ?, ?, ?, ?, ?, ?, ?, ? )
2026-04-23T18:55:10.563+08:00 DEBUG 21652 --- [           main] c.petshop.mapper.ServiceMapper.insert    : ==> Parameters: 133(Integer), Test Pet Grooming(String), Professional pet grooming service(String), 99.99(BigDecimal), 60(Integer), grooming(String), enabled(String), 2026-04-23T18:55:10.563287500(LocalDateTime), 2026-04-23T18:55:10.563287500(LocalDateTime)
2026-04-23T18:55:10.563+08:00 DEBUG 21652 --- [           main] c.petshop.mapper.ServiceMapper.insert    : <==    Updates: 1
2026-04-23T18:55:10.563+08:00 DEBUG 21652 --- [           main] com.petshop.mapper.PetMapper.insert      : ==>  Preparing: INSERT INTO "pet" ( user_id, name, type, breed, age, gender, created_at, updated_at ) VALUES ( ?, ?, ?, ?, ?, ?, ?, ? )
2026-04-23T18:55:10.563+08:00 DEBUG 21652 --- [           main] com.petshop.mapper.PetMapper.insert      : ==> Parameters: 94(Integer), Test Pet(String), dog(String), Golden Retriever(String), 2(Integer), male(String), 2026-04-23T18:55:10.563287500(LocalDateTime), 2026-04-23T18:55:10.563287500(LocalDateTime)
2026-04-23T18:55:10.564+08:00 DEBUG 21652 --- [           main] com.petshop.mapper.PetMapper.insert      : <==    Updates: 1
2026-04-23T18:55:10.564+08:00 DEBUG 21652 --- [           main] c.petshop.mapper.ProductMapper.insert    : ==>  Preparing: INSERT INTO "product" ( merchant_id, name, description, price, stock, status, low_stock_threshold, created_at, updated_at ) VALUES ( ?, ?, ?, ?, ?, ?, ?, ?, ? )
2026-04-23T18:55:10.564+08:00 DEBUG 21652 --- [           main] c.petshop.mapper.ProductMapper.insert    : ==> Parameters: 133(Integer), Test Product(String), Test product description(String), 49.99(BigDecimal), 100(Integer), enabled(String), 10(Integer), 2026-04-23T18:55:10.564253200(LocalDateTime), 2026-04-23T18:55:10.564253200(LocalDateTime)
2026-04-23T18:55:10.564+08:00 DEBUG 21652 --- [           main] c.petshop.mapper.ProductMapper.insert    : <==    Updates: 1
2026-04-23T18:55:10.564+08:00 DEBUG 21652 --- [           main] c.petshop.mapper.AddressMapper.insert    : ==>  Preparing: INSERT INTO "address" ( user_id, contact_name, phone, province, city, district, detail_address, is_default, created_at, updated_at ) VALUES ( ?, ?, ?, ?, ?, ?, ?, ?, ?, ? )
2026-04-23T18:55:10.564+08:00 DEBUG 21652 --- [           main] c.petshop.mapper.AddressMapper.insert    : ==> Parameters: 94(Integer), Test Receiver(String), 13900000003(String), Beijing(String), Beijing(String), Chaoyang(String), Test Street 123(String), true(Boolean), 2026-04-23T18:55:10.564253200(LocalDateTime), 2026-04-23T18:55:10.564253200(LocalDateTime)
2026-04-23T18:55:10.564+08:00 DEBUG 21652 --- [           main] c.petshop.mapper.AddressMapper.insert    : <==    Updates: 1
2026-04-23T18:55:10.565+08:00 DEBUG 21652 --- [           main] o.s.security.web.FilterChainProxy        : Securing DELETE /api/user/addresses/3
2026-04-23T18:55:10.566+08:00 DEBUG 21652 --- [           main] c.p.mapper.UserMapper.selectByPhone      : ==>  Preparing: SELECT * FROM `user` WHERE phone = ?
2026-04-23T18:55:10.566+08:00 DEBUG 21652 --- [           main] c.p.mapper.UserMapper.selectByPhone      : ==> Parameters: 13900000001(String)
2026-04-23T18:55:10.566+08:00 DEBUG 21652 --- [           main] c.p.mapper.UserMapper.selectByPhone      : <==      Total: 1
2026-04-23T18:55:10.567+08:00 DEBUG 21652 --- [           main] o.s.security.web.FilterChainProxy        : Secured DELETE /api/user/addresses/3
2026-04-23T18:55:10.567+08:00 DEBUG 21652 --- [           main] c.p.mapper.AddressMapper.selectById      : ==>  Preparing: SELECT id,user_id,contact_name,phone,province,city,district,detail_address,is_default,created_at,updated_at FROM "address" WHERE id=?
2026-04-23T18:55:10.568+08:00 DEBUG 21652 --- [           main] c.p.mapper.AddressMapper.selectById      : ==> Parameters: 3(Integer)
2026-04-23T18:55:10.568+08:00 DEBUG 21652 --- [           main] c.p.mapper.AddressMapper.selectById      : <==      Total: 1
2026-04-23T18:55:10.568+08:00 DEBUG 21652 --- [           main] c.p.mapper.AddressMapper.deleteById      : ==>  Preparing: DELETE FROM "address" WHERE id=?
2026-04-23T18:55:10.568+08:00 DEBUG 21652 --- [           main] c.p.mapper.AddressMapper.deleteById      : ==> Parameters: 3(Integer)
2026-04-23T18:55:10.568+08:00 DEBUG 21652 --- [           main] c.p.mapper.AddressMapper.deleteById      : <==    Updates: 1

MockHttpServletRequest:
      HTTP Method = DELETE
      Request URI = /api/user/addresses/3
       Parameters = {}
          Headers = [Authorization:"Bearer eyJhbGciOiJIUzUxMiJ9.eyJzdWIiOiIxMzkwMDAwMDAwMSIsImlhdCI6MTc3Njk0MTcxMH0._AMS6ssO8F4F33bmT0WlodPTa4WlBorYTXmrGA8C9w37HtZcevykOV1qTnHjqINimobNo-noTb0pIER6at8sTQ"]
             Body = null
    Session Attrs = {}

Handler:
             Type = com.petshop.controller.api.UserApiController
           Method = com.petshop.controller.api.UserApiController#deleteAddress(Integer)

Async:
    Async started = false
     Async result = null

Resolved Exception:
             Type = null

ModelAndView:
        View name = null
             View = null
            Model = null

FlashMap:
       Attributes = null

MockHttpServletResponse:
           Status = 200
    Error message = null
          Headers = [Vary:"Origin", "Access-Control-Request-Method", "Access-Control-Request-Headers", Content-Type:"application/json", X-Content-Type-Options:"nosniff", X-XSS-Protection:"0", Cache-Control:"no-cache, no-store, max-age=0, must-revalidate", Pragma:"no-cache", Expires:"0", X-Frame-Options:"DENY"]
     Content type = application/json
             Body = {"code":200,"message":"地址删除成功","data":null}
    Forwarded URL = null
   Redirected URL = null
          Cookies = []
2026-04-23T18:55:10.668+08:00 DEBUG 21652 --- [           main] com.petshop.mapper.UserMapper.insert     : ==>  Preparing: INSERT INTO "user" ( username, email, password, phone, status, created_at, updated_at ) VALUES ( ?, ?, ?, ?, ?, ?, ? )
2026-04-23T18:55:10.668+08:00 DEBUG 21652 --- [           main] com.petshop.mapper.UserMapper.insert     : ==> Parameters: testuser(String), testuser@example.com(String), $2a$10$uCPrJ/r3KbF83BCiyfHCreV3pm5UfS3YEzpuEC9Rd3/QKjZBe/2Wi(String), 13900000001(String), active(String), 2026-04-23T18:55:10.668669100(LocalDateTime), 2026-04-23T18:55:10.668669100(LocalDateTime)
2026-04-23T18:55:10.669+08:00 DEBUG 21652 --- [           main] com.petshop.mapper.UserMapper.insert     : <==    Updates: 1
2026-04-23T18:55:10.752+08:00 DEBUG 21652 --- [           main] c.petshop.mapper.MerchantMapper.insert   : ==>  Preparing: INSERT INTO "merchant" ( name, contact_person, phone, email, password, address, status, created_at, updated_at ) VALUES ( ?, ?, ?, ?, ?, ?, ?, ?, ? )
2026-04-23T18:55:10.752+08:00 DEBUG 21652 --- [           main] c.petshop.mapper.MerchantMapper.insert   : ==> Parameters: Test Merchant(String), Test Contact(String), 13900000002(String), merchant@example.com(String), $2a$10$XmsbtMj7LajCna5ebrkT2O3H1VWiEdKcpkdldSTo7laW0Ds0UP42.(String), Test Address 123(String), approved(String), 2026-04-23T18:55:10.751904100(LocalDateTime), 2026-04-23T18:55:10.751904100(LocalDateTime)
2026-04-23T18:55:10.752+08:00 DEBUG 21652 --- [           main] c.petshop.mapper.MerchantMapper.insert   : <==    Updates: 1
2026-04-23T18:55:10.752+08:00 DEBUG 21652 --- [           main] c.petshop.mapper.ServiceMapper.insert    : ==>  Preparing: INSERT INTO "service" ( merchant_id, name, description, price, duration, category, status, created_at, updated_at ) VALUES ( ?, ?, ?, ?, ?, ?, ?, ?, ? )
2026-04-23T18:55:10.752+08:00 DEBUG 21652 --- [           main] c.petshop.mapper.ServiceMapper.insert    : ==> Parameters: 134(Integer), Test Pet Grooming(String), Professional pet grooming service(String), 99.99(BigDecimal), 60(Integer), grooming(String), enabled(String), 2026-04-23T18:55:10.752397200(LocalDateTime), 2026-04-23T18:55:10.752397200(LocalDateTime)
2026-04-23T18:55:10.752+08:00 DEBUG 21652 --- [           main] c.petshop.mapper.ServiceMapper.insert    : <==    Updates: 1
2026-04-23T18:55:10.753+08:00 DEBUG 21652 --- [           main] com.petshop.mapper.PetMapper.insert      : ==>  Preparing: INSERT INTO "pet" ( user_id, name, type, breed, age, gender, created_at, updated_at ) VALUES ( ?, ?, ?, ?, ?, ?, ?, ? )
2026-04-23T18:55:10.753+08:00 DEBUG 21652 --- [           main] com.petshop.mapper.PetMapper.insert      : ==> Parameters: 95(Integer), Test Pet(String), dog(String), Golden Retriever(String), 2(Integer), male(String), 2026-04-23T18:55:10.753399100(LocalDateTime), 2026-04-23T18:55:10.753399100(LocalDateTime)
2026-04-23T18:55:10.753+08:00 DEBUG 21652 --- [           main] com.petshop.mapper.PetMapper.insert      : <==    Updates: 1
2026-04-23T18:55:10.753+08:00 DEBUG 21652 --- [           main] c.petshop.mapper.ProductMapper.insert    : ==>  Preparing: INSERT INTO "product" ( merchant_id, name, description, price, stock, status, low_stock_threshold, created_at, updated_at ) VALUES ( ?, ?, ?, ?, ?, ?, ?, ?, ? )
2026-04-23T18:55:10.753+08:00 DEBUG 21652 --- [           main] c.petshop.mapper.ProductMapper.insert    : ==> Parameters: 134(Integer), Test Product(String), Test product description(String), 49.99(BigDecimal), 100(Integer), enabled(String), 10(Integer), 2026-04-23T18:55:10.753399100(LocalDateTime), 2026-04-23T18:55:10.753399100(LocalDateTime)
2026-04-23T18:55:10.753+08:00 DEBUG 21652 --- [           main] c.petshop.mapper.ProductMapper.insert    : <==    Updates: 1
2026-04-23T18:55:10.753+08:00 DEBUG 21652 --- [           main] c.petshop.mapper.AddressMapper.insert    : ==>  Preparing: INSERT INTO "address" ( user_id, contact_name, phone, province, city, district, detail_address, is_default, created_at, updated_at ) VALUES ( ?, ?, ?, ?, ?, ?, ?, ?, ?, ? )
2026-04-23T18:55:10.753+08:00 DEBUG 21652 --- [           main] c.petshop.mapper.AddressMapper.insert    : ==> Parameters: 95(Integer), Test Receiver(String), 13900000003(String), Beijing(String), Beijing(String), Chaoyang(String), Test Street 123(String), true(Boolean), 2026-04-23T18:55:10.753399100(LocalDateTime), 2026-04-23T18:55:10.753399100(LocalDateTime)
2026-04-23T18:55:10.753+08:00 DEBUG 21652 --- [           main] c.petshop.mapper.AddressMapper.insert    : <==    Updates: 1
2026-04-23T18:55:10.755+08:00 DEBUG 21652 --- [           main] c.petshop.mapper.AddressMapper.insert    : ==>  Preparing: INSERT INTO "address" ( user_id, contact_name, phone, province, city, district, detail_address, is_default, created_at, updated_at ) VALUES ( ?, ?, ?, ?, ?, ?, ?, ?, ?, ? )
2026-04-23T18:55:10.755+08:00 DEBUG 21652 --- [           main] c.petshop.mapper.AddressMapper.insert    : ==> Parameters: 95(Integer), Another Receiver(String), 13900000006(String), Jiangsu(String), Nanjing(String), Xuanwu(String), Another Street 111(String), false(Boolean), 2026-04-23T18:55:10.754414400(LocalDateTime), 2026-04-23T18:55:10.754414400(LocalDateTime)
2026-04-23T18:55:10.755+08:00 DEBUG 21652 --- [           main] c.petshop.mapper.AddressMapper.insert    : <==    Updates: 1
2026-04-23T18:55:10.756+08:00 DEBUG 21652 --- [           main] o.s.security.web.FilterChainProxy        : Securing PUT /api/user/addresses/5/default
2026-04-23T18:55:10.757+08:00 DEBUG 21652 --- [           main] c.p.mapper.UserMapper.selectByPhone      : ==>  Preparing: SELECT * FROM `user` WHERE phone = ?
2026-04-23T18:55:10.757+08:00 DEBUG 21652 --- [           main] c.p.mapper.UserMapper.selectByPhone      : ==> Parameters: 13900000001(String)
2026-04-23T18:55:10.757+08:00 DEBUG 21652 --- [           main] c.p.mapper.UserMapper.selectByPhone      : <==      Total: 1
2026-04-23T18:55:10.757+08:00 DEBUG 21652 --- [           main] o.s.security.web.FilterChainProxy        : Secured PUT /api/user/addresses/5/default
2026-04-23T18:55:10.758+08:00 DEBUG 21652 --- [           main] c.p.mapper.AddressMapper.selectById      : ==>  Preparing: SELECT id,user_id,contact_name,phone,province,city,district,detail_address,is_default,created_at,updated_at FROM "address" WHERE id=?
2026-04-23T18:55:10.758+08:00 DEBUG 21652 --- [           main] c.p.mapper.AddressMapper.selectById      : ==> Parameters: 5(Integer)
2026-04-23T18:55:10.758+08:00 DEBUG 21652 --- [           main] c.p.mapper.AddressMapper.selectById      : <==      Total: 1
2026-04-23T18:55:10.759+08:00 DEBUG 21652 --- [           main] c.p.m.A.clearDefaultByUserId             : ==>  Preparing: UPDATE `address` SET is_default = false WHERE user_id = ?
2026-04-23T18:55:10.760+08:00 DEBUG 21652 --- [           main] c.p.m.A.clearDefaultByUserId             : ==> Parameters: 95(Integer)
2026-04-23T18:55:10.760+08:00 DEBUG 21652 --- [           main] c.p.m.A.clearDefaultByUserId             : <==    Updates: 2
2026-04-23T18:55:10.760+08:00 DEBUG 21652 --- [           main] c.p.mapper.AddressMapper.updateById      : ==>  Preparing: UPDATE "address" SET user_id=?, contact_name=?, phone=?, province=?, city=?, district=?, detail_address=?, is_default=?, created_at=?, updated_at=? WHERE id=?
2026-04-23T18:55:10.760+08:00 DEBUG 21652 --- [           main] c.p.mapper.AddressMapper.updateById      : ==> Parameters: 95(Integer), Another Receiver(String), 13900000006(String), Jiangsu(String), Nanjing(String), Xuanwu(String), Another Street 111(String), true(Boolean), 2026-04-23T18:55:10.754414(LocalDateTime), 2026-04-23T18:55:10.754414(LocalDateTime), 5(Integer)
2026-04-23T18:55:10.760+08:00 DEBUG 21652 --- [           main] c.p.mapper.AddressMapper.updateById      : <==    Updates: 1

MockHttpServletRequest:
      HTTP Method = PUT
      Request URI = /api/user/addresses/5/default
       Parameters = {}
          Headers = [Authorization:"Bearer eyJhbGciOiJIUzUxMiJ9.eyJzdWIiOiIxMzkwMDAwMDAwMSIsImlhdCI6MTc3Njk0MTcxMH0._AMS6ssO8F4F33bmT0WlodPTa4WlBorYTXmrGA8C9w37HtZcevykOV1qTnHjqINimobNo-noTb0pIER6at8sTQ"]
             Body = null
    Session Attrs = {}

Handler:
             Type = com.petshop.controller.api.UserApiController
           Method = com.petshop.controller.api.UserApiController#setDefaultAddress(Integer)

Async:
    Async started = false
     Async result = null

Resolved Exception:
             Type = null

ModelAndView:
        View name = null
             View = null
            Model = null

FlashMap:
       Attributes = null

MockHttpServletResponse:
           Status = 200
    Error message = null
          Headers = [Vary:"Origin", "Access-Control-Request-Method", "Access-Control-Request-Headers", Content-Type:"application/json", X-Content-Type-Options:"nosniff", X-XSS-Protection:"0", Cache-Control:"no-cache, no-store, max-age=0, must-revalidate", Pragma:"no-cache", Expires:"0", X-Frame-Options:"DENY"]
     Content type = application/json
             Body = {"code":200,"message":"设置默认地址成功","data":{"id":5,"userId":95,"contactName":"Another Receiver","phone":"13900000006","province":"Jiangsu","city":"Nanjing","district":"Xuanwu","detailAddress":"Another Street 111","isDefault":true}}
    Forwarded URL = null
   Redirected URL = null
          Cookies = []
2026-04-23T18:55:10.853+08:00 DEBUG 21652 --- [           main] com.petshop.mapper.UserMapper.insert     : ==>  Preparing: INSERT INTO "user" ( username, email, password, phone, status, created_at, updated_at ) VALUES ( ?, ?, ?, ?, ?, ?, ? )
2026-04-23T18:55:10.853+08:00 DEBUG 21652 --- [           main] com.petshop.mapper.UserMapper.insert     : ==> Parameters: testuser(String), testuser@example.com(String), $2a$10$TgZT2y/I5enVLoA3Qpzr8OdyZumi7o7TUOgBwYD/.aBePuRxQR6Vq(String), 13900000001(String), active(String), 2026-04-23T18:55:10.853449400(LocalDateTime), 2026-04-23T18:55:10.853449400(LocalDateTime)
2026-04-23T18:55:10.853+08:00 DEBUG 21652 --- [           main] com.petshop.mapper.UserMapper.insert     : <==    Updates: 1
2026-04-23T18:55:10.933+08:00 DEBUG 21652 --- [           main] c.petshop.mapper.MerchantMapper.insert   : ==>  Preparing: INSERT INTO "merchant" ( name, contact_person, phone, email, password, address, status, created_at, updated_at ) VALUES ( ?, ?, ?, ?, ?, ?, ?, ?, ? )
2026-04-23T18:55:10.934+08:00 DEBUG 21652 --- [           main] c.petshop.mapper.MerchantMapper.insert   : ==> Parameters: Test Merchant(String), Test Contact(String), 13900000002(String), merchant@example.com(String), $2a$10$58QyzDudWn.PZO77Uo1ahu.mWiUczn0uzciqvnNMseZRTs5r0AEFG(String), Test Address 123(String), approved(String), 2026-04-23T18:55:10.933813200(LocalDateTime), 2026-04-23T18:55:10.933813200(LocalDateTime)
2026-04-23T18:55:10.934+08:00 DEBUG 21652 --- [           main] c.petshop.mapper.MerchantMapper.insert   : <==    Updates: 1
2026-04-23T18:55:10.934+08:00 DEBUG 21652 --- [           main] c.petshop.mapper.ServiceMapper.insert    : ==>  Preparing: INSERT INTO "service" ( merchant_id, name, description, price, duration, category, status, created_at, updated_at ) VALUES ( ?, ?, ?, ?, ?, ?, ?, ?, ? )
2026-04-23T18:55:10.934+08:00 DEBUG 21652 --- [           main] c.petshop.mapper.ServiceMapper.insert    : ==> Parameters: 135(Integer), Test Pet Grooming(String), Professional pet grooming service(String), 99.99(BigDecimal), 60(Integer), grooming(String), enabled(String), 2026-04-23T18:55:10.934702400(LocalDateTime), 2026-04-23T18:55:10.934702400(LocalDateTime)
2026-04-23T18:55:10.934+08:00 DEBUG 21652 --- [           main] c.petshop.mapper.ServiceMapper.insert    : <==    Updates: 1
2026-04-23T18:55:10.934+08:00 DEBUG 21652 --- [           main] com.petshop.mapper.PetMapper.insert      : ==>  Preparing: INSERT INTO "pet" ( user_id, name, type, breed, age, gender, created_at, updated_at ) VALUES ( ?, ?, ?, ?, ?, ?, ?, ? )
2026-04-23T18:55:10.935+08:00 DEBUG 21652 --- [           main] com.petshop.mapper.PetMapper.insert      : ==> Parameters: 96(Integer), Test Pet(String), dog(String), Golden Retriever(String), 2(Integer), male(String), 2026-04-23T18:55:10.934702400(LocalDateTime), 2026-04-23T18:55:10.934702400(LocalDateTime)
2026-04-23T18:55:10.935+08:00 DEBUG 21652 --- [           main] com.petshop.mapper.PetMapper.insert      : <==    Updates: 1
2026-04-23T18:55:10.935+08:00 DEBUG 21652 --- [           main] c.petshop.mapper.ProductMapper.insert    : ==>  Preparing: INSERT INTO "product" ( merchant_id, name, description, price, stock, status, low_stock_threshold, created_at, updated_at ) VALUES ( ?, ?, ?, ?, ?, ?, ?, ?, ? )
2026-04-23T18:55:10.935+08:00 DEBUG 21652 --- [           main] c.petshop.mapper.ProductMapper.insert    : ==> Parameters: 135(Integer), Test Product(String), Test product description(String), 49.99(BigDecimal), 100(Integer), enabled(String), 10(Integer), 2026-04-23T18:55:10.935452(LocalDateTime), 2026-04-23T18:55:10.935452(LocalDateTime)
2026-04-23T18:55:10.935+08:00 DEBUG 21652 --- [           main] c.petshop.mapper.ProductMapper.insert    : <==    Updates: 1
2026-04-23T18:55:10.935+08:00 DEBUG 21652 --- [           main] c.petshop.mapper.AddressMapper.insert    : ==>  Preparing: INSERT INTO "address" ( user_id, contact_name, phone, province, city, district, detail_address, is_default, created_at, updated_at ) VALUES ( ?, ?, ?, ?, ?, ?, ?, ?, ?, ? )
2026-04-23T18:55:10.935+08:00 DEBUG 21652 --- [           main] c.petshop.mapper.AddressMapper.insert    : ==> Parameters: 96(Integer), Test Receiver(String), 13900000003(String), Beijing(String), Beijing(String), Chaoyang(String), Test Street 123(String), true(Boolean), 2026-04-23T18:55:10.935452(LocalDateTime), 2026-04-23T18:55:10.935452(LocalDateTime)
2026-04-23T18:55:10.935+08:00 DEBUG 21652 --- [           main] c.petshop.mapper.AddressMapper.insert    : <==    Updates: 1
2026-04-23T18:55:10.936+08:00 DEBUG 21652 --- [           main] o.s.security.web.FilterChainProxy        : Securing POST /api/user/addresses
2026-04-23T18:55:10.937+08:00 DEBUG 21652 --- [           main] c.p.mapper.UserMapper.selectByPhone      : ==>  Preparing: SELECT * FROM `user` WHERE phone = ?
2026-04-23T18:55:10.937+08:00 DEBUG 21652 --- [           main] c.p.mapper.UserMapper.selectByPhone      : ==> Parameters: 13900000001(String)
2026-04-23T18:55:10.938+08:00 DEBUG 21652 --- [           main] c.p.mapper.UserMapper.selectByPhone      : <==      Total: 1
2026-04-23T18:55:10.938+08:00 DEBUG 21652 --- [           main] o.s.security.web.FilterChainProxy        : Secured POST /api/user/addresses
2026-04-23T18:55:10.939+08:00 DEBUG 21652 --- [           main] c.p.mapper.AddressMapper.selectList      : ==>  Preparing: SELECT id,user_id,contact_name,phone,province,city,district,detail_address,is_default,created_at,updated_at FROM "address" WHERE (user_id = ?)
2026-04-23T18:55:10.939+08:00 DEBUG 21652 --- [           main] c.p.mapper.AddressMapper.selectList      : ==> Parameters: 96(Integer)
2026-04-23T18:55:10.939+08:00 DEBUG 21652 --- [           main] c.p.mapper.AddressMapper.selectList      : <==      Total: 1
2026-04-23T18:55:10.939+08:00 DEBUG 21652 --- [           main] c.petshop.mapper.AddressMapper.insert    : ==>  Preparing: INSERT INTO "address" ( contact_name, phone, province, city, district, detail_address, is_default, created_at, updated_at ) VALUES ( ?, ?, ?, ?, ?, ?, ?, ?, ? )
2026-04-23T18:55:10.939+08:00 DEBUG 21652 --- [           main] c.petshop.mapper.AddressMapper.insert    : ==> Parameters: New Receiver(String), 13900000004(String), Shanghai(String), Shanghai(String), Pudong(String), New Street 456(String), false(Boolean), null, null
2026-04-23T18:55:10.940+08:00 DEBUG 21652 --- [           main] c.petshop.mapper.AddressMapper.insert    : <==    Updates: 1

MockHttpServletRequest:
      HTTP Method = POST
      Request URI = /api/user/addresses
       Parameters = {}
          Headers = [Content-Type:"application/json;charset=UTF-8", Authorization:"Bearer eyJhbGciOiJIUzUxMiJ9.eyJzdWIiOiIxMzkwMDAwMDAwMSIsImlhdCI6MTc3Njk0MTcxMH0._AMS6ssO8F4F33bmT0WlodPTa4WlBorYTXmrGA8C9w37HtZcevykOV1qTnHjqINimobNo-noTb0pIER6at8sTQ", Content-Length:"233"]
             Body = {"id":null,"userId":null,"contactName":"New Receiver","phone":"13900000004","province":"Shanghai","city":"Shanghai","district":"Pudong","detailAddress":"New Street 456","isDefault":false,"createdAt":null,"updatedAt":null,"user":null}
    Session Attrs = {}

Handler:
             Type = com.petshop.controller.api.UserApiController
           Method = com.petshop.controller.api.UserApiController#addAddress(Address)

Async:
    Async started = false
     Async result = null

Resolved Exception:
             Type = null

ModelAndView:
        View name = null
             View = null
            Model = null

FlashMap:
       Attributes = null

MockHttpServletResponse:
           Status = 201
    Error message = null
          Headers = [Vary:"Origin", "Access-Control-Request-Method", "Access-Control-Request-Headers", Content-Type:"application/json", X-Content-Type-Options:"nosniff", X-XSS-Protection:"0", Cache-Control:"no-cache, no-store, max-age=0, must-revalidate", Pragma:"no-cache", Expires:"0", X-Frame-Options:"DENY"]
     Content type = application/json
             Body = {"code":200,"message":"success","data":{"id":7,"userId":null,"contactName":"New Receiver","phone":"13900000004","province":"Shanghai","city":"Shanghai","district":"Pudong","detailAddress":"New Street 456","isDefault":false}}
    Forwarded URL = null
   Redirected URL = null
          Cookies = []
[INFO] Tests run: 5, Failures: 0, Errors: 0, Skipped: 0, Time elapsed: 0.957 s -- in com.petshop.controller.UserApiControllerTest$AddressApiTests
[INFO] Running com.petshop.controller.UserApiControllerTest$AppointmentApiTests
2026-04-23T18:55:10.944+08:00  INFO 21652 --- [           main] t.c.s.AnnotationConfigContextLoaderUtils : Could not detect default configuration classes for test class [com.petshop.controller.UserApiControllerTest$AppointmentApiTests]: AppointmentApiTests does not declare any static, non-private, non-final, nested classes annotated with @Configuration.
2026-04-23T18:55:10.948+08:00  INFO 21652 --- [           main] .b.t.c.SpringBootTestContextBootstrapper : Found @SpringBootConfiguration com.petshop.PetManagementSystemApplication for test class com.petshop.controller.UserApiControllerTest$AppointmentApiTests
2026-04-23T18:55:11.070+08:00 DEBUG 21652 --- [           main] com.petshop.mapper.UserMapper.insert     : ==>  Preparing: INSERT INTO "user" ( username, email, password, phone, status, created_at, updated_at ) VALUES ( ?, ?, ?, ?, ?, ?, ? )
2026-04-23T18:55:11.071+08:00 DEBUG 21652 --- [           main] com.petshop.mapper.UserMapper.insert     : ==> Parameters: testuser(String), testuser@example.com(String), $2a$10$zJD29vyfuNQtaeLmzC8sGuZvEmQS.CuuwPefxDnkTiNV9WD56aaKa(String), 13900000001(String), active(String), 2026-04-23T18:55:11.070309600(LocalDateTime), 2026-04-23T18:55:11.070309600(LocalDateTime)
2026-04-23T18:55:11.071+08:00 DEBUG 21652 --- [           main] com.petshop.mapper.UserMapper.insert     : <==    Updates: 1
2026-04-23T18:55:11.180+08:00 DEBUG 21652 --- [           main] c.petshop.mapper.MerchantMapper.insert   : ==>  Preparing: INSERT INTO "merchant" ( name, contact_person, phone, email, password, address, status, created_at, updated_at ) VALUES ( ?, ?, ?, ?, ?, ?, ?, ?, ? )
2026-04-23T18:55:11.181+08:00 DEBUG 21652 --- [           main] c.petshop.mapper.MerchantMapper.insert   : ==> Parameters: Test Merchant(String), Test Contact(String), 13900000002(String), merchant@example.com(String), $2a$10$D8jnaiw/l52qNKUFeLwoY.8u81gs28eix4QuIOCd6GRKHmkKkXgHC(String), Test Address 123(String), approved(String), 2026-04-23T18:55:11.180475100(LocalDateTime), 2026-04-23T18:55:11.180475100(LocalDateTime)
2026-04-23T18:55:11.181+08:00 DEBUG 21652 --- [           main] c.petshop.mapper.MerchantMapper.insert   : <==    Updates: 1
2026-04-23T18:55:11.181+08:00 DEBUG 21652 --- [           main] c.petshop.mapper.ServiceMapper.insert    : ==>  Preparing: INSERT INTO "service" ( merchant_id, name, description, price, duration, category, status, created_at, updated_at ) VALUES ( ?, ?, ?, ?, ?, ?, ?, ?, ? )
2026-04-23T18:55:11.182+08:00 DEBUG 21652 --- [           main] c.petshop.mapper.ServiceMapper.insert    : ==> Parameters: 136(Integer), Test Pet Grooming(String), Professional pet grooming service(String), 99.99(BigDecimal), 60(Integer), grooming(String), enabled(String), 2026-04-23T18:55:11.181475100(LocalDateTime), 2026-04-23T18:55:11.181475100(LocalDateTime)
2026-04-23T18:55:11.182+08:00 DEBUG 21652 --- [           main] c.petshop.mapper.ServiceMapper.insert    : <==    Updates: 1
2026-04-23T18:55:11.183+08:00 DEBUG 21652 --- [           main] com.petshop.mapper.PetMapper.insert      : ==>  Preparing: INSERT INTO "pet" ( user_id, name, type, breed, age, gender, created_at, updated_at ) VALUES ( ?, ?, ?, ?, ?, ?, ?, ? )
2026-04-23T18:55:11.184+08:00 DEBUG 21652 --- [           main] com.petshop.mapper.PetMapper.insert      : ==> Parameters: 97(Integer), Test Pet(String), dog(String), Golden Retriever(String), 2(Integer), male(String), 2026-04-23T18:55:11.182476100(LocalDateTime), 2026-04-23T18:55:11.182476100(LocalDateTime)
2026-04-23T18:55:11.184+08:00 DEBUG 21652 --- [           main] com.petshop.mapper.PetMapper.insert      : <==    Updates: 1
2026-04-23T18:55:11.184+08:00 DEBUG 21652 --- [           main] c.petshop.mapper.ProductMapper.insert    : ==>  Preparing: INSERT INTO "product" ( merchant_id, name, description, price, stock, status, low_stock_threshold, created_at, updated_at ) VALUES ( ?, ?, ?, ?, ?, ?, ?, ?, ? )
2026-04-23T18:55:11.184+08:00 DEBUG 21652 --- [           main] c.petshop.mapper.ProductMapper.insert    : ==> Parameters: 136(Integer), Test Product(String), Test product description(String), 49.99(BigDecimal), 100(Integer), enabled(String), 10(Integer), 2026-04-23T18:55:11.184882(LocalDateTime), 2026-04-23T18:55:11.184882(LocalDateTime)
2026-04-23T18:55:11.184+08:00 DEBUG 21652 --- [           main] c.petshop.mapper.ProductMapper.insert    : <==    Updates: 1
2026-04-23T18:55:11.184+08:00 DEBUG 21652 --- [           main] c.petshop.mapper.AddressMapper.insert    : ==>  Preparing: INSERT INTO "address" ( user_id, contact_name, phone, province, city, district, detail_address, is_default, created_at, updated_at ) VALUES ( ?, ?, ?, ?, ?, ?, ?, ?, ?, ? )
2026-04-23T18:55:11.184+08:00 DEBUG 21652 --- [           main] c.petshop.mapper.AddressMapper.insert    : ==> Parameters: 97(Integer), Test Receiver(String), 13900000003(String), Beijing(String), Beijing(String), Chaoyang(String), Test Street 123(String), true(Boolean), 2026-04-23T18:55:11.184882(LocalDateTime), 2026-04-23T18:55:11.184882(LocalDateTime)
2026-04-23T18:55:11.185+08:00 DEBUG 21652 --- [           main] c.petshop.mapper.AddressMapper.insert    : <==    Updates: 1
2026-04-23T18:55:11.186+08:00 DEBUG 21652 --- [           main] c.p.mapper.AppointmentMapper.insert      : ==>  Preparing: INSERT INTO "appointment" ( user_id, merchant_id, service_id, pet_id, appointment_time, status, total_price, notes, created_at, updated_at ) VALUES ( ?, ?, ?, ?, ?, ?, ?, ?, ?, ? )
2026-04-23T18:55:11.187+08:00 DEBUG 21652 --- [           main] c.p.mapper.AppointmentMapper.insert      : ==> Parameters: 97(Integer), 136(Integer), 63(Integer), 6(Integer), 2026-04-24T18:55:11.185851700(LocalDateTime), pending(String), 99.99(BigDecimal), Test appointment(String), 2026-04-23T18:55:11.185851700(LocalDateTime), 2026-04-23T18:55:11.185851700(LocalDateTime)
2026-04-23T18:55:11.187+08:00 DEBUG 21652 --- [           main] c.p.mapper.AppointmentMapper.insert      : <==    Updates: 1
2026-04-23T18:55:11.187+08:00 DEBUG 21652 --- [           main] o.s.security.web.FilterChainProxy        : Securing GET /api/user/appointments
2026-04-23T18:55:11.189+08:00 DEBUG 21652 --- [           main] c.p.mapper.UserMapper.selectByPhone      : ==>  Preparing: SELECT * FROM `user` WHERE phone = ?
2026-04-23T18:55:11.189+08:00 DEBUG 21652 --- [           main] c.p.mapper.UserMapper.selectByPhone      : ==> Parameters: 13900000001(String)
2026-04-23T18:55:11.191+08:00 DEBUG 21652 --- [           main] c.p.mapper.UserMapper.selectByPhone      : <==      Total: 1
2026-04-23T18:55:11.192+08:00 DEBUG 21652 --- [           main] o.s.security.web.FilterChainProxy        : Secured GET /api/user/appointments
2026-04-23T18:55:11.194+08:00 DEBUG 21652 --- [           main] c.p.mapper.AppointmentMapper.selectList  : ==>  Preparing: SELECT id,user_id,merchant_id,service_id,pet_id,appointment_time,status,total_price,notes,created_at,updated_at FROM "appointment" WHERE (user_id = ? AND status = ?) ORDER BY created_at DESC
2026-04-23T18:55:11.195+08:00 DEBUG 21652 --- [           main] c.p.mapper.AppointmentMapper.selectList  : ==> Parameters: 97(Integer), pending(String)
2026-04-23T18:55:11.196+08:00 DEBUG 21652 --- [           main] c.p.mapper.AppointmentMapper.selectList  : <==      Total: 1

MockHttpServletRequest:
      HTTP Method = GET
      Request URI = /api/user/appointments
       Parameters = {status=[pending]}
          Headers = [Authorization:"Bearer eyJhbGciOiJIUzUxMiJ9.eyJzdWIiOiIxMzkwMDAwMDAwMSIsImlhdCI6MTc3Njk0MTcxMX0.DBSIHNejUo9ZSGE6J9qNJUd7crgj7YKQKOFNP4wKKbClsu-rPjZ4GtErXMNEVT4ryc5fpJNKv7MJ4ZLvjVKKCg"]
             Body = null
    Session Attrs = {}

Handler:
             Type = com.petshop.controller.api.UserApiController
           Method = com.petshop.controller.api.UserApiController#getAppointments(String, String, LocalDateTime, LocalDateTime, int, int)

Async:
    Async started = false
     Async result = null

Resolved Exception:
             Type = null

ModelAndView:
        View name = null
             View = null
            Model = null

FlashMap:
       Attributes = null

MockHttpServletResponse:
           Status = 200
    Error message = null
          Headers = [Vary:"Origin", "Access-Control-Request-Method", "Access-Control-Request-Headers", Content-Type:"application/json", X-Content-Type-Options:"nosniff", X-XSS-Protection:"0", Cache-Control:"no-cache, no-store, max-age=0, must-revalidate", Pragma:"no-cache", Expires:"0", X-Frame-Options:"DENY"]
     Content type = application/json
             Body = {"code":200,"message":"success","data":{"total":0,"data":[{"id":1,"userId":null,"serviceId":0,"merchantId":0,"serviceName":"未知服务","merchantName":"未知商家","appointmentTime":"2026-04-24T18:55:11.185852","status":"pending","remark":"Test appointment","totalPrice":99.99,"petId":0,"petName":"未知宠物","petType":"未知","merchantPhone":"","merchantAddress":"","servicePrice":0,"serviceDuration":0,"createdAt":"2026-04-23T18:55:11.185852","updatedAt":"2026-04-23T18:55:11.185852"}],"totalPages":0,"pageSize":10,"page":0}}
    Forwarded URL = null
   Redirected URL = null
          Cookies = []
2026-04-23T18:55:11.307+08:00 DEBUG 21652 --- [           main] com.petshop.mapper.UserMapper.insert     : ==>  Preparing: INSERT INTO "user" ( username, email, password, phone, status, created_at, updated_at ) VALUES ( ?, ?, ?, ?, ?, ?, ? )
2026-04-23T18:55:11.307+08:00 DEBUG 21652 --- [           main] com.petshop.mapper.UserMapper.insert     : ==> Parameters: testuser(String), testuser@example.com(String), $2a$10$jJudhwyqgLlASJD1Zc5lfeuLqpdmCxazauww15Tbhi9k3eoSd7PLS(String), 13900000001(String), active(String), 2026-04-23T18:55:11.307187(LocalDateTime), 2026-04-23T18:55:11.307187(LocalDateTime)
2026-04-23T18:55:11.307+08:00 DEBUG 21652 --- [           main] com.petshop.mapper.UserMapper.insert     : <==    Updates: 1
2026-04-23T18:55:11.405+08:00 DEBUG 21652 --- [           main] c.petshop.mapper.MerchantMapper.insert   : ==>  Preparing: INSERT INTO "merchant" ( name, contact_person, phone, email, password, address, status, created_at, updated_at ) VALUES ( ?, ?, ?, ?, ?, ?, ?, ?, ? )
2026-04-23T18:55:11.405+08:00 DEBUG 21652 --- [           main] c.petshop.mapper.MerchantMapper.insert   : ==> Parameters: Test Merchant(String), Test Contact(String), 13900000002(String), merchant@example.com(String), $2a$10$BR/ts3Lb7ql8pB8d3.Sfxu6jaKG5/uF0MqxM/uK0ebx.uuu4W7eHe(String), Test Address 123(String), approved(String), 2026-04-23T18:55:11.405102700(LocalDateTime), 2026-04-23T18:55:11.405102700(LocalDateTime)
2026-04-23T18:55:11.406+08:00 DEBUG 21652 --- [           main] c.petshop.mapper.MerchantMapper.insert   : <==    Updates: 1
2026-04-23T18:55:11.406+08:00 DEBUG 21652 --- [           main] c.petshop.mapper.ServiceMapper.insert    : ==>  Preparing: INSERT INTO "service" ( merchant_id, name, description, price, duration, category, status, created_at, updated_at ) VALUES ( ?, ?, ?, ?, ?, ?, ?, ?, ? )
2026-04-23T18:55:11.406+08:00 DEBUG 21652 --- [           main] c.petshop.mapper.ServiceMapper.insert    : ==> Parameters: 137(Integer), Test Pet Grooming(String), Professional pet grooming service(String), 99.99(BigDecimal), 60(Integer), grooming(String), enabled(String), 2026-04-23T18:55:11.406101600(LocalDateTime), 2026-04-23T18:55:11.406101600(LocalDateTime)
2026-04-23T18:55:11.406+08:00 DEBUG 21652 --- [           main] c.petshop.mapper.ServiceMapper.insert    : <==    Updates: 1
2026-04-23T18:55:11.406+08:00 DEBUG 21652 --- [           main] com.petshop.mapper.PetMapper.insert      : ==>  Preparing: INSERT INTO "pet" ( user_id, name, type, breed, age, gender, created_at, updated_at ) VALUES ( ?, ?, ?, ?, ?, ?, ?, ? )
2026-04-23T18:55:11.406+08:00 DEBUG 21652 --- [           main] com.petshop.mapper.PetMapper.insert      : ==> Parameters: 98(Integer), Test Pet(String), dog(String), Golden Retriever(String), 2(Integer), male(String), 2026-04-23T18:55:11.406101600(LocalDateTime), 2026-04-23T18:55:11.406101600(LocalDateTime)
2026-04-23T18:55:11.406+08:00 DEBUG 21652 --- [           main] com.petshop.mapper.PetMapper.insert      : <==    Updates: 1
2026-04-23T18:55:11.407+08:00 DEBUG 21652 --- [           main] c.petshop.mapper.ProductMapper.insert    : ==>  Preparing: INSERT INTO "product" ( merchant_id, name, description, price, stock, status, low_stock_threshold, created_at, updated_at ) VALUES ( ?, ?, ?, ?, ?, ?, ?, ?, ? )
2026-04-23T18:55:11.407+08:00 DEBUG 21652 --- [           main] c.petshop.mapper.ProductMapper.insert    : ==> Parameters: 137(Integer), Test Product(String), Test product description(String), 49.99(BigDecimal), 100(Integer), enabled(String), 10(Integer), 2026-04-23T18:55:11.407101400(LocalDateTime), 2026-04-23T18:55:11.407101400(LocalDateTime)
2026-04-23T18:55:11.407+08:00 DEBUG 21652 --- [           main] c.petshop.mapper.ProductMapper.insert    : <==    Updates: 1
2026-04-23T18:55:11.407+08:00 DEBUG 21652 --- [           main] c.petshop.mapper.AddressMapper.insert    : ==>  Preparing: INSERT INTO "address" ( user_id, contact_name, phone, province, city, district, detail_address, is_default, created_at, updated_at ) VALUES ( ?, ?, ?, ?, ?, ?, ?, ?, ?, ? )
2026-04-23T18:55:11.407+08:00 DEBUG 21652 --- [           main] c.petshop.mapper.AddressMapper.insert    : ==> Parameters: 98(Integer), Test Receiver(String), 13900000003(String), Beijing(String), Beijing(String), Chaoyang(String), Test Street 123(String), true(Boolean), 2026-04-23T18:55:11.407101400(LocalDateTime), 2026-04-23T18:55:11.407101400(LocalDateTime)
2026-04-23T18:55:11.407+08:00 DEBUG 21652 --- [           main] c.petshop.mapper.AddressMapper.insert    : <==    Updates: 1
2026-04-23T18:55:11.409+08:00 DEBUG 21652 --- [           main] o.s.security.web.FilterChainProxy        : Securing PUT /api/user/appointments/99999/cancel
2026-04-23T18:55:11.410+08:00 DEBUG 21652 --- [           main] c.p.mapper.UserMapper.selectByPhone      : ==>  Preparing: SELECT * FROM `user` WHERE phone = ?
2026-04-23T18:55:11.410+08:00 DEBUG 21652 --- [           main] c.p.mapper.UserMapper.selectByPhone      : ==> Parameters: 13900000001(String)
2026-04-23T18:55:11.411+08:00 DEBUG 21652 --- [           main] c.p.mapper.UserMapper.selectByPhone      : <==      Total: 1
2026-04-23T18:55:11.411+08:00 DEBUG 21652 --- [           main] o.s.security.web.FilterChainProxy        : Secured PUT /api/user/appointments/99999/cancel
2026-04-23T18:55:11.411+08:00 DEBUG 21652 --- [           main] c.p.mapper.AppointmentMapper.selectById  : ==>  Preparing: SELECT id,user_id,merchant_id,service_id,pet_id,appointment_time,status,total_price,notes,created_at,updated_at FROM "appointment" WHERE id=?
2026-04-23T18:55:11.411+08:00 DEBUG 21652 --- [           main] c.p.mapper.AppointmentMapper.selectById  : ==> Parameters: 99999(Integer)
2026-04-23T18:55:11.412+08:00 DEBUG 21652 --- [           main] c.p.mapper.AppointmentMapper.selectById  : <==      Total: 0

MockHttpServletRequest:
      HTTP Method = PUT
      Request URI = /api/user/appointments/99999/cancel
       Parameters = {}
          Headers = [Authorization:"Bearer eyJhbGciOiJIUzUxMiJ9.eyJzdWIiOiIxMzkwMDAwMDAwMSIsImlhdCI6MTc3Njk0MTcxMX0.DBSIHNejUo9ZSGE6J9qNJUd7crgj7YKQKOFNP4wKKbClsu-rPjZ4GtErXMNEVT4ryc5fpJNKv7MJ4ZLvjVKKCg"]
             Body = null
    Session Attrs = {}

Handler:
             Type = com.petshop.controller.api.UserApiController
           Method = com.petshop.controller.api.UserApiController#cancelAppointment(Integer)

Async:
    Async started = false
     Async result = null

Resolved Exception:
             Type = null

ModelAndView:
        View name = null
             View = null
            Model = null

FlashMap:
       Attributes = null

MockHttpServletResponse:
           Status = 404
    Error message = null
          Headers = [Vary:"Origin", "Access-Control-Request-Method", "Access-Control-Request-Headers", X-Content-Type-Options:"nosniff", X-XSS-Protection:"0", Cache-Control:"no-cache, no-store, max-age=0, must-revalidate", Pragma:"no-cache", Expires:"0", X-Frame-Options:"DENY"]
     Content type = null
             Body = 
    Forwarded URL = null
   Redirected URL = null
          Cookies = []
2026-04-23T18:55:11.511+08:00 DEBUG 21652 --- [           main] com.petshop.mapper.UserMapper.insert     : ==>  Preparing: INSERT INTO "user" ( username, email, password, phone, status, created_at, updated_at ) VALUES ( ?, ?, ?, ?, ?, ?, ? )
2026-04-23T18:55:11.511+08:00 DEBUG 21652 --- [           main] com.petshop.mapper.UserMapper.insert     : ==> Parameters: testuser(String), testuser@example.com(String), $2a$10$v5VPzpsTuMgYVyXckBBr.utzcq5qLMZe8hCVTlGpopUXBx8KtvTDq(String), 13900000001(String), active(String), 2026-04-23T18:55:11.511118500(LocalDateTime), 2026-04-23T18:55:11.511118500(LocalDateTime)
2026-04-23T18:55:11.511+08:00 DEBUG 21652 --- [           main] com.petshop.mapper.UserMapper.insert     : <==    Updates: 1
2026-04-23T18:55:11.595+08:00 DEBUG 21652 --- [           main] c.petshop.mapper.MerchantMapper.insert   : ==>  Preparing: INSERT INTO "merchant" ( name, contact_person, phone, email, password, address, status, created_at, updated_at ) VALUES ( ?, ?, ?, ?, ?, ?, ?, ?, ? )
2026-04-23T18:55:11.595+08:00 DEBUG 21652 --- [           main] c.petshop.mapper.MerchantMapper.insert   : ==> Parameters: Test Merchant(String), Test Contact(String), 13900000002(String), merchant@example.com(String), $2a$10$9PMN3Zisn7keq7Tm/LRB2OlOutPGRde4lbI4XGLVE9/NivI6jRLSe(String), Test Address 123(String), approved(String), 2026-04-23T18:55:11.595556400(LocalDateTime), 2026-04-23T18:55:11.595556400(LocalDateTime)
2026-04-23T18:55:11.596+08:00 DEBUG 21652 --- [           main] c.petshop.mapper.MerchantMapper.insert   : <==    Updates: 1
2026-04-23T18:55:11.596+08:00 DEBUG 21652 --- [           main] c.petshop.mapper.ServiceMapper.insert    : ==>  Preparing: INSERT INTO "service" ( merchant_id, name, description, price, duration, category, status, created_at, updated_at ) VALUES ( ?, ?, ?, ?, ?, ?, ?, ?, ? )
2026-04-23T18:55:11.596+08:00 DEBUG 21652 --- [           main] c.petshop.mapper.ServiceMapper.insert    : ==> Parameters: 138(Integer), Test Pet Grooming(String), Professional pet grooming service(String), 99.99(BigDecimal), 60(Integer), grooming(String), enabled(String), 2026-04-23T18:55:11.596557700(LocalDateTime), 2026-04-23T18:55:11.596557700(LocalDateTime)
2026-04-23T18:55:11.596+08:00 DEBUG 21652 --- [           main] c.petshop.mapper.ServiceMapper.insert    : <==    Updates: 1
2026-04-23T18:55:11.597+08:00 DEBUG 21652 --- [           main] com.petshop.mapper.PetMapper.insert      : ==>  Preparing: INSERT INTO "pet" ( user_id, name, type, breed, age, gender, created_at, updated_at ) VALUES ( ?, ?, ?, ?, ?, ?, ?, ? )
2026-04-23T18:55:11.597+08:00 DEBUG 21652 --- [           main] com.petshop.mapper.PetMapper.insert      : ==> Parameters: 99(Integer), Test Pet(String), dog(String), Golden Retriever(String), 2(Integer), male(String), 2026-04-23T18:55:11.596557700(LocalDateTime), 2026-04-23T18:55:11.596557700(LocalDateTime)
2026-04-23T18:55:11.597+08:00 DEBUG 21652 --- [           main] com.petshop.mapper.PetMapper.insert      : <==    Updates: 1
2026-04-23T18:55:11.597+08:00 DEBUG 21652 --- [           main] c.petshop.mapper.ProductMapper.insert    : ==>  Preparing: INSERT INTO "product" ( merchant_id, name, description, price, stock, status, low_stock_threshold, created_at, updated_at ) VALUES ( ?, ?, ?, ?, ?, ?, ?, ?, ? )
2026-04-23T18:55:11.597+08:00 DEBUG 21652 --- [           main] c.petshop.mapper.ProductMapper.insert    : ==> Parameters: 138(Integer), Test Product(String), Test product description(String), 49.99(BigDecimal), 100(Integer), enabled(String), 10(Integer), 2026-04-23T18:55:11.597558900(LocalDateTime), 2026-04-23T18:55:11.597558900(LocalDateTime)
2026-04-23T18:55:11.597+08:00 DEBUG 21652 --- [           main] c.petshop.mapper.ProductMapper.insert    : <==    Updates: 1
2026-04-23T18:55:11.597+08:00 DEBUG 21652 --- [           main] c.petshop.mapper.AddressMapper.insert    : ==>  Preparing: INSERT INTO "address" ( user_id, contact_name, phone, province, city, district, detail_address, is_default, created_at, updated_at ) VALUES ( ?, ?, ?, ?, ?, ?, ?, ?, ?, ? )
2026-04-23T18:55:11.598+08:00 DEBUG 21652 --- [           main] c.petshop.mapper.AddressMapper.insert    : ==> Parameters: 99(Integer), Test Receiver(String), 13900000003(String), Beijing(String), Beijing(String), Chaoyang(String), Test Street 123(String), true(Boolean), 2026-04-23T18:55:11.597558900(LocalDateTime), 2026-04-23T18:55:11.597558900(LocalDateTime)
2026-04-23T18:55:11.598+08:00 DEBUG 21652 --- [           main] c.petshop.mapper.AddressMapper.insert    : <==    Updates: 1
2026-04-23T18:55:11.601+08:00 DEBUG 21652 --- [           main] o.s.security.web.FilterChainProxy        : Securing POST /api/user/appointments
2026-04-23T18:55:11.602+08:00 DEBUG 21652 --- [           main] c.p.mapper.UserMapper.selectByPhone      : ==>  Preparing: SELECT * FROM `user` WHERE phone = ?
2026-04-23T18:55:11.602+08:00 DEBUG 21652 --- [           main] c.p.mapper.UserMapper.selectByPhone      : ==> Parameters: 13900000001(String)
2026-04-23T18:55:11.603+08:00 DEBUG 21652 --- [           main] c.p.mapper.UserMapper.selectByPhone      : <==      Total: 1
2026-04-23T18:55:11.603+08:00 DEBUG 21652 --- [           main] o.s.security.web.FilterChainProxy        : Secured POST /api/user/appointments
2026-04-23T18:55:11.604+08:00 DEBUG 21652 --- [           main] c.p.mapper.ServiceMapper.selectById      : ==>  Preparing: SELECT id,merchant_id,name,description,price,duration,category,image,status,created_at,updated_at FROM "service" WHERE id=?
2026-04-23T18:55:11.604+08:00 DEBUG 21652 --- [           main] c.p.mapper.ServiceMapper.selectById      : ==> Parameters: 99999(Integer)
2026-04-23T18:55:11.604+08:00 DEBUG 21652 --- [           main] c.p.mapper.ServiceMapper.selectById      : <==      Total: 0

MockHttpServletRequest:
      HTTP Method = POST
      Request URI = /api/user/appointments
       Parameters = {}
          Headers = [Content-Type:"application/json;charset=UTF-8", Authorization:"Bearer eyJhbGciOiJIUzUxMiJ9.eyJzdWIiOiIxMzkwMDAwMDAwMSIsImlhdCI6MTc3Njk0MTcxMX0.DBSIHNejUo9ZSGE6J9qNJUd7crgj7YKQKOFNP4wKKbClsu-rPjZ4GtErXMNEVT4ryc5fpJNKv7MJ4ZLvjVKKCg", Content-Length:"112"]
             Body = {"serviceId":99999,"petId":8,"appointmentTime":"2026-04-24T18:55:11.5996156","remark":"Test appointment remark"}
    Session Attrs = {}

Handler:
             Type = com.petshop.controller.api.UserApiController
           Method = com.petshop.controller.api.UserApiController#createAppointment(CreateAppointmentRequest)

Async:
    Async started = false
     Async result = null

Resolved Exception:
             Type = null

ModelAndView:
        View name = null
             View = null
            Model = null

FlashMap:
       Attributes = null

MockHttpServletResponse:
           Status = 400
    Error message = null
          Headers = [Vary:"Origin", "Access-Control-Request-Method", "Access-Control-Request-Headers", Content-Type:"application/json", X-Content-Type-Options:"nosniff", X-XSS-Protection:"0", Cache-Control:"no-cache, no-store, max-age=0, must-revalidate", Pragma:"no-cache", Expires:"0", X-Frame-Options:"DENY"]
     Content type = application/json
             Body = {"error":"Service not found"}
    Forwarded URL = null
   Redirected URL = null
          Cookies = []
2026-04-23T18:55:11.702+08:00 DEBUG 21652 --- [           main] com.petshop.mapper.UserMapper.insert     : ==>  Preparing: INSERT INTO "user" ( username, email, password, phone, status, created_at, updated_at ) VALUES ( ?, ?, ?, ?, ?, ?, ? )
2026-04-23T18:55:11.702+08:00 DEBUG 21652 --- [           main] com.petshop.mapper.UserMapper.insert     : ==> Parameters: testuser(String), testuser@example.com(String), $2a$10$L5HbD9PhX2BsqMOlyauIUeMscsaVG9rQQzPnu82KQN0lZcw4b15Cm(String), 13900000001(String), active(String), 2026-04-23T18:55:11.701717400(LocalDateTime), 2026-04-23T18:55:11.701717400(LocalDateTime)
2026-04-23T18:55:11.702+08:00 DEBUG 21652 --- [           main] com.petshop.mapper.UserMapper.insert     : <==    Updates: 1
2026-04-23T18:55:11.784+08:00 DEBUG 21652 --- [           main] c.petshop.mapper.MerchantMapper.insert   : ==>  Preparing: INSERT INTO "merchant" ( name, contact_person, phone, email, password, address, status, created_at, updated_at ) VALUES ( ?, ?, ?, ?, ?, ?, ?, ?, ? )
2026-04-23T18:55:11.784+08:00 DEBUG 21652 --- [           main] c.petshop.mapper.MerchantMapper.insert   : ==> Parameters: Test Merchant(String), Test Contact(String), 13900000002(String), merchant@example.com(String), $2a$10$KeqdErLREpKZVcEdGCo1o.ztUEYaSdE70oiMhkKLA1hX7yqa0XuK2(String), Test Address 123(String), approved(String), 2026-04-23T18:55:11.784504500(LocalDateTime), 2026-04-23T18:55:11.784504500(LocalDateTime)
2026-04-23T18:55:11.784+08:00 DEBUG 21652 --- [           main] c.petshop.mapper.MerchantMapper.insert   : <==    Updates: 1
2026-04-23T18:55:11.784+08:00 DEBUG 21652 --- [           main] c.petshop.mapper.ServiceMapper.insert    : ==>  Preparing: INSERT INTO "service" ( merchant_id, name, description, price, duration, category, status, created_at, updated_at ) VALUES ( ?, ?, ?, ?, ?, ?, ?, ?, ? )
2026-04-23T18:55:11.785+08:00 DEBUG 21652 --- [           main] c.petshop.mapper.ServiceMapper.insert    : ==> Parameters: 139(Integer), Test Pet Grooming(String), Professional pet grooming service(String), 99.99(BigDecimal), 60(Integer), grooming(String), enabled(String), 2026-04-23T18:55:11.784504500(LocalDateTime), 2026-04-23T18:55:11.784504500(LocalDateTime)
2026-04-23T18:55:11.785+08:00 DEBUG 21652 --- [           main] c.petshop.mapper.ServiceMapper.insert    : <==    Updates: 1
2026-04-23T18:55:11.786+08:00 DEBUG 21652 --- [           main] com.petshop.mapper.PetMapper.insert      : ==>  Preparing: INSERT INTO "pet" ( user_id, name, type, breed, age, gender, created_at, updated_at ) VALUES ( ?, ?, ?, ?, ?, ?, ?, ? )
2026-04-23T18:55:11.786+08:00 DEBUG 21652 --- [           main] com.petshop.mapper.PetMapper.insert      : ==> Parameters: 100(Integer), Test Pet(String), dog(String), Golden Retriever(String), 2(Integer), male(String), 2026-04-23T18:55:11.785544100(LocalDateTime), 2026-04-23T18:55:11.785544100(LocalDateTime)
2026-04-23T18:55:11.786+08:00 DEBUG 21652 --- [           main] com.petshop.mapper.PetMapper.insert      : <==    Updates: 1
2026-04-23T18:55:11.786+08:00 DEBUG 21652 --- [           main] c.petshop.mapper.ProductMapper.insert    : ==>  Preparing: INSERT INTO "product" ( merchant_id, name, description, price, stock, status, low_stock_threshold, created_at, updated_at ) VALUES ( ?, ?, ?, ?, ?, ?, ?, ?, ? )
2026-04-23T18:55:11.786+08:00 DEBUG 21652 --- [           main] c.petshop.mapper.ProductMapper.insert    : ==> Parameters: 139(Integer), Test Product(String), Test product description(String), 49.99(BigDecimal), 100(Integer), enabled(String), 10(Integer), 2026-04-23T18:55:11.786290700(LocalDateTime), 2026-04-23T18:55:11.786290700(LocalDateTime)
2026-04-23T18:55:11.786+08:00 DEBUG 21652 --- [           main] c.petshop.mapper.ProductMapper.insert    : <==    Updates: 1
2026-04-23T18:55:11.786+08:00 DEBUG 21652 --- [           main] c.petshop.mapper.AddressMapper.insert    : ==>  Preparing: INSERT INTO "address" ( user_id, contact_name, phone, province, city, district, detail_address, is_default, created_at, updated_at ) VALUES ( ?, ?, ?, ?, ?, ?, ?, ?, ?, ? )
2026-04-23T18:55:11.787+08:00 DEBUG 21652 --- [           main] c.petshop.mapper.AddressMapper.insert    : ==> Parameters: 100(Integer), Test Receiver(String), 13900000003(String), Beijing(String), Beijing(String), Chaoyang(String), Test Street 123(String), true(Boolean), 2026-04-23T18:55:11.786290700(LocalDateTime), 2026-04-23T18:55:11.786290700(LocalDateTime)
2026-04-23T18:55:11.787+08:00 DEBUG 21652 --- [           main] c.petshop.mapper.AddressMapper.insert    : <==    Updates: 1
2026-04-23T18:55:11.787+08:00 DEBUG 21652 --- [           main] c.p.mapper.AppointmentMapper.insert      : ==>  Preparing: INSERT INTO "appointment" ( user_id, merchant_id, service_id, pet_id, appointment_time, status, total_price, notes, created_at, updated_at ) VALUES ( ?, ?, ?, ?, ?, ?, ?, ?, ?, ? )
2026-04-23T18:55:11.787+08:00 DEBUG 21652 --- [           main] c.p.mapper.AppointmentMapper.insert      : ==> Parameters: 100(Integer), 139(Integer), 66(Integer), 9(Integer), 2026-04-24T18:55:11.787067200(LocalDateTime), pending(String), 99.99(BigDecimal), Test appointment(String), 2026-04-23T18:55:11.787067200(LocalDateTime), 2026-04-23T18:55:11.787067200(LocalDateTime)
2026-04-23T18:55:11.787+08:00 DEBUG 21652 --- [           main] c.p.mapper.AppointmentMapper.insert      : <==    Updates: 1
2026-04-23T18:55:11.788+08:00 DEBUG 21652 --- [           main] o.s.security.web.FilterChainProxy        : Securing PUT /api/user/appointments/2/cancel
2026-04-23T18:55:11.789+08:00 DEBUG 21652 --- [           main] c.p.mapper.UserMapper.selectByPhone      : ==>  Preparing: SELECT * FROM `user` WHERE phone = ?
2026-04-23T18:55:11.789+08:00 DEBUG 21652 --- [           main] c.p.mapper.UserMapper.selectByPhone      : ==> Parameters: 13900000001(String)
2026-04-23T18:55:11.789+08:00 DEBUG 21652 --- [           main] c.p.mapper.UserMapper.selectByPhone      : <==      Total: 1
2026-04-23T18:55:11.789+08:00 DEBUG 21652 --- [           main] o.s.security.web.FilterChainProxy        : Secured PUT /api/user/appointments/2/cancel
2026-04-23T18:55:11.790+08:00 DEBUG 21652 --- [           main] c.p.mapper.AppointmentMapper.selectById  : ==>  Preparing: SELECT id,user_id,merchant_id,service_id,pet_id,appointment_time,status,total_price,notes,created_at,updated_at FROM "appointment" WHERE id=?
2026-04-23T18:55:11.790+08:00 DEBUG 21652 --- [           main] c.p.mapper.AppointmentMapper.selectById  : ==> Parameters: 2(Integer)
2026-04-23T18:55:11.790+08:00 DEBUG 21652 --- [           main] c.p.mapper.AppointmentMapper.selectById  : <==      Total: 1
2026-04-23T18:55:11.791+08:00 DEBUG 21652 --- [           main] c.p.mapper.AppointmentMapper.updateById  : ==>  Preparing: UPDATE "appointment" SET user_id=?, merchant_id=?, service_id=?, pet_id=?, appointment_time=?, status=?, total_price=?, notes=?, created_at=?, updated_at=? WHERE id=?
2026-04-23T18:55:11.791+08:00 DEBUG 21652 --- [           main] c.p.mapper.AppointmentMapper.updateById  : ==> Parameters: 100(Integer), 139(Integer), 66(Integer), 9(Integer), 2026-04-24T18:55:11.787067(LocalDateTime), cancelled(String), 99.99(BigDecimal), Test appointment(String), 2026-04-23T18:55:11.787067(LocalDateTime), 2026-04-23T18:55:11.787067(LocalDateTime), 2(Integer)
2026-04-23T18:55:11.791+08:00 DEBUG 21652 --- [           main] c.p.mapper.AppointmentMapper.updateById  : <==    Updates: 1

MockHttpServletRequest:
      HTTP Method = PUT
      Request URI = /api/user/appointments/2/cancel
       Parameters = {}
          Headers = [Authorization:"Bearer eyJhbGciOiJIUzUxMiJ9.eyJzdWIiOiIxMzkwMDAwMDAwMSIsImlhdCI6MTc3Njk0MTcxMX0.DBSIHNejUo9ZSGE6J9qNJUd7crgj7YKQKOFNP4wKKbClsu-rPjZ4GtErXMNEVT4ryc5fpJNKv7MJ4ZLvjVKKCg"]
             Body = null
    Session Attrs = {}

Handler:
             Type = com.petshop.controller.api.UserApiController
           Method = com.petshop.controller.api.UserApiController#cancelAppointment(Integer)

Async:
    Async started = false
     Async result = null

Resolved Exception:
             Type = null

ModelAndView:
        View name = null
             View = null
            Model = null

FlashMap:
       Attributes = null

MockHttpServletResponse:
           Status = 200
    Error message = null
          Headers = [Vary:"Origin", "Access-Control-Request-Method", "Access-Control-Request-Headers", X-Content-Type-Options:"nosniff", X-XSS-Protection:"0", Cache-Control:"no-cache, no-store, max-age=0, must-revalidate", Pragma:"no-cache", Expires:"0", X-Frame-Options:"DENY"]
     Content type = null
             Body = 
    Forwarded URL = null
   Redirected URL = null
          Cookies = []
2026-04-23T18:55:11.882+08:00 DEBUG 21652 --- [           main] com.petshop.mapper.UserMapper.insert     : ==>  Preparing: INSERT INTO "user" ( username, email, password, phone, status, created_at, updated_at ) VALUES ( ?, ?, ?, ?, ?, ?, ? )
2026-04-23T18:55:11.882+08:00 DEBUG 21652 --- [           main] com.petshop.mapper.UserMapper.insert     : ==> Parameters: testuser(String), testuser@example.com(String), $2a$10$hwunxw8A6hOxoCGQUidHOub.cl7iHA21aJgAcRy.fAuA.2AgiW5I2(String), 13900000001(String), active(String), 2026-04-23T18:55:11.881945500(LocalDateTime), 2026-04-23T18:55:11.881945500(LocalDateTime)
2026-04-23T18:55:11.882+08:00 DEBUG 21652 --- [           main] com.petshop.mapper.UserMapper.insert     : <==    Updates: 1
2026-04-23T18:55:11.963+08:00 DEBUG 21652 --- [           main] c.petshop.mapper.MerchantMapper.insert   : ==>  Preparing: INSERT INTO "merchant" ( name, contact_person, phone, email, password, address, status, created_at, updated_at ) VALUES ( ?, ?, ?, ?, ?, ?, ?, ?, ? )
2026-04-23T18:55:11.963+08:00 DEBUG 21652 --- [           main] c.petshop.mapper.MerchantMapper.insert   : ==> Parameters: Test Merchant(String), Test Contact(String), 13900000002(String), merchant@example.com(String), $2a$10$Bk7PyeNYxGkL9DNtwu.VsutMLUZ9xZqHicF/qwgB3PZ4kcoAKPCHm(String), Test Address 123(String), approved(String), 2026-04-23T18:55:11.962804600(LocalDateTime), 2026-04-23T18:55:11.962804600(LocalDateTime)
2026-04-23T18:55:11.963+08:00 DEBUG 21652 --- [           main] c.petshop.mapper.MerchantMapper.insert   : <==    Updates: 1
2026-04-23T18:55:11.963+08:00 DEBUG 21652 --- [           main] c.petshop.mapper.ServiceMapper.insert    : ==>  Preparing: INSERT INTO "service" ( merchant_id, name, description, price, duration, category, status, created_at, updated_at ) VALUES ( ?, ?, ?, ?, ?, ?, ?, ?, ? )
2026-04-23T18:55:11.963+08:00 DEBUG 21652 --- [           main] c.petshop.mapper.ServiceMapper.insert    : ==> Parameters: 140(Integer), Test Pet Grooming(String), Professional pet grooming service(String), 99.99(BigDecimal), 60(Integer), grooming(String), enabled(String), 2026-04-23T18:55:11.963801300(LocalDateTime), 2026-04-23T18:55:11.963801300(LocalDateTime)
2026-04-23T18:55:11.963+08:00 DEBUG 21652 --- [           main] c.petshop.mapper.ServiceMapper.insert    : <==    Updates: 1
2026-04-23T18:55:11.963+08:00 DEBUG 21652 --- [           main] com.petshop.mapper.PetMapper.insert      : ==>  Preparing: INSERT INTO "pet" ( user_id, name, type, breed, age, gender, created_at, updated_at ) VALUES ( ?, ?, ?, ?, ?, ?, ?, ? )
2026-04-23T18:55:11.963+08:00 DEBUG 21652 --- [           main] com.petshop.mapper.PetMapper.insert      : ==> Parameters: 101(Integer), Test Pet(String), dog(String), Golden Retriever(String), 2(Integer), male(String), 2026-04-23T18:55:11.963801300(LocalDateTime), 2026-04-23T18:55:11.963801300(LocalDateTime)
2026-04-23T18:55:11.963+08:00 DEBUG 21652 --- [           main] com.petshop.mapper.PetMapper.insert      : <==    Updates: 1
2026-04-23T18:55:11.963+08:00 DEBUG 21652 --- [           main] c.petshop.mapper.ProductMapper.insert    : ==>  Preparing: INSERT INTO "product" ( merchant_id, name, description, price, stock, status, low_stock_threshold, created_at, updated_at ) VALUES ( ?, ?, ?, ?, ?, ?, ?, ?, ? )
2026-04-23T18:55:11.964+08:00 DEBUG 21652 --- [           main] c.petshop.mapper.ProductMapper.insert    : ==> Parameters: 140(Integer), Test Product(String), Test product description(String), 49.99(BigDecimal), 100(Integer), enabled(String), 10(Integer), 2026-04-23T18:55:11.963801300(LocalDateTime), 2026-04-23T18:55:11.963801300(LocalDateTime)
2026-04-23T18:55:11.964+08:00 DEBUG 21652 --- [           main] c.petshop.mapper.ProductMapper.insert    : <==    Updates: 1
2026-04-23T18:55:11.964+08:00 DEBUG 21652 --- [           main] c.petshop.mapper.AddressMapper.insert    : ==>  Preparing: INSERT INTO "address" ( user_id, contact_name, phone, province, city, district, detail_address, is_default, created_at, updated_at ) VALUES ( ?, ?, ?, ?, ?, ?, ?, ?, ?, ? )
2026-04-23T18:55:11.964+08:00 DEBUG 21652 --- [           main] c.petshop.mapper.AddressMapper.insert    : ==> Parameters: 101(Integer), Test Receiver(String), 13900000003(String), Beijing(String), Beijing(String), Chaoyang(String), Test Street 123(String), true(Boolean), 2026-04-23T18:55:11.964817800(LocalDateTime), 2026-04-23T18:55:11.964817800(LocalDateTime)
2026-04-23T18:55:11.964+08:00 DEBUG 21652 --- [           main] c.petshop.mapper.AddressMapper.insert    : <==    Updates: 1
2026-04-23T18:55:11.966+08:00 DEBUG 21652 --- [           main] o.s.security.web.FilterChainProxy        : Securing POST /api/user/appointments
2026-04-23T18:55:11.967+08:00 DEBUG 21652 --- [           main] c.p.mapper.UserMapper.selectByPhone      : ==>  Preparing: SELECT * FROM `user` WHERE phone = ?
2026-04-23T18:55:11.967+08:00 DEBUG 21652 --- [           main] c.p.mapper.UserMapper.selectByPhone      : ==> Parameters: 13900000001(String)
2026-04-23T18:55:11.967+08:00 DEBUG 21652 --- [           main] c.p.mapper.UserMapper.selectByPhone      : <==      Total: 1
2026-04-23T18:55:11.967+08:00 DEBUG 21652 --- [           main] o.s.security.web.FilterChainProxy        : Secured POST /api/user/appointments
2026-04-23T18:55:11.968+08:00 DEBUG 21652 --- [           main] c.p.mapper.ServiceMapper.selectById      : ==>  Preparing: SELECT id,merchant_id,name,description,price,duration,category,image,status,created_at,updated_at FROM "service" WHERE id=?
2026-04-23T18:55:11.968+08:00 DEBUG 21652 --- [           main] c.p.mapper.ServiceMapper.selectById      : ==> Parameters: 67(Integer)
2026-04-23T18:55:11.968+08:00 DEBUG 21652 --- [           main] c.p.mapper.ServiceMapper.selectById      : <==      Total: 1
2026-04-23T18:55:11.968+08:00 DEBUG 21652 --- [           main] c.petshop.mapper.PetMapper.selectById    : ==>  Preparing: SELECT id,user_id,name,type,breed,age,gender,avatar,description,created_at,updated_at FROM "pet" WHERE id=?
2026-04-23T18:55:11.968+08:00 DEBUG 21652 --- [           main] c.petshop.mapper.PetMapper.selectById    : ==> Parameters: 99999(Integer)
2026-04-23T18:55:11.968+08:00 DEBUG 21652 --- [           main] c.petshop.mapper.PetMapper.selectById    : <==      Total: 0

MockHttpServletRequest:
      HTTP Method = POST
      Request URI = /api/user/appointments
       Parameters = {}
          Headers = [Content-Type:"application/json;charset=UTF-8", Authorization:"Bearer eyJhbGciOiJIUzUxMiJ9.eyJzdWIiOiIxMzkwMDAwMDAwMSIsImlhdCI6MTc3Njk0MTcxMX0.DBSIHNejUo9ZSGE6J9qNJUd7crgj7YKQKOFNP4wKKbClsu-rPjZ4GtErXMNEVT4ryc5fpJNKv7MJ4ZLvjVKKCg", Content-Length:"112"]
             Body = {"serviceId":67,"petId":99999,"appointmentTime":"2026-04-24T18:55:11.965867","remark":"Test appointment remark"}
    Session Attrs = {}

Handler:
             Type = com.petshop.controller.api.UserApiController
           Method = com.petshop.controller.api.UserApiController#createAppointment(CreateAppointmentRequest)

Async:
    Async started = false
     Async result = null

Resolved Exception:
             Type = null

ModelAndView:
        View name = null
             View = null
            Model = null

FlashMap:
       Attributes = null

MockHttpServletResponse:
           Status = 400
    Error message = null
          Headers = [Vary:"Origin", "Access-Control-Request-Method", "Access-Control-Request-Headers", Content-Type:"application/json", X-Content-Type-Options:"nosniff", X-XSS-Protection:"0", Cache-Control:"no-cache, no-store, max-age=0, must-revalidate", Pragma:"no-cache", Expires:"0", X-Frame-Options:"DENY"]
     Content type = application/json
             Body = {"error":"Pet not found or does not belong to user"}
    Forwarded URL = null
   Redirected URL = null
          Cookies = []
2026-04-23T18:55:12.054+08:00 DEBUG 21652 --- [           main] com.petshop.mapper.UserMapper.insert     : ==>  Preparing: INSERT INTO "user" ( username, email, password, phone, status, created_at, updated_at ) VALUES ( ?, ?, ?, ?, ?, ?, ? )
2026-04-23T18:55:12.054+08:00 DEBUG 21652 --- [           main] com.petshop.mapper.UserMapper.insert     : ==> Parameters: testuser(String), testuser@example.com(String), $2a$10$0/A72KQ1u0jVD2fZcXPjgeuaoIj7bC45b4HsdpQf8Ws.fyijmAEBG(String), 13900000001(String), active(String), 2026-04-23T18:55:12.054023600(LocalDateTime), 2026-04-23T18:55:12.054023600(LocalDateTime)
2026-04-23T18:55:12.054+08:00 DEBUG 21652 --- [           main] com.petshop.mapper.UserMapper.insert     : <==    Updates: 1
2026-04-23T18:55:12.135+08:00 DEBUG 21652 --- [           main] c.petshop.mapper.MerchantMapper.insert   : ==>  Preparing: INSERT INTO "merchant" ( name, contact_person, phone, email, password, address, status, created_at, updated_at ) VALUES ( ?, ?, ?, ?, ?, ?, ?, ?, ? )
2026-04-23T18:55:12.135+08:00 DEBUG 21652 --- [           main] c.petshop.mapper.MerchantMapper.insert   : ==> Parameters: Test Merchant(String), Test Contact(String), 13900000002(String), merchant@example.com(String), $2a$10$8cBHa35aDdhPlxPY6OVtXuEai2tibMIK1httcdonmoT4WJPoF2TZm(String), Test Address 123(String), approved(String), 2026-04-23T18:55:12.135491(LocalDateTime), 2026-04-23T18:55:12.135491(LocalDateTime)
2026-04-23T18:55:12.135+08:00 DEBUG 21652 --- [           main] c.petshop.mapper.MerchantMapper.insert   : <==    Updates: 1
2026-04-23T18:55:12.135+08:00 DEBUG 21652 --- [           main] c.petshop.mapper.ServiceMapper.insert    : ==>  Preparing: INSERT INTO "service" ( merchant_id, name, description, price, duration, category, status, created_at, updated_at ) VALUES ( ?, ?, ?, ?, ?, ?, ?, ?, ? )
2026-04-23T18:55:12.135+08:00 DEBUG 21652 --- [           main] c.petshop.mapper.ServiceMapper.insert    : ==> Parameters: 141(Integer), Test Pet Grooming(String), Professional pet grooming service(String), 99.99(BigDecimal), 60(Integer), grooming(String), enabled(String), 2026-04-23T18:55:12.135976200(LocalDateTime), 2026-04-23T18:55:12.135976200(LocalDateTime)
2026-04-23T18:55:12.135+08:00 DEBUG 21652 --- [           main] c.petshop.mapper.ServiceMapper.insert    : <==    Updates: 1
2026-04-23T18:55:12.136+08:00 DEBUG 21652 --- [           main] com.petshop.mapper.PetMapper.insert      : ==>  Preparing: INSERT INTO "pet" ( user_id, name, type, breed, age, gender, created_at, updated_at ) VALUES ( ?, ?, ?, ?, ?, ?, ?, ? )
2026-04-23T18:55:12.136+08:00 DEBUG 21652 --- [           main] com.petshop.mapper.PetMapper.insert      : ==> Parameters: 102(Integer), Test Pet(String), dog(String), Golden Retriever(String), 2(Integer), male(String), 2026-04-23T18:55:12.136508500(LocalDateTime), 2026-04-23T18:55:12.136508500(LocalDateTime)
2026-04-23T18:55:12.136+08:00 DEBUG 21652 --- [           main] com.petshop.mapper.PetMapper.insert      : <==    Updates: 1
2026-04-23T18:55:12.136+08:00 DEBUG 21652 --- [           main] c.petshop.mapper.ProductMapper.insert    : ==>  Preparing: INSERT INTO "product" ( merchant_id, name, description, price, stock, status, low_stock_threshold, created_at, updated_at ) VALUES ( ?, ?, ?, ?, ?, ?, ?, ?, ? )
2026-04-23T18:55:12.137+08:00 DEBUG 21652 --- [           main] c.petshop.mapper.ProductMapper.insert    : ==> Parameters: 141(Integer), Test Product(String), Test product description(String), 49.99(BigDecimal), 100(Integer), enabled(String), 10(Integer), 2026-04-23T18:55:12.136850600(LocalDateTime), 2026-04-23T18:55:12.136850600(LocalDateTime)
2026-04-23T18:55:12.137+08:00 DEBUG 21652 --- [           main] c.petshop.mapper.ProductMapper.insert    : <==    Updates: 1
2026-04-23T18:55:12.137+08:00 DEBUG 21652 --- [           main] c.petshop.mapper.AddressMapper.insert    : ==>  Preparing: INSERT INTO "address" ( user_id, contact_name, phone, province, city, district, detail_address, is_default, created_at, updated_at ) VALUES ( ?, ?, ?, ?, ?, ?, ?, ?, ?, ? )
2026-04-23T18:55:12.137+08:00 DEBUG 21652 --- [           main] c.petshop.mapper.AddressMapper.insert    : ==> Parameters: 102(Integer), Test Receiver(String), 13900000003(String), Beijing(String), Beijing(String), Chaoyang(String), Test Street 123(String), true(Boolean), 2026-04-23T18:55:12.137060900(LocalDateTime), 2026-04-23T18:55:12.137060900(LocalDateTime)
2026-04-23T18:55:12.137+08:00 DEBUG 21652 --- [           main] c.petshop.mapper.AddressMapper.insert    : <==    Updates: 1
2026-04-23T18:55:12.138+08:00 DEBUG 21652 --- [           main] c.p.mapper.AppointmentMapper.insert      : ==>  Preparing: INSERT INTO "appointment" ( user_id, merchant_id, service_id, pet_id, appointment_time, status, total_price, notes, created_at, updated_at ) VALUES ( ?, ?, ?, ?, ?, ?, ?, ?, ?, ? )
2026-04-23T18:55:12.138+08:00 DEBUG 21652 --- [           main] c.p.mapper.AppointmentMapper.insert      : ==> Parameters: 102(Integer), 141(Integer), 68(Integer), 11(Integer), 2026-04-24T18:55:12.137493500(LocalDateTime), pending(String), 99.99(BigDecimal), Test appointment(String), 2026-04-23T18:55:12.137493500(LocalDateTime), 2026-04-23T18:55:12.137493500(LocalDateTime)
2026-04-23T18:55:12.138+08:00 DEBUG 21652 --- [           main] c.p.mapper.AppointmentMapper.insert      : <==    Updates: 1
2026-04-23T18:55:12.138+08:00 DEBUG 21652 --- [           main] o.s.security.web.FilterChainProxy        : Securing GET /api/user/appointments
2026-04-23T18:55:12.139+08:00 DEBUG 21652 --- [           main] c.p.mapper.UserMapper.selectByPhone      : ==>  Preparing: SELECT * FROM `user` WHERE phone = ?
2026-04-23T18:55:12.139+08:00 DEBUG 21652 --- [           main] c.p.mapper.UserMapper.selectByPhone      : ==> Parameters: 13900000001(String)
2026-04-23T18:55:12.139+08:00 DEBUG 21652 --- [           main] c.p.mapper.UserMapper.selectByPhone      : <==      Total: 1
2026-04-23T18:55:12.140+08:00 DEBUG 21652 --- [           main] o.s.security.web.FilterChainProxy        : Secured GET /api/user/appointments
2026-04-23T18:55:12.141+08:00 DEBUG 21652 --- [           main] c.p.mapper.AppointmentMapper.selectList  : ==>  Preparing: SELECT id,user_id,merchant_id,service_id,pet_id,appointment_time,status,total_price,notes,created_at,updated_at FROM "appointment" WHERE (user_id = ?) ORDER BY created_at DESC
2026-04-23T18:55:12.141+08:00 DEBUG 21652 --- [           main] c.p.mapper.AppointmentMapper.selectList  : ==> Parameters: 102(Integer)
2026-04-23T18:55:12.141+08:00 DEBUG 21652 --- [           main] c.p.mapper.AppointmentMapper.selectList  : <==      Total: 1

MockHttpServletRequest:
      HTTP Method = GET
      Request URI = /api/user/appointments
       Parameters = {}
          Headers = [Authorization:"Bearer eyJhbGciOiJIUzUxMiJ9.eyJzdWIiOiIxMzkwMDAwMDAwMSIsImlhdCI6MTc3Njk0MTcxMn0.T5W9VS3ZxO90QRqZGXlX3snPIaL0N70ndlyP7pD1VigFkg51JqNnv_1oBBBr2eRkDgOPFlSaM2OvNdURnY16zw"]
             Body = null
    Session Attrs = {}

Handler:
             Type = com.petshop.controller.api.UserApiController
           Method = com.petshop.controller.api.UserApiController#getAppointments(String, String, LocalDateTime, LocalDateTime, int, int)

Async:
    Async started = false
     Async result = null

Resolved Exception:
             Type = null

ModelAndView:
        View name = null
             View = null
            Model = null

FlashMap:
       Attributes = null

MockHttpServletResponse:
           Status = 200
    Error message = null
          Headers = [Vary:"Origin", "Access-Control-Request-Method", "Access-Control-Request-Headers", Content-Type:"application/json", X-Content-Type-Options:"nosniff", X-XSS-Protection:"0", Cache-Control:"no-cache, no-store, max-age=0, must-revalidate", Pragma:"no-cache", Expires:"0", X-Frame-Options:"DENY"]
     Content type = application/json
             Body = {"code":200,"message":"success","data":{"total":0,"data":[{"id":3,"userId":null,"serviceId":0,"merchantId":0,"serviceName":"未知服务","merchantName":"未知商家","appointmentTime":"2026-04-24T18:55:12.137494","status":"pending","remark":"Test appointment","totalPrice":99.99,"petId":0,"petName":"未知宠物","petType":"未知","merchantPhone":"","merchantAddress":"","servicePrice":0,"serviceDuration":0,"createdAt":"2026-04-23T18:55:12.137494","updatedAt":"2026-04-23T18:55:12.137494"}],"totalPages":0,"pageSize":10,"page":0}}
    Forwarded URL = null
   Redirected URL = null
          Cookies = []
2026-04-23T18:55:12.235+08:00 DEBUG 21652 --- [           main] com.petshop.mapper.UserMapper.insert     : ==>  Preparing: INSERT INTO "user" ( username, email, password, phone, status, created_at, updated_at ) VALUES ( ?, ?, ?, ?, ?, ?, ? )
2026-04-23T18:55:12.235+08:00 DEBUG 21652 --- [           main] com.petshop.mapper.UserMapper.insert     : ==> Parameters: testuser(String), testuser@example.com(String), $2a$10$kJ72SFp5kbOgdeC.PgmACOAT0vAEgydzX2yaS1R4TZmsMNZgNxpVS(String), 13900000001(String), active(String), 2026-04-23T18:55:12.234580400(LocalDateTime), 2026-04-23T18:55:12.234580400(LocalDateTime)
2026-04-23T18:55:12.235+08:00 DEBUG 21652 --- [           main] com.petshop.mapper.UserMapper.insert     : <==    Updates: 1
2026-04-23T18:55:12.315+08:00 DEBUG 21652 --- [           main] c.petshop.mapper.MerchantMapper.insert   : ==>  Preparing: INSERT INTO "merchant" ( name, contact_person, phone, email, password, address, status, created_at, updated_at ) VALUES ( ?, ?, ?, ?, ?, ?, ?, ?, ? )
2026-04-23T18:55:12.316+08:00 DEBUG 21652 --- [           main] c.petshop.mapper.MerchantMapper.insert   : ==> Parameters: Test Merchant(String), Test Contact(String), 13900000002(String), merchant@example.com(String), $2a$10$vRQO4URs7ZS9G2yznehtAOQbL3S5/PJ3pCMy.E2ydSoJIluf.TbYK(String), Test Address 123(String), approved(String), 2026-04-23T18:55:12.315879500(LocalDateTime), 2026-04-23T18:55:12.315879500(LocalDateTime)
2026-04-23T18:55:12.316+08:00 DEBUG 21652 --- [           main] c.petshop.mapper.MerchantMapper.insert   : <==    Updates: 1
2026-04-23T18:55:12.317+08:00 DEBUG 21652 --- [           main] c.petshop.mapper.ServiceMapper.insert    : ==>  Preparing: INSERT INTO "service" ( merchant_id, name, description, price, duration, category, status, created_at, updated_at ) VALUES ( ?, ?, ?, ?, ?, ?, ?, ?, ? )
2026-04-23T18:55:12.317+08:00 DEBUG 21652 --- [           main] c.petshop.mapper.ServiceMapper.insert    : ==> Parameters: 142(Integer), Test Pet Grooming(String), Professional pet grooming service(String), 99.99(BigDecimal), 60(Integer), grooming(String), enabled(String), 2026-04-23T18:55:12.317110200(LocalDateTime), 2026-04-23T18:55:12.317110200(LocalDateTime)
2026-04-23T18:55:12.317+08:00 DEBUG 21652 --- [           main] c.petshop.mapper.ServiceMapper.insert    : <==    Updates: 1
2026-04-23T18:55:12.317+08:00 DEBUG 21652 --- [           main] com.petshop.mapper.PetMapper.insert      : ==>  Preparing: INSERT INTO "pet" ( user_id, name, type, breed, age, gender, created_at, updated_at ) VALUES ( ?, ?, ?, ?, ?, ?, ?, ? )
2026-04-23T18:55:12.317+08:00 DEBUG 21652 --- [           main] com.petshop.mapper.PetMapper.insert      : ==> Parameters: 103(Integer), Test Pet(String), dog(String), Golden Retriever(String), 2(Integer), male(String), 2026-04-23T18:55:12.317735900(LocalDateTime), 2026-04-23T18:55:12.317816800(LocalDateTime)
2026-04-23T18:55:12.317+08:00 DEBUG 21652 --- [           main] com.petshop.mapper.PetMapper.insert      : <==    Updates: 1
2026-04-23T18:55:12.318+08:00 DEBUG 21652 --- [           main] c.petshop.mapper.ProductMapper.insert    : ==>  Preparing: INSERT INTO "product" ( merchant_id, name, description, price, stock, status, low_stock_threshold, created_at, updated_at ) VALUES ( ?, ?, ?, ?, ?, ?, ?, ?, ? )
2026-04-23T18:55:12.319+08:00 DEBUG 21652 --- [           main] c.petshop.mapper.ProductMapper.insert    : ==> Parameters: 142(Integer), Test Product(String), Test product description(String), 49.99(BigDecimal), 100(Integer), enabled(String), 10(Integer), 2026-04-23T18:55:12.318615400(LocalDateTime), 2026-04-23T18:55:12.318615400(LocalDateTime)
2026-04-23T18:55:12.319+08:00 DEBUG 21652 --- [           main] c.petshop.mapper.ProductMapper.insert    : <==    Updates: 1
2026-04-23T18:55:12.319+08:00 DEBUG 21652 --- [           main] c.petshop.mapper.AddressMapper.insert    : ==>  Preparing: INSERT INTO "address" ( user_id, contact_name, phone, province, city, district, detail_address, is_default, created_at, updated_at ) VALUES ( ?, ?, ?, ?, ?, ?, ?, ?, ?, ? )
2026-04-23T18:55:12.319+08:00 DEBUG 21652 --- [           main] c.petshop.mapper.AddressMapper.insert    : ==> Parameters: 103(Integer), Test Receiver(String), 13900000003(String), Beijing(String), Beijing(String), Chaoyang(String), Test Street 123(String), true(Boolean), 2026-04-23T18:55:12.319178500(LocalDateTime), 2026-04-23T18:55:12.319178500(LocalDateTime)
2026-04-23T18:55:12.319+08:00 DEBUG 21652 --- [           main] c.petshop.mapper.AddressMapper.insert    : <==    Updates: 1
2026-04-23T18:55:12.321+08:00 DEBUG 21652 --- [           main] o.s.security.web.FilterChainProxy        : Securing POST /api/user/appointments
2026-04-23T18:55:12.322+08:00 DEBUG 21652 --- [           main] c.p.mapper.UserMapper.selectByPhone      : ==>  Preparing: SELECT * FROM `user` WHERE phone = ?
2026-04-23T18:55:12.322+08:00 DEBUG 21652 --- [           main] c.p.mapper.UserMapper.selectByPhone      : ==> Parameters: 13900000001(String)
2026-04-23T18:55:12.322+08:00 DEBUG 21652 --- [           main] c.p.mapper.UserMapper.selectByPhone      : <==      Total: 1
2026-04-23T18:55:12.322+08:00 DEBUG 21652 --- [           main] o.s.security.web.FilterChainProxy        : Secured POST /api/user/appointments
2026-04-23T18:55:12.323+08:00 DEBUG 21652 --- [           main] c.p.mapper.ServiceMapper.selectById      : ==>  Preparing: SELECT id,merchant_id,name,description,price,duration,category,image,status,created_at,updated_at FROM "service" WHERE id=?
2026-04-23T18:55:12.323+08:00 DEBUG 21652 --- [           main] c.p.mapper.ServiceMapper.selectById      : ==> Parameters: 69(Integer)
2026-04-23T18:55:12.323+08:00 DEBUG 21652 --- [           main] c.p.mapper.ServiceMapper.selectById      : <==      Total: 1
2026-04-23T18:55:12.323+08:00 DEBUG 21652 --- [           main] c.petshop.mapper.PetMapper.selectById    : ==>  Preparing: SELECT id,user_id,name,type,breed,age,gender,avatar,description,created_at,updated_at FROM "pet" WHERE id=?
2026-04-23T18:55:12.323+08:00 DEBUG 21652 --- [           main] c.petshop.mapper.PetMapper.selectById    : ==> Parameters: 12(Integer)
2026-04-23T18:55:12.324+08:00 DEBUG 21652 --- [           main] c.petshop.mapper.PetMapper.selectById    : <==      Total: 1
2026-04-23T18:55:12.324+08:00 DEBUG 21652 --- [           main] c.p.mapper.AppointmentMapper.insert      : ==>  Preparing: INSERT INTO "appointment" ( appointment_time, status, total_price, notes, created_at, updated_at ) VALUES ( ?, ?, ?, ?, ?, ? )
2026-04-23T18:55:12.324+08:00 DEBUG 21652 --- [           main] c.p.mapper.AppointmentMapper.insert      : ==> Parameters: 2026-04-24T18:55:12.319900400(LocalDateTime), pending(String), 99.99(BigDecimal), Test appointment remark(String), null, null
2026-04-23T18:55:12.325+08:00 DEBUG 21652 --- [           main] c.p.mapper.AppointmentMapper.insert      : <==    Updates: 1

MockHttpServletRequest:
      HTTP Method = POST
      Request URI = /api/user/appointments
       Parameters = {}
          Headers = [Content-Type:"application/json;charset=UTF-8", Authorization:"Bearer eyJhbGciOiJIUzUxMiJ9.eyJzdWIiOiIxMzkwMDAwMDAwMSIsImlhdCI6MTc3Njk0MTcxMn0.T5W9VS3ZxO90QRqZGXlX3snPIaL0N70ndlyP7pD1VigFkg51JqNnv_1oBBBr2eRkDgOPFlSaM2OvNdURnY16zw", Content-Length:"110"]
             Body = {"serviceId":69,"petId":12,"appointmentTime":"2026-04-24T18:55:12.3199004","remark":"Test appointment remark"}
    Session Attrs = {}

Handler:
             Type = com.petshop.controller.api.UserApiController
           Method = com.petshop.controller.api.UserApiController#createAppointment(CreateAppointmentRequest)

Async:
    Async started = false
     Async result = null

Resolved Exception:
             Type = null

ModelAndView:
        View name = null
             View = null
            Model = null

FlashMap:
       Attributes = null

MockHttpServletResponse:
           Status = 201
    Error message = null
          Headers = [Vary:"Origin", "Access-Control-Request-Method", "Access-Control-Request-Headers", Content-Type:"application/json", X-Content-Type-Options:"nosniff", X-XSS-Protection:"0", Cache-Control:"no-cache, no-store, max-age=0, must-revalidate", Pragma:"no-cache", Expires:"0", X-Frame-Options:"DENY"]
     Content type = application/json
             Body = {"success":true,"id":4}
    Forwarded URL = null
   Redirected URL = null
          Cookies = []
2026-04-23T18:55:12.417+08:00 DEBUG 21652 --- [           main] com.petshop.mapper.UserMapper.insert     : ==>  Preparing: INSERT INTO "user" ( username, email, password, phone, status, created_at, updated_at ) VALUES ( ?, ?, ?, ?, ?, ?, ? )
2026-04-23T18:55:12.418+08:00 DEBUG 21652 --- [           main] com.petshop.mapper.UserMapper.insert     : ==> Parameters: testuser(String), testuser@example.com(String), $2a$10$sFqnDFd.eivi2EGUIvPFb.jBjQP.wuDBp9FaErR3cOhc.GJ04Oi3m(String), 13900000001(String), active(String), 2026-04-23T18:55:12.417933100(LocalDateTime), 2026-04-23T18:55:12.417933100(LocalDateTime)
2026-04-23T18:55:12.418+08:00 DEBUG 21652 --- [           main] com.petshop.mapper.UserMapper.insert     : <==    Updates: 1
2026-04-23T18:55:12.498+08:00 DEBUG 21652 --- [           main] c.petshop.mapper.MerchantMapper.insert   : ==>  Preparing: INSERT INTO "merchant" ( name, contact_person, phone, email, password, address, status, created_at, updated_at ) VALUES ( ?, ?, ?, ?, ?, ?, ?, ?, ? )
2026-04-23T18:55:12.498+08:00 DEBUG 21652 --- [           main] c.petshop.mapper.MerchantMapper.insert   : ==> Parameters: Test Merchant(String), Test Contact(String), 13900000002(String), merchant@example.com(String), $2a$10$iin5P4P2wfhsLak0SCiJW.iIjeRQ2dJ5nPxXRaZLxmeMW33jx5Et2(String), Test Address 123(String), approved(String), 2026-04-23T18:55:12.498847200(LocalDateTime), 2026-04-23T18:55:12.498847200(LocalDateTime)
2026-04-23T18:55:12.498+08:00 DEBUG 21652 --- [           main] c.petshop.mapper.MerchantMapper.insert   : <==    Updates: 1
2026-04-23T18:55:12.498+08:00 DEBUG 21652 --- [           main] c.petshop.mapper.ServiceMapper.insert    : ==>  Preparing: INSERT INTO "service" ( merchant_id, name, description, price, duration, category, status, created_at, updated_at ) VALUES ( ?, ?, ?, ?, ?, ?, ?, ?, ? )
2026-04-23T18:55:12.498+08:00 DEBUG 21652 --- [           main] c.petshop.mapper.ServiceMapper.insert    : ==> Parameters: 143(Integer), Test Pet Grooming(String), Professional pet grooming service(String), 99.99(BigDecimal), 60(Integer), grooming(String), enabled(String), 2026-04-23T18:55:12.498847200(LocalDateTime), 2026-04-23T18:55:12.498847200(LocalDateTime)
2026-04-23T18:55:12.498+08:00 DEBUG 21652 --- [           main] c.petshop.mapper.ServiceMapper.insert    : <==    Updates: 1
2026-04-23T18:55:12.498+08:00 DEBUG 21652 --- [           main] com.petshop.mapper.PetMapper.insert      : ==>  Preparing: INSERT INTO "pet" ( user_id, name, type, breed, age, gender, created_at, updated_at ) VALUES ( ?, ?, ?, ?, ?, ?, ?, ? )
2026-04-23T18:55:12.498+08:00 DEBUG 21652 --- [           main] com.petshop.mapper.PetMapper.insert      : ==> Parameters: 104(Integer), Test Pet(String), dog(String), Golden Retriever(String), 2(Integer), male(String), 2026-04-23T18:55:12.498847200(LocalDateTime), 2026-04-23T18:55:12.498847200(LocalDateTime)
2026-04-23T18:55:12.499+08:00 DEBUG 21652 --- [           main] com.petshop.mapper.PetMapper.insert      : <==    Updates: 1
2026-04-23T18:55:12.499+08:00 DEBUG 21652 --- [           main] c.petshop.mapper.ProductMapper.insert    : ==>  Preparing: INSERT INTO "product" ( merchant_id, name, description, price, stock, status, low_stock_threshold, created_at, updated_at ) VALUES ( ?, ?, ?, ?, ?, ?, ?, ?, ? )
2026-04-23T18:55:12.499+08:00 DEBUG 21652 --- [           main] c.petshop.mapper.ProductMapper.insert    : ==> Parameters: 143(Integer), Test Product(String), Test product description(String), 49.99(BigDecimal), 100(Integer), enabled(String), 10(Integer), 2026-04-23T18:55:12.499843600(LocalDateTime), 2026-04-23T18:55:12.499843600(LocalDateTime)
2026-04-23T18:55:12.499+08:00 DEBUG 21652 --- [           main] c.petshop.mapper.ProductMapper.insert    : <==    Updates: 1
2026-04-23T18:55:12.499+08:00 DEBUG 21652 --- [           main] c.petshop.mapper.AddressMapper.insert    : ==>  Preparing: INSERT INTO "address" ( user_id, contact_name, phone, province, city, district, detail_address, is_default, created_at, updated_at ) VALUES ( ?, ?, ?, ?, ?, ?, ?, ?, ?, ? )
2026-04-23T18:55:12.499+08:00 DEBUG 21652 --- [           main] c.petshop.mapper.AddressMapper.insert    : ==> Parameters: 104(Integer), Test Receiver(String), 13900000003(String), Beijing(String), Beijing(String), Chaoyang(String), Test Street 123(String), true(Boolean), 2026-04-23T18:55:12.499843600(LocalDateTime), 2026-04-23T18:55:12.499843600(LocalDateTime)
2026-04-23T18:55:12.499+08:00 DEBUG 21652 --- [           main] c.petshop.mapper.AddressMapper.insert    : <==    Updates: 1
2026-04-23T18:55:12.501+08:00 DEBUG 21652 --- [           main] c.p.mapper.AppointmentMapper.insert      : ==>  Preparing: INSERT INTO "appointment" ( user_id, merchant_id, service_id, pet_id, appointment_time, status, total_price, notes, created_at, updated_at ) VALUES ( ?, ?, ?, ?, ?, ?, ?, ?, ?, ? )
2026-04-23T18:55:12.502+08:00 DEBUG 21652 --- [           main] c.p.mapper.AppointmentMapper.insert      : ==> Parameters: 104(Integer), 143(Integer), 70(Integer), 13(Integer), 2026-04-24T18:55:12.500880(LocalDateTime), pending(String), 99.99(BigDecimal), Test appointment(String), 2026-04-23T18:55:12.500880(LocalDateTime), 2026-04-23T18:55:12.500880(LocalDateTime)
2026-04-23T18:55:12.502+08:00 DEBUG 21652 --- [           main] c.p.mapper.AppointmentMapper.insert      : <==    Updates: 1
2026-04-23T18:55:12.503+08:00 DEBUG 21652 --- [           main] o.s.security.web.FilterChainProxy        : Securing GET /api/user/appointments/stats
2026-04-23T18:55:12.503+08:00 DEBUG 21652 --- [           main] c.p.mapper.UserMapper.selectByPhone      : ==>  Preparing: SELECT * FROM `user` WHERE phone = ?
2026-04-23T18:55:12.504+08:00 DEBUG 21652 --- [           main] c.p.mapper.UserMapper.selectByPhone      : ==> Parameters: 13900000001(String)
2026-04-23T18:55:12.504+08:00 DEBUG 21652 --- [           main] c.p.mapper.UserMapper.selectByPhone      : <==      Total: 1
2026-04-23T18:55:12.504+08:00 DEBUG 21652 --- [           main] o.s.security.web.FilterChainProxy        : Secured GET /api/user/appointments/stats
2026-04-23T18:55:12.505+08:00 DEBUG 21652 --- [           main] c.p.m.AppointmentMapper.selectCount      : ==>  Preparing: SELECT COUNT( * ) AS total FROM "appointment" WHERE (user_id = ?)
2026-04-23T18:55:12.506+08:00 DEBUG 21652 --- [           main] c.p.m.AppointmentMapper.selectCount      : ==> Parameters: 104(Integer)
2026-04-23T18:55:12.506+08:00 DEBUG 21652 --- [           main] c.p.m.AppointmentMapper.selectCount      : <==      Total: 1
2026-04-23T18:55:12.507+08:00 DEBUG 21652 --- [           main] c.p.m.AppointmentMapper.selectCount      : ==>  Preparing: SELECT COUNT( * ) AS total FROM "appointment" WHERE (user_id = ? AND status = ?)
2026-04-23T18:55:12.507+08:00 DEBUG 21652 --- [           main] c.p.m.AppointmentMapper.selectCount      : ==> Parameters: 104(Integer), pending(String)
2026-04-23T18:55:12.507+08:00 DEBUG 21652 --- [           main] c.p.m.AppointmentMapper.selectCount      : <==      Total: 1
2026-04-23T18:55:12.508+08:00 DEBUG 21652 --- [           main] c.p.m.AppointmentMapper.selectCount      : ==>  Preparing: SELECT COUNT( * ) AS total FROM "appointment" WHERE (user_id = ? AND status = ?)
2026-04-23T18:55:12.508+08:00 DEBUG 21652 --- [           main] c.p.m.AppointmentMapper.selectCount      : ==> Parameters: 104(Integer), confirmed(String)
2026-04-23T18:55:12.508+08:00 DEBUG 21652 --- [           main] c.p.m.AppointmentMapper.selectCount      : <==      Total: 1
2026-04-23T18:55:12.510+08:00 DEBUG 21652 --- [           main] c.p.m.AppointmentMapper.selectCount      : ==>  Preparing: SELECT COUNT( * ) AS total FROM "appointment" WHERE (user_id = ? AND status = ?)
2026-04-23T18:55:12.510+08:00 DEBUG 21652 --- [           main] c.p.m.AppointmentMapper.selectCount      : ==> Parameters: 104(Integer), completed(String)
2026-04-23T18:55:12.510+08:00 DEBUG 21652 --- [           main] c.p.m.AppointmentMapper.selectCount      : <==      Total: 1
2026-04-23T18:55:12.511+08:00 DEBUG 21652 --- [           main] c.p.m.AppointmentMapper.selectCount      : ==>  Preparing: SELECT COUNT( * ) AS total FROM "appointment" WHERE (user_id = ? AND status = ?)
2026-04-23T18:55:12.511+08:00 DEBUG 21652 --- [           main] c.p.m.AppointmentMapper.selectCount      : ==> Parameters: 104(Integer), cancelled(String)
2026-04-23T18:55:12.511+08:00 DEBUG 21652 --- [           main] c.p.m.AppointmentMapper.selectCount      : <==      Total: 1

MockHttpServletRequest:
      HTTP Method = GET
      Request URI = /api/user/appointments/stats
       Parameters = {}
          Headers = [Authorization:"Bearer eyJhbGciOiJIUzUxMiJ9.eyJzdWIiOiIxMzkwMDAwMDAwMSIsImlhdCI6MTc3Njk0MTcxMn0.T5W9VS3ZxO90QRqZGXlX3snPIaL0N70ndlyP7pD1VigFkg51JqNnv_1oBBBr2eRkDgOPFlSaM2OvNdURnY16zw"]
             Body = null
    Session Attrs = {}

Handler:
             Type = com.petshop.controller.api.UserApiController
           Method = com.petshop.controller.api.UserApiController#getAppointmentStats()

Async:
    Async started = false
     Async result = null

Resolved Exception:
             Type = null

ModelAndView:
        View name = null
             View = null
            Model = null

FlashMap:
       Attributes = null

MockHttpServletResponse:
           Status = 200
    Error message = null
          Headers = [Vary:"Origin", "Access-Control-Request-Method", "Access-Control-Request-Headers", Content-Type:"application/json", X-Content-Type-Options:"nosniff", X-XSS-Protection:"0", Cache-Control:"no-cache, no-store, max-age=0, must-revalidate", Pragma:"no-cache", Expires:"0", X-Frame-Options:"DENY"]
     Content type = application/json
             Body = {"total":1,"pending":1,"cancelled":0,"completed":0,"confirmed":0}
    Forwarded URL = null
   Redirected URL = null
          Cookies = []
[INFO] Tests run: 8, Failures: 0, Errors: 0, Skipped: 0, Time elapsed: 1.571 s -- in com.petshop.controller.UserApiControllerTest$AppointmentApiTests
[INFO] Running com.petshop.controller.UserApiControllerTest$AuthApiTests
2026-04-23T18:55:12.518+08:00  INFO 21652 --- [           main] t.c.s.AnnotationConfigContextLoaderUtils : Could not detect default configuration classes for test class [com.petshop.controller.UserApiControllerTest$AuthApiTests]: AuthApiTests does not declare any static, non-private, non-final, nested classes annotated with @Configuration.
2026-04-23T18:55:12.520+08:00  INFO 21652 --- [           main] .b.t.c.SpringBootTestContextBootstrapper : Found @SpringBootConfiguration com.petshop.PetManagementSystemApplication for test class com.petshop.controller.UserApiControllerTest$AuthApiTests
2026-04-23T18:55:12.613+08:00 DEBUG 21652 --- [           main] com.petshop.mapper.UserMapper.insert     : ==>  Preparing: INSERT INTO "user" ( username, email, password, phone, status, created_at, updated_at ) VALUES ( ?, ?, ?, ?, ?, ?, ? )
2026-04-23T18:55:12.614+08:00 DEBUG 21652 --- [           main] com.petshop.mapper.UserMapper.insert     : ==> Parameters: testuser(String), testuser@example.com(String), $2a$10$wtv7sFWTLH6wBvJS1wTuh.elxpTfsr258EIJ0M2Hd48AcK4ZC5eS.(String), 13900000001(String), active(String), 2026-04-23T18:55:12.613576600(LocalDateTime), 2026-04-23T18:55:12.613576600(LocalDateTime)
2026-04-23T18:55:12.614+08:00 DEBUG 21652 --- [           main] com.petshop.mapper.UserMapper.insert     : <==    Updates: 1
2026-04-23T18:55:12.694+08:00 DEBUG 21652 --- [           main] c.petshop.mapper.MerchantMapper.insert   : ==>  Preparing: INSERT INTO "merchant" ( name, contact_person, phone, email, password, address, status, created_at, updated_at ) VALUES ( ?, ?, ?, ?, ?, ?, ?, ?, ? )
2026-04-23T18:55:12.694+08:00 DEBUG 21652 --- [           main] c.petshop.mapper.MerchantMapper.insert   : ==> Parameters: Test Merchant(String), Test Contact(String), 13900000002(String), merchant@example.com(String), $2a$10$geXUgcgh00IObZzRCue1IOvG7CALCR0765oQHF0VZl.gkaqeVBzby(String), Test Address 123(String), approved(String), 2026-04-23T18:55:12.694751800(LocalDateTime), 2026-04-23T18:55:12.694751800(LocalDateTime)
2026-04-23T18:55:12.694+08:00 DEBUG 21652 --- [           main] c.petshop.mapper.MerchantMapper.insert   : <==    Updates: 1
2026-04-23T18:55:12.694+08:00 DEBUG 21652 --- [           main] c.petshop.mapper.ServiceMapper.insert    : ==>  Preparing: INSERT INTO "service" ( merchant_id, name, description, price, duration, category, status, created_at, updated_at ) VALUES ( ?, ?, ?, ?, ?, ?, ?, ?, ? )
2026-04-23T18:55:12.694+08:00 DEBUG 21652 --- [           main] c.petshop.mapper.ServiceMapper.insert    : ==> Parameters: 144(Integer), Test Pet Grooming(String), Professional pet grooming service(String), 99.99(BigDecimal), 60(Integer), grooming(String), enabled(String), 2026-04-23T18:55:12.694751800(LocalDateTime), 2026-04-23T18:55:12.694751800(LocalDateTime)
2026-04-23T18:55:12.695+08:00 DEBUG 21652 --- [           main] c.petshop.mapper.ServiceMapper.insert    : <==    Updates: 1
2026-04-23T18:55:12.695+08:00 DEBUG 21652 --- [           main] com.petshop.mapper.PetMapper.insert      : ==>  Preparing: INSERT INTO "pet" ( user_id, name, type, breed, age, gender, created_at, updated_at ) VALUES ( ?, ?, ?, ?, ?, ?, ?, ? )
2026-04-23T18:55:12.695+08:00 DEBUG 21652 --- [           main] com.petshop.mapper.PetMapper.insert      : ==> Parameters: 105(Integer), Test Pet(String), dog(String), Golden Retriever(String), 2(Integer), male(String), 2026-04-23T18:55:12.695771900(LocalDateTime), 2026-04-23T18:55:12.695771900(LocalDateTime)
2026-04-23T18:55:12.695+08:00 DEBUG 21652 --- [           main] com.petshop.mapper.PetMapper.insert      : <==    Updates: 1
2026-04-23T18:55:12.695+08:00 DEBUG 21652 --- [           main] c.petshop.mapper.ProductMapper.insert    : ==>  Preparing: INSERT INTO "product" ( merchant_id, name, description, price, stock, status, low_stock_threshold, created_at, updated_at ) VALUES ( ?, ?, ?, ?, ?, ?, ?, ?, ? )
2026-04-23T18:55:12.695+08:00 DEBUG 21652 --- [           main] c.petshop.mapper.ProductMapper.insert    : ==> Parameters: 144(Integer), Test Product(String), Test product description(String), 49.99(BigDecimal), 100(Integer), enabled(String), 10(Integer), 2026-04-23T18:55:12.695771900(LocalDateTime), 2026-04-23T18:55:12.695771900(LocalDateTime)
2026-04-23T18:55:12.695+08:00 DEBUG 21652 --- [           main] c.petshop.mapper.ProductMapper.insert    : <==    Updates: 1
2026-04-23T18:55:12.695+08:00 DEBUG 21652 --- [           main] c.petshop.mapper.AddressMapper.insert    : ==>  Preparing: INSERT INTO "address" ( user_id, contact_name, phone, province, city, district, detail_address, is_default, created_at, updated_at ) VALUES ( ?, ?, ?, ?, ?, ?, ?, ?, ?, ? )
2026-04-23T18:55:12.695+08:00 DEBUG 21652 --- [           main] c.petshop.mapper.AddressMapper.insert    : ==> Parameters: 105(Integer), Test Receiver(String), 13900000003(String), Beijing(String), Beijing(String), Chaoyang(String), Test Street 123(String), true(Boolean), 2026-04-23T18:55:12.695771900(LocalDateTime), 2026-04-23T18:55:12.695771900(LocalDateTime)
2026-04-23T18:55:12.695+08:00 DEBUG 21652 --- [           main] c.petshop.mapper.AddressMapper.insert    : <==    Updates: 1
2026-04-23T18:55:12.697+08:00 DEBUG 21652 --- [           main] o.s.security.web.FilterChainProxy        : Securing POST /api/auth/register
2026-04-23T18:55:12.698+08:00 DEBUG 21652 --- [           main] o.s.s.w.a.AnonymousAuthenticationFilter  : Set SecurityContextHolder to anonymous SecurityContext
2026-04-23T18:55:12.698+08:00 DEBUG 21652 --- [           main] o.s.security.web.FilterChainProxy        : Secured POST /api/auth/register
2026-04-23T18:55:12.700+08:00 DEBUG 21652 --- [           main] c.petshop.mapper.UserMapper.selectCount  : ==>  Preparing: SELECT COUNT( * ) AS total FROM "user" WHERE (phone = ?)
2026-04-23T18:55:12.700+08:00 DEBUG 21652 --- [           main] c.petshop.mapper.UserMapper.selectCount  : ==> Parameters: 13900000099(String)
2026-04-23T18:55:12.700+08:00 DEBUG 21652 --- [           main] c.petshop.mapper.UserMapper.selectCount  : <==      Total: 1
2026-04-23T18:55:12.781+08:00 DEBUG 21652 --- [           main] com.petshop.mapper.UserMapper.insert     : ==>  Preparing: INSERT INTO "user" ( username, email, password, phone, status, created_at, updated_at ) VALUES ( ?, ?, ?, ?, ?, ?, ? )
2026-04-23T18:55:12.781+08:00 DEBUG 21652 --- [           main] com.petshop.mapper.UserMapper.insert     : ==> Parameters: newuser(String), newuser@example.com(String), $2a$10$pljbyjbSl93R6CPyPQnjRO6TRHgwsBtAkvH.Oq03Y01Twtz0sJ8nO(String), 13900000099(String), active(String), 2026-04-23T18:55:12.781780100(LocalDateTime), 2026-04-23T18:55:12.781780100(LocalDateTime)
2026-04-23T18:55:12.781+08:00 DEBUG 21652 --- [           main] com.petshop.mapper.UserMapper.insert     : <==    Updates: 1
2026-04-23T18:55:12.781+08:00 DEBUG 21652 --- [           main] c.p.mapper.UserMapper.selectByPhone      : ==>  Preparing: SELECT * FROM `user` WHERE phone = ?
2026-04-23T18:55:12.781+08:00 DEBUG 21652 --- [           main] c.p.mapper.UserMapper.selectByPhone      : ==> Parameters: 13900000099(String)
2026-04-23T18:55:12.781+08:00 DEBUG 21652 --- [           main] c.p.mapper.UserMapper.selectByPhone      : <==      Total: 1
2026-04-23T18:55:12.862+08:00 DEBUG 21652 --- [           main] o.s.s.a.dao.DaoAuthenticationProvider    : Authenticated user

MockHttpServletRequest:
      HTTP Method = POST
      Request URI = /api/auth/register
       Parameters = {}
          Headers = [Content-Type:"application/json;charset=UTF-8", Content-Length:"102"]
             Body = {"username":"newuser","password":"newpassword123","email":"newuser@example.com","phone":"13900000099"}
    Session Attrs = {}

Handler:
             Type = com.petshop.controller.api.AuthApiController
           Method = com.petshop.controller.api.AuthApiController#register(RegisterRequest)

Async:
    Async started = false
     Async result = null

Resolved Exception:
             Type = null

ModelAndView:
        View name = null
             View = null
            Model = null

FlashMap:
       Attributes = null

MockHttpServletResponse:
           Status = 201
    Error message = null
          Headers = [Vary:"Origin", "Access-Control-Request-Method", "Access-Control-Request-Headers", Content-Type:"application/json", X-Content-Type-Options:"nosniff", X-XSS-Protection:"0", Cache-Control:"no-cache, no-store, max-age=0, must-revalidate", Pragma:"no-cache", Expires:"0", X-Frame-Options:"DENY"]
     Content type = application/json
             Body = {"code":200,"message":"Registration successful","data":{"token":"eyJhbGciOiJIUzUxMiJ9.eyJzdWIiOiIxMzkwMDAwMDA5OSIsImlhdCI6MTc3Njk0MTcxMn0.MG7p1QmUqrPPeqNud-hMmIQcNEyp6mkYyXSiCPQvCLEd4Xwa-Nxxva2tTQNhUFaAnABKYr36CXh17Xrx6TPxUg","user":{"id":106,"username":"newuser","email":"newuser@example.com","phone":"13900000099","avatar":null,"role":"user"}}}
    Forwarded URL = null
   Redirected URL = null
          Cookies = []
2026-04-23T18:55:12.950+08:00 DEBUG 21652 --- [           main] com.petshop.mapper.UserMapper.insert     : ==>  Preparing: INSERT INTO "user" ( username, email, password, phone, status, created_at, updated_at ) VALUES ( ?, ?, ?, ?, ?, ?, ? )
2026-04-23T18:55:12.950+08:00 DEBUG 21652 --- [           main] com.petshop.mapper.UserMapper.insert     : ==> Parameters: testuser(String), testuser@example.com(String), $2a$10$z8xiImLNf3f24gwnhyImqOYOPN0j0/UAyTienjvdZAh9jMKNvv/Nq(String), 13900000001(String), active(String), 2026-04-23T18:55:12.949412300(LocalDateTime), 2026-04-23T18:55:12.949412300(LocalDateTime)
2026-04-23T18:55:12.950+08:00 DEBUG 21652 --- [           main] com.petshop.mapper.UserMapper.insert     : <==    Updates: 1
2026-04-23T18:55:13.030+08:00 DEBUG 21652 --- [           main] c.petshop.mapper.MerchantMapper.insert   : ==>  Preparing: INSERT INTO "merchant" ( name, contact_person, phone, email, password, address, status, created_at, updated_at ) VALUES ( ?, ?, ?, ?, ?, ?, ?, ?, ? )
2026-04-23T18:55:13.030+08:00 DEBUG 21652 --- [           main] c.petshop.mapper.MerchantMapper.insert   : ==> Parameters: Test Merchant(String), Test Contact(String), 13900000002(String), merchant@example.com(String), $2a$10$kh3pHxajUZzIbO2skC.MEu650E.6tDNaWasHlebCOE8MKIhLVip3i(String), Test Address 123(String), approved(String), 2026-04-23T18:55:13.030750600(LocalDateTime), 2026-04-23T18:55:13.030750600(LocalDateTime)
2026-04-23T18:55:13.030+08:00 DEBUG 21652 --- [           main] c.petshop.mapper.MerchantMapper.insert   : <==    Updates: 1
2026-04-23T18:55:13.030+08:00 DEBUG 21652 --- [           main] c.petshop.mapper.ServiceMapper.insert    : ==>  Preparing: INSERT INTO "service" ( merchant_id, name, description, price, duration, category, status, created_at, updated_at ) VALUES ( ?, ?, ?, ?, ?, ?, ?, ?, ? )
2026-04-23T18:55:13.030+08:00 DEBUG 21652 --- [           main] c.petshop.mapper.ServiceMapper.insert    : ==> Parameters: 145(Integer), Test Pet Grooming(String), Professional pet grooming service(String), 99.99(BigDecimal), 60(Integer), grooming(String), enabled(String), 2026-04-23T18:55:13.030750600(LocalDateTime), 2026-04-23T18:55:13.030750600(LocalDateTime)
2026-04-23T18:55:13.031+08:00 DEBUG 21652 --- [           main] c.petshop.mapper.ServiceMapper.insert    : <==    Updates: 1
2026-04-23T18:55:13.031+08:00 DEBUG 21652 --- [           main] com.petshop.mapper.PetMapper.insert      : ==>  Preparing: INSERT INTO "pet" ( user_id, name, type, breed, age, gender, created_at, updated_at ) VALUES ( ?, ?, ?, ?, ?, ?, ?, ? )
2026-04-23T18:55:13.031+08:00 DEBUG 21652 --- [           main] com.petshop.mapper.PetMapper.insert      : ==> Parameters: 107(Integer), Test Pet(String), dog(String), Golden Retriever(String), 2(Integer), male(String), 2026-04-23T18:55:13.031818(LocalDateTime), 2026-04-23T18:55:13.031818(LocalDateTime)
2026-04-23T18:55:13.031+08:00 DEBUG 21652 --- [           main] com.petshop.mapper.PetMapper.insert      : <==    Updates: 1
2026-04-23T18:55:13.031+08:00 DEBUG 21652 --- [           main] c.petshop.mapper.ProductMapper.insert    : ==>  Preparing: INSERT INTO "product" ( merchant_id, name, description, price, stock, status, low_stock_threshold, created_at, updated_at ) VALUES ( ?, ?, ?, ?, ?, ?, ?, ?, ? )
2026-04-23T18:55:13.031+08:00 DEBUG 21652 --- [           main] c.petshop.mapper.ProductMapper.insert    : ==> Parameters: 145(Integer), Test Product(String), Test product description(String), 49.99(BigDecimal), 100(Integer), enabled(String), 10(Integer), 2026-04-23T18:55:13.031945(LocalDateTime), 2026-04-23T18:55:13.031945(LocalDateTime)
2026-04-23T18:55:13.031+08:00 DEBUG 21652 --- [           main] c.petshop.mapper.ProductMapper.insert    : <==    Updates: 1
2026-04-23T18:55:13.031+08:00 DEBUG 21652 --- [           main] c.petshop.mapper.AddressMapper.insert    : ==>  Preparing: INSERT INTO "address" ( user_id, contact_name, phone, province, city, district, detail_address, is_default, created_at, updated_at ) VALUES ( ?, ?, ?, ?, ?, ?, ?, ?, ?, ? )
2026-04-23T18:55:13.031+08:00 DEBUG 21652 --- [           main] c.petshop.mapper.AddressMapper.insert    : ==> Parameters: 107(Integer), Test Receiver(String), 13900000003(String), Beijing(String), Beijing(String), Chaoyang(String), Test Street 123(String), true(Boolean), 2026-04-23T18:55:13.031945(LocalDateTime), 2026-04-23T18:55:13.031945(LocalDateTime)
2026-04-23T18:55:13.031+08:00 DEBUG 21652 --- [           main] c.petshop.mapper.AddressMapper.insert    : <==    Updates: 1
2026-04-23T18:55:13.032+08:00 DEBUG 21652 --- [           main] o.s.security.web.FilterChainProxy        : Securing POST /api/auth/register
2026-04-23T18:55:13.032+08:00 DEBUG 21652 --- [           main] o.s.s.w.a.AnonymousAuthenticationFilter  : Set SecurityContextHolder to anonymous SecurityContext
2026-04-23T18:55:13.033+08:00 DEBUG 21652 --- [           main] o.s.security.web.FilterChainProxy        : Secured POST /api/auth/register

MockHttpServletRequest:
      HTTP Method = POST
      Request URI = /api/auth/register
       Parameters = {}
          Headers = [Content-Type:"application/json;charset=UTF-8", Content-Length:"93"]
             Body = {"username":"newuser","password":"newpassword123","email":"newuser@example.com","phone":null}
    Session Attrs = {}

Handler:
             Type = com.petshop.controller.api.AuthApiController
           Method = com.petshop.controller.api.AuthApiController#register(RegisterRequest)

Async:
    Async started = false
     Async result = null

Resolved Exception:
             Type = null

ModelAndView:
        View name = null
             View = null
            Model = null

FlashMap:
       Attributes = null

MockHttpServletResponse:
           Status = 400
    Error message = null
          Headers = [Vary:"Origin", "Access-Control-Request-Method", "Access-Control-Request-Headers", Content-Type:"application/json", X-Content-Type-Options:"nosniff", X-XSS-Protection:"0", Cache-Control:"no-cache, no-store, max-age=0, must-revalidate", Pragma:"no-cache", Expires:"0", X-Frame-Options:"DENY"]
     Content type = application/json
             Body = {"code":400,"message":"Phone number is required","data":null}
    Forwarded URL = null
   Redirected URL = null
          Cookies = []
2026-04-23T18:55:13.125+08:00 DEBUG 21652 --- [           main] com.petshop.mapper.UserMapper.insert     : ==>  Preparing: INSERT INTO "user" ( username, email, password, phone, status, created_at, updated_at ) VALUES ( ?, ?, ?, ?, ?, ?, ? )
2026-04-23T18:55:13.125+08:00 DEBUG 21652 --- [           main] com.petshop.mapper.UserMapper.insert     : ==> Parameters: testuser(String), testuser@example.com(String), $2a$10$YD5S8OT5e4/EJrpuDWOaD.b3UCnlG8j7tYTPgCjW7WGMusw539fYW(String), 13900000001(String), active(String), 2026-04-23T18:55:13.125003200(LocalDateTime), 2026-04-23T18:55:13.125003200(LocalDateTime)
2026-04-23T18:55:13.125+08:00 DEBUG 21652 --- [           main] com.petshop.mapper.UserMapper.insert     : <==    Updates: 1
2026-04-23T18:55:13.205+08:00 DEBUG 21652 --- [           main] c.petshop.mapper.MerchantMapper.insert   : ==>  Preparing: INSERT INTO "merchant" ( name, contact_person, phone, email, password, address, status, created_at, updated_at ) VALUES ( ?, ?, ?, ?, ?, ?, ?, ?, ? )
2026-04-23T18:55:13.205+08:00 DEBUG 21652 --- [           main] c.petshop.mapper.MerchantMapper.insert   : ==> Parameters: Test Merchant(String), Test Contact(String), 13900000002(String), merchant@example.com(String), $2a$10$NG1QXd9..Qj5PlRewo05hO3Im2zBCabtA6cNhDg4nOmDVxbMmvP3i(String), Test Address 123(String), approved(String), 2026-04-23T18:55:13.205466300(LocalDateTime), 2026-04-23T18:55:13.205466300(LocalDateTime)
2026-04-23T18:55:13.205+08:00 DEBUG 21652 --- [           main] c.petshop.mapper.MerchantMapper.insert   : <==    Updates: 1
2026-04-23T18:55:13.206+08:00 DEBUG 21652 --- [           main] c.petshop.mapper.ServiceMapper.insert    : ==>  Preparing: INSERT INTO "service" ( merchant_id, name, description, price, duration, category, status, created_at, updated_at ) VALUES ( ?, ?, ?, ?, ?, ?, ?, ?, ? )
2026-04-23T18:55:13.206+08:00 DEBUG 21652 --- [           main] c.petshop.mapper.ServiceMapper.insert    : ==> Parameters: 146(Integer), Test Pet Grooming(String), Professional pet grooming service(String), 99.99(BigDecimal), 60(Integer), grooming(String), enabled(String), 2026-04-23T18:55:13.206469800(LocalDateTime), 2026-04-23T18:55:13.206469800(LocalDateTime)
2026-04-23T18:55:13.206+08:00 DEBUG 21652 --- [           main] c.petshop.mapper.ServiceMapper.insert    : <==    Updates: 1
2026-04-23T18:55:13.206+08:00 DEBUG 21652 --- [           main] com.petshop.mapper.PetMapper.insert      : ==>  Preparing: INSERT INTO "pet" ( user_id, name, type, breed, age, gender, created_at, updated_at ) VALUES ( ?, ?, ?, ?, ?, ?, ?, ? )
2026-04-23T18:55:13.207+08:00 DEBUG 21652 --- [           main] com.petshop.mapper.PetMapper.insert      : ==> Parameters: 108(Integer), Test Pet(String), dog(String), Golden Retriever(String), 2(Integer), male(String), 2026-04-23T18:55:13.206469800(LocalDateTime), 2026-04-23T18:55:13.206469800(LocalDateTime)
2026-04-23T18:55:13.207+08:00 DEBUG 21652 --- [           main] com.petshop.mapper.PetMapper.insert      : <==    Updates: 1
2026-04-23T18:55:13.207+08:00 DEBUG 21652 --- [           main] c.petshop.mapper.ProductMapper.insert    : ==>  Preparing: INSERT INTO "product" ( merchant_id, name, description, price, stock, status, low_stock_threshold, created_at, updated_at ) VALUES ( ?, ?, ?, ?, ?, ?, ?, ?, ? )
2026-04-23T18:55:13.207+08:00 DEBUG 21652 --- [           main] c.petshop.mapper.ProductMapper.insert    : ==> Parameters: 146(Integer), Test Product(String), Test product description(String), 49.99(BigDecimal), 100(Integer), enabled(String), 10(Integer), 2026-04-23T18:55:13.207439700(LocalDateTime), 2026-04-23T18:55:13.207439700(LocalDateTime)
2026-04-23T18:55:13.207+08:00 DEBUG 21652 --- [           main] c.petshop.mapper.ProductMapper.insert    : <==    Updates: 1
2026-04-23T18:55:13.207+08:00 DEBUG 21652 --- [           main] c.petshop.mapper.AddressMapper.insert    : ==>  Preparing: INSERT INTO "address" ( user_id, contact_name, phone, province, city, district, detail_address, is_default, created_at, updated_at ) VALUES ( ?, ?, ?, ?, ?, ?, ?, ?, ?, ? )
2026-04-23T18:55:13.207+08:00 DEBUG 21652 --- [           main] c.petshop.mapper.AddressMapper.insert    : ==> Parameters: 108(Integer), Test Receiver(String), 13900000003(String), Beijing(String), Beijing(String), Chaoyang(String), Test Street 123(String), true(Boolean), 2026-04-23T18:55:13.207439700(LocalDateTime), 2026-04-23T18:55:13.207439700(LocalDateTime)
2026-04-23T18:55:13.207+08:00 DEBUG 21652 --- [           main] c.petshop.mapper.AddressMapper.insert    : <==    Updates: 1
2026-04-23T18:55:13.208+08:00 DEBUG 21652 --- [           main] o.s.security.web.FilterChainProxy        : Securing POST /api/auth/register
2026-04-23T18:55:13.208+08:00 DEBUG 21652 --- [           main] o.s.s.w.a.AnonymousAuthenticationFilter  : Set SecurityContextHolder to anonymous SecurityContext
2026-04-23T18:55:13.208+08:00 DEBUG 21652 --- [           main] o.s.security.web.FilterChainProxy        : Secured POST /api/auth/register

MockHttpServletRequest:
      HTTP Method = POST
      Request URI = /api/auth/register
       Parameters = {}
          Headers = [Content-Type:"application/json;charset=UTF-8", Content-Length:"93"]
             Body = {"username":"newuser","password":"12345","email":"newuser@example.com","phone":"13900000098"}
    Session Attrs = {}

Handler:
             Type = com.petshop.controller.api.AuthApiController
           Method = com.petshop.controller.api.AuthApiController#register(RegisterRequest)

Async:
    Async started = false
     Async result = null

Resolved Exception:
             Type = null

ModelAndView:
        View name = null
             View = null
            Model = null

FlashMap:
       Attributes = null

MockHttpServletResponse:
           Status = 400
    Error message = null
          Headers = [Vary:"Origin", "Access-Control-Request-Method", "Access-Control-Request-Headers", Content-Type:"application/json", X-Content-Type-Options:"nosniff", X-XSS-Protection:"0", Cache-Control:"no-cache, no-store, max-age=0, must-revalidate", Pragma:"no-cache", Expires:"0", X-Frame-Options:"DENY"]
     Content type = application/json
             Body = {"code":400,"message":"Password must be at least 6 characters","data":null}
    Forwarded URL = null
   Redirected URL = null
          Cookies = []
2026-04-23T18:55:13.300+08:00 DEBUG 21652 --- [           main] com.petshop.mapper.UserMapper.insert     : ==>  Preparing: INSERT INTO "user" ( username, email, password, phone, status, created_at, updated_at ) VALUES ( ?, ?, ?, ?, ?, ?, ? )
2026-04-23T18:55:13.300+08:00 DEBUG 21652 --- [           main] com.petshop.mapper.UserMapper.insert     : ==> Parameters: testuser(String), testuser@example.com(String), $2a$10$Xm1j0jpp6Kv60hax8bSoZOOR4emkY9Y0JVw15t3F3B.pMgmk2cf9i(String), 13900000001(String), active(String), 2026-04-23T18:55:13.300837500(LocalDateTime), 2026-04-23T18:55:13.300837500(LocalDateTime)
2026-04-23T18:55:13.300+08:00 DEBUG 21652 --- [           main] com.petshop.mapper.UserMapper.insert     : <==    Updates: 1
2026-04-23T18:55:13.381+08:00 DEBUG 21652 --- [           main] c.petshop.mapper.MerchantMapper.insert   : ==>  Preparing: INSERT INTO "merchant" ( name, contact_person, phone, email, password, address, status, created_at, updated_at ) VALUES ( ?, ?, ?, ?, ?, ?, ?, ?, ? )
2026-04-23T18:55:13.381+08:00 DEBUG 21652 --- [           main] c.petshop.mapper.MerchantMapper.insert   : ==> Parameters: Test Merchant(String), Test Contact(String), 13900000002(String), merchant@example.com(String), $2a$10$KhOJJJISX1HocR613ITkh.ZpBwOG5DNcIb.RDoQOAdiRtXfJpI6T2(String), Test Address 123(String), approved(String), 2026-04-23T18:55:13.381873700(LocalDateTime), 2026-04-23T18:55:13.381873700(LocalDateTime)
2026-04-23T18:55:13.381+08:00 DEBUG 21652 --- [           main] c.petshop.mapper.MerchantMapper.insert   : <==    Updates: 1
2026-04-23T18:55:13.381+08:00 DEBUG 21652 --- [           main] c.petshop.mapper.ServiceMapper.insert    : ==>  Preparing: INSERT INTO "service" ( merchant_id, name, description, price, duration, category, status, created_at, updated_at ) VALUES ( ?, ?, ?, ?, ?, ?, ?, ?, ? )
2026-04-23T18:55:13.381+08:00 DEBUG 21652 --- [           main] c.petshop.mapper.ServiceMapper.insert    : ==> Parameters: 147(Integer), Test Pet Grooming(String), Professional pet grooming service(String), 99.99(BigDecimal), 60(Integer), grooming(String), enabled(String), 2026-04-23T18:55:13.381873700(LocalDateTime), 2026-04-23T18:55:13.381873700(LocalDateTime)
2026-04-23T18:55:13.381+08:00 DEBUG 21652 --- [           main] c.petshop.mapper.ServiceMapper.insert    : <==    Updates: 1
2026-04-23T18:55:13.381+08:00 DEBUG 21652 --- [           main] com.petshop.mapper.PetMapper.insert      : ==>  Preparing: INSERT INTO "pet" ( user_id, name, type, breed, age, gender, created_at, updated_at ) VALUES ( ?, ?, ?, ?, ?, ?, ?, ? )
2026-04-23T18:55:13.381+08:00 DEBUG 21652 --- [           main] com.petshop.mapper.PetMapper.insert      : ==> Parameters: 109(Integer), Test Pet(String), dog(String), Golden Retriever(String), 2(Integer), male(String), 2026-04-23T18:55:13.381873700(LocalDateTime), 2026-04-23T18:55:13.381873700(LocalDateTime)
2026-04-23T18:55:13.382+08:00 DEBUG 21652 --- [           main] com.petshop.mapper.PetMapper.insert      : <==    Updates: 1
2026-04-23T18:55:13.382+08:00 DEBUG 21652 --- [           main] c.petshop.mapper.ProductMapper.insert    : ==>  Preparing: INSERT INTO "product" ( merchant_id, name, description, price, stock, status, low_stock_threshold, created_at, updated_at ) VALUES ( ?, ?, ?, ?, ?, ?, ?, ?, ? )
2026-04-23T18:55:13.382+08:00 DEBUG 21652 --- [           main] c.petshop.mapper.ProductMapper.insert    : ==> Parameters: 147(Integer), Test Product(String), Test product description(String), 49.99(BigDecimal), 100(Integer), enabled(String), 10(Integer), 2026-04-23T18:55:13.382873400(LocalDateTime), 2026-04-23T18:55:13.382873400(LocalDateTime)
2026-04-23T18:55:13.382+08:00 DEBUG 21652 --- [           main] c.petshop.mapper.ProductMapper.insert    : <==    Updates: 1
2026-04-23T18:55:13.382+08:00 DEBUG 21652 --- [           main] c.petshop.mapper.AddressMapper.insert    : ==>  Preparing: INSERT INTO "address" ( user_id, contact_name, phone, province, city, district, detail_address, is_default, created_at, updated_at ) VALUES ( ?, ?, ?, ?, ?, ?, ?, ?, ?, ? )
2026-04-23T18:55:13.382+08:00 DEBUG 21652 --- [           main] c.petshop.mapper.AddressMapper.insert    : ==> Parameters: 109(Integer), Test Receiver(String), 13900000003(String), Beijing(String), Beijing(String), Chaoyang(String), Test Street 123(String), true(Boolean), 2026-04-23T18:55:13.382873400(LocalDateTime), 2026-04-23T18:55:13.382873400(LocalDateTime)
2026-04-23T18:55:13.382+08:00 DEBUG 21652 --- [           main] c.petshop.mapper.AddressMapper.insert    : <==    Updates: 1
2026-04-23T18:55:13.384+08:00 DEBUG 21652 --- [           main] o.s.security.web.FilterChainProxy        : Securing POST /api/auth/login
2026-04-23T18:55:13.384+08:00 DEBUG 21652 --- [           main] o.s.s.w.a.AnonymousAuthenticationFilter  : Set SecurityContextHolder to anonymous SecurityContext
2026-04-23T18:55:13.384+08:00 DEBUG 21652 --- [           main] o.s.security.web.FilterChainProxy        : Secured POST /api/auth/login
2026-04-23T18:55:13.384+08:00 DEBUG 21652 --- [           main] c.p.mapper.UserMapper.selectByPhone      : ==>  Preparing: SELECT * FROM `user` WHERE phone = ?
2026-04-23T18:55:13.384+08:00 DEBUG 21652 --- [           main] c.p.mapper.UserMapper.selectByPhone      : ==> Parameters: 13900000001(String)
2026-04-23T18:55:13.384+08:00 DEBUG 21652 --- [           main] c.p.mapper.UserMapper.selectByPhone      : <==      Total: 1
2026-04-23T18:55:13.466+08:00 DEBUG 21652 --- [           main] o.s.s.a.dao.DaoAuthenticationProvider    : Authenticated user
2026-04-23T18:55:13.467+08:00 DEBUG 21652 --- [           main] c.petshop.mapper.UserMapper.selectList   : ==>  Preparing: SELECT id,username,email,password,phone,avatar,status,created_at,updated_at FROM "user" WHERE (phone = ?)
2026-04-23T18:55:13.468+08:00 DEBUG 21652 --- [           main] c.petshop.mapper.UserMapper.selectList   : ==> Parameters: 13900000001(String)
2026-04-23T18:55:13.468+08:00 DEBUG 21652 --- [           main] c.petshop.mapper.UserMapper.selectList   : <==      Total: 1

MockHttpServletRequest:
      HTTP Method = POST
      Request URI = /api/auth/login
       Parameters = {}
          Headers = [Content-Type:"application/json;charset=UTF-8", Content-Length:"108"]
             Body = {"username":null,"phone":"13900000001","password":"password123","role":null,"loginIdentifier":"13900000001"}
    Session Attrs = {}

Handler:
             Type = com.petshop.controller.api.AuthApiController
           Method = com.petshop.controller.api.AuthApiController#login(LoginRequest)

Async:
    Async started = false
     Async result = null

Resolved Exception:
             Type = null

ModelAndView:
        View name = null
             View = null
            Model = null

FlashMap:
       Attributes = null

MockHttpServletResponse:
           Status = 200
    Error message = null
          Headers = [Vary:"Origin", "Access-Control-Request-Method", "Access-Control-Request-Headers", Content-Type:"application/json", X-Content-Type-Options:"nosniff", X-XSS-Protection:"0", Cache-Control:"no-cache, no-store, max-age=0, must-revalidate", Pragma:"no-cache", Expires:"0", X-Frame-Options:"DENY"]
     Content type = application/json
             Body = {"code":200,"message":"Login successful","data":{"token":"eyJhbGciOiJIUzUxMiJ9.eyJzdWIiOiIxMzkwMDAwMDAwMSIsImlhdCI6MTc3Njk0MTcxM30.eZPSYfzcLFIbPjS3UZXWm__Gh2kRmEFN2aJWz3SH1XIz_21v14Po4bw1rxfw5735XW3-Q3x0mmGdo6UcvAn2kg","user":{"id":109,"username":"testuser","email":"testuser@example.com","phone":"13900000001","avatar":null,"role":"user"}}}
    Forwarded URL = null
   Redirected URL = null
          Cookies = []
2026-04-23T18:55:13.558+08:00 DEBUG 21652 --- [           main] com.petshop.mapper.UserMapper.insert     : ==>  Preparing: INSERT INTO "user" ( username, email, password, phone, status, created_at, updated_at ) VALUES ( ?, ?, ?, ?, ?, ?, ? )
2026-04-23T18:55:13.559+08:00 DEBUG 21652 --- [           main] com.petshop.mapper.UserMapper.insert     : ==> Parameters: testuser(String), testuser@example.com(String), $2a$10$oNWAHkac9IUp3bdgZmbtJ.86u5czYd0JwNqtdtgQ6IMpzrbZF80ie(String), 13900000001(String), active(String), 2026-04-23T18:55:13.558588900(LocalDateTime), 2026-04-23T18:55:13.558588900(LocalDateTime)
2026-04-23T18:55:13.559+08:00 DEBUG 21652 --- [           main] com.petshop.mapper.UserMapper.insert     : <==    Updates: 1
2026-04-23T18:55:13.645+08:00 DEBUG 21652 --- [           main] c.petshop.mapper.MerchantMapper.insert   : ==>  Preparing: INSERT INTO "merchant" ( name, contact_person, phone, email, password, address, status, created_at, updated_at ) VALUES ( ?, ?, ?, ?, ?, ?, ?, ?, ? )
2026-04-23T18:55:13.645+08:00 DEBUG 21652 --- [           main] c.petshop.mapper.MerchantMapper.insert   : ==> Parameters: Test Merchant(String), Test Contact(String), 13900000002(String), merchant@example.com(String), $2a$10$2vjEEimyZqDZwbeMbCsC/uSazmBjgZWHchU8LKHuLAdekBiZtu02m(String), Test Address 123(String), approved(String), 2026-04-23T18:55:13.645594700(LocalDateTime), 2026-04-23T18:55:13.645594700(LocalDateTime)
2026-04-23T18:55:13.646+08:00 DEBUG 21652 --- [           main] c.petshop.mapper.MerchantMapper.insert   : <==    Updates: 1
2026-04-23T18:55:13.646+08:00 DEBUG 21652 --- [           main] c.petshop.mapper.ServiceMapper.insert    : ==>  Preparing: INSERT INTO "service" ( merchant_id, name, description, price, duration, category, status, created_at, updated_at ) VALUES ( ?, ?, ?, ?, ?, ?, ?, ?, ? )
2026-04-23T18:55:13.646+08:00 DEBUG 21652 --- [           main] c.petshop.mapper.ServiceMapper.insert    : ==> Parameters: 148(Integer), Test Pet Grooming(String), Professional pet grooming service(String), 99.99(BigDecimal), 60(Integer), grooming(String), enabled(String), 2026-04-23T18:55:13.646594900(LocalDateTime), 2026-04-23T18:55:13.646594900(LocalDateTime)
2026-04-23T18:55:13.646+08:00 DEBUG 21652 --- [           main] c.petshop.mapper.ServiceMapper.insert    : <==    Updates: 1
2026-04-23T18:55:13.646+08:00 DEBUG 21652 --- [           main] com.petshop.mapper.PetMapper.insert      : ==>  Preparing: INSERT INTO "pet" ( user_id, name, type, breed, age, gender, created_at, updated_at ) VALUES ( ?, ?, ?, ?, ?, ?, ?, ? )
2026-04-23T18:55:13.647+08:00 DEBUG 21652 --- [           main] com.petshop.mapper.PetMapper.insert      : ==> Parameters: 110(Integer), Test Pet(String), dog(String), Golden Retriever(String), 2(Integer), male(String), 2026-04-23T18:55:13.646594900(LocalDateTime), 2026-04-23T18:55:13.646594900(LocalDateTime)
2026-04-23T18:55:13.647+08:00 DEBUG 21652 --- [           main] com.petshop.mapper.PetMapper.insert      : <==    Updates: 1
2026-04-23T18:55:13.647+08:00 DEBUG 21652 --- [           main] c.petshop.mapper.ProductMapper.insert    : ==>  Preparing: INSERT INTO "product" ( merchant_id, name, description, price, stock, status, low_stock_threshold, created_at, updated_at ) VALUES ( ?, ?, ?, ?, ?, ?, ?, ?, ? )
2026-04-23T18:55:13.647+08:00 DEBUG 21652 --- [           main] c.petshop.mapper.ProductMapper.insert    : ==> Parameters: 148(Integer), Test Product(String), Test product description(String), 49.99(BigDecimal), 100(Integer), enabled(String), 10(Integer), 2026-04-23T18:55:13.647663(LocalDateTime), 2026-04-23T18:55:13.647663(LocalDateTime)
2026-04-23T18:55:13.648+08:00 DEBUG 21652 --- [           main] c.petshop.mapper.ProductMapper.insert    : <==    Updates: 1
2026-04-23T18:55:13.648+08:00 DEBUG 21652 --- [           main] c.petshop.mapper.AddressMapper.insert    : ==>  Preparing: INSERT INTO "address" ( user_id, contact_name, phone, province, city, district, detail_address, is_default, created_at, updated_at ) VALUES ( ?, ?, ?, ?, ?, ?, ?, ?, ?, ? )
2026-04-23T18:55:13.648+08:00 DEBUG 21652 --- [           main] c.petshop.mapper.AddressMapper.insert    : ==> Parameters: 110(Integer), Test Receiver(String), 13900000003(String), Beijing(String), Beijing(String), Chaoyang(String), Test Street 123(String), true(Boolean), 2026-04-23T18:55:13.648181700(LocalDateTime), 2026-04-23T18:55:13.648181700(LocalDateTime)
2026-04-23T18:55:13.648+08:00 DEBUG 21652 --- [           main] c.petshop.mapper.AddressMapper.insert    : <==    Updates: 1
2026-04-23T18:55:13.649+08:00 DEBUG 21652 --- [           main] o.s.security.web.FilterChainProxy        : Securing POST /api/auth/login
2026-04-23T18:55:13.649+08:00 DEBUG 21652 --- [           main] o.s.s.w.a.AnonymousAuthenticationFilter  : Set SecurityContextHolder to anonymous SecurityContext
2026-04-23T18:55:13.649+08:00 DEBUG 21652 --- [           main] o.s.security.web.FilterChainProxy        : Secured POST /api/auth/login
2026-04-23T18:55:13.650+08:00 DEBUG 21652 --- [           main] c.p.mapper.UserMapper.selectByPhone      : ==>  Preparing: SELECT * FROM `user` WHERE phone = ?
2026-04-23T18:55:13.650+08:00 DEBUG 21652 --- [           main] c.p.mapper.UserMapper.selectByPhone      : ==> Parameters: 99999999999(String)
2026-04-23T18:55:13.651+08:00 DEBUG 21652 --- [           main] c.p.mapper.UserMapper.selectByPhone      : <==      Total: 0
2026-04-23T18:55:13.651+08:00 DEBUG 21652 --- [           main] c.p.mapper.MerchantMapper.selectByPhone  : ==>  Preparing: SELECT * FROM `merchant` WHERE phone = ?
2026-04-23T18:55:13.651+08:00 DEBUG 21652 --- [           main] c.p.mapper.MerchantMapper.selectByPhone  : ==> Parameters: 99999999999(String)
2026-04-23T18:55:13.651+08:00 DEBUG 21652 --- [           main] c.p.mapper.MerchantMapper.selectByPhone  : <==      Total: 0
2026-04-23T18:55:13.651+08:00 DEBUG 21652 --- [           main] c.p.mapper.MerchantMapper.selectByEmail  : ==>  Preparing: SELECT * FROM `merchant` WHERE email = ?
2026-04-23T18:55:13.651+08:00 DEBUG 21652 --- [           main] c.p.mapper.MerchantMapper.selectByEmail  : ==> Parameters: 99999999999(String)
2026-04-23T18:55:13.651+08:00 DEBUG 21652 --- [           main] c.p.mapper.MerchantMapper.selectByEmail  : <==      Total: 0
2026-04-23T18:55:13.651+08:00 DEBUG 21652 --- [           main] c.p.mapper.AdminMapper.selectByUsername  : ==>  Preparing: SELECT * FROM `admin` WHERE username = ?
2026-04-23T18:55:13.651+08:00 DEBUG 21652 --- [           main] c.p.mapper.AdminMapper.selectByUsername  : ==> Parameters: 99999999999(String)
2026-04-23T18:55:13.651+08:00 DEBUG 21652 --- [           main] c.p.mapper.AdminMapper.selectByUsername  : <==      Total: 0
2026-04-23T18:55:13.734+08:00 DEBUG 21652 --- [           main] o.s.s.a.dao.DaoAuthenticationProvider    : Failed to find user '99999999999'

MockHttpServletRequest:
      HTTP Method = POST
      Request URI = /api/auth/login
       Parameters = {}
          Headers = [Content-Type:"application/json;charset=UTF-8", Content-Length:"108"]
             Body = {"username":null,"phone":"99999999999","password":"password123","role":null,"loginIdentifier":"99999999999"}
    Session Attrs = {}

Handler:
             Type = com.petshop.controller.api.AuthApiController
           Method = com.petshop.controller.api.AuthApiController#login(LoginRequest)

Async:
    Async started = false
     Async result = null

Resolved Exception:
             Type = null

ModelAndView:
        View name = null
             View = null
            Model = null

FlashMap:
       Attributes = null

MockHttpServletResponse:
           Status = 401
    Error message = null
          Headers = [Vary:"Origin", "Access-Control-Request-Method", "Access-Control-Request-Headers", Content-Type:"application/json", X-Content-Type-Options:"nosniff", X-XSS-Protection:"0", Cache-Control:"no-cache, no-store, max-age=0, must-revalidate", Pragma:"no-cache", Expires:"0", X-Frame-Options:"DENY"]
     Content type = application/json
             Body = {"code":401,"message":"Bad credentials","data":null}
    Forwarded URL = null
   Redirected URL = null
          Cookies = []
2026-04-23T18:55:13.824+08:00 DEBUG 21652 --- [           main] com.petshop.mapper.UserMapper.insert     : ==>  Preparing: INSERT INTO "user" ( username, email, password, phone, status, created_at, updated_at ) VALUES ( ?, ?, ?, ?, ?, ?, ? )
2026-04-23T18:55:13.824+08:00 DEBUG 21652 --- [           main] com.petshop.mapper.UserMapper.insert     : ==> Parameters: testuser(String), testuser@example.com(String), $2a$10$Poi2qPokO8oPtBvkYstev.i6jen4vna3v1IX2hM5wo9DDC6Rz7SeK(String), 13900000001(String), active(String), 2026-04-23T18:55:13.824005300(LocalDateTime), 2026-04-23T18:55:13.824005300(LocalDateTime)
2026-04-23T18:55:13.824+08:00 DEBUG 21652 --- [           main] com.petshop.mapper.UserMapper.insert     : <==    Updates: 1
2026-04-23T18:55:13.905+08:00 DEBUG 21652 --- [           main] c.petshop.mapper.MerchantMapper.insert   : ==>  Preparing: INSERT INTO "merchant" ( name, contact_person, phone, email, password, address, status, created_at, updated_at ) VALUES ( ?, ?, ?, ?, ?, ?, ?, ?, ? )
2026-04-23T18:55:13.905+08:00 DEBUG 21652 --- [           main] c.petshop.mapper.MerchantMapper.insert   : ==> Parameters: Test Merchant(String), Test Contact(String), 13900000002(String), merchant@example.com(String), $2a$10$VwXeVuqsWn2wXNZz7344TeegKCCRyfw9T6aJiBn8DHgCujKmoU/0a(String), Test Address 123(String), approved(String), 2026-04-23T18:55:13.905444400(LocalDateTime), 2026-04-23T18:55:13.905444400(LocalDateTime)
2026-04-23T18:55:13.906+08:00 DEBUG 21652 --- [           main] c.petshop.mapper.MerchantMapper.insert   : <==    Updates: 1
2026-04-23T18:55:13.906+08:00 DEBUG 21652 --- [           main] c.petshop.mapper.ServiceMapper.insert    : ==>  Preparing: INSERT INTO "service" ( merchant_id, name, description, price, duration, category, status, created_at, updated_at ) VALUES ( ?, ?, ?, ?, ?, ?, ?, ?, ? )
2026-04-23T18:55:13.906+08:00 DEBUG 21652 --- [           main] c.petshop.mapper.ServiceMapper.insert    : ==> Parameters: 149(Integer), Test Pet Grooming(String), Professional pet grooming service(String), 99.99(BigDecimal), 60(Integer), grooming(String), enabled(String), 2026-04-23T18:55:13.906448300(LocalDateTime), 2026-04-23T18:55:13.906448300(LocalDateTime)
2026-04-23T18:55:13.906+08:00 DEBUG 21652 --- [           main] c.petshop.mapper.ServiceMapper.insert    : <==    Updates: 1
2026-04-23T18:55:13.906+08:00 DEBUG 21652 --- [           main] com.petshop.mapper.PetMapper.insert      : ==>  Preparing: INSERT INTO "pet" ( user_id, name, type, breed, age, gender, created_at, updated_at ) VALUES ( ?, ?, ?, ?, ?, ?, ?, ? )
2026-04-23T18:55:13.906+08:00 DEBUG 21652 --- [           main] com.petshop.mapper.PetMapper.insert      : ==> Parameters: 111(Integer), Test Pet(String), dog(String), Golden Retriever(String), 2(Integer), male(String), 2026-04-23T18:55:13.906448300(LocalDateTime), 2026-04-23T18:55:13.906448300(LocalDateTime)
2026-04-23T18:55:13.906+08:00 DEBUG 21652 --- [           main] com.petshop.mapper.PetMapper.insert      : <==    Updates: 1
2026-04-23T18:55:13.906+08:00 DEBUG 21652 --- [           main] c.petshop.mapper.ProductMapper.insert    : ==>  Preparing: INSERT INTO "product" ( merchant_id, name, description, price, stock, status, low_stock_threshold, created_at, updated_at ) VALUES ( ?, ?, ?, ?, ?, ?, ?, ?, ? )
2026-04-23T18:55:13.906+08:00 DEBUG 21652 --- [           main] c.petshop.mapper.ProductMapper.insert    : ==> Parameters: 149(Integer), Test Product(String), Test product description(String), 49.99(BigDecimal), 100(Integer), enabled(String), 10(Integer), 2026-04-23T18:55:13.906448300(LocalDateTime), 2026-04-23T18:55:13.906448300(LocalDateTime)
2026-04-23T18:55:13.906+08:00 DEBUG 21652 --- [           main] c.petshop.mapper.ProductMapper.insert    : <==    Updates: 1
2026-04-23T18:55:13.907+08:00 DEBUG 21652 --- [           main] c.petshop.mapper.AddressMapper.insert    : ==>  Preparing: INSERT INTO "address" ( user_id, contact_name, phone, province, city, district, detail_address, is_default, created_at, updated_at ) VALUES ( ?, ?, ?, ?, ?, ?, ?, ?, ?, ? )
2026-04-23T18:55:13.907+08:00 DEBUG 21652 --- [           main] c.petshop.mapper.AddressMapper.insert    : ==> Parameters: 111(Integer), Test Receiver(String), 13900000003(String), Beijing(String), Beijing(String), Chaoyang(String), Test Street 123(String), true(Boolean), 2026-04-23T18:55:13.906448300(LocalDateTime), 2026-04-23T18:55:13.906448300(LocalDateTime)
2026-04-23T18:55:13.907+08:00 DEBUG 21652 --- [           main] c.petshop.mapper.AddressMapper.insert    : <==    Updates: 1
2026-04-23T18:55:13.908+08:00 DEBUG 21652 --- [           main] o.s.security.web.FilterChainProxy        : Securing POST /api/auth/login
2026-04-23T18:55:13.908+08:00 DEBUG 21652 --- [           main] o.s.s.w.a.AnonymousAuthenticationFilter  : Set SecurityContextHolder to anonymous SecurityContext
2026-04-23T18:55:13.908+08:00 DEBUG 21652 --- [           main] o.s.security.web.FilterChainProxy        : Secured POST /api/auth/login
2026-04-23T18:55:13.908+08:00 DEBUG 21652 --- [           main] c.p.mapper.UserMapper.selectByPhone      : ==>  Preparing: SELECT * FROM `user` WHERE phone = ?
2026-04-23T18:55:13.909+08:00 DEBUG 21652 --- [           main] c.p.mapper.UserMapper.selectByPhone      : ==> Parameters: 13900000001(String)
2026-04-23T18:55:13.909+08:00 DEBUG 21652 --- [           main] c.p.mapper.UserMapper.selectByPhone      : <==      Total: 1
2026-04-23T18:55:13.990+08:00 DEBUG 21652 --- [           main] o.s.s.a.dao.DaoAuthenticationProvider    : Failed to authenticate since password does not match stored value

MockHttpServletRequest:
      HTTP Method = POST
      Request URI = /api/auth/login
       Parameters = {}
          Headers = [Content-Type:"application/json;charset=UTF-8", Content-Length:"110"]
             Body = {"username":null,"phone":"13900000001","password":"wrongpassword","role":null,"loginIdentifier":"13900000001"}
    Session Attrs = {}

Handler:
             Type = com.petshop.controller.api.AuthApiController
           Method = com.petshop.controller.api.AuthApiController#login(LoginRequest)

Async:
    Async started = false
     Async result = null

Resolved Exception:
             Type = null

ModelAndView:
        View name = null
             View = null
            Model = null

FlashMap:
       Attributes = null

MockHttpServletResponse:
           Status = 401
    Error message = null
          Headers = [Vary:"Origin", "Access-Control-Request-Method", "Access-Control-Request-Headers", Content-Type:"application/json", X-Content-Type-Options:"nosniff", X-XSS-Protection:"0", Cache-Control:"no-cache, no-store, max-age=0, must-revalidate", Pragma:"no-cache", Expires:"0", X-Frame-Options:"DENY"]
     Content type = application/json
             Body = {"code":401,"message":"Bad credentials","data":null}
    Forwarded URL = null
   Redirected URL = null
          Cookies = []
2026-04-23T18:55:14.076+08:00 DEBUG 21652 --- [           main] com.petshop.mapper.UserMapper.insert     : ==>  Preparing: INSERT INTO "user" ( username, email, password, phone, status, created_at, updated_at ) VALUES ( ?, ?, ?, ?, ?, ?, ? )
2026-04-23T18:55:14.076+08:00 DEBUG 21652 --- [           main] com.petshop.mapper.UserMapper.insert     : ==> Parameters: testuser(String), testuser@example.com(String), $2a$10$BFqOC9EqCnV8jdi35gJr5uiST/G3GcnUkv2OzRuw1B1YR8uRBlpIS(String), 13900000001(String), active(String), 2026-04-23T18:55:14.076274200(LocalDateTime), 2026-04-23T18:55:14.076274200(LocalDateTime)
2026-04-23T18:55:14.076+08:00 DEBUG 21652 --- [           main] com.petshop.mapper.UserMapper.insert     : <==    Updates: 1
2026-04-23T18:55:14.156+08:00 DEBUG 21652 --- [           main] c.petshop.mapper.MerchantMapper.insert   : ==>  Preparing: INSERT INTO "merchant" ( name, contact_person, phone, email, password, address, status, created_at, updated_at ) VALUES ( ?, ?, ?, ?, ?, ?, ?, ?, ? )
2026-04-23T18:55:14.156+08:00 DEBUG 21652 --- [           main] c.petshop.mapper.MerchantMapper.insert   : ==> Parameters: Test Merchant(String), Test Contact(String), 13900000002(String), merchant@example.com(String), $2a$10$KmVOeNUHR98Cvgj5vZ2xue9IKg/PYqkfUwBS2ke25esZR8OrJNYjK(String), Test Address 123(String), approved(String), 2026-04-23T18:55:14.156822400(LocalDateTime), 2026-04-23T18:55:14.156822400(LocalDateTime)
2026-04-23T18:55:14.156+08:00 DEBUG 21652 --- [           main] c.petshop.mapper.MerchantMapper.insert   : <==    Updates: 1
2026-04-23T18:55:14.156+08:00 DEBUG 21652 --- [           main] c.petshop.mapper.ServiceMapper.insert    : ==>  Preparing: INSERT INTO "service" ( merchant_id, name, description, price, duration, category, status, created_at, updated_at ) VALUES ( ?, ?, ?, ?, ?, ?, ?, ?, ? )
2026-04-23T18:55:14.157+08:00 DEBUG 21652 --- [           main] c.petshop.mapper.ServiceMapper.insert    : ==> Parameters: 150(Integer), Test Pet Grooming(String), Professional pet grooming service(String), 99.99(BigDecimal), 60(Integer), grooming(String), enabled(String), 2026-04-23T18:55:14.156822400(LocalDateTime), 2026-04-23T18:55:14.156822400(LocalDateTime)
2026-04-23T18:55:14.157+08:00 DEBUG 21652 --- [           main] c.petshop.mapper.ServiceMapper.insert    : <==    Updates: 1
2026-04-23T18:55:14.158+08:00 DEBUG 21652 --- [           main] com.petshop.mapper.PetMapper.insert      : ==>  Preparing: INSERT INTO "pet" ( user_id, name, type, breed, age, gender, created_at, updated_at ) VALUES ( ?, ?, ?, ?, ?, ?, ?, ? )
2026-04-23T18:55:14.158+08:00 DEBUG 21652 --- [           main] com.petshop.mapper.PetMapper.insert      : ==> Parameters: 112(Integer), Test Pet(String), dog(String), Golden Retriever(String), 2(Integer), male(String), 2026-04-23T18:55:14.158112900(LocalDateTime), 2026-04-23T18:55:14.158112900(LocalDateTime)
2026-04-23T18:55:14.158+08:00 DEBUG 21652 --- [           main] com.petshop.mapper.PetMapper.insert      : <==    Updates: 1
2026-04-23T18:55:14.158+08:00 DEBUG 21652 --- [           main] c.petshop.mapper.ProductMapper.insert    : ==>  Preparing: INSERT INTO "product" ( merchant_id, name, description, price, stock, status, low_stock_threshold, created_at, updated_at ) VALUES ( ?, ?, ?, ?, ?, ?, ?, ?, ? )
2026-04-23T18:55:14.158+08:00 DEBUG 21652 --- [           main] c.petshop.mapper.ProductMapper.insert    : ==> Parameters: 150(Integer), Test Product(String), Test product description(String), 49.99(BigDecimal), 100(Integer), enabled(String), 10(Integer), 2026-04-23T18:55:14.158112900(LocalDateTime), 2026-04-23T18:55:14.158112900(LocalDateTime)
2026-04-23T18:55:14.158+08:00 DEBUG 21652 --- [           main] c.petshop.mapper.ProductMapper.insert    : <==    Updates: 1
2026-04-23T18:55:14.158+08:00 DEBUG 21652 --- [           main] c.petshop.mapper.AddressMapper.insert    : ==>  Preparing: INSERT INTO "address" ( user_id, contact_name, phone, province, city, district, detail_address, is_default, created_at, updated_at ) VALUES ( ?, ?, ?, ?, ?, ?, ?, ?, ?, ? )
2026-04-23T18:55:14.158+08:00 DEBUG 21652 --- [           main] c.petshop.mapper.AddressMapper.insert    : ==> Parameters: 112(Integer), Test Receiver(String), 13900000003(String), Beijing(String), Beijing(String), Chaoyang(String), Test Street 123(String), true(Boolean), 2026-04-23T18:55:14.158112900(LocalDateTime), 2026-04-23T18:55:14.158112900(LocalDateTime)
2026-04-23T18:55:14.158+08:00 DEBUG 21652 --- [           main] c.petshop.mapper.AddressMapper.insert    : <==    Updates: 1
2026-04-23T18:55:14.159+08:00 DEBUG 21652 --- [           main] o.s.security.web.FilterChainProxy        : Securing POST /api/auth/logout
2026-04-23T18:55:14.159+08:00 DEBUG 21652 --- [           main] c.p.mapper.UserMapper.selectByPhone      : ==>  Preparing: SELECT * FROM `user` WHERE phone = ?
2026-04-23T18:55:14.159+08:00 DEBUG 21652 --- [           main] c.p.mapper.UserMapper.selectByPhone      : ==> Parameters: 13900000001(String)
2026-04-23T18:55:14.160+08:00 DEBUG 21652 --- [           main] c.p.mapper.UserMapper.selectByPhone      : <==      Total: 1
2026-04-23T18:55:14.160+08:00 DEBUG 21652 --- [           main] o.s.security.web.FilterChainProxy        : Secured POST /api/auth/logout

MockHttpServletRequest:
      HTTP Method = POST
      Request URI = /api/auth/logout
       Parameters = {}
          Headers = [Content-Type:"application/json;charset=UTF-8", Authorization:"Bearer eyJhbGciOiJIUzUxMiJ9.eyJzdWIiOiIxMzkwMDAwMDAwMSIsImlhdCI6MTc3Njk0MTcxNH0.tYxwkpZ9c80pP5FhN2TqN_FURNPAln3zRP1Yk_XflaEir05R2HitAgFc_YlQqdnmhsZw42Op5CCt6R341whZTQ"]
             Body = null
    Session Attrs = {}

Handler:
             Type = com.petshop.controller.api.AuthApiController
           Method = com.petshop.controller.api.AuthApiController#logout()

Async:
    Async started = false
     Async result = null

Resolved Exception:
             Type = null

ModelAndView:
        View name = null
             View = null
            Model = null

FlashMap:
       Attributes = null

MockHttpServletResponse:
           Status = 200
    Error message = null
          Headers = [Vary:"Origin", "Access-Control-Request-Method", "Access-Control-Request-Headers", Content-Type:"application/json", X-Content-Type-Options:"nosniff", X-XSS-Protection:"0", Cache-Control:"no-cache, no-store, max-age=0, must-revalidate", Pragma:"no-cache", Expires:"0", X-Frame-Options:"DENY"]
     Content type = application/json
             Body = {"code":200,"message":"Logout successful","data":{"success":true}}
    Forwarded URL = null
   Redirected URL = null
          Cookies = []
[INFO] Tests run: 7, Failures: 0, Errors: 0, Skipped: 0, Time elapsed: 1.648 s -- in com.petshop.controller.UserApiControllerTest$AuthApiTests
[INFO] Running com.petshop.controller.UserApiControllerTest$HomeStatsApiTests
2026-04-23T18:55:14.166+08:00  INFO 21652 --- [           main] t.c.s.AnnotationConfigContextLoaderUtils : Could not detect default configuration classes for test class [com.petshop.controller.UserApiControllerTest$HomeStatsApiTests]: HomeStatsApiTests does not declare any static, non-private, non-final, nested classes annotated with @Configuration.
2026-04-23T18:55:14.169+08:00  INFO 21652 --- [           main] .b.t.c.SpringBootTestContextBootstrapper : Found @SpringBootConfiguration com.petshop.PetManagementSystemApplication for test class com.petshop.controller.UserApiControllerTest$HomeStatsApiTests
2026-04-23T18:55:14.254+08:00 DEBUG 21652 --- [           main] com.petshop.mapper.UserMapper.insert     : ==>  Preparing: INSERT INTO "user" ( username, email, password, phone, status, created_at, updated_at ) VALUES ( ?, ?, ?, ?, ?, ?, ? )
2026-04-23T18:55:14.255+08:00 DEBUG 21652 --- [           main] com.petshop.mapper.UserMapper.insert     : ==> Parameters: testuser(String), testuser@example.com(String), $2a$10$vWKyjvcGmX2kw/X7qiKCI.X39lxfxCy6mgy.T9UZQ.P6I3V2a1Aca(String), 13900000001(String), active(String), 2026-04-23T18:55:14.254857700(LocalDateTime), 2026-04-23T18:55:14.254857700(LocalDateTime)
2026-04-23T18:55:14.255+08:00 DEBUG 21652 --- [           main] com.petshop.mapper.UserMapper.insert     : <==    Updates: 1
2026-04-23T18:55:14.335+08:00 DEBUG 21652 --- [           main] c.petshop.mapper.MerchantMapper.insert   : ==>  Preparing: INSERT INTO "merchant" ( name, contact_person, phone, email, password, address, status, created_at, updated_at ) VALUES ( ?, ?, ?, ?, ?, ?, ?, ?, ? )
2026-04-23T18:55:14.335+08:00 DEBUG 21652 --- [           main] c.petshop.mapper.MerchantMapper.insert   : ==> Parameters: Test Merchant(String), Test Contact(String), 13900000002(String), merchant@example.com(String), $2a$10$v.KffY0AI2NRNui3xVX.S.f3RQMW9J87tqy7xU36Q4hWC3aLiZ4L.(String), Test Address 123(String), approved(String), 2026-04-23T18:55:14.335612900(LocalDateTime), 2026-04-23T18:55:14.335612900(LocalDateTime)
2026-04-23T18:55:14.335+08:00 DEBUG 21652 --- [           main] c.petshop.mapper.MerchantMapper.insert   : <==    Updates: 1
2026-04-23T18:55:14.336+08:00 DEBUG 21652 --- [           main] c.petshop.mapper.ServiceMapper.insert    : ==>  Preparing: INSERT INTO "service" ( merchant_id, name, description, price, duration, category, status, created_at, updated_at ) VALUES ( ?, ?, ?, ?, ?, ?, ?, ?, ? )
2026-04-23T18:55:14.336+08:00 DEBUG 21652 --- [           main] c.petshop.mapper.ServiceMapper.insert    : ==> Parameters: 151(Integer), Test Pet Grooming(String), Professional pet grooming service(String), 99.99(BigDecimal), 60(Integer), grooming(String), enabled(String), 2026-04-23T18:55:14.336616400(LocalDateTime), 2026-04-23T18:55:14.336616400(LocalDateTime)
2026-04-23T18:55:14.336+08:00 DEBUG 21652 --- [           main] c.petshop.mapper.ServiceMapper.insert    : <==    Updates: 1
2026-04-23T18:55:14.336+08:00 DEBUG 21652 --- [           main] com.petshop.mapper.PetMapper.insert      : ==>  Preparing: INSERT INTO "pet" ( user_id, name, type, breed, age, gender, created_at, updated_at ) VALUES ( ?, ?, ?, ?, ?, ?, ?, ? )
2026-04-23T18:55:14.336+08:00 DEBUG 21652 --- [           main] com.petshop.mapper.PetMapper.insert      : ==> Parameters: 113(Integer), Test Pet(String), dog(String), Golden Retriever(String), 2(Integer), male(String), 2026-04-23T18:55:14.336616400(LocalDateTime), 2026-04-23T18:55:14.336616400(LocalDateTime)
2026-04-23T18:55:14.336+08:00 DEBUG 21652 --- [           main] com.petshop.mapper.PetMapper.insert      : <==    Updates: 1
2026-04-23T18:55:14.336+08:00 DEBUG 21652 --- [           main] c.petshop.mapper.ProductMapper.insert    : ==>  Preparing: INSERT INTO "product" ( merchant_id, name, description, price, stock, status, low_stock_threshold, created_at, updated_at ) VALUES ( ?, ?, ?, ?, ?, ?, ?, ?, ? )
2026-04-23T18:55:14.336+08:00 DEBUG 21652 --- [           main] c.petshop.mapper.ProductMapper.insert    : ==> Parameters: 151(Integer), Test Product(String), Test product description(String), 49.99(BigDecimal), 100(Integer), enabled(String), 10(Integer), 2026-04-23T18:55:14.336616400(LocalDateTime), 2026-04-23T18:55:14.336616400(LocalDateTime)
2026-04-23T18:55:14.336+08:00 DEBUG 21652 --- [           main] c.petshop.mapper.ProductMapper.insert    : <==    Updates: 1
2026-04-23T18:55:14.336+08:00 DEBUG 21652 --- [           main] c.petshop.mapper.AddressMapper.insert    : ==>  Preparing: INSERT INTO "address" ( user_id, contact_name, phone, province, city, district, detail_address, is_default, created_at, updated_at ) VALUES ( ?, ?, ?, ?, ?, ?, ?, ?, ?, ? )
2026-04-23T18:55:14.336+08:00 DEBUG 21652 --- [           main] c.petshop.mapper.AddressMapper.insert    : ==> Parameters: 113(Integer), Test Receiver(String), 13900000003(String), Beijing(String), Beijing(String), Chaoyang(String), Test Street 123(String), true(Boolean), 2026-04-23T18:55:14.336616400(LocalDateTime), 2026-04-23T18:55:14.336616400(LocalDateTime)
2026-04-23T18:55:14.337+08:00 DEBUG 21652 --- [           main] c.petshop.mapper.AddressMapper.insert    : <==    Updates: 1
2026-04-23T18:55:14.337+08:00 DEBUG 21652 --- [           main] o.s.security.web.FilterChainProxy        : Securing GET /api/user/home/activities
2026-04-23T18:55:14.338+08:00 DEBUG 21652 --- [           main] c.p.mapper.UserMapper.selectByPhone      : ==>  Preparing: SELECT * FROM `user` WHERE phone = ?
2026-04-23T18:55:14.338+08:00 DEBUG 21652 --- [           main] c.p.mapper.UserMapper.selectByPhone      : ==> Parameters: 13900000001(String)
2026-04-23T18:55:14.338+08:00 DEBUG 21652 --- [           main] c.p.mapper.UserMapper.selectByPhone      : <==      Total: 1
2026-04-23T18:55:14.339+08:00 DEBUG 21652 --- [           main] o.s.security.web.FilterChainProxy        : Secured GET /api/user/home/activities
2026-04-23T18:55:14.341+08:00 DEBUG 21652 --- [           main] c.p.mapper.AppointmentMapper.selectList  : ==>  Preparing: SELECT id,user_id,merchant_id,service_id,pet_id,appointment_time,status,total_price,notes,created_at,updated_at FROM "appointment" WHERE (user_id = ?) ORDER BY created_at DESC
2026-04-23T18:55:14.341+08:00 DEBUG 21652 --- [           main] c.p.mapper.AppointmentMapper.selectList  : ==> Parameters: 113(Integer)
2026-04-23T18:55:14.341+08:00 DEBUG 21652 --- [           main] c.p.mapper.AppointmentMapper.selectList  : <==      Total: 0
2026-04-23T18:55:14.342+08:00 DEBUG 21652 --- [           main] c.p.mapper.ReviewMapper.selectList       : ==>  Preparing: SELECT id,user_id,merchant_id,service_id,appointment_id,rating,comment,reply_content,reply_time,created_at,status FROM "review" WHERE (user_id = ?) ORDER BY created_at DESC
2026-04-23T18:55:14.342+08:00 DEBUG 21652 --- [           main] c.p.mapper.ReviewMapper.selectList       : ==> Parameters: 113(Integer)
2026-04-23T18:55:14.342+08:00 DEBUG 21652 --- [           main] c.p.mapper.ReviewMapper.selectList       : <==      Total: 0
2026-04-23T18:55:14.343+08:00 DEBUG 21652 --- [           main] c.p.m.ProductOrderMapper.selectList      : ==>  Preparing: SELECT id,order_no,user_id,merchant_id,total_price,freight,status,pay_method,remark,shipping_address,logistics_company,logistics_number,transaction_id,paid_at,shipped_at,completed_at,cancelled_at,created_at,updated_at FROM "product_order" WHERE (user_id = ?) ORDER BY created_at DESC
2026-04-23T18:55:14.343+08:00 DEBUG 21652 --- [           main] c.p.m.ProductOrderMapper.selectList      : ==> Parameters: 113(Integer)
2026-04-23T18:55:14.343+08:00 DEBUG 21652 --- [           main] c.p.m.ProductOrderMapper.selectList      : <==      Total: 0

MockHttpServletRequest:
      HTTP Method = GET
      Request URI = /api/user/home/activities
       Parameters = {limit=[10]}
          Headers = [Authorization:"Bearer eyJhbGciOiJIUzUxMiJ9.eyJzdWIiOiIxMzkwMDAwMDAwMSIsImlhdCI6MTc3Njk0MTcxNH0.tYxwkpZ9c80pP5FhN2TqN_FURNPAln3zRP1Yk_XflaEir05R2HitAgFc_YlQqdnmhsZw42Op5CCt6R341whZTQ"]
             Body = null
    Session Attrs = {}

Handler:
             Type = com.petshop.controller.api.UserApiController
           Method = com.petshop.controller.api.UserApiController#getRecentActivities(int)

Async:
    Async started = false
     Async result = null

Resolved Exception:
             Type = null

ModelAndView:
        View name = null
             View = null
            Model = null

FlashMap:
       Attributes = null

MockHttpServletResponse:
           Status = 200
    Error message = null
          Headers = [Vary:"Origin", "Access-Control-Request-Method", "Access-Control-Request-Headers", Content-Type:"application/json", X-Content-Type-Options:"nosniff", X-XSS-Protection:"0", Cache-Control:"no-cache, no-store, max-age=0, must-revalidate", Pragma:"no-cache", Expires:"0", X-Frame-Options:"DENY"]
     Content type = application/json
             Body = {"code":200,"message":"success","data":[]}
    Forwarded URL = null
   Redirected URL = null
          Cookies = []
2026-04-23T18:55:14.439+08:00 DEBUG 21652 --- [           main] com.petshop.mapper.UserMapper.insert     : ==>  Preparing: INSERT INTO "user" ( username, email, password, phone, status, created_at, updated_at ) VALUES ( ?, ?, ?, ?, ?, ?, ? )
2026-04-23T18:55:14.439+08:00 DEBUG 21652 --- [           main] com.petshop.mapper.UserMapper.insert     : ==> Parameters: testuser(String), testuser@example.com(String), $2a$10$wcKjNNtb9PkTXK4BZilUUO0Se.YKdZdmNtEBuBGzSwq0XZd6Iriu6(String), 13900000001(String), active(String), 2026-04-23T18:55:14.438718300(LocalDateTime), 2026-04-23T18:55:14.438718300(LocalDateTime)
2026-04-23T18:55:14.439+08:00 DEBUG 21652 --- [           main] com.petshop.mapper.UserMapper.insert     : <==    Updates: 1
2026-04-23T18:55:14.520+08:00 DEBUG 21652 --- [           main] c.petshop.mapper.MerchantMapper.insert   : ==>  Preparing: INSERT INTO "merchant" ( name, contact_person, phone, email, password, address, status, created_at, updated_at ) VALUES ( ?, ?, ?, ?, ?, ?, ?, ?, ? )
2026-04-23T18:55:14.520+08:00 DEBUG 21652 --- [           main] c.petshop.mapper.MerchantMapper.insert   : ==> Parameters: Test Merchant(String), Test Contact(String), 13900000002(String), merchant@example.com(String), $2a$10$j5He8WPMXJfQOjyUPU1yQuPQJ54/WpVz0yY7l.mnpjVE1ltCPraDi(String), Test Address 123(String), approved(String), 2026-04-23T18:55:14.520410(LocalDateTime), 2026-04-23T18:55:14.520410(LocalDateTime)
2026-04-23T18:55:14.520+08:00 DEBUG 21652 --- [           main] c.petshop.mapper.MerchantMapper.insert   : <==    Updates: 1
2026-04-23T18:55:14.520+08:00 DEBUG 21652 --- [           main] c.petshop.mapper.ServiceMapper.insert    : ==>  Preparing: INSERT INTO "service" ( merchant_id, name, description, price, duration, category, status, created_at, updated_at ) VALUES ( ?, ?, ?, ?, ?, ?, ?, ?, ? )
2026-04-23T18:55:14.520+08:00 DEBUG 21652 --- [           main] c.petshop.mapper.ServiceMapper.insert    : ==> Parameters: 152(Integer), Test Pet Grooming(String), Professional pet grooming service(String), 99.99(BigDecimal), 60(Integer), grooming(String), enabled(String), 2026-04-23T18:55:14.520513100(LocalDateTime), 2026-04-23T18:55:14.520513100(LocalDateTime)
2026-04-23T18:55:14.520+08:00 DEBUG 21652 --- [           main] c.petshop.mapper.ServiceMapper.insert    : <==    Updates: 1
2026-04-23T18:55:14.520+08:00 DEBUG 21652 --- [           main] com.petshop.mapper.PetMapper.insert      : ==>  Preparing: INSERT INTO "pet" ( user_id, name, type, breed, age, gender, created_at, updated_at ) VALUES ( ?, ?, ?, ?, ?, ?, ?, ? )
2026-04-23T18:55:14.520+08:00 DEBUG 21652 --- [           main] com.petshop.mapper.PetMapper.insert      : ==> Parameters: 114(Integer), Test Pet(String), dog(String), Golden Retriever(String), 2(Integer), male(String), 2026-04-23T18:55:14.520513100(LocalDateTime), 2026-04-23T18:55:14.520513100(LocalDateTime)
2026-04-23T18:55:14.520+08:00 DEBUG 21652 --- [           main] com.petshop.mapper.PetMapper.insert      : <==    Updates: 1
2026-04-23T18:55:14.521+08:00 DEBUG 21652 --- [           main] c.petshop.mapper.ProductMapper.insert    : ==>  Preparing: INSERT INTO "product" ( merchant_id, name, description, price, stock, status, low_stock_threshold, created_at, updated_at ) VALUES ( ?, ?, ?, ?, ?, ?, ?, ?, ? )
2026-04-23T18:55:14.521+08:00 DEBUG 21652 --- [           main] c.petshop.mapper.ProductMapper.insert    : ==> Parameters: 152(Integer), Test Product(String), Test product description(String), 49.99(BigDecimal), 100(Integer), enabled(String), 10(Integer), 2026-04-23T18:55:14.520513100(LocalDateTime), 2026-04-23T18:55:14.520513100(LocalDateTime)
2026-04-23T18:55:14.521+08:00 DEBUG 21652 --- [           main] c.petshop.mapper.ProductMapper.insert    : <==    Updates: 1
2026-04-23T18:55:14.521+08:00 DEBUG 21652 --- [           main] c.petshop.mapper.AddressMapper.insert    : ==>  Preparing: INSERT INTO "address" ( user_id, contact_name, phone, province, city, district, detail_address, is_default, created_at, updated_at ) VALUES ( ?, ?, ?, ?, ?, ?, ?, ?, ?, ? )
2026-04-23T18:55:14.521+08:00 DEBUG 21652 --- [           main] c.petshop.mapper.AddressMapper.insert    : ==> Parameters: 114(Integer), Test Receiver(String), 13900000003(String), Beijing(String), Beijing(String), Chaoyang(String), Test Street 123(String), true(Boolean), 2026-04-23T18:55:14.521535200(LocalDateTime), 2026-04-23T18:55:14.521535200(LocalDateTime)
2026-04-23T18:55:14.521+08:00 DEBUG 21652 --- [           main] c.petshop.mapper.AddressMapper.insert    : <==    Updates: 1
2026-04-23T18:55:14.522+08:00 DEBUG 21652 --- [           main] o.s.security.web.FilterChainProxy        : Securing GET /api/user/home/stats
2026-04-23T18:55:14.522+08:00 DEBUG 21652 --- [           main] c.p.mapper.UserMapper.selectByPhone      : ==>  Preparing: SELECT * FROM `user` WHERE phone = ?
2026-04-23T18:55:14.522+08:00 DEBUG 21652 --- [           main] c.p.mapper.UserMapper.selectByPhone      : ==> Parameters: 13900000001(String)
2026-04-23T18:55:14.523+08:00 DEBUG 21652 --- [           main] c.p.mapper.UserMapper.selectByPhone      : <==      Total: 1
2026-04-23T18:55:14.523+08:00 DEBUG 21652 --- [           main] o.s.security.web.FilterChainProxy        : Secured GET /api/user/home/stats
2026-04-23T18:55:14.524+08:00 DEBUG 21652 --- [           main] c.petshop.mapper.PetMapper.selectCount   : ==>  Preparing: SELECT COUNT( * ) AS total FROM "pet" WHERE (user_id = ?)
2026-04-23T18:55:14.524+08:00 DEBUG 21652 --- [           main] c.petshop.mapper.PetMapper.selectCount   : ==> Parameters: 114(Integer)
2026-04-23T18:55:14.524+08:00 DEBUG 21652 --- [           main] c.petshop.mapper.PetMapper.selectCount   : <==      Total: 1
2026-04-23T18:55:14.524+08:00 DEBUG 21652 --- [           main] c.p.m.AppointmentMapper.selectCount      : ==>  Preparing: SELECT COUNT( * ) AS total FROM "appointment" WHERE (user_id = ? AND status = ?)
2026-04-23T18:55:14.525+08:00 DEBUG 21652 --- [           main] c.p.m.AppointmentMapper.selectCount      : ==> Parameters: 114(Integer), pending(String)
2026-04-23T18:55:14.525+08:00 DEBUG 21652 --- [           main] c.p.m.AppointmentMapper.selectCount      : <==      Total: 1
2026-04-23T18:55:14.525+08:00 DEBUG 21652 --- [           main] c.p.mapper.ReviewMapper.selectCount      : ==>  Preparing: SELECT COUNT( * ) AS total FROM "review" WHERE (user_id = ?)
2026-04-23T18:55:14.525+08:00 DEBUG 21652 --- [           main] c.p.mapper.ReviewMapper.selectCount      : ==> Parameters: 114(Integer)
2026-04-23T18:55:14.525+08:00 DEBUG 21652 --- [           main] c.p.mapper.ReviewMapper.selectCount      : <==      Total: 1

MockHttpServletRequest:
      HTTP Method = GET
      Request URI = /api/user/home/stats
       Parameters = {}
          Headers = [Authorization:"Bearer eyJhbGciOiJIUzUxMiJ9.eyJzdWIiOiIxMzkwMDAwMDAwMSIsImlhdCI6MTc3Njk0MTcxNH0.tYxwkpZ9c80pP5FhN2TqN_FURNPAln3zRP1Yk_XflaEir05R2HitAgFc_YlQqdnmhsZw42Op5CCt6R341whZTQ"]
             Body = null
    Session Attrs = {}

Handler:
             Type = com.petshop.controller.api.UserApiController
           Method = com.petshop.controller.api.UserApiController#getHomeStats()

Async:
    Async started = false
     Async result = null

Resolved Exception:
             Type = null

ModelAndView:
        View name = null
             View = null
            Model = null

FlashMap:
       Attributes = null

MockHttpServletResponse:
           Status = 200
    Error message = null
          Headers = [Vary:"Origin", "Access-Control-Request-Method", "Access-Control-Request-Headers", Content-Type:"application/json", X-Content-Type-Options:"nosniff", X-XSS-Protection:"0", Cache-Control:"no-cache, no-store, max-age=0, must-revalidate", Pragma:"no-cache", Expires:"0", X-Frame-Options:"DENY"]
     Content type = application/json
             Body = {"code":200,"message":"success","data":{"petCount":1,"pendingAppointments":0,"reviewCount":0}}
    Forwarded URL = null
   Redirected URL = null
          Cookies = []
[INFO] Tests run: 2, Failures: 0, Errors: 0, Skipped: 0, Time elapsed: 0.365 s -- in com.petshop.controller.UserApiControllerTest$HomeStatsApiTests
[INFO] Running com.petshop.controller.UserApiControllerTest$OrderApiTests
2026-04-23T18:55:14.532+08:00  INFO 21652 --- [           main] t.c.s.AnnotationConfigContextLoaderUtils : Could not detect default configuration classes for test class [com.petshop.controller.UserApiControllerTest$OrderApiTests]: OrderApiTests does not declare any static, non-private, non-final, nested classes annotated with @Configuration.
2026-04-23T18:55:14.535+08:00  INFO 21652 --- [           main] .b.t.c.SpringBootTestContextBootstrapper : Found @SpringBootConfiguration com.petshop.PetManagementSystemApplication for test class com.petshop.controller.UserApiControllerTest$OrderApiTests
2026-04-23T18:55:14.629+08:00 DEBUG 21652 --- [           main] com.petshop.mapper.UserMapper.insert     : ==>  Preparing: INSERT INTO "user" ( username, email, password, phone, status, created_at, updated_at ) VALUES ( ?, ?, ?, ?, ?, ?, ? )
2026-04-23T18:55:14.629+08:00 DEBUG 21652 --- [           main] com.petshop.mapper.UserMapper.insert     : ==> Parameters: testuser(String), testuser@example.com(String), $2a$10$82nfpnvLPSYBcqdamUjKTuhi/NY./kZ4L8fcikFC.41XW0BbrcQjm(String), 13900000001(String), active(String), 2026-04-23T18:55:14.629398(LocalDateTime), 2026-04-23T18:55:14.629398(LocalDateTime)
2026-04-23T18:55:14.629+08:00 DEBUG 21652 --- [           main] com.petshop.mapper.UserMapper.insert     : <==    Updates: 1
2026-04-23T18:55:14.710+08:00 DEBUG 21652 --- [           main] c.petshop.mapper.MerchantMapper.insert   : ==>  Preparing: INSERT INTO "merchant" ( name, contact_person, phone, email, password, address, status, created_at, updated_at ) VALUES ( ?, ?, ?, ?, ?, ?, ?, ?, ? )
2026-04-23T18:55:14.710+08:00 DEBUG 21652 --- [           main] c.petshop.mapper.MerchantMapper.insert   : ==> Parameters: Test Merchant(String), Test Contact(String), 13900000002(String), merchant@example.com(String), $2a$10$w7WuE3vK9C7o7reEKI4ZUuWMn61ACpZ0efEaF9sjeR1kx.dqo.56S(String), Test Address 123(String), approved(String), 2026-04-23T18:55:14.710751(LocalDateTime), 2026-04-23T18:55:14.710751(LocalDateTime)
2026-04-23T18:55:14.710+08:00 DEBUG 21652 --- [           main] c.petshop.mapper.MerchantMapper.insert   : <==    Updates: 1
2026-04-23T18:55:14.710+08:00 DEBUG 21652 --- [           main] c.petshop.mapper.ServiceMapper.insert    : ==>  Preparing: INSERT INTO "service" ( merchant_id, name, description, price, duration, category, status, created_at, updated_at ) VALUES ( ?, ?, ?, ?, ?, ?, ?, ?, ? )
2026-04-23T18:55:14.711+08:00 DEBUG 21652 --- [           main] c.petshop.mapper.ServiceMapper.insert    : ==> Parameters: 153(Integer), Test Pet Grooming(String), Professional pet grooming service(String), 99.99(BigDecimal), 60(Integer), grooming(String), enabled(String), 2026-04-23T18:55:14.710751(LocalDateTime), 2026-04-23T18:55:14.710751(LocalDateTime)
2026-04-23T18:55:14.711+08:00 DEBUG 21652 --- [           main] c.petshop.mapper.ServiceMapper.insert    : <==    Updates: 1
2026-04-23T18:55:14.711+08:00 DEBUG 21652 --- [           main] com.petshop.mapper.PetMapper.insert      : ==>  Preparing: INSERT INTO "pet" ( user_id, name, type, breed, age, gender, created_at, updated_at ) VALUES ( ?, ?, ?, ?, ?, ?, ?, ? )
2026-04-23T18:55:14.711+08:00 DEBUG 21652 --- [           main] com.petshop.mapper.PetMapper.insert      : ==> Parameters: 115(Integer), Test Pet(String), dog(String), Golden Retriever(String), 2(Integer), male(String), 2026-04-23T18:55:14.711772200(LocalDateTime), 2026-04-23T18:55:14.711772200(LocalDateTime)
2026-04-23T18:55:14.711+08:00 DEBUG 21652 --- [           main] com.petshop.mapper.PetMapper.insert      : <==    Updates: 1
2026-04-23T18:55:14.711+08:00 DEBUG 21652 --- [           main] c.petshop.mapper.ProductMapper.insert    : ==>  Preparing: INSERT INTO "product" ( merchant_id, name, description, price, stock, status, low_stock_threshold, created_at, updated_at ) VALUES ( ?, ?, ?, ?, ?, ?, ?, ?, ? )
2026-04-23T18:55:14.711+08:00 DEBUG 21652 --- [           main] c.petshop.mapper.ProductMapper.insert    : ==> Parameters: 153(Integer), Test Product(String), Test product description(String), 49.99(BigDecimal), 100(Integer), enabled(String), 10(Integer), 2026-04-23T18:55:14.711772200(LocalDateTime), 2026-04-23T18:55:14.711772200(LocalDateTime)
2026-04-23T18:55:14.712+08:00 DEBUG 21652 --- [           main] c.petshop.mapper.ProductMapper.insert    : <==    Updates: 1
2026-04-23T18:55:14.712+08:00 DEBUG 21652 --- [           main] c.petshop.mapper.AddressMapper.insert    : ==>  Preparing: INSERT INTO "address" ( user_id, contact_name, phone, province, city, district, detail_address, is_default, created_at, updated_at ) VALUES ( ?, ?, ?, ?, ?, ?, ?, ?, ?, ? )
2026-04-23T18:55:14.712+08:00 DEBUG 21652 --- [           main] c.petshop.mapper.AddressMapper.insert    : ==> Parameters: 115(Integer), Test Receiver(String), 13900000003(String), Beijing(String), Beijing(String), Chaoyang(String), Test Street 123(String), true(Boolean), 2026-04-23T18:55:14.712751800(LocalDateTime), 2026-04-23T18:55:14.712751800(LocalDateTime)
2026-04-23T18:55:14.712+08:00 DEBUG 21652 --- [           main] c.petshop.mapper.AddressMapper.insert    : <==    Updates: 1
2026-04-23T18:55:14.713+08:00 DEBUG 21652 --- [           main] o.s.security.web.FilterChainProxy        : Securing PUT /api/user/orders/99999/cancel
2026-04-23T18:55:14.714+08:00 DEBUG 21652 --- [           main] c.p.mapper.UserMapper.selectByPhone      : ==>  Preparing: SELECT * FROM `user` WHERE phone = ?
2026-04-23T18:55:14.714+08:00 DEBUG 21652 --- [           main] c.p.mapper.UserMapper.selectByPhone      : ==> Parameters: 13900000001(String)
2026-04-23T18:55:14.715+08:00 DEBUG 21652 --- [           main] c.p.mapper.UserMapper.selectByPhone      : <==      Total: 1
2026-04-23T18:55:14.715+08:00 DEBUG 21652 --- [           main] o.s.security.web.FilterChainProxy        : Secured PUT /api/user/orders/99999/cancel
2026-04-23T18:55:14.716+08:00 DEBUG 21652 --- [           main] c.p.m.ProductOrderMapper.selectById      : ==>  Preparing: SELECT id,order_no,user_id,merchant_id,total_price,freight,status,pay_method,remark,shipping_address,logistics_company,logistics_number,transaction_id,paid_at,shipped_at,completed_at,cancelled_at,created_at,updated_at FROM "product_order" WHERE id=?
2026-04-23T18:55:14.716+08:00 DEBUG 21652 --- [           main] c.p.m.ProductOrderMapper.selectById      : ==> Parameters: 99999(Integer)
2026-04-23T18:55:14.716+08:00 DEBUG 21652 --- [           main] c.p.m.ProductOrderMapper.selectById      : <==      Total: 0

MockHttpServletRequest:
      HTTP Method = PUT
      Request URI = /api/user/orders/99999/cancel
       Parameters = {}
          Headers = [Authorization:"Bearer eyJhbGciOiJIUzUxMiJ9.eyJzdWIiOiIxMzkwMDAwMDAwMSIsImlhdCI6MTc3Njk0MTcxNH0.tYxwkpZ9c80pP5FhN2TqN_FURNPAln3zRP1Yk_XflaEir05R2HitAgFc_YlQqdnmhsZw42Op5CCt6R341whZTQ"]
             Body = null
    Session Attrs = {}

Handler:
             Type = com.petshop.controller.api.UserApiController
           Method = com.petshop.controller.api.UserApiController#cancelOrder(Integer)

Async:
    Async started = false
     Async result = null

Resolved Exception:
             Type = com.petshop.exception.ResourceNotFoundException

ModelAndView:
        View name = null
             View = null
            Model = null

FlashMap:
       Attributes = null

MockHttpServletResponse:
           Status = 404
    Error message = null
          Headers = [Vary:"Origin", "Access-Control-Request-Method", "Access-Control-Request-Headers", Content-Type:"application/json", X-Content-Type-Options:"nosniff", X-XSS-Protection:"0", Cache-Control:"no-cache, no-store, max-age=0, must-revalidate", Pragma:"no-cache", Expires:"0", X-Frame-Options:"DENY"]
     Content type = application/json
             Body = {"code":404,"message":"Order not found","data":null}
    Forwarded URL = null
   Redirected URL = null
          Cookies = []
2026-04-23T18:55:14.809+08:00 DEBUG 21652 --- [           main] com.petshop.mapper.UserMapper.insert     : ==>  Preparing: INSERT INTO "user" ( username, email, password, phone, status, created_at, updated_at ) VALUES ( ?, ?, ?, ?, ?, ?, ? )
2026-04-23T18:55:14.809+08:00 DEBUG 21652 --- [           main] com.petshop.mapper.UserMapper.insert     : ==> Parameters: testuser(String), testuser@example.com(String), $2a$10$.6eRIhMs3XSbMykbcvQXSuFK6cNHXCRcWVo67qzg9EehY55WT1OW6(String), 13900000001(String), active(String), 2026-04-23T18:55:14.809050900(LocalDateTime), 2026-04-23T18:55:14.809050900(LocalDateTime)
2026-04-23T18:55:14.809+08:00 DEBUG 21652 --- [           main] com.petshop.mapper.UserMapper.insert     : <==    Updates: 1
2026-04-23T18:55:14.889+08:00 DEBUG 21652 --- [           main] c.petshop.mapper.MerchantMapper.insert   : ==>  Preparing: INSERT INTO "merchant" ( name, contact_person, phone, email, password, address, status, created_at, updated_at ) VALUES ( ?, ?, ?, ?, ?, ?, ?, ?, ? )
2026-04-23T18:55:14.889+08:00 DEBUG 21652 --- [           main] c.petshop.mapper.MerchantMapper.insert   : ==> Parameters: Test Merchant(String), Test Contact(String), 13900000002(String), merchant@example.com(String), $2a$10$a9cs/nyaFzWRAcl3ZiG8LeUMfhbabthJYKZXKKUJ3xdKCTpmURCYe(String), Test Address 123(String), approved(String), 2026-04-23T18:55:14.889514(LocalDateTime), 2026-04-23T18:55:14.889514(LocalDateTime)
2026-04-23T18:55:14.889+08:00 DEBUG 21652 --- [           main] c.petshop.mapper.MerchantMapper.insert   : <==    Updates: 1
2026-04-23T18:55:14.890+08:00 DEBUG 21652 --- [           main] c.petshop.mapper.ServiceMapper.insert    : ==>  Preparing: INSERT INTO "service" ( merchant_id, name, description, price, duration, category, status, created_at, updated_at ) VALUES ( ?, ?, ?, ?, ?, ?, ?, ?, ? )
2026-04-23T18:55:14.890+08:00 DEBUG 21652 --- [           main] c.petshop.mapper.ServiceMapper.insert    : ==> Parameters: 154(Integer), Test Pet Grooming(String), Professional pet grooming service(String), 99.99(BigDecimal), 60(Integer), grooming(String), enabled(String), 2026-04-23T18:55:14.890514100(LocalDateTime), 2026-04-23T18:55:14.890514100(LocalDateTime)
2026-04-23T18:55:14.890+08:00 DEBUG 21652 --- [           main] c.petshop.mapper.ServiceMapper.insert    : <==    Updates: 1
2026-04-23T18:55:14.890+08:00 DEBUG 21652 --- [           main] com.petshop.mapper.PetMapper.insert      : ==>  Preparing: INSERT INTO "pet" ( user_id, name, type, breed, age, gender, created_at, updated_at ) VALUES ( ?, ?, ?, ?, ?, ?, ?, ? )
2026-04-23T18:55:14.890+08:00 DEBUG 21652 --- [           main] com.petshop.mapper.PetMapper.insert      : ==> Parameters: 116(Integer), Test Pet(String), dog(String), Golden Retriever(String), 2(Integer), male(String), 2026-04-23T18:55:14.890647300(LocalDateTime), 2026-04-23T18:55:14.890647300(LocalDateTime)
2026-04-23T18:55:14.890+08:00 DEBUG 21652 --- [           main] com.petshop.mapper.PetMapper.insert      : <==    Updates: 1
2026-04-23T18:55:14.890+08:00 DEBUG 21652 --- [           main] c.petshop.mapper.ProductMapper.insert    : ==>  Preparing: INSERT INTO "product" ( merchant_id, name, description, price, stock, status, low_stock_threshold, created_at, updated_at ) VALUES ( ?, ?, ?, ?, ?, ?, ?, ?, ? )
2026-04-23T18:55:14.890+08:00 DEBUG 21652 --- [           main] c.petshop.mapper.ProductMapper.insert    : ==> Parameters: 154(Integer), Test Product(String), Test product description(String), 49.99(BigDecimal), 100(Integer), enabled(String), 10(Integer), 2026-04-23T18:55:14.890647300(LocalDateTime), 2026-04-23T18:55:14.890647300(LocalDateTime)
2026-04-23T18:55:14.890+08:00 DEBUG 21652 --- [           main] c.petshop.mapper.ProductMapper.insert    : <==    Updates: 1
2026-04-23T18:55:14.896+08:00 DEBUG 21652 --- [           main] c.petshop.mapper.AddressMapper.insert    : ==>  Preparing: INSERT INTO "address" ( user_id, contact_name, phone, province, city, district, detail_address, is_default, created_at, updated_at ) VALUES ( ?, ?, ?, ?, ?, ?, ?, ?, ?, ? )
2026-04-23T18:55:14.896+08:00 DEBUG 21652 --- [           main] c.petshop.mapper.AddressMapper.insert    : ==> Parameters: 116(Integer), Test Receiver(String), 13900000003(String), Beijing(String), Beijing(String), Chaoyang(String), Test Street 123(String), true(Boolean), 2026-04-23T18:55:14.896681400(LocalDateTime), 2026-04-23T18:55:14.896681400(LocalDateTime)
2026-04-23T18:55:14.896+08:00 DEBUG 21652 --- [           main] c.petshop.mapper.AddressMapper.insert    : <==    Updates: 1
2026-04-23T18:55:14.898+08:00 DEBUG 21652 --- [           main] o.s.security.web.FilterChainProxy        : Securing POST /api/user/orders
2026-04-23T18:55:14.899+08:00 DEBUG 21652 --- [           main] c.p.mapper.UserMapper.selectByPhone      : ==>  Preparing: SELECT * FROM `user` WHERE phone = ?
2026-04-23T18:55:14.899+08:00 DEBUG 21652 --- [           main] c.p.mapper.UserMapper.selectByPhone      : ==> Parameters: 13900000001(String)
2026-04-23T18:55:14.899+08:00 DEBUG 21652 --- [           main] c.p.mapper.UserMapper.selectByPhone      : <==      Total: 1
2026-04-23T18:55:14.900+08:00 DEBUG 21652 --- [           main] o.s.security.web.FilterChainProxy        : Secured POST /api/user/orders
2026-04-23T18:55:14.902+08:00 DEBUG 21652 --- [           main] c.petshop.mapper.UserMapper.selectById   : ==>  Preparing: SELECT id,username,email,password,phone,avatar,status,created_at,updated_at FROM "user" WHERE id=?
2026-04-23T18:55:14.903+08:00 DEBUG 21652 --- [           main] c.petshop.mapper.UserMapper.selectById   : ==> Parameters: 116(Integer)
2026-04-23T18:55:14.903+08:00 DEBUG 21652 --- [           main] c.petshop.mapper.UserMapper.selectById   : <==      Total: 1
2026-04-23T18:55:14.903+08:00 DEBUG 21652 --- [           main] c.p.mapper.AddressMapper.selectById      : ==>  Preparing: SELECT id,user_id,contact_name,phone,province,city,district,detail_address,is_default,created_at,updated_at FROM "address" WHERE id=?
2026-04-23T18:55:14.903+08:00 DEBUG 21652 --- [           main] c.p.mapper.AddressMapper.selectById      : ==> Parameters: 26(Integer)
2026-04-23T18:55:14.903+08:00 DEBUG 21652 --- [           main] c.p.mapper.AddressMapper.selectById      : <==      Total: 1

MockHttpServletRequest:
      HTTP Method = POST
      Request URI = /api/user/orders
       Parameters = {}
          Headers = [Content-Type:"application/json;charset=UTF-8", Authorization:"Bearer eyJhbGciOiJIUzUxMiJ9.eyJzdWIiOiIxMzkwMDAwMDAwMSIsImlhdCI6MTc3Njk0MTcxNH0.tYxwkpZ9c80pP5FhN2TqN_FURNPAln3zRP1Yk_XflaEir05R2HitAgFc_YlQqdnmhsZw42Op5CCt6R341whZTQ", Content-Length:"66"]
             Body = {"items":[],"addressId":26,"paymentMethod":"wechat","remark":null}
    Session Attrs = {}

Handler:
             Type = com.petshop.controller.api.UserApiController
           Method = com.petshop.controller.api.UserApiController#createOrder(CreateOrderRequest)

Async:
    Async started = false
     Async result = null

Resolved Exception:
             Type = com.petshop.exception.BadRequestException

ModelAndView:
        View name = null
             View = null
            Model = null

FlashMap:
       Attributes = null

MockHttpServletResponse:
           Status = 400
    Error message = null
          Headers = [Vary:"Origin", "Access-Control-Request-Method", "Access-Control-Request-Headers", Content-Type:"application/json", X-Content-Type-Options:"nosniff", X-XSS-Protection:"0", Cache-Control:"no-cache, no-store, max-age=0, must-revalidate", Pragma:"no-cache", Expires:"0", X-Frame-Options:"DENY"]
     Content type = application/json
             Body = {"code":400,"message":"Order items cannot be empty","data":null}
    Forwarded URL = null
   Redirected URL = null
          Cookies = []
2026-04-23T18:55:14.992+08:00 DEBUG 21652 --- [           main] com.petshop.mapper.UserMapper.insert     : ==>  Preparing: INSERT INTO "user" ( username, email, password, phone, status, created_at, updated_at ) VALUES ( ?, ?, ?, ?, ?, ?, ? )
2026-04-23T18:55:14.993+08:00 DEBUG 21652 --- [           main] com.petshop.mapper.UserMapper.insert     : ==> Parameters: testuser(String), testuser@example.com(String), $2a$10$yo8awTj2Dx5Omw68lrHCTuYyvtUJqng34yfuErSrC4QoJDdHn09/S(String), 13900000001(String), active(String), 2026-04-23T18:55:14.992455200(LocalDateTime), 2026-04-23T18:55:14.992455200(LocalDateTime)
2026-04-23T18:55:14.993+08:00 DEBUG 21652 --- [           main] com.petshop.mapper.UserMapper.insert     : <==    Updates: 1
2026-04-23T18:55:15.074+08:00 DEBUG 21652 --- [           main] c.petshop.mapper.MerchantMapper.insert   : ==>  Preparing: INSERT INTO "merchant" ( name, contact_person, phone, email, password, address, status, created_at, updated_at ) VALUES ( ?, ?, ?, ?, ?, ?, ?, ?, ? )
2026-04-23T18:55:15.074+08:00 DEBUG 21652 --- [           main] c.petshop.mapper.MerchantMapper.insert   : ==> Parameters: Test Merchant(String), Test Contact(String), 13900000002(String), merchant@example.com(String), $2a$10$U0HBje9dfMZFE1hc8yQlVulOacJCfwAkMFWTAeATg7ZM3Khh820oq(String), Test Address 123(String), approved(String), 2026-04-23T18:55:15.074064200(LocalDateTime), 2026-04-23T18:55:15.074064200(LocalDateTime)
2026-04-23T18:55:15.074+08:00 DEBUG 21652 --- [           main] c.petshop.mapper.MerchantMapper.insert   : <==    Updates: 1
2026-04-23T18:55:15.074+08:00 DEBUG 21652 --- [           main] c.petshop.mapper.ServiceMapper.insert    : ==>  Preparing: INSERT INTO "service" ( merchant_id, name, description, price, duration, category, status, created_at, updated_at ) VALUES ( ?, ?, ?, ?, ?, ?, ?, ?, ? )
2026-04-23T18:55:15.074+08:00 DEBUG 21652 --- [           main] c.petshop.mapper.ServiceMapper.insert    : ==> Parameters: 155(Integer), Test Pet Grooming(String), Professional pet grooming service(String), 99.99(BigDecimal), 60(Integer), grooming(String), enabled(String), 2026-04-23T18:55:15.074149800(LocalDateTime), 2026-04-23T18:55:15.074149800(LocalDateTime)
2026-04-23T18:55:15.074+08:00 DEBUG 21652 --- [           main] c.petshop.mapper.ServiceMapper.insert    : <==    Updates: 1
2026-04-23T18:55:15.074+08:00 DEBUG 21652 --- [           main] com.petshop.mapper.PetMapper.insert      : ==>  Preparing: INSERT INTO "pet" ( user_id, name, type, breed, age, gender, created_at, updated_at ) VALUES ( ?, ?, ?, ?, ?, ?, ?, ? )
2026-04-23T18:55:15.074+08:00 DEBUG 21652 --- [           main] com.petshop.mapper.PetMapper.insert      : ==> Parameters: 117(Integer), Test Pet(String), dog(String), Golden Retriever(String), 2(Integer), male(String), 2026-04-23T18:55:15.074740100(LocalDateTime), 2026-04-23T18:55:15.074740100(LocalDateTime)
2026-04-23T18:55:15.074+08:00 DEBUG 21652 --- [           main] com.petshop.mapper.PetMapper.insert      : <==    Updates: 1
2026-04-23T18:55:15.074+08:00 DEBUG 21652 --- [           main] c.petshop.mapper.ProductMapper.insert    : ==>  Preparing: INSERT INTO "product" ( merchant_id, name, description, price, stock, status, low_stock_threshold, created_at, updated_at ) VALUES ( ?, ?, ?, ?, ?, ?, ?, ?, ? )
2026-04-23T18:55:15.074+08:00 DEBUG 21652 --- [           main] c.petshop.mapper.ProductMapper.insert    : ==> Parameters: 155(Integer), Test Product(String), Test product description(String), 49.99(BigDecimal), 100(Integer), enabled(String), 10(Integer), 2026-04-23T18:55:15.074740100(LocalDateTime), 2026-04-23T18:55:15.074740100(LocalDateTime)
2026-04-23T18:55:15.074+08:00 DEBUG 21652 --- [           main] c.petshop.mapper.ProductMapper.insert    : <==    Updates: 1
2026-04-23T18:55:15.074+08:00 DEBUG 21652 --- [           main] c.petshop.mapper.AddressMapper.insert    : ==>  Preparing: INSERT INTO "address" ( user_id, contact_name, phone, province, city, district, detail_address, is_default, created_at, updated_at ) VALUES ( ?, ?, ?, ?, ?, ?, ?, ?, ?, ? )
2026-04-23T18:55:15.074+08:00 DEBUG 21652 --- [           main] c.petshop.mapper.AddressMapper.insert    : ==> Parameters: 117(Integer), Test Receiver(String), 13900000003(String), Beijing(String), Beijing(String), Chaoyang(String), Test Street 123(String), true(Boolean), 2026-04-23T18:55:15.074740100(LocalDateTime), 2026-04-23T18:55:15.074740100(LocalDateTime)
2026-04-23T18:55:15.075+08:00 DEBUG 21652 --- [           main] c.petshop.mapper.AddressMapper.insert    : <==    Updates: 1
2026-04-23T18:55:15.075+08:00 DEBUG 21652 --- [           main] c.p.mapper.ProductOrderMapper.insert     : ==>  Preparing: INSERT INTO "product_order" ( order_no, user_id, merchant_id, total_price, freight, status, shipping_address, created_at, updated_at ) VALUES ( ?, ?, ?, ?, ?, ?, ?, ?, ? )
2026-04-23T18:55:15.075+08:00 DEBUG 21652 --- [           main] c.p.mapper.ProductOrderMapper.insert     : ==> Parameters: ORD1776941715075(String), 117(Integer), 155(Integer), 49.99(BigDecimal), 0(BigDecimal), pending(String), Test Address(String), 2026-04-23T18:55:15.075708900(LocalDateTime), 2026-04-23T18:55:15.075708900(LocalDateTime)
2026-04-23T18:55:15.076+08:00 DEBUG 21652 --- [           main] c.p.mapper.ProductOrderMapper.insert     : <==    Updates: 1
2026-04-23T18:55:15.076+08:00 DEBUG 21652 --- [           main] c.p.m.ProductOrderItemMapper.insert      : ==>  Preparing: INSERT INTO "product_order_item" ( order_id, product_id, quantity, price ) VALUES ( ?, ?, ?, ? )
2026-04-23T18:55:15.076+08:00 DEBUG 21652 --- [           main] c.p.m.ProductOrderItemMapper.insert      : ==> Parameters: 55(Integer), 80(Integer), 1(Integer), 49.99(BigDecimal)
2026-04-23T18:55:15.076+08:00 DEBUG 21652 --- [           main] c.p.m.ProductOrderItemMapper.insert      : <==    Updates: 1
2026-04-23T18:55:15.077+08:00 DEBUG 21652 --- [           main] o.s.security.web.FilterChainProxy        : Securing GET /api/user/orders/55
2026-04-23T18:55:15.077+08:00 DEBUG 21652 --- [           main] c.p.mapper.UserMapper.selectByPhone      : ==>  Preparing: SELECT * FROM `user` WHERE phone = ?
2026-04-23T18:55:15.077+08:00 DEBUG 21652 --- [           main] c.p.mapper.UserMapper.selectByPhone      : ==> Parameters: 13900000001(String)
2026-04-23T18:55:15.078+08:00 DEBUG 21652 --- [           main] c.p.mapper.UserMapper.selectByPhone      : <==      Total: 1
2026-04-23T18:55:15.078+08:00 DEBUG 21652 --- [           main] o.s.security.web.FilterChainProxy        : Secured GET /api/user/orders/55
2026-04-23T18:55:15.078+08:00 DEBUG 21652 --- [           main] c.p.m.ProductOrderMapper.selectById      : ==>  Preparing: SELECT id,order_no,user_id,merchant_id,total_price,freight,status,pay_method,remark,shipping_address,logistics_company,logistics_number,transaction_id,paid_at,shipped_at,completed_at,cancelled_at,created_at,updated_at FROM "product_order" WHERE id=?
2026-04-23T18:55:15.079+08:00 DEBUG 21652 --- [           main] c.p.m.ProductOrderMapper.selectById      : ==> Parameters: 55(Integer)
2026-04-23T18:55:15.079+08:00 DEBUG 21652 --- [           main] c.p.m.ProductOrderMapper.selectById      : <==      Total: 1
2026-04-23T18:55:15.080+08:00 DEBUG 21652 --- [           main] c.p.m.ProductOrderItemMapper.selectList  : ==>  Preparing: SELECT id,order_id,product_id,quantity,price FROM "product_order_item" WHERE (order_id = ?)
2026-04-23T18:55:15.080+08:00 DEBUG 21652 --- [           main] c.p.m.ProductOrderItemMapper.selectList  : ==> Parameters: 55(Integer)
2026-04-23T18:55:15.080+08:00 DEBUG 21652 --- [           main] c.p.m.ProductOrderItemMapper.selectList  : <==      Total: 1
2026-04-23T18:55:15.080+08:00 DEBUG 21652 --- [           main] c.p.mapper.ProductMapper.selectById      : ==>  Preparing: SELECT id,merchant_id,name,description,price,stock,image,status,low_stock_threshold,category,created_at,updated_at FROM "product" WHERE id=?
2026-04-23T18:55:15.080+08:00 DEBUG 21652 --- [           main] c.p.mapper.ProductMapper.selectById      : ==> Parameters: 80(Integer)
2026-04-23T18:55:15.080+08:00 DEBUG 21652 --- [           main] c.p.mapper.ProductMapper.selectById      : <==      Total: 1

MockHttpServletRequest:
      HTTP Method = GET
      Request URI = /api/user/orders/55
       Parameters = {}
          Headers = [Authorization:"Bearer eyJhbGciOiJIUzUxMiJ9.eyJzdWIiOiIxMzkwMDAwMDAwMSIsImlhdCI6MTc3Njk0MTcxNX0.B-DSQjA6PyRoA_9OEBUVSAkEWc-0n1xgyN7PnvnRk8M4bwZ7AV1g16kmcaaEa3JreZryXlrnVRHCMZdRojjEgg"]
             Body = null
    Session Attrs = {}

Handler:
             Type = com.petshop.controller.api.UserApiController
           Method = com.petshop.controller.api.UserApiController#getOrderById(Integer)

Async:
    Async started = false
     Async result = null

Resolved Exception:
             Type = null

ModelAndView:
        View name = null
             View = null
            Model = null

FlashMap:
       Attributes = null

MockHttpServletResponse:
           Status = 200
    Error message = null
          Headers = [Vary:"Origin", "Access-Control-Request-Method", "Access-Control-Request-Headers", Content-Type:"application/json", X-Content-Type-Options:"nosniff", X-XSS-Protection:"0", Cache-Control:"no-cache, no-store, max-age=0, must-revalidate", Pragma:"no-cache", Expires:"0", X-Frame-Options:"DENY"]
     Content type = application/json
             Body = {"id":55,"orderNo":"ORD1776941715075","status":"pending","createTime":"2026-04-23T18:55:15.075709","payTime":null,"shipTime":null,"completeTime":null,"cancelTime":null,"totalPrice":49.99,"freight":0.00,"payMethod":null,"remark":null,"items":[{"id":1,"productId":80,"productName":"Test Product","productImage":null,"price":49.99,"quantity":1,"subtotal":49.99}],"address":{"name":null,"phone":null,"address":"Test Address"},"timeline":[{"status":"created","time":"2026-04-23 18:55:15","description":"Order created"}]}
    Forwarded URL = null
   Redirected URL = null
          Cookies = []
2026-04-23T18:55:15.177+08:00 DEBUG 21652 --- [           main] com.petshop.mapper.UserMapper.insert     : ==>  Preparing: INSERT INTO "user" ( username, email, password, phone, status, created_at, updated_at ) VALUES ( ?, ?, ?, ?, ?, ?, ? )
2026-04-23T18:55:15.177+08:00 DEBUG 21652 --- [           main] com.petshop.mapper.UserMapper.insert     : ==> Parameters: testuser(String), testuser@example.com(String), $2a$10$1Z85UPBRspMB.TmXZrZz3uM8RXjqMDkVXeyO5pKcAiVvIPosqry/W(String), 13900000001(String), active(String), 2026-04-23T18:55:15.177980(LocalDateTime), 2026-04-23T18:55:15.177980(LocalDateTime)
2026-04-23T18:55:15.177+08:00 DEBUG 21652 --- [           main] com.petshop.mapper.UserMapper.insert     : <==    Updates: 1
2026-04-23T18:55:15.259+08:00 DEBUG 21652 --- [           main] c.petshop.mapper.MerchantMapper.insert   : ==>  Preparing: INSERT INTO "merchant" ( name, contact_person, phone, email, password, address, status, created_at, updated_at ) VALUES ( ?, ?, ?, ?, ?, ?, ?, ?, ? )
2026-04-23T18:55:15.259+08:00 DEBUG 21652 --- [           main] c.petshop.mapper.MerchantMapper.insert   : ==> Parameters: Test Merchant(String), Test Contact(String), 13900000002(String), merchant@example.com(String), $2a$10$FQ9EefilaiVqfU92xIgV1euuyhJU7J7nED.zkYI/SJiuk/hTZeIQ.(String), Test Address 123(String), approved(String), 2026-04-23T18:55:15.259282100(LocalDateTime), 2026-04-23T18:55:15.259282100(LocalDateTime)
2026-04-23T18:55:15.259+08:00 DEBUG 21652 --- [           main] c.petshop.mapper.MerchantMapper.insert   : <==    Updates: 1
2026-04-23T18:55:15.259+08:00 DEBUG 21652 --- [           main] c.petshop.mapper.ServiceMapper.insert    : ==>  Preparing: INSERT INTO "service" ( merchant_id, name, description, price, duration, category, status, created_at, updated_at ) VALUES ( ?, ?, ?, ?, ?, ?, ?, ?, ? )
2026-04-23T18:55:15.259+08:00 DEBUG 21652 --- [           main] c.petshop.mapper.ServiceMapper.insert    : ==> Parameters: 156(Integer), Test Pet Grooming(String), Professional pet grooming service(String), 99.99(BigDecimal), 60(Integer), grooming(String), enabled(String), 2026-04-23T18:55:15.259282100(LocalDateTime), 2026-04-23T18:55:15.259282100(LocalDateTime)
2026-04-23T18:55:15.259+08:00 DEBUG 21652 --- [           main] c.petshop.mapper.ServiceMapper.insert    : <==    Updates: 1
2026-04-23T18:55:15.260+08:00 DEBUG 21652 --- [           main] com.petshop.mapper.PetMapper.insert      : ==>  Preparing: INSERT INTO "pet" ( user_id, name, type, breed, age, gender, created_at, updated_at ) VALUES ( ?, ?, ?, ?, ?, ?, ?, ? )
2026-04-23T18:55:15.260+08:00 DEBUG 21652 --- [           main] com.petshop.mapper.PetMapper.insert      : ==> Parameters: 118(Integer), Test Pet(String), dog(String), Golden Retriever(String), 2(Integer), male(String), 2026-04-23T18:55:15.259282100(LocalDateTime), 2026-04-23T18:55:15.259282100(LocalDateTime)
2026-04-23T18:55:15.260+08:00 DEBUG 21652 --- [           main] com.petshop.mapper.PetMapper.insert      : <==    Updates: 1
2026-04-23T18:55:15.260+08:00 DEBUG 21652 --- [           main] c.petshop.mapper.ProductMapper.insert    : ==>  Preparing: INSERT INTO "product" ( merchant_id, name, description, price, stock, status, low_stock_threshold, created_at, updated_at ) VALUES ( ?, ?, ?, ?, ?, ?, ?, ?, ? )
2026-04-23T18:55:15.260+08:00 DEBUG 21652 --- [           main] c.petshop.mapper.ProductMapper.insert    : ==> Parameters: 156(Integer), Test Product(String), Test product description(String), 49.99(BigDecimal), 100(Integer), enabled(String), 10(Integer), 2026-04-23T18:55:15.260286900(LocalDateTime), 2026-04-23T18:55:15.260286900(LocalDateTime)
2026-04-23T18:55:15.260+08:00 DEBUG 21652 --- [           main] c.petshop.mapper.ProductMapper.insert    : <==    Updates: 1
2026-04-23T18:55:15.260+08:00 DEBUG 21652 --- [           main] c.petshop.mapper.AddressMapper.insert    : ==>  Preparing: INSERT INTO "address" ( user_id, contact_name, phone, province, city, district, detail_address, is_default, created_at, updated_at ) VALUES ( ?, ?, ?, ?, ?, ?, ?, ?, ?, ? )
2026-04-23T18:55:15.260+08:00 DEBUG 21652 --- [           main] c.petshop.mapper.AddressMapper.insert    : ==> Parameters: 118(Integer), Test Receiver(String), 13900000003(String), Beijing(String), Beijing(String), Chaoyang(String), Test Street 123(String), true(Boolean), 2026-04-23T18:55:15.260286900(LocalDateTime), 2026-04-23T18:55:15.260286900(LocalDateTime)
2026-04-23T18:55:15.260+08:00 DEBUG 21652 --- [           main] c.petshop.mapper.AddressMapper.insert    : <==    Updates: 1
2026-04-23T18:55:15.262+08:00 DEBUG 21652 --- [           main] o.s.security.web.FilterChainProxy        : Securing POST /api/user/orders
2026-04-23T18:55:15.262+08:00 DEBUG 21652 --- [           main] c.p.mapper.UserMapper.selectByPhone      : ==>  Preparing: SELECT * FROM `user` WHERE phone = ?
2026-04-23T18:55:15.263+08:00 DEBUG 21652 --- [           main] c.p.mapper.UserMapper.selectByPhone      : ==> Parameters: 13900000001(String)
2026-04-23T18:55:15.263+08:00 DEBUG 21652 --- [           main] c.p.mapper.UserMapper.selectByPhone      : <==      Total: 1
2026-04-23T18:55:15.263+08:00 DEBUG 21652 --- [           main] o.s.security.web.FilterChainProxy        : Secured POST /api/user/orders
2026-04-23T18:55:15.264+08:00 DEBUG 21652 --- [           main] c.petshop.mapper.UserMapper.selectById   : ==>  Preparing: SELECT id,username,email,password,phone,avatar,status,created_at,updated_at FROM "user" WHERE id=?
2026-04-23T18:55:15.264+08:00 DEBUG 21652 --- [           main] c.petshop.mapper.UserMapper.selectById   : ==> Parameters: 118(Integer)
2026-04-23T18:55:15.264+08:00 DEBUG 21652 --- [           main] c.petshop.mapper.UserMapper.selectById   : <==      Total: 1
2026-04-23T18:55:15.264+08:00 DEBUG 21652 --- [           main] c.p.mapper.AddressMapper.selectById      : ==>  Preparing: SELECT id,user_id,contact_name,phone,province,city,district,detail_address,is_default,created_at,updated_at FROM "address" WHERE id=?
2026-04-23T18:55:15.264+08:00 DEBUG 21652 --- [           main] c.p.mapper.AddressMapper.selectById      : ==> Parameters: 28(Integer)
2026-04-23T18:55:15.264+08:00 DEBUG 21652 --- [           main] c.p.mapper.AddressMapper.selectById      : <==      Total: 1
2026-04-23T18:55:15.264+08:00 DEBUG 21652 --- [           main] c.p.mapper.ProductMapper.selectById      : ==>  Preparing: SELECT id,merchant_id,name,description,price,stock,image,status,low_stock_threshold,category,created_at,updated_at FROM "product" WHERE id=?
2026-04-23T18:55:15.264+08:00 DEBUG 21652 --- [           main] c.p.mapper.ProductMapper.selectById      : ==> Parameters: 81(Integer)
2026-04-23T18:55:15.264+08:00 DEBUG 21652 --- [           main] c.p.mapper.ProductMapper.selectById      : <==      Total: 1
2026-04-23T18:55:15.265+08:00 DEBUG 21652 --- [           main] c.p.mapper.ProductOrderMapper.insert     : ==>  Preparing: INSERT INTO "product_order" ( order_no, user_id, merchant_id, total_price, freight, status, pay_method, remark, shipping_address, created_at, updated_at ) VALUES ( ?, ?, ?, ?, ?, ?, ?, ?, ?, ?, ? )
2026-04-23T18:55:15.266+08:00 DEBUG 21652 --- [           main] c.p.mapper.ProductOrderMapper.insert     : ==> Parameters: ORD1776941715265(String), 118(Integer), 156(Integer), 49.99(BigDecimal), 0(BigDecimal), pending(String), wechat(String), Test order remark(String), Beijing Beijing Chaoyang Test Street 123 (Test Receiver 13900000003)(String), null, null
2026-04-23T18:55:15.266+08:00 DEBUG 21652 --- [           main] c.p.mapper.ProductOrderMapper.insert     : <==    Updates: 1
2026-04-23T18:55:15.266+08:00 DEBUG 21652 --- [           main] c.p.m.ProductOrderItemMapper.insert      : ==>  Preparing: INSERT INTO "product_order_item" ( order_id, product_id, quantity, price ) VALUES ( ?, ?, ?, ? )
2026-04-23T18:55:15.266+08:00 DEBUG 21652 --- [           main] c.p.m.ProductOrderItemMapper.insert      : ==> Parameters: 56(Integer), 81(Integer), 1(Integer), 49.99(BigDecimal)
2026-04-23T18:55:15.266+08:00 DEBUG 21652 --- [           main] c.p.m.ProductOrderItemMapper.insert      : <==    Updates: 1
2026-04-23T18:55:15.266+08:00 DEBUG 21652 --- [           main] c.p.mapper.ProductMapper.updateById      : ==>  Preparing: UPDATE "product" SET merchant_id=?, name=?, description=?, price=?, stock=?, status=?, low_stock_threshold=?, created_at=?, updated_at=? WHERE id=?
2026-04-23T18:55:15.266+08:00 DEBUG 21652 --- [           main] c.p.mapper.ProductMapper.updateById      : ==> Parameters: 156(Integer), Test Product(String), Test product description(String), 49.99(BigDecimal), 99(Integer), enabled(String), 10(Integer), 2026-04-23T18:55:15.260287(LocalDateTime), 2026-04-23T18:55:15.260287(LocalDateTime), 81(Integer)
2026-04-23T18:55:15.267+08:00 DEBUG 21652 --- [           main] c.p.mapper.ProductMapper.updateById      : <==    Updates: 1

MockHttpServletRequest:
      HTTP Method = POST
      Request URI = /api/user/orders
       Parameters = {}
          Headers = [Content-Type:"application/json;charset=UTF-8", Authorization:"Bearer eyJhbGciOiJIUzUxMiJ9.eyJzdWIiOiIxMzkwMDAwMDAwMSIsImlhdCI6MTc3Njk0MTcxNX0.B-DSQjA6PyRoA_9OEBUVSAkEWc-0n1xgyN7PnvnRk8M4bwZ7AV1g16kmcaaEa3JreZryXlrnVRHCMZdRojjEgg", Content-Length:"110"]
             Body = {"items":[{"productId":81,"quantity":1}],"addressId":28,"paymentMethod":"wechat","remark":"Test order remark"}
    Session Attrs = {}

Handler:
             Type = com.petshop.controller.api.UserApiController
           Method = com.petshop.controller.api.UserApiController#createOrder(CreateOrderRequest)

Async:
    Async started = false
     Async result = null

Resolved Exception:
             Type = null

ModelAndView:
        View name = null
             View = null
            Model = null

FlashMap:
       Attributes = null

MockHttpServletResponse:
           Status = 201
    Error message = null
          Headers = [Vary:"Origin", "Access-Control-Request-Method", "Access-Control-Request-Headers", Content-Type:"application/json", X-Content-Type-Options:"nosniff", X-XSS-Protection:"0", Cache-Control:"no-cache, no-store, max-age=0, must-revalidate", Pragma:"no-cache", Expires:"0", X-Frame-Options:"DENY"]
     Content type = application/json
             Body = {"orderId":56,"orderNo":"ORD1776941715265"}
    Forwarded URL = null
   Redirected URL = null
          Cookies = []
2026-04-23T18:55:15.355+08:00 DEBUG 21652 --- [           main] com.petshop.mapper.UserMapper.insert     : ==>  Preparing: INSERT INTO "user" ( username, email, password, phone, status, created_at, updated_at ) VALUES ( ?, ?, ?, ?, ?, ?, ? )
2026-04-23T18:55:15.355+08:00 DEBUG 21652 --- [           main] com.petshop.mapper.UserMapper.insert     : ==> Parameters: testuser(String), testuser@example.com(String), $2a$10$dCYhMHi9zacy0bsYQkKqOOQyTQkxHntKU0ZjuiM91A41.xp3Me2Ty(String), 13900000001(String), active(String), 2026-04-23T18:55:15.355072900(LocalDateTime), 2026-04-23T18:55:15.355072900(LocalDateTime)
2026-04-23T18:55:15.355+08:00 DEBUG 21652 --- [           main] com.petshop.mapper.UserMapper.insert     : <==    Updates: 1
2026-04-23T18:55:15.435+08:00 DEBUG 21652 --- [           main] c.petshop.mapper.MerchantMapper.insert   : ==>  Preparing: INSERT INTO "merchant" ( name, contact_person, phone, email, password, address, status, created_at, updated_at ) VALUES ( ?, ?, ?, ?, ?, ?, ?, ?, ? )
2026-04-23T18:55:15.435+08:00 DEBUG 21652 --- [           main] c.petshop.mapper.MerchantMapper.insert   : ==> Parameters: Test Merchant(String), Test Contact(String), 13900000002(String), merchant@example.com(String), $2a$10$Sl0Bh0TnQPssqGvnw5/NMONJuiS2mGTzzwp4Ln.5Nye51NQNW4NIC(String), Test Address 123(String), approved(String), 2026-04-23T18:55:15.435204900(LocalDateTime), 2026-04-23T18:55:15.435204900(LocalDateTime)
2026-04-23T18:55:15.435+08:00 DEBUG 21652 --- [           main] c.petshop.mapper.MerchantMapper.insert   : <==    Updates: 1
2026-04-23T18:55:15.435+08:00 DEBUG 21652 --- [           main] c.petshop.mapper.ServiceMapper.insert    : ==>  Preparing: INSERT INTO "service" ( merchant_id, name, description, price, duration, category, status, created_at, updated_at ) VALUES ( ?, ?, ?, ?, ?, ?, ?, ?, ? )
2026-04-23T18:55:15.435+08:00 DEBUG 21652 --- [           main] c.petshop.mapper.ServiceMapper.insert    : ==> Parameters: 157(Integer), Test Pet Grooming(String), Professional pet grooming service(String), 99.99(BigDecimal), 60(Integer), grooming(String), enabled(String), 2026-04-23T18:55:15.435864800(LocalDateTime), 2026-04-23T18:55:15.435864800(LocalDateTime)
2026-04-23T18:55:15.435+08:00 DEBUG 21652 --- [           main] c.petshop.mapper.ServiceMapper.insert    : <==    Updates: 1
2026-04-23T18:55:15.435+08:00 DEBUG 21652 --- [           main] com.petshop.mapper.PetMapper.insert      : ==>  Preparing: INSERT INTO "pet" ( user_id, name, type, breed, age, gender, created_at, updated_at ) VALUES ( ?, ?, ?, ?, ?, ?, ?, ? )
2026-04-23T18:55:15.435+08:00 DEBUG 21652 --- [           main] com.petshop.mapper.PetMapper.insert      : ==> Parameters: 119(Integer), Test Pet(String), dog(String), Golden Retriever(String), 2(Integer), male(String), 2026-04-23T18:55:15.435864800(LocalDateTime), 2026-04-23T18:55:15.435864800(LocalDateTime)
2026-04-23T18:55:15.435+08:00 DEBUG 21652 --- [           main] com.petshop.mapper.PetMapper.insert      : <==    Updates: 1
2026-04-23T18:55:15.435+08:00 DEBUG 21652 --- [           main] c.petshop.mapper.ProductMapper.insert    : ==>  Preparing: INSERT INTO "product" ( merchant_id, name, description, price, stock, status, low_stock_threshold, created_at, updated_at ) VALUES ( ?, ?, ?, ?, ?, ?, ?, ?, ? )
2026-04-23T18:55:15.435+08:00 DEBUG 21652 --- [           main] c.petshop.mapper.ProductMapper.insert    : ==> Parameters: 157(Integer), Test Product(String), Test product description(String), 49.99(BigDecimal), 100(Integer), enabled(String), 10(Integer), 2026-04-23T18:55:15.435864800(LocalDateTime), 2026-04-23T18:55:15.435864800(LocalDateTime)
2026-04-23T18:55:15.435+08:00 DEBUG 21652 --- [           main] c.petshop.mapper.ProductMapper.insert    : <==    Updates: 1
2026-04-23T18:55:15.436+08:00 DEBUG 21652 --- [           main] c.petshop.mapper.AddressMapper.insert    : ==>  Preparing: INSERT INTO "address" ( user_id, contact_name, phone, province, city, district, detail_address, is_default, created_at, updated_at ) VALUES ( ?, ?, ?, ?, ?, ?, ?, ?, ?, ? )
2026-04-23T18:55:15.436+08:00 DEBUG 21652 --- [           main] c.petshop.mapper.AddressMapper.insert    : ==> Parameters: 119(Integer), Test Receiver(String), 13900000003(String), Beijing(String), Beijing(String), Chaoyang(String), Test Street 123(String), true(Boolean), 2026-04-23T18:55:15.435864800(LocalDateTime), 2026-04-23T18:55:15.435864800(LocalDateTime)
2026-04-23T18:55:15.436+08:00 DEBUG 21652 --- [           main] c.petshop.mapper.AddressMapper.insert    : <==    Updates: 1
2026-04-23T18:55:15.436+08:00 DEBUG 21652 --- [           main] c.p.mapper.ProductOrderMapper.insert     : ==>  Preparing: INSERT INTO "product_order" ( order_no, user_id, merchant_id, total_price, freight, status, shipping_address, created_at, updated_at ) VALUES ( ?, ?, ?, ?, ?, ?, ?, ?, ? )
2026-04-23T18:55:15.436+08:00 DEBUG 21652 --- [           main] c.p.mapper.ProductOrderMapper.insert     : ==> Parameters: ORD1776941715436(String), 119(Integer), 157(Integer), 49.99(BigDecimal), 0(BigDecimal), pending(String), Test Address(String), 2026-04-23T18:55:15.436863(LocalDateTime), 2026-04-23T18:55:15.436863(LocalDateTime)
2026-04-23T18:55:15.436+08:00 DEBUG 21652 --- [           main] c.p.mapper.ProductOrderMapper.insert     : <==    Updates: 1
2026-04-23T18:55:15.436+08:00 DEBUG 21652 --- [           main] c.p.m.ProductOrderItemMapper.insert      : ==>  Preparing: INSERT INTO "product_order_item" ( order_id, product_id, quantity, price ) VALUES ( ?, ?, ?, ? )
2026-04-23T18:55:15.437+08:00 DEBUG 21652 --- [           main] c.p.m.ProductOrderItemMapper.insert      : ==> Parameters: 57(Integer), 82(Integer), 1(Integer), 49.99(BigDecimal)
2026-04-23T18:55:15.437+08:00 DEBUG 21652 --- [           main] c.p.m.ProductOrderItemMapper.insert      : <==    Updates: 1
2026-04-23T18:55:15.437+08:00 DEBUG 21652 --- [           main] o.s.security.web.FilterChainProxy        : Securing GET /api/user/orders
2026-04-23T18:55:15.438+08:00 DEBUG 21652 --- [           main] c.p.mapper.UserMapper.selectByPhone      : ==>  Preparing: SELECT * FROM `user` WHERE phone = ?
2026-04-23T18:55:15.438+08:00 DEBUG 21652 --- [           main] c.p.mapper.UserMapper.selectByPhone      : ==> Parameters: 13900000001(String)
2026-04-23T18:55:15.438+08:00 DEBUG 21652 --- [           main] c.p.mapper.UserMapper.selectByPhone      : <==      Total: 1
2026-04-23T18:55:15.438+08:00 DEBUG 21652 --- [           main] o.s.security.web.FilterChainProxy        : Secured GET /api/user/orders
2026-04-23T18:55:15.440+08:00 DEBUG 21652 --- [           main] c.p.m.ProductOrderMapper.selectList      : ==>  Preparing: SELECT id,order_no,user_id,merchant_id,total_price,freight,status,pay_method,remark,shipping_address,logistics_company,logistics_number,transaction_id,paid_at,shipped_at,completed_at,cancelled_at,created_at,updated_at FROM "product_order" WHERE (user_id = ? AND status = ?) ORDER BY created_at DESC
2026-04-23T18:55:15.442+08:00 DEBUG 21652 --- [           main] c.p.m.ProductOrderMapper.selectList      : ==> Parameters: 119(Integer), pending(String)
2026-04-23T18:55:15.442+08:00 DEBUG 21652 --- [           main] c.p.m.ProductOrderMapper.selectList      : <==      Total: 1
2026-04-23T18:55:15.442+08:00 DEBUG 21652 --- [           main] c.p.m.ProductOrderItemMapper.selectList  : ==>  Preparing: SELECT id,order_id,product_id,quantity,price FROM "product_order_item" WHERE (order_id = ?)
2026-04-23T18:55:15.442+08:00 DEBUG 21652 --- [           main] c.p.m.ProductOrderItemMapper.selectList  : ==> Parameters: 57(Integer)
2026-04-23T18:55:15.443+08:00 DEBUG 21652 --- [           main] c.p.m.ProductOrderItemMapper.selectList  : <==      Total: 1
2026-04-23T18:55:15.443+08:00 DEBUG 21652 --- [           main] c.p.mapper.ProductMapper.selectById      : ==>  Preparing: SELECT id,merchant_id,name,description,price,stock,image,status,low_stock_threshold,category,created_at,updated_at FROM "product" WHERE id=?
2026-04-23T18:55:15.443+08:00 DEBUG 21652 --- [           main] c.p.mapper.ProductMapper.selectById      : ==> Parameters: 82(Integer)
2026-04-23T18:55:15.443+08:00 DEBUG 21652 --- [           main] c.p.mapper.ProductMapper.selectById      : <==      Total: 1

MockHttpServletRequest:
      HTTP Method = GET
      Request URI = /api/user/orders
       Parameters = {status=[pending]}
          Headers = [Authorization:"Bearer eyJhbGciOiJIUzUxMiJ9.eyJzdWIiOiIxMzkwMDAwMDAwMSIsImlhdCI6MTc3Njk0MTcxNX0.B-DSQjA6PyRoA_9OEBUVSAkEWc-0n1xgyN7PnvnRk8M4bwZ7AV1g16kmcaaEa3JreZryXlrnVRHCMZdRojjEgg"]
             Body = null
    Session Attrs = {}

Handler:
             Type = com.petshop.controller.api.UserApiController
           Method = com.petshop.controller.api.UserApiController#getOrders(String, String, LocalDateTime, LocalDateTime, Integer, Integer)

Async:
    Async started = false
     Async result = null

Resolved Exception:
             Type = null

ModelAndView:
        View name = null
             View = null
            Model = null

FlashMap:
       Attributes = null

MockHttpServletResponse:
           Status = 200
    Error message = null
          Headers = [Vary:"Origin", "Access-Control-Request-Method", "Access-Control-Request-Headers", Content-Type:"application/json", X-Content-Type-Options:"nosniff", X-XSS-Protection:"0", Cache-Control:"no-cache, no-store, max-age=0, must-revalidate", Pragma:"no-cache", Expires:"0", X-Frame-Options:"DENY"]
     Content type = application/json
             Body = {"code":200,"message":"success","data":{"data":[{"id":57,"orderNo":"ORD1776941715436","status":"pending","createTime":"2026-04-23T18:55:15.436863","payTime":null,"shipTime":null,"completeTime":null,"cancelTime":null,"totalPrice":49.99,"freight":0.00,"payMethod":null,"remark":null,"items":[{"id":3,"productId":82,"productName":"Test Product","productImage":null,"price":49.99,"quantity":1,"subtotal":49.99}],"address":null,"timeline":null}],"total":0,"page":1,"pageSize":10,"totalPages":0}}
    Forwarded URL = null
   Redirected URL = null
          Cookies = []
2026-04-23T18:55:15.542+08:00 DEBUG 21652 --- [           main] com.petshop.mapper.UserMapper.insert     : ==>  Preparing: INSERT INTO "user" ( username, email, password, phone, status, created_at, updated_at ) VALUES ( ?, ?, ?, ?, ?, ?, ? )
2026-04-23T18:55:15.542+08:00 DEBUG 21652 --- [           main] com.petshop.mapper.UserMapper.insert     : ==> Parameters: testuser(String), testuser@example.com(String), $2a$10$VsnJ23zaIDVEBdGlu3hvsePfzOTBKEpMDk6dAPE/vCd503GaCmNEm(String), 13900000001(String), active(String), 2026-04-23T18:55:15.542873600(LocalDateTime), 2026-04-23T18:55:15.542873600(LocalDateTime)
2026-04-23T18:55:15.542+08:00 DEBUG 21652 --- [           main] com.petshop.mapper.UserMapper.insert     : <==    Updates: 1
2026-04-23T18:55:15.623+08:00 DEBUG 21652 --- [           main] c.petshop.mapper.MerchantMapper.insert   : ==>  Preparing: INSERT INTO "merchant" ( name, contact_person, phone, email, password, address, status, created_at, updated_at ) VALUES ( ?, ?, ?, ?, ?, ?, ?, ?, ? )
2026-04-23T18:55:15.623+08:00 DEBUG 21652 --- [           main] c.petshop.mapper.MerchantMapper.insert   : ==> Parameters: Test Merchant(String), Test Contact(String), 13900000002(String), merchant@example.com(String), $2a$10$MZvEnjtDdYCbmIna6Ny.VOsFBE.fo8beIzmlNCOHLqEJiksUChP4G(String), Test Address 123(String), approved(String), 2026-04-23T18:55:15.623553800(LocalDateTime), 2026-04-23T18:55:15.623553800(LocalDateTime)
2026-04-23T18:55:15.623+08:00 DEBUG 21652 --- [           main] c.petshop.mapper.MerchantMapper.insert   : <==    Updates: 1
2026-04-23T18:55:15.623+08:00 DEBUG 21652 --- [           main] c.petshop.mapper.ServiceMapper.insert    : ==>  Preparing: INSERT INTO "service" ( merchant_id, name, description, price, duration, category, status, created_at, updated_at ) VALUES ( ?, ?, ?, ?, ?, ?, ?, ?, ? )
2026-04-23T18:55:15.623+08:00 DEBUG 21652 --- [           main] c.petshop.mapper.ServiceMapper.insert    : ==> Parameters: 158(Integer), Test Pet Grooming(String), Professional pet grooming service(String), 99.99(BigDecimal), 60(Integer), grooming(String), enabled(String), 2026-04-23T18:55:15.623553800(LocalDateTime), 2026-04-23T18:55:15.623553800(LocalDateTime)
2026-04-23T18:55:15.623+08:00 DEBUG 21652 --- [           main] c.petshop.mapper.ServiceMapper.insert    : <==    Updates: 1
2026-04-23T18:55:15.623+08:00 DEBUG 21652 --- [           main] com.petshop.mapper.PetMapper.insert      : ==>  Preparing: INSERT INTO "pet" ( user_id, name, type, breed, age, gender, created_at, updated_at ) VALUES ( ?, ?, ?, ?, ?, ?, ?, ? )
2026-04-23T18:55:15.623+08:00 DEBUG 21652 --- [           main] com.petshop.mapper.PetMapper.insert      : ==> Parameters: 120(Integer), Test Pet(String), dog(String), Golden Retriever(String), 2(Integer), male(String), 2026-04-23T18:55:15.623553800(LocalDateTime), 2026-04-23T18:55:15.623553800(LocalDateTime)
2026-04-23T18:55:15.624+08:00 DEBUG 21652 --- [           main] com.petshop.mapper.PetMapper.insert      : <==    Updates: 1
2026-04-23T18:55:15.624+08:00 DEBUG 21652 --- [           main] c.petshop.mapper.ProductMapper.insert    : ==>  Preparing: INSERT INTO "product" ( merchant_id, name, description, price, stock, status, low_stock_threshold, created_at, updated_at ) VALUES ( ?, ?, ?, ?, ?, ?, ?, ?, ? )
2026-04-23T18:55:15.624+08:00 DEBUG 21652 --- [           main] c.petshop.mapper.ProductMapper.insert    : ==> Parameters: 158(Integer), Test Product(String), Test product description(String), 49.99(BigDecimal), 100(Integer), enabled(String), 10(Integer), 2026-04-23T18:55:15.624500300(LocalDateTime), 2026-04-23T18:55:15.624500300(LocalDateTime)
2026-04-23T18:55:15.624+08:00 DEBUG 21652 --- [           main] c.petshop.mapper.ProductMapper.insert    : <==    Updates: 1
2026-04-23T18:55:15.624+08:00 DEBUG 21652 --- [           main] c.petshop.mapper.AddressMapper.insert    : ==>  Preparing: INSERT INTO "address" ( user_id, contact_name, phone, province, city, district, detail_address, is_default, created_at, updated_at ) VALUES ( ?, ?, ?, ?, ?, ?, ?, ?, ?, ? )
2026-04-23T18:55:15.624+08:00 DEBUG 21652 --- [           main] c.petshop.mapper.AddressMapper.insert    : ==> Parameters: 120(Integer), Test Receiver(String), 13900000003(String), Beijing(String), Beijing(String), Chaoyang(String), Test Street 123(String), true(Boolean), 2026-04-23T18:55:15.624500300(LocalDateTime), 2026-04-23T18:55:15.624500300(LocalDateTime)
2026-04-23T18:55:15.624+08:00 DEBUG 21652 --- [           main] c.petshop.mapper.AddressMapper.insert    : <==    Updates: 1
2026-04-23T18:55:15.625+08:00 DEBUG 21652 --- [           main] c.p.mapper.ProductOrderMapper.insert     : ==>  Preparing: INSERT INTO "product_order" ( order_no, user_id, merchant_id, total_price, freight, status, shipping_address, created_at, updated_at ) VALUES ( ?, ?, ?, ?, ?, ?, ?, ?, ? )
2026-04-23T18:55:15.625+08:00 DEBUG 21652 --- [           main] c.p.mapper.ProductOrderMapper.insert     : ==> Parameters: ORD1776941715624(String), 120(Integer), 158(Integer), 49.99(BigDecimal), 0(BigDecimal), pending(String), Test Address(String), 2026-04-23T18:55:15.624500300(LocalDateTime), 2026-04-23T18:55:15.624500300(LocalDateTime)
2026-04-23T18:55:15.625+08:00 DEBUG 21652 --- [           main] c.p.mapper.ProductOrderMapper.insert     : <==    Updates: 1
2026-04-23T18:55:15.625+08:00 DEBUG 21652 --- [           main] c.p.m.ProductOrderItemMapper.insert      : ==>  Preparing: INSERT INTO "product_order_item" ( order_id, product_id, quantity, price ) VALUES ( ?, ?, ?, ? )
2026-04-23T18:55:15.625+08:00 DEBUG 21652 --- [           main] c.p.m.ProductOrderItemMapper.insert      : ==> Parameters: 58(Integer), 83(Integer), 1(Integer), 49.99(BigDecimal)
2026-04-23T18:55:15.625+08:00 DEBUG 21652 --- [           main] c.p.m.ProductOrderItemMapper.insert      : <==    Updates: 1
2026-04-23T18:55:15.625+08:00 DEBUG 21652 --- [           main] o.s.security.web.FilterChainProxy        : Securing GET /api/user/orders
2026-04-23T18:55:15.626+08:00 DEBUG 21652 --- [           main] c.p.mapper.UserMapper.selectByPhone      : ==>  Preparing: SELECT * FROM `user` WHERE phone = ?
2026-04-23T18:55:15.626+08:00 DEBUG 21652 --- [           main] c.p.mapper.UserMapper.selectByPhone      : ==> Parameters: 13900000001(String)
2026-04-23T18:55:15.626+08:00 DEBUG 21652 --- [           main] c.p.mapper.UserMapper.selectByPhone      : <==      Total: 1
2026-04-23T18:55:15.626+08:00 DEBUG 21652 --- [           main] o.s.security.web.FilterChainProxy        : Secured GET /api/user/orders
2026-04-23T18:55:15.627+08:00 DEBUG 21652 --- [           main] c.p.m.ProductOrderMapper.selectList      : ==>  Preparing: SELECT id,order_no,user_id,merchant_id,total_price,freight,status,pay_method,remark,shipping_address,logistics_company,logistics_number,transaction_id,paid_at,shipped_at,completed_at,cancelled_at,created_at,updated_at FROM "product_order" WHERE (user_id = ?) ORDER BY created_at DESC
2026-04-23T18:55:15.627+08:00 DEBUG 21652 --- [           main] c.p.m.ProductOrderMapper.selectList      : ==> Parameters: 120(Integer)
2026-04-23T18:55:15.627+08:00 DEBUG 21652 --- [           main] c.p.m.ProductOrderMapper.selectList      : <==      Total: 1
2026-04-23T18:55:15.628+08:00 DEBUG 21652 --- [           main] c.p.m.ProductOrderItemMapper.selectList  : ==>  Preparing: SELECT id,order_id,product_id,quantity,price FROM "product_order_item" WHERE (order_id = ?)
2026-04-23T18:55:15.628+08:00 DEBUG 21652 --- [           main] c.p.m.ProductOrderItemMapper.selectList  : ==> Parameters: 58(Integer)
2026-04-23T18:55:15.628+08:00 DEBUG 21652 --- [           main] c.p.m.ProductOrderItemMapper.selectList  : <==      Total: 1
2026-04-23T18:55:15.628+08:00 DEBUG 21652 --- [           main] c.p.mapper.ProductMapper.selectById      : ==>  Preparing: SELECT id,merchant_id,name,description,price,stock,image,status,low_stock_threshold,category,created_at,updated_at FROM "product" WHERE id=?
2026-04-23T18:55:15.628+08:00 DEBUG 21652 --- [           main] c.p.mapper.ProductMapper.selectById      : ==> Parameters: 83(Integer)
2026-04-23T18:55:15.628+08:00 DEBUG 21652 --- [           main] c.p.mapper.ProductMapper.selectById      : <==      Total: 1

MockHttpServletRequest:
      HTTP Method = GET
      Request URI = /api/user/orders
       Parameters = {}
          Headers = [Authorization:"Bearer eyJhbGciOiJIUzUxMiJ9.eyJzdWIiOiIxMzkwMDAwMDAwMSIsImlhdCI6MTc3Njk0MTcxNX0.B-DSQjA6PyRoA_9OEBUVSAkEWc-0n1xgyN7PnvnRk8M4bwZ7AV1g16kmcaaEa3JreZryXlrnVRHCMZdRojjEgg"]
             Body = null
    Session Attrs = {}

Handler:
             Type = com.petshop.controller.api.UserApiController
           Method = com.petshop.controller.api.UserApiController#getOrders(String, String, LocalDateTime, LocalDateTime, Integer, Integer)

Async:
    Async started = false
     Async result = null

Resolved Exception:
             Type = null

ModelAndView:
        View name = null
             View = null
            Model = null

FlashMap:
       Attributes = null

MockHttpServletResponse:
           Status = 200
    Error message = null
          Headers = [Vary:"Origin", "Access-Control-Request-Method", "Access-Control-Request-Headers", Content-Type:"application/json", X-Content-Type-Options:"nosniff", X-XSS-Protection:"0", Cache-Control:"no-cache, no-store, max-age=0, must-revalidate", Pragma:"no-cache", Expires:"0", X-Frame-Options:"DENY"]
     Content type = application/json
             Body = {"code":200,"message":"success","data":{"data":[{"id":58,"orderNo":"ORD1776941715624","status":"pending","createTime":"2026-04-23T18:55:15.6245","payTime":null,"shipTime":null,"completeTime":null,"cancelTime":null,"totalPrice":49.99,"freight":0.00,"payMethod":null,"remark":null,"items":[{"id":4,"productId":83,"productName":"Test Product","productImage":null,"price":49.99,"quantity":1,"subtotal":49.99}],"address":null,"timeline":null}],"total":0,"page":1,"pageSize":10,"totalPages":0}}
    Forwarded URL = null
   Redirected URL = null
          Cookies = []
2026-04-23T18:55:15.722+08:00 DEBUG 21652 --- [           main] com.petshop.mapper.UserMapper.insert     : ==>  Preparing: INSERT INTO "user" ( username, email, password, phone, status, created_at, updated_at ) VALUES ( ?, ?, ?, ?, ?, ?, ? )
2026-04-23T18:55:15.722+08:00 DEBUG 21652 --- [           main] com.petshop.mapper.UserMapper.insert     : ==> Parameters: testuser(String), testuser@example.com(String), $2a$10$3kkNMrNdi8.xXJHlH4rQOuika6ZACGnSSizyh/qF3SMPOJc2goBoq(String), 13900000001(String), active(String), 2026-04-23T18:55:15.721775500(LocalDateTime), 2026-04-23T18:55:15.721775500(LocalDateTime)
2026-04-23T18:55:15.722+08:00 DEBUG 21652 --- [           main] com.petshop.mapper.UserMapper.insert     : <==    Updates: 1
2026-04-23T18:55:15.803+08:00 DEBUG 21652 --- [           main] c.petshop.mapper.MerchantMapper.insert   : ==>  Preparing: INSERT INTO "merchant" ( name, contact_person, phone, email, password, address, status, created_at, updated_at ) VALUES ( ?, ?, ?, ?, ?, ?, ?, ?, ? )
2026-04-23T18:55:15.803+08:00 DEBUG 21652 --- [           main] c.petshop.mapper.MerchantMapper.insert   : ==> Parameters: Test Merchant(String), Test Contact(String), 13900000002(String), merchant@example.com(String), $2a$10$OeRNO3xgTRoQ1Q3jlbeb0OWJMHptNS7AKVaQAa0U1KoE4YOwyK8yC(String), Test Address 123(String), approved(String), 2026-04-23T18:55:15.803046100(LocalDateTime), 2026-04-23T18:55:15.803046100(LocalDateTime)
2026-04-23T18:55:15.803+08:00 DEBUG 21652 --- [           main] c.petshop.mapper.MerchantMapper.insert   : <==    Updates: 1
2026-04-23T18:55:15.803+08:00 DEBUG 21652 --- [           main] c.petshop.mapper.ServiceMapper.insert    : ==>  Preparing: INSERT INTO "service" ( merchant_id, name, description, price, duration, category, status, created_at, updated_at ) VALUES ( ?, ?, ?, ?, ?, ?, ?, ?, ? )
2026-04-23T18:55:15.803+08:00 DEBUG 21652 --- [           main] c.petshop.mapper.ServiceMapper.insert    : ==> Parameters: 159(Integer), Test Pet Grooming(String), Professional pet grooming service(String), 99.99(BigDecimal), 60(Integer), grooming(String), enabled(String), 2026-04-23T18:55:15.803046100(LocalDateTime), 2026-04-23T18:55:15.803046100(LocalDateTime)
2026-04-23T18:55:15.803+08:00 DEBUG 21652 --- [           main] c.petshop.mapper.ServiceMapper.insert    : <==    Updates: 1
2026-04-23T18:55:15.803+08:00 DEBUG 21652 --- [           main] com.petshop.mapper.PetMapper.insert      : ==>  Preparing: INSERT INTO "pet" ( user_id, name, type, breed, age, gender, created_at, updated_at ) VALUES ( ?, ?, ?, ?, ?, ?, ?, ? )
2026-04-23T18:55:15.803+08:00 DEBUG 21652 --- [           main] com.petshop.mapper.PetMapper.insert      : ==> Parameters: 121(Integer), Test Pet(String), dog(String), Golden Retriever(String), 2(Integer), male(String), 2026-04-23T18:55:15.803046100(LocalDateTime), 2026-04-23T18:55:15.803046100(LocalDateTime)
2026-04-23T18:55:15.804+08:00 DEBUG 21652 --- [           main] com.petshop.mapper.PetMapper.insert      : <==    Updates: 1
2026-04-23T18:55:15.804+08:00 DEBUG 21652 --- [           main] c.petshop.mapper.ProductMapper.insert    : ==>  Preparing: INSERT INTO "product" ( merchant_id, name, description, price, stock, status, low_stock_threshold, created_at, updated_at ) VALUES ( ?, ?, ?, ?, ?, ?, ?, ?, ? )
2026-04-23T18:55:15.804+08:00 DEBUG 21652 --- [           main] c.petshop.mapper.ProductMapper.insert    : ==> Parameters: 159(Integer), Test Product(String), Test product description(String), 49.99(BigDecimal), 100(Integer), enabled(String), 10(Integer), 2026-04-23T18:55:15.804039600(LocalDateTime), 2026-04-23T18:55:15.804039600(LocalDateTime)
2026-04-23T18:55:15.804+08:00 DEBUG 21652 --- [           main] c.petshop.mapper.ProductMapper.insert    : <==    Updates: 1
2026-04-23T18:55:15.804+08:00 DEBUG 21652 --- [           main] c.petshop.mapper.AddressMapper.insert    : ==>  Preparing: INSERT INTO "address" ( user_id, contact_name, phone, province, city, district, detail_address, is_default, created_at, updated_at ) VALUES ( ?, ?, ?, ?, ?, ?, ?, ?, ?, ? )
2026-04-23T18:55:15.804+08:00 DEBUG 21652 --- [           main] c.petshop.mapper.AddressMapper.insert    : ==> Parameters: 121(Integer), Test Receiver(String), 13900000003(String), Beijing(String), Beijing(String), Chaoyang(String), Test Street 123(String), true(Boolean), 2026-04-23T18:55:15.804039600(LocalDateTime), 2026-04-23T18:55:15.804039600(LocalDateTime)
2026-04-23T18:55:15.804+08:00 DEBUG 21652 --- [           main] c.petshop.mapper.AddressMapper.insert    : <==    Updates: 1
2026-04-23T18:55:15.805+08:00 DEBUG 21652 --- [           main] o.s.security.web.FilterChainProxy        : Securing POST /api/user/orders
2026-04-23T18:55:15.805+08:00 DEBUG 21652 --- [           main] c.p.mapper.UserMapper.selectByPhone      : ==>  Preparing: SELECT * FROM `user` WHERE phone = ?
2026-04-23T18:55:15.806+08:00 DEBUG 21652 --- [           main] c.p.mapper.UserMapper.selectByPhone      : ==> Parameters: 13900000001(String)
2026-04-23T18:55:15.806+08:00 DEBUG 21652 --- [           main] c.p.mapper.UserMapper.selectByPhone      : <==      Total: 1
2026-04-23T18:55:15.806+08:00 DEBUG 21652 --- [           main] o.s.security.web.FilterChainProxy        : Secured POST /api/user/orders
2026-04-23T18:55:15.807+08:00 DEBUG 21652 --- [           main] c.petshop.mapper.UserMapper.selectById   : ==>  Preparing: SELECT id,username,email,password,phone,avatar,status,created_at,updated_at FROM "user" WHERE id=?
2026-04-23T18:55:15.807+08:00 DEBUG 21652 --- [           main] c.petshop.mapper.UserMapper.selectById   : ==> Parameters: 121(Integer)
2026-04-23T18:55:15.807+08:00 DEBUG 21652 --- [           main] c.petshop.mapper.UserMapper.selectById   : <==      Total: 1
2026-04-23T18:55:15.807+08:00 DEBUG 21652 --- [           main] c.p.mapper.AddressMapper.selectById      : ==>  Preparing: SELECT id,user_id,contact_name,phone,province,city,district,detail_address,is_default,created_at,updated_at FROM "address" WHERE id=?
2026-04-23T18:55:15.807+08:00 DEBUG 21652 --- [           main] c.p.mapper.AddressMapper.selectById      : ==> Parameters: 99999(Integer)
2026-04-23T18:55:15.807+08:00 DEBUG 21652 --- [           main] c.p.mapper.AddressMapper.selectById      : <==      Total: 0

MockHttpServletRequest:
      HTTP Method = POST
      Request URI = /api/user/orders
       Parameters = {}
          Headers = [Content-Type:"application/json;charset=UTF-8", Authorization:"Bearer eyJhbGciOiJIUzUxMiJ9.eyJzdWIiOiIxMzkwMDAwMDAwMSIsImlhdCI6MTc3Njk0MTcxNX0.B-DSQjA6PyRoA_9OEBUVSAkEWc-0n1xgyN7PnvnRk8M4bwZ7AV1g16kmcaaEa3JreZryXlrnVRHCMZdRojjEgg", Content-Length:"98"]
             Body = {"items":[{"productId":84,"quantity":1}],"addressId":99999,"paymentMethod":"wechat","remark":null}
    Session Attrs = {}

Handler:
             Type = com.petshop.controller.api.UserApiController
           Method = com.petshop.controller.api.UserApiController#createOrder(CreateOrderRequest)

Async:
    Async started = false
     Async result = null

Resolved Exception:
             Type = com.petshop.exception.ResourceNotFoundException

ModelAndView:
        View name = null
             View = null
            Model = null

FlashMap:
       Attributes = null

MockHttpServletResponse:
           Status = 404
    Error message = null
          Headers = [Vary:"Origin", "Access-Control-Request-Method", "Access-Control-Request-Headers", Content-Type:"application/json", X-Content-Type-Options:"nosniff", X-XSS-Protection:"0", Cache-Control:"no-cache, no-store, max-age=0, must-revalidate", Pragma:"no-cache", Expires:"0", X-Frame-Options:"DENY"]
     Content type = application/json
             Body = {"code":404,"message":"Address not found","data":null}
    Forwarded URL = null
   Redirected URL = null
          Cookies = []
2026-04-23T18:55:15.901+08:00 DEBUG 21652 --- [           main] com.petshop.mapper.UserMapper.insert     : ==>  Preparing: INSERT INTO "user" ( username, email, password, phone, status, created_at, updated_at ) VALUES ( ?, ?, ?, ?, ?, ?, ? )
2026-04-23T18:55:15.902+08:00 DEBUG 21652 --- [           main] com.petshop.mapper.UserMapper.insert     : ==> Parameters: testuser(String), testuser@example.com(String), $2a$10$HFCPHqL47pa236eh2hf5su26407Va44Xi7MCK1E97UPsKWH4AGvsW(String), 13900000001(String), active(String), 2026-04-23T18:55:15.901754800(LocalDateTime), 2026-04-23T18:55:15.901754800(LocalDateTime)
2026-04-23T18:55:15.902+08:00 DEBUG 21652 --- [           main] com.petshop.mapper.UserMapper.insert     : <==    Updates: 1
2026-04-23T18:55:15.982+08:00 DEBUG 21652 --- [           main] c.petshop.mapper.MerchantMapper.insert   : ==>  Preparing: INSERT INTO "merchant" ( name, contact_person, phone, email, password, address, status, created_at, updated_at ) VALUES ( ?, ?, ?, ?, ?, ?, ?, ?, ? )
2026-04-23T18:55:15.982+08:00 DEBUG 21652 --- [           main] c.petshop.mapper.MerchantMapper.insert   : ==> Parameters: Test Merchant(String), Test Contact(String), 13900000002(String), merchant@example.com(String), $2a$10$l8o/rNKUDp5UlxxJi6WYYO81OCZh9nQP8x8mUmbeuxF.u27o3STIq(String), Test Address 123(String), approved(String), 2026-04-23T18:55:15.982681800(LocalDateTime), 2026-04-23T18:55:15.982681800(LocalDateTime)
2026-04-23T18:55:15.982+08:00 DEBUG 21652 --- [           main] c.petshop.mapper.MerchantMapper.insert   : <==    Updates: 1
2026-04-23T18:55:15.982+08:00 DEBUG 21652 --- [           main] c.petshop.mapper.ServiceMapper.insert    : ==>  Preparing: INSERT INTO "service" ( merchant_id, name, description, price, duration, category, status, created_at, updated_at ) VALUES ( ?, ?, ?, ?, ?, ?, ?, ?, ? )
2026-04-23T18:55:15.982+08:00 DEBUG 21652 --- [           main] c.petshop.mapper.ServiceMapper.insert    : ==> Parameters: 160(Integer), Test Pet Grooming(String), Professional pet grooming service(String), 99.99(BigDecimal), 60(Integer), grooming(String), enabled(String), 2026-04-23T18:55:15.982681800(LocalDateTime), 2026-04-23T18:55:15.982681800(LocalDateTime)
2026-04-23T18:55:15.983+08:00 DEBUG 21652 --- [           main] c.petshop.mapper.ServiceMapper.insert    : <==    Updates: 1
2026-04-23T18:55:15.983+08:00 DEBUG 21652 --- [           main] com.petshop.mapper.PetMapper.insert      : ==>  Preparing: INSERT INTO "pet" ( user_id, name, type, breed, age, gender, created_at, updated_at ) VALUES ( ?, ?, ?, ?, ?, ?, ?, ? )
2026-04-23T18:55:15.983+08:00 DEBUG 21652 --- [           main] com.petshop.mapper.PetMapper.insert      : ==> Parameters: 122(Integer), Test Pet(String), dog(String), Golden Retriever(String), 2(Integer), male(String), 2026-04-23T18:55:15.983675100(LocalDateTime), 2026-04-23T18:55:15.983675100(LocalDateTime)
2026-04-23T18:55:15.983+08:00 DEBUG 21652 --- [           main] com.petshop.mapper.PetMapper.insert      : <==    Updates: 1
2026-04-23T18:55:15.983+08:00 DEBUG 21652 --- [           main] c.petshop.mapper.ProductMapper.insert    : ==>  Preparing: INSERT INTO "product" ( merchant_id, name, description, price, stock, status, low_stock_threshold, created_at, updated_at ) VALUES ( ?, ?, ?, ?, ?, ?, ?, ?, ? )
2026-04-23T18:55:15.983+08:00 DEBUG 21652 --- [           main] c.petshop.mapper.ProductMapper.insert    : ==> Parameters: 160(Integer), Test Product(String), Test product description(String), 49.99(BigDecimal), 100(Integer), enabled(String), 10(Integer), 2026-04-23T18:55:15.983675100(LocalDateTime), 2026-04-23T18:55:15.983675100(LocalDateTime)
2026-04-23T18:55:15.983+08:00 DEBUG 21652 --- [           main] c.petshop.mapper.ProductMapper.insert    : <==    Updates: 1
2026-04-23T18:55:15.983+08:00 DEBUG 21652 --- [           main] c.petshop.mapper.AddressMapper.insert    : ==>  Preparing: INSERT INTO "address" ( user_id, contact_name, phone, province, city, district, detail_address, is_default, created_at, updated_at ) VALUES ( ?, ?, ?, ?, ?, ?, ?, ?, ?, ? )
2026-04-23T18:55:15.983+08:00 DEBUG 21652 --- [           main] c.petshop.mapper.AddressMapper.insert    : ==> Parameters: 122(Integer), Test Receiver(String), 13900000003(String), Beijing(String), Beijing(String), Chaoyang(String), Test Street 123(String), true(Boolean), 2026-04-23T18:55:15.983675100(LocalDateTime), 2026-04-23T18:55:15.983675100(LocalDateTime)
2026-04-23T18:55:15.984+08:00 DEBUG 21652 --- [           main] c.petshop.mapper.AddressMapper.insert    : <==    Updates: 1
2026-04-23T18:55:15.985+08:00 DEBUG 21652 --- [           main] o.s.security.web.FilterChainProxy        : Securing GET /api/user/orders/99999
2026-04-23T18:55:15.985+08:00 DEBUG 21652 --- [           main] c.p.mapper.UserMapper.selectByPhone      : ==>  Preparing: SELECT * FROM `user` WHERE phone = ?
2026-04-23T18:55:15.985+08:00 DEBUG 21652 --- [           main] c.p.mapper.UserMapper.selectByPhone      : ==> Parameters: 13900000001(String)
2026-04-23T18:55:15.985+08:00 DEBUG 21652 --- [           main] c.p.mapper.UserMapper.selectByPhone      : <==      Total: 1
2026-04-23T18:55:15.987+08:00 DEBUG 21652 --- [           main] o.s.security.web.FilterChainProxy        : Secured GET /api/user/orders/99999
2026-04-23T18:55:15.987+08:00 DEBUG 21652 --- [           main] c.p.m.ProductOrderMapper.selectById      : ==>  Preparing: SELECT id,order_no,user_id,merchant_id,total_price,freight,status,pay_method,remark,shipping_address,logistics_company,logistics_number,transaction_id,paid_at,shipped_at,completed_at,cancelled_at,created_at,updated_at FROM "product_order" WHERE id=?
2026-04-23T18:55:15.987+08:00 DEBUG 21652 --- [           main] c.p.m.ProductOrderMapper.selectById      : ==> Parameters: 99999(Integer)
2026-04-23T18:55:15.987+08:00 DEBUG 21652 --- [           main] c.p.m.ProductOrderMapper.selectById      : <==      Total: 0

MockHttpServletRequest:
      HTTP Method = GET
      Request URI = /api/user/orders/99999
       Parameters = {}
          Headers = [Authorization:"Bearer eyJhbGciOiJIUzUxMiJ9.eyJzdWIiOiIxMzkwMDAwMDAwMSIsImlhdCI6MTc3Njk0MTcxNX0.B-DSQjA6PyRoA_9OEBUVSAkEWc-0n1xgyN7PnvnRk8M4bwZ7AV1g16kmcaaEa3JreZryXlrnVRHCMZdRojjEgg"]
             Body = null
    Session Attrs = {}

Handler:
             Type = com.petshop.controller.api.UserApiController
           Method = com.petshop.controller.api.UserApiController#getOrderById(Integer)

Async:
    Async started = false
     Async result = null

Resolved Exception:
             Type = com.petshop.exception.ResourceNotFoundException

ModelAndView:
        View name = null
             View = null
            Model = null

FlashMap:
       Attributes = null

MockHttpServletResponse:
           Status = 404
    Error message = null
          Headers = [Vary:"Origin", "Access-Control-Request-Method", "Access-Control-Request-Headers", Content-Type:"application/json", X-Content-Type-Options:"nosniff", X-XSS-Protection:"0", Cache-Control:"no-cache, no-store, max-age=0, must-revalidate", Pragma:"no-cache", Expires:"0", X-Frame-Options:"DENY"]
     Content type = application/json
             Body = {"code":404,"message":"Order not found with id: 99999","data":null}
    Forwarded URL = null
   Redirected URL = null
          Cookies = []
2026-04-23T18:55:16.074+08:00 DEBUG 21652 --- [           main] com.petshop.mapper.UserMapper.insert     : ==>  Preparing: INSERT INTO "user" ( username, email, password, phone, status, created_at, updated_at ) VALUES ( ?, ?, ?, ?, ?, ?, ? )
2026-04-23T18:55:16.074+08:00 DEBUG 21652 --- [           main] com.petshop.mapper.UserMapper.insert     : ==> Parameters: testuser(String), testuser@example.com(String), $2a$10$wbpsTbu4WGhW90QTzj/hDOG6edh6AfUHVSDNFhZN8hZRVSsiptyXu(String), 13900000001(String), active(String), 2026-04-23T18:55:16.074400200(LocalDateTime), 2026-04-23T18:55:16.074400200(LocalDateTime)
2026-04-23T18:55:16.074+08:00 DEBUG 21652 --- [           main] com.petshop.mapper.UserMapper.insert     : <==    Updates: 1
2026-04-23T18:55:16.155+08:00 DEBUG 21652 --- [           main] c.petshop.mapper.MerchantMapper.insert   : ==>  Preparing: INSERT INTO "merchant" ( name, contact_person, phone, email, password, address, status, created_at, updated_at ) VALUES ( ?, ?, ?, ?, ?, ?, ?, ?, ? )
2026-04-23T18:55:16.155+08:00 DEBUG 21652 --- [           main] c.petshop.mapper.MerchantMapper.insert   : ==> Parameters: Test Merchant(String), Test Contact(String), 13900000002(String), merchant@example.com(String), $2a$10$lPZoTZ2PUk6/9PmQ7LEJzOfC9P8tfPF3Cwiq/JW2Me15PZmvEV352(String), Test Address 123(String), approved(String), 2026-04-23T18:55:16.154229900(LocalDateTime), 2026-04-23T18:55:16.154229900(LocalDateTime)
2026-04-23T18:55:16.155+08:00 DEBUG 21652 --- [           main] c.petshop.mapper.MerchantMapper.insert   : <==    Updates: 1
2026-04-23T18:55:16.155+08:00 DEBUG 21652 --- [           main] c.petshop.mapper.ServiceMapper.insert    : ==>  Preparing: INSERT INTO "service" ( merchant_id, name, description, price, duration, category, status, created_at, updated_at ) VALUES ( ?, ?, ?, ?, ?, ?, ?, ?, ? )
2026-04-23T18:55:16.155+08:00 DEBUG 21652 --- [           main] c.petshop.mapper.ServiceMapper.insert    : ==> Parameters: 161(Integer), Test Pet Grooming(String), Professional pet grooming service(String), 99.99(BigDecimal), 60(Integer), grooming(String), enabled(String), 2026-04-23T18:55:16.155257400(LocalDateTime), 2026-04-23T18:55:16.155257400(LocalDateTime)
2026-04-23T18:55:16.155+08:00 DEBUG 21652 --- [           main] c.petshop.mapper.ServiceMapper.insert    : <==    Updates: 1
2026-04-23T18:55:16.155+08:00 DEBUG 21652 --- [           main] com.petshop.mapper.PetMapper.insert      : ==>  Preparing: INSERT INTO "pet" ( user_id, name, type, breed, age, gender, created_at, updated_at ) VALUES ( ?, ?, ?, ?, ?, ?, ?, ? )
2026-04-23T18:55:16.155+08:00 DEBUG 21652 --- [           main] com.petshop.mapper.PetMapper.insert      : ==> Parameters: 123(Integer), Test Pet(String), dog(String), Golden Retriever(String), 2(Integer), male(String), 2026-04-23T18:55:16.155257400(LocalDateTime), 2026-04-23T18:55:16.155257400(LocalDateTime)
2026-04-23T18:55:16.155+08:00 DEBUG 21652 --- [           main] com.petshop.mapper.PetMapper.insert      : <==    Updates: 1
2026-04-23T18:55:16.156+08:00 DEBUG 21652 --- [           main] c.petshop.mapper.ProductMapper.insert    : ==>  Preparing: INSERT INTO "product" ( merchant_id, name, description, price, stock, status, low_stock_threshold, created_at, updated_at ) VALUES ( ?, ?, ?, ?, ?, ?, ?, ?, ? )
2026-04-23T18:55:16.156+08:00 DEBUG 21652 --- [           main] c.petshop.mapper.ProductMapper.insert    : ==> Parameters: 161(Integer), Test Product(String), Test product description(String), 49.99(BigDecimal), 100(Integer), enabled(String), 10(Integer), 2026-04-23T18:55:16.155257400(LocalDateTime), 2026-04-23T18:55:16.155257400(LocalDateTime)
2026-04-23T18:55:16.156+08:00 DEBUG 21652 --- [           main] c.petshop.mapper.ProductMapper.insert    : <==    Updates: 1
2026-04-23T18:55:16.156+08:00 DEBUG 21652 --- [           main] c.petshop.mapper.AddressMapper.insert    : ==>  Preparing: INSERT INTO "address" ( user_id, contact_name, phone, province, city, district, detail_address, is_default, created_at, updated_at ) VALUES ( ?, ?, ?, ?, ?, ?, ?, ?, ?, ? )
2026-04-23T18:55:16.156+08:00 DEBUG 21652 --- [           main] c.petshop.mapper.AddressMapper.insert    : ==> Parameters: 123(Integer), Test Receiver(String), 13900000003(String), Beijing(String), Beijing(String), Chaoyang(String), Test Street 123(String), true(Boolean), 2026-04-23T18:55:16.156251100(LocalDateTime), 2026-04-23T18:55:16.156251100(LocalDateTime)
2026-04-23T18:55:16.156+08:00 DEBUG 21652 --- [           main] c.petshop.mapper.AddressMapper.insert    : <==    Updates: 1
2026-04-23T18:55:16.157+08:00 DEBUG 21652 --- [           main] c.p.mapper.ProductOrderMapper.insert     : ==>  Preparing: INSERT INTO "product_order" ( order_no, user_id, merchant_id, total_price, freight, status, shipping_address, created_at, updated_at ) VALUES ( ?, ?, ?, ?, ?, ?, ?, ?, ? )
2026-04-23T18:55:16.157+08:00 DEBUG 21652 --- [           main] c.p.mapper.ProductOrderMapper.insert     : ==> Parameters: ORD1776941716156(String), 123(Integer), 161(Integer), 49.99(BigDecimal), 0(BigDecimal), pending(String), Test Address(String), 2026-04-23T18:55:16.157134100(LocalDateTime), 2026-04-23T18:55:16.157134100(LocalDateTime)
2026-04-23T18:55:16.157+08:00 DEBUG 21652 --- [           main] c.p.mapper.ProductOrderMapper.insert     : <==    Updates: 1
2026-04-23T18:55:16.157+08:00 DEBUG 21652 --- [           main] c.p.m.ProductOrderItemMapper.insert      : ==>  Preparing: INSERT INTO "product_order_item" ( order_id, product_id, quantity, price ) VALUES ( ?, ?, ?, ? )
2026-04-23T18:55:16.157+08:00 DEBUG 21652 --- [           main] c.p.m.ProductOrderItemMapper.insert      : ==> Parameters: 59(Integer), 86(Integer), 1(Integer), 49.99(BigDecimal)
2026-04-23T18:55:16.157+08:00 DEBUG 21652 --- [           main] c.p.m.ProductOrderItemMapper.insert      : <==    Updates: 1
2026-04-23T18:55:16.159+08:00 DEBUG 21652 --- [           main] o.s.security.web.FilterChainProxy        : Securing POST /api/user/orders/59/pay
2026-04-23T18:55:16.159+08:00 DEBUG 21652 --- [           main] c.p.mapper.UserMapper.selectByPhone      : ==>  Preparing: SELECT * FROM `user` WHERE phone = ?
2026-04-23T18:55:16.160+08:00 DEBUG 21652 --- [           main] c.p.mapper.UserMapper.selectByPhone      : ==> Parameters: 13900000001(String)
2026-04-23T18:55:16.160+08:00 DEBUG 21652 --- [           main] c.p.mapper.UserMapper.selectByPhone      : <==      Total: 1
2026-04-23T18:55:16.160+08:00 DEBUG 21652 --- [           main] o.s.security.web.FilterChainProxy        : Secured POST /api/user/orders/59/pay
2026-04-23T18:55:16.161+08:00 DEBUG 21652 --- [           main] c.p.m.ProductOrderMapper.selectById      : ==>  Preparing: SELECT id,order_no,user_id,merchant_id,total_price,freight,status,pay_method,remark,shipping_address,logistics_company,logistics_number,transaction_id,paid_at,shipped_at,completed_at,cancelled_at,created_at,updated_at FROM "product_order" WHERE id=?
2026-04-23T18:55:16.161+08:00 DEBUG 21652 --- [           main] c.p.m.ProductOrderMapper.selectById      : ==> Parameters: 59(Integer)
2026-04-23T18:55:16.161+08:00 DEBUG 21652 --- [           main] c.p.m.ProductOrderMapper.selectById      : <==      Total: 1
2026-04-23T18:55:16.162+08:00 DEBUG 21652 --- [           main] c.p.m.ProductOrderMapper.updateById      : ==>  Preparing: UPDATE "product_order" SET order_no=?, user_id=?, merchant_id=?, total_price=?, freight=?, status=?, pay_method=?, shipping_address=?, transaction_id=?, paid_at=?, created_at=?, updated_at=? WHERE id=?
2026-04-23T18:55:16.162+08:00 DEBUG 21652 --- [           main] c.p.m.ProductOrderMapper.updateById      : ==> Parameters: ORD1776941716156(String), 123(Integer), 161(Integer), 49.99(BigDecimal), 0.00(BigDecimal), paid(String), wechat(String), Test Address(String), TXN1776941716161(String), 2026-04-23T18:55:16.161336300(LocalDateTime), 2026-04-23T18:55:16.157134(LocalDateTime), 2026-04-23T18:55:16.157134(LocalDateTime), 59(Integer)
2026-04-23T18:55:16.162+08:00 DEBUG 21652 --- [           main] c.p.m.ProductOrderMapper.updateById      : <==    Updates: 1

MockHttpServletRequest:
      HTTP Method = POST
      Request URI = /api/user/orders/59/pay
       Parameters = {}
          Headers = [Content-Type:"application/json;charset=UTF-8", Authorization:"Bearer eyJhbGciOiJIUzUxMiJ9.eyJzdWIiOiIxMzkwMDAwMDAwMSIsImlhdCI6MTc3Njk0MTcxNn0.n8B2lcP_b8xt1lMYaG6iluCjZxlmMmc118keiuk1dnHIdyiVUd0CVcaVeeGG7as5lYffAho54IAP4oLpbjwGUA", Content-Length:"22"]
             Body = {"payMethod":"wechat"}
    Session Attrs = {}

Handler:
             Type = com.petshop.controller.api.UserApiController
           Method = com.petshop.controller.api.UserApiController#payOrder(Integer, PayOrderRequest)

Async:
    Async started = false
     Async result = null

Resolved Exception:
             Type = null

ModelAndView:
        View name = null
             View = null
            Model = null

FlashMap:
       Attributes = null

MockHttpServletResponse:
           Status = 200
    Error message = null
          Headers = [Vary:"Origin", "Access-Control-Request-Method", "Access-Control-Request-Headers", Content-Type:"application/json", X-Content-Type-Options:"nosniff", X-XSS-Protection:"0", Cache-Control:"no-cache, no-store, max-age=0, must-revalidate", Pragma:"no-cache", Expires:"0", X-Frame-Options:"DENY"]
     Content type = application/json
             Body = {"payId":59,"qrCodeUrl":null,"redirectUrl":null,"expireTime":"2026-04-23T19:25:16.1633366"}
    Forwarded URL = null
   Redirected URL = null
          Cookies = []
2026-04-23T18:55:16.253+08:00 DEBUG 21652 --- [           main] com.petshop.mapper.UserMapper.insert     : ==>  Preparing: INSERT INTO "user" ( username, email, password, phone, status, created_at, updated_at ) VALUES ( ?, ?, ?, ?, ?, ?, ? )
2026-04-23T18:55:16.253+08:00 DEBUG 21652 --- [           main] com.petshop.mapper.UserMapper.insert     : ==> Parameters: testuser(String), testuser@example.com(String), $2a$10$zQNA0GILl8ZMaR.iwSMtFul3jQXELhKoRDjviP0n9CusJM10g4YaS(String), 13900000001(String), active(String), 2026-04-23T18:55:16.252374300(LocalDateTime), 2026-04-23T18:55:16.252374300(LocalDateTime)
2026-04-23T18:55:16.253+08:00 DEBUG 21652 --- [           main] com.petshop.mapper.UserMapper.insert     : <==    Updates: 1
2026-04-23T18:55:16.333+08:00 DEBUG 21652 --- [           main] c.petshop.mapper.MerchantMapper.insert   : ==>  Preparing: INSERT INTO "merchant" ( name, contact_person, phone, email, password, address, status, created_at, updated_at ) VALUES ( ?, ?, ?, ?, ?, ?, ?, ?, ? )
2026-04-23T18:55:16.333+08:00 DEBUG 21652 --- [           main] c.petshop.mapper.MerchantMapper.insert   : ==> Parameters: Test Merchant(String), Test Contact(String), 13900000002(String), merchant@example.com(String), $2a$10$7ZpEhXlGfZY3Gqsiocc2HucXZKfCMxnNjr4jgZWm9UAXTMj2PQ7be(String), Test Address 123(String), approved(String), 2026-04-23T18:55:16.333750900(LocalDateTime), 2026-04-23T18:55:16.333750900(LocalDateTime)
2026-04-23T18:55:16.334+08:00 DEBUG 21652 --- [           main] c.petshop.mapper.MerchantMapper.insert   : <==    Updates: 1
2026-04-23T18:55:16.334+08:00 DEBUG 21652 --- [           main] c.petshop.mapper.ServiceMapper.insert    : ==>  Preparing: INSERT INTO "service" ( merchant_id, name, description, price, duration, category, status, created_at, updated_at ) VALUES ( ?, ?, ?, ?, ?, ?, ?, ?, ? )
2026-04-23T18:55:16.334+08:00 DEBUG 21652 --- [           main] c.petshop.mapper.ServiceMapper.insert    : ==> Parameters: 162(Integer), Test Pet Grooming(String), Professional pet grooming service(String), 99.99(BigDecimal), 60(Integer), grooming(String), enabled(String), 2026-04-23T18:55:16.334723400(LocalDateTime), 2026-04-23T18:55:16.334723400(LocalDateTime)
2026-04-23T18:55:16.334+08:00 DEBUG 21652 --- [           main] c.petshop.mapper.ServiceMapper.insert    : <==    Updates: 1
2026-04-23T18:55:16.334+08:00 DEBUG 21652 --- [           main] com.petshop.mapper.PetMapper.insert      : ==>  Preparing: INSERT INTO "pet" ( user_id, name, type, breed, age, gender, created_at, updated_at ) VALUES ( ?, ?, ?, ?, ?, ?, ?, ? )
2026-04-23T18:55:16.334+08:00 DEBUG 21652 --- [           main] com.petshop.mapper.PetMapper.insert      : ==> Parameters: 124(Integer), Test Pet(String), dog(String), Golden Retriever(String), 2(Integer), male(String), 2026-04-23T18:55:16.334723400(LocalDateTime), 2026-04-23T18:55:16.334723400(LocalDateTime)
2026-04-23T18:55:16.334+08:00 DEBUG 21652 --- [           main] com.petshop.mapper.PetMapper.insert      : <==    Updates: 1
2026-04-23T18:55:16.334+08:00 DEBUG 21652 --- [           main] c.petshop.mapper.ProductMapper.insert    : ==>  Preparing: INSERT INTO "product" ( merchant_id, name, description, price, stock, status, low_stock_threshold, created_at, updated_at ) VALUES ( ?, ?, ?, ?, ?, ?, ?, ?, ? )
2026-04-23T18:55:16.334+08:00 DEBUG 21652 --- [           main] c.petshop.mapper.ProductMapper.insert    : ==> Parameters: 162(Integer), Test Product(String), Test product description(String), 49.99(BigDecimal), 100(Integer), enabled(String), 10(Integer), 2026-04-23T18:55:16.334723400(LocalDateTime), 2026-04-23T18:55:16.334723400(LocalDateTime)
2026-04-23T18:55:16.334+08:00 DEBUG 21652 --- [           main] c.petshop.mapper.ProductMapper.insert    : <==    Updates: 1
2026-04-23T18:55:16.334+08:00 DEBUG 21652 --- [           main] c.petshop.mapper.AddressMapper.insert    : ==>  Preparing: INSERT INTO "address" ( user_id, contact_name, phone, province, city, district, detail_address, is_default, created_at, updated_at ) VALUES ( ?, ?, ?, ?, ?, ?, ?, ?, ?, ? )
2026-04-23T18:55:16.335+08:00 DEBUG 21652 --- [           main] c.petshop.mapper.AddressMapper.insert    : ==> Parameters: 124(Integer), Test Receiver(String), 13900000003(String), Beijing(String), Beijing(String), Chaoyang(String), Test Street 123(String), true(Boolean), 2026-04-23T18:55:16.334723400(LocalDateTime), 2026-04-23T18:55:16.334723400(LocalDateTime)
2026-04-23T18:55:16.335+08:00 DEBUG 21652 --- [           main] c.petshop.mapper.AddressMapper.insert    : <==    Updates: 1
2026-04-23T18:55:16.335+08:00 DEBUG 21652 --- [           main] c.p.mapper.ProductOrderMapper.insert     : ==>  Preparing: INSERT INTO "product_order" ( order_no, user_id, merchant_id, total_price, freight, status, shipping_address, created_at, updated_at ) VALUES ( ?, ?, ?, ?, ?, ?, ?, ?, ? )
2026-04-23T18:55:16.336+08:00 DEBUG 21652 --- [           main] c.p.mapper.ProductOrderMapper.insert     : ==> Parameters: ORD1776941716335(String), 124(Integer), 162(Integer), 49.99(BigDecimal), 0(BigDecimal), pending(String), Test Address(String), 2026-04-23T18:55:16.335918800(LocalDateTime), 2026-04-23T18:55:16.335918800(LocalDateTime)
2026-04-23T18:55:16.336+08:00 DEBUG 21652 --- [           main] c.p.mapper.ProductOrderMapper.insert     : <==    Updates: 1
2026-04-23T18:55:16.337+08:00 DEBUG 21652 --- [           main] c.p.m.ProductOrderItemMapper.insert      : ==>  Preparing: INSERT INTO "product_order_item" ( order_id, product_id, quantity, price ) VALUES ( ?, ?, ?, ? )
2026-04-23T18:55:16.337+08:00 DEBUG 21652 --- [           main] c.p.m.ProductOrderItemMapper.insert      : ==> Parameters: 60(Integer), 87(Integer), 1(Integer), 49.99(BigDecimal)
2026-04-23T18:55:16.337+08:00 DEBUG 21652 --- [           main] c.p.m.ProductOrderItemMapper.insert      : <==    Updates: 1
2026-04-23T18:55:16.337+08:00 DEBUG 21652 --- [           main] o.s.security.web.FilterChainProxy        : Securing PUT /api/user/orders/60/cancel
2026-04-23T18:55:16.338+08:00 DEBUG 21652 --- [           main] c.p.mapper.UserMapper.selectByPhone      : ==>  Preparing: SELECT * FROM `user` WHERE phone = ?
2026-04-23T18:55:16.338+08:00 DEBUG 21652 --- [           main] c.p.mapper.UserMapper.selectByPhone      : ==> Parameters: 13900000001(String)
2026-04-23T18:55:16.338+08:00 DEBUG 21652 --- [           main] c.p.mapper.UserMapper.selectByPhone      : <==      Total: 1
2026-04-23T18:55:16.338+08:00 DEBUG 21652 --- [           main] o.s.security.web.FilterChainProxy        : Secured PUT /api/user/orders/60/cancel
2026-04-23T18:55:16.339+08:00 DEBUG 21652 --- [           main] c.p.m.ProductOrderMapper.selectById      : ==>  Preparing: SELECT id,order_no,user_id,merchant_id,total_price,freight,status,pay_method,remark,shipping_address,logistics_company,logistics_number,transaction_id,paid_at,shipped_at,completed_at,cancelled_at,created_at,updated_at FROM "product_order" WHERE id=?
2026-04-23T18:55:16.339+08:00 DEBUG 21652 --- [           main] c.p.m.ProductOrderMapper.selectById      : ==> Parameters: 60(Integer)
2026-04-23T18:55:16.339+08:00 DEBUG 21652 --- [           main] c.p.m.ProductOrderMapper.selectById      : <==      Total: 1
2026-04-23T18:55:16.339+08:00 DEBUG 21652 --- [           main] c.p.m.ProductOrderMapper.updateById      : ==>  Preparing: UPDATE "product_order" SET order_no=?, user_id=?, merchant_id=?, total_price=?, freight=?, status=?, shipping_address=?, cancelled_at=?, created_at=?, updated_at=? WHERE id=?
2026-04-23T18:55:16.339+08:00 DEBUG 21652 --- [           main] c.p.m.ProductOrderMapper.updateById      : ==> Parameters: ORD1776941716335(String), 124(Integer), 162(Integer), 49.99(BigDecimal), 0.00(BigDecimal), cancelled(String), Test Address(String), 2026-04-23T18:55:16.339881200(LocalDateTime), 2026-04-23T18:55:16.335919(LocalDateTime), 2026-04-23T18:55:16.335919(LocalDateTime), 60(Integer)
2026-04-23T18:55:16.340+08:00 DEBUG 21652 --- [           main] c.p.m.ProductOrderMapper.updateById      : <==    Updates: 1

MockHttpServletRequest:
      HTTP Method = PUT
      Request URI = /api/user/orders/60/cancel
       Parameters = {}
          Headers = [Authorization:"Bearer eyJhbGciOiJIUzUxMiJ9.eyJzdWIiOiIxMzkwMDAwMDAwMSIsImlhdCI6MTc3Njk0MTcxNn0.n8B2lcP_b8xt1lMYaG6iluCjZxlmMmc118keiuk1dnHIdyiVUd0CVcaVeeGG7as5lYffAho54IAP4oLpbjwGUA"]
             Body = null
    Session Attrs = {}

Handler:
             Type = com.petshop.controller.api.UserApiController
           Method = com.petshop.controller.api.UserApiController#cancelOrder(Integer)

Async:
    Async started = false
     Async result = null

Resolved Exception:
             Type = null

ModelAndView:
        View name = null
             View = null
            Model = null

FlashMap:
       Attributes = null

MockHttpServletResponse:
           Status = 200
    Error message = null
          Headers = [Vary:"Origin", "Access-Control-Request-Method", "Access-Control-Request-Headers", X-Content-Type-Options:"nosniff", X-XSS-Protection:"0", Cache-Control:"no-cache, no-store, max-age=0, must-revalidate", Pragma:"no-cache", Expires:"0", X-Frame-Options:"DENY"]
     Content type = null
             Body = 
    Forwarded URL = null
   Redirected URL = null
          Cookies = []
2026-04-23T18:55:16.427+08:00 DEBUG 21652 --- [           main] com.petshop.mapper.UserMapper.insert     : ==>  Preparing: INSERT INTO "user" ( username, email, password, phone, status, created_at, updated_at ) VALUES ( ?, ?, ?, ?, ?, ?, ? )
2026-04-23T18:55:16.427+08:00 DEBUG 21652 --- [           main] com.petshop.mapper.UserMapper.insert     : ==> Parameters: testuser(String), testuser@example.com(String), $2a$10$QU8KAQlHH9jfTkk7V4GWMOMCgU6rDyyo57PIgXkMEzdJHP3mZYSL.(String), 13900000001(String), active(String), 2026-04-23T18:55:16.427083200(LocalDateTime), 2026-04-23T18:55:16.427083200(LocalDateTime)
2026-04-23T18:55:16.427+08:00 DEBUG 21652 --- [           main] com.petshop.mapper.UserMapper.insert     : <==    Updates: 1
2026-04-23T18:55:16.508+08:00 DEBUG 21652 --- [           main] c.petshop.mapper.MerchantMapper.insert   : ==>  Preparing: INSERT INTO "merchant" ( name, contact_person, phone, email, password, address, status, created_at, updated_at ) VALUES ( ?, ?, ?, ?, ?, ?, ?, ?, ? )
2026-04-23T18:55:16.508+08:00 DEBUG 21652 --- [           main] c.petshop.mapper.MerchantMapper.insert   : ==> Parameters: Test Merchant(String), Test Contact(String), 13900000002(String), merchant@example.com(String), $2a$10$qnTHIavHELXbBzk.p/vt/e1BSUykaa2her8NJbYVxtgA2L3UunA2u(String), Test Address 123(String), approved(String), 2026-04-23T18:55:16.508928(LocalDateTime), 2026-04-23T18:55:16.508928(LocalDateTime)
2026-04-23T18:55:16.508+08:00 DEBUG 21652 --- [           main] c.petshop.mapper.MerchantMapper.insert   : <==    Updates: 1
2026-04-23T18:55:16.508+08:00 DEBUG 21652 --- [           main] c.petshop.mapper.ServiceMapper.insert    : ==>  Preparing: INSERT INTO "service" ( merchant_id, name, description, price, duration, category, status, created_at, updated_at ) VALUES ( ?, ?, ?, ?, ?, ?, ?, ?, ? )
2026-04-23T18:55:16.509+08:00 DEBUG 21652 --- [           main] c.petshop.mapper.ServiceMapper.insert    : ==> Parameters: 163(Integer), Test Pet Grooming(String), Professional pet grooming service(String), 99.99(BigDecimal), 60(Integer), grooming(String), enabled(String), 2026-04-23T18:55:16.508928(LocalDateTime), 2026-04-23T18:55:16.508928(LocalDateTime)
2026-04-23T18:55:16.509+08:00 DEBUG 21652 --- [           main] c.petshop.mapper.ServiceMapper.insert    : <==    Updates: 1
2026-04-23T18:55:16.509+08:00 DEBUG 21652 --- [           main] com.petshop.mapper.PetMapper.insert      : ==>  Preparing: INSERT INTO "pet" ( user_id, name, type, breed, age, gender, created_at, updated_at ) VALUES ( ?, ?, ?, ?, ?, ?, ?, ? )
2026-04-23T18:55:16.509+08:00 DEBUG 21652 --- [           main] com.petshop.mapper.PetMapper.insert      : ==> Parameters: 125(Integer), Test Pet(String), dog(String), Golden Retriever(String), 2(Integer), male(String), 2026-04-23T18:55:16.509931800(LocalDateTime), 2026-04-23T18:55:16.509931800(LocalDateTime)
2026-04-23T18:55:16.509+08:00 DEBUG 21652 --- [           main] com.petshop.mapper.PetMapper.insert      : <==    Updates: 1
2026-04-23T18:55:16.509+08:00 DEBUG 21652 --- [           main] c.petshop.mapper.ProductMapper.insert    : ==>  Preparing: INSERT INTO "product" ( merchant_id, name, description, price, stock, status, low_stock_threshold, created_at, updated_at ) VALUES ( ?, ?, ?, ?, ?, ?, ?, ?, ? )
2026-04-23T18:55:16.509+08:00 DEBUG 21652 --- [           main] c.petshop.mapper.ProductMapper.insert    : ==> Parameters: 163(Integer), Test Product(String), Test product description(String), 49.99(BigDecimal), 100(Integer), enabled(String), 10(Integer), 2026-04-23T18:55:16.509931800(LocalDateTime), 2026-04-23T18:55:16.509931800(LocalDateTime)
2026-04-23T18:55:16.509+08:00 DEBUG 21652 --- [           main] c.petshop.mapper.ProductMapper.insert    : <==    Updates: 1
2026-04-23T18:55:16.509+08:00 DEBUG 21652 --- [           main] c.petshop.mapper.AddressMapper.insert    : ==>  Preparing: INSERT INTO "address" ( user_id, contact_name, phone, province, city, district, detail_address, is_default, created_at, updated_at ) VALUES ( ?, ?, ?, ?, ?, ?, ?, ?, ?, ? )
2026-04-23T18:55:16.509+08:00 DEBUG 21652 --- [           main] c.petshop.mapper.AddressMapper.insert    : ==> Parameters: 125(Integer), Test Receiver(String), 13900000003(String), Beijing(String), Beijing(String), Chaoyang(String), Test Street 123(String), true(Boolean), 2026-04-23T18:55:16.509931800(LocalDateTime), 2026-04-23T18:55:16.509931800(LocalDateTime)
2026-04-23T18:55:16.509+08:00 DEBUG 21652 --- [           main] c.petshop.mapper.AddressMapper.insert    : <==    Updates: 1
2026-04-23T18:55:16.510+08:00 DEBUG 21652 --- [           main] c.p.mapper.ProductOrderMapper.insert     : ==>  Preparing: INSERT INTO "product_order" ( order_no, user_id, merchant_id, total_price, freight, status, shipping_address, created_at, updated_at ) VALUES ( ?, ?, ?, ?, ?, ?, ?, ?, ? )
2026-04-23T18:55:16.510+08:00 DEBUG 21652 --- [           main] c.p.mapper.ProductOrderMapper.insert     : ==> Parameters: ORD1776941716510(String), 125(Integer), 163(Integer), 49.99(BigDecimal), 0(BigDecimal), pending(String), Test Address(String), 2026-04-23T18:55:16.510931800(LocalDateTime), 2026-04-23T18:55:16.510931800(LocalDateTime)
2026-04-23T18:55:16.510+08:00 DEBUG 21652 --- [           main] c.p.mapper.ProductOrderMapper.insert     : <==    Updates: 1
2026-04-23T18:55:16.510+08:00 DEBUG 21652 --- [           main] c.p.m.ProductOrderItemMapper.insert      : ==>  Preparing: INSERT INTO "product_order_item" ( order_id, product_id, quantity, price ) VALUES ( ?, ?, ?, ? )
2026-04-23T18:55:16.510+08:00 DEBUG 21652 --- [           main] c.p.m.ProductOrderItemMapper.insert      : ==> Parameters: 61(Integer), 88(Integer), 1(Integer), 49.99(BigDecimal)
2026-04-23T18:55:16.510+08:00 DEBUG 21652 --- [           main] c.p.m.ProductOrderItemMapper.insert      : <==    Updates: 1
2026-04-23T18:55:16.510+08:00 DEBUG 21652 --- [           main] c.p.m.ProductOrderMapper.updateById      : ==>  Preparing: UPDATE "product_order" SET order_no=?, user_id=?, merchant_id=?, total_price=?, freight=?, status=?, shipping_address=?, created_at=?, updated_at=? WHERE id=?
2026-04-23T18:55:16.511+08:00 DEBUG 21652 --- [           main] c.p.m.ProductOrderMapper.updateById      : ==> Parameters: ORD1776941716510(String), 125(Integer), 163(Integer), 49.99(BigDecimal), 0(BigDecimal), shipped(String), Test Address(String), 2026-04-23T18:55:16.510931800(LocalDateTime), 2026-04-23T18:55:16.510931800(LocalDateTime), 61(Integer)
2026-04-23T18:55:16.511+08:00 DEBUG 21652 --- [           main] c.p.m.ProductOrderMapper.updateById      : <==    Updates: 1
2026-04-23T18:55:16.511+08:00 DEBUG 21652 --- [           main] o.s.security.web.FilterChainProxy        : Securing PUT /api/user/orders/61/confirm
2026-04-23T18:55:16.513+08:00 DEBUG 21652 --- [           main] c.p.mapper.UserMapper.selectByPhone      : ==>  Preparing: SELECT * FROM `user` WHERE phone = ?
2026-04-23T18:55:16.513+08:00 DEBUG 21652 --- [           main] c.p.mapper.UserMapper.selectByPhone      : ==> Parameters: 13900000001(String)
2026-04-23T18:55:16.513+08:00 DEBUG 21652 --- [           main] c.p.mapper.UserMapper.selectByPhone      : <==      Total: 1
2026-04-23T18:55:16.513+08:00 DEBUG 21652 --- [           main] o.s.security.web.FilterChainProxy        : Secured PUT /api/user/orders/61/confirm
2026-04-23T18:55:16.513+08:00 DEBUG 21652 --- [           main] c.p.m.ProductOrderMapper.selectById      : ==>  Preparing: SELECT id,order_no,user_id,merchant_id,total_price,freight,status,pay_method,remark,shipping_address,logistics_company,logistics_number,transaction_id,paid_at,shipped_at,completed_at,cancelled_at,created_at,updated_at FROM "product_order" WHERE id=?
2026-04-23T18:55:16.514+08:00 DEBUG 21652 --- [           main] c.p.m.ProductOrderMapper.selectById      : ==> Parameters: 61(Integer)
2026-04-23T18:55:16.514+08:00 DEBUG 21652 --- [           main] c.p.m.ProductOrderMapper.selectById      : <==      Total: 1
2026-04-23T18:55:16.514+08:00 DEBUG 21652 --- [           main] c.p.m.ProductOrderMapper.updateById      : ==>  Preparing: UPDATE "product_order" SET order_no=?, user_id=?, merchant_id=?, total_price=?, freight=?, status=?, shipping_address=?, completed_at=?, created_at=?, updated_at=? WHERE id=?
2026-04-23T18:55:16.514+08:00 DEBUG 21652 --- [           main] c.p.m.ProductOrderMapper.updateById      : ==> Parameters: ORD1776941716510(String), 125(Integer), 163(Integer), 49.99(BigDecimal), 0.00(BigDecimal), completed(String), Test Address(String), 2026-04-23T18:55:16.514790900(LocalDateTime), 2026-04-23T18:55:16.510932(LocalDateTime), 2026-04-23T18:55:16.510932(LocalDateTime), 61(Integer)
2026-04-23T18:55:16.514+08:00 DEBUG 21652 --- [           main] c.p.m.ProductOrderMapper.updateById      : <==    Updates: 1

MockHttpServletRequest:
      HTTP Method = PUT
      Request URI = /api/user/orders/61/confirm
       Parameters = {}
          Headers = [Authorization:"Bearer eyJhbGciOiJIUzUxMiJ9.eyJzdWIiOiIxMzkwMDAwMDAwMSIsImlhdCI6MTc3Njk0MTcxNn0.n8B2lcP_b8xt1lMYaG6iluCjZxlmMmc118keiuk1dnHIdyiVUd0CVcaVeeGG7as5lYffAho54IAP4oLpbjwGUA"]
             Body = null
    Session Attrs = {}

Handler:
             Type = com.petshop.controller.api.UserApiController
           Method = com.petshop.controller.api.UserApiController#confirmReceive(Integer)

Async:
    Async started = false
     Async result = null

Resolved Exception:
             Type = null

ModelAndView:
        View name = null
             View = null
            Model = null

FlashMap:
       Attributes = null

MockHttpServletResponse:
           Status = 200
    Error message = null
          Headers = [Vary:"Origin", "Access-Control-Request-Method", "Access-Control-Request-Headers", X-Content-Type-Options:"nosniff", X-XSS-Protection:"0", Cache-Control:"no-cache, no-store, max-age=0, must-revalidate", Pragma:"no-cache", Expires:"0", X-Frame-Options:"DENY"]
     Content type = null
             Body = 
    Forwarded URL = null
   Redirected URL = null
          Cookies = []
2026-04-23T18:55:16.608+08:00 DEBUG 21652 --- [           main] com.petshop.mapper.UserMapper.insert     : ==>  Preparing: INSERT INTO "user" ( username, email, password, phone, status, created_at, updated_at ) VALUES ( ?, ?, ?, ?, ?, ?, ? )
2026-04-23T18:55:16.608+08:00 DEBUG 21652 --- [           main] com.petshop.mapper.UserMapper.insert     : ==> Parameters: testuser(String), testuser@example.com(String), $2a$10$P3t6Ah4Q8v48cz3xDpNFOuJxygq6FmvTudE6kB/2t.WAN0C3tNeIq(String), 13900000001(String), active(String), 2026-04-23T18:55:16.608814900(LocalDateTime), 2026-04-23T18:55:16.608814900(LocalDateTime)
2026-04-23T18:55:16.608+08:00 DEBUG 21652 --- [           main] com.petshop.mapper.UserMapper.insert     : <==    Updates: 1
2026-04-23T18:55:16.689+08:00 DEBUG 21652 --- [           main] c.petshop.mapper.MerchantMapper.insert   : ==>  Preparing: INSERT INTO "merchant" ( name, contact_person, phone, email, password, address, status, created_at, updated_at ) VALUES ( ?, ?, ?, ?, ?, ?, ?, ?, ? )
2026-04-23T18:55:16.689+08:00 DEBUG 21652 --- [           main] c.petshop.mapper.MerchantMapper.insert   : ==> Parameters: Test Merchant(String), Test Contact(String), 13900000002(String), merchant@example.com(String), $2a$10$sIcNeepRas5CmJxXgR69XOIcM.2gce92hqxg8385ssK.ZNAWD1nxS(String), Test Address 123(String), approved(String), 2026-04-23T18:55:16.689973300(LocalDateTime), 2026-04-23T18:55:16.689973300(LocalDateTime)
2026-04-23T18:55:16.689+08:00 DEBUG 21652 --- [           main] c.petshop.mapper.MerchantMapper.insert   : <==    Updates: 1
2026-04-23T18:55:16.689+08:00 DEBUG 21652 --- [           main] c.petshop.mapper.ServiceMapper.insert    : ==>  Preparing: INSERT INTO "service" ( merchant_id, name, description, price, duration, category, status, created_at, updated_at ) VALUES ( ?, ?, ?, ?, ?, ?, ?, ?, ? )
2026-04-23T18:55:16.690+08:00 DEBUG 21652 --- [           main] c.petshop.mapper.ServiceMapper.insert    : ==> Parameters: 164(Integer), Test Pet Grooming(String), Professional pet grooming service(String), 99.99(BigDecimal), 60(Integer), grooming(String), enabled(String), 2026-04-23T18:55:16.689973300(LocalDateTime), 2026-04-23T18:55:16.689973300(LocalDateTime)
2026-04-23T18:55:16.690+08:00 DEBUG 21652 --- [           main] c.petshop.mapper.ServiceMapper.insert    : <==    Updates: 1
2026-04-23T18:55:16.691+08:00 DEBUG 21652 --- [           main] com.petshop.mapper.PetMapper.insert      : ==>  Preparing: INSERT INTO "pet" ( user_id, name, type, breed, age, gender, created_at, updated_at ) VALUES ( ?, ?, ?, ?, ?, ?, ?, ? )
2026-04-23T18:55:16.691+08:00 DEBUG 21652 --- [           main] com.petshop.mapper.PetMapper.insert      : ==> Parameters: 126(Integer), Test Pet(String), dog(String), Golden Retriever(String), 2(Integer), male(String), 2026-04-23T18:55:16.690996800(LocalDateTime), 2026-04-23T18:55:16.690996800(LocalDateTime)
2026-04-23T18:55:16.691+08:00 DEBUG 21652 --- [           main] com.petshop.mapper.PetMapper.insert      : <==    Updates: 1
2026-04-23T18:55:16.691+08:00 DEBUG 21652 --- [           main] c.petshop.mapper.ProductMapper.insert    : ==>  Preparing: INSERT INTO "product" ( merchant_id, name, description, price, stock, status, low_stock_threshold, created_at, updated_at ) VALUES ( ?, ?, ?, ?, ?, ?, ?, ?, ? )
2026-04-23T18:55:16.691+08:00 DEBUG 21652 --- [           main] c.petshop.mapper.ProductMapper.insert    : ==> Parameters: 164(Integer), Test Product(String), Test product description(String), 49.99(BigDecimal), 100(Integer), enabled(String), 10(Integer), 2026-04-23T18:55:16.691110600(LocalDateTime), 2026-04-23T18:55:16.691110600(LocalDateTime)
2026-04-23T18:55:16.691+08:00 DEBUG 21652 --- [           main] c.petshop.mapper.ProductMapper.insert    : <==    Updates: 1
2026-04-23T18:55:16.691+08:00 DEBUG 21652 --- [           main] c.petshop.mapper.AddressMapper.insert    : ==>  Preparing: INSERT INTO "address" ( user_id, contact_name, phone, province, city, district, detail_address, is_default, created_at, updated_at ) VALUES ( ?, ?, ?, ?, ?, ?, ?, ?, ?, ? )
2026-04-23T18:55:16.691+08:00 DEBUG 21652 --- [           main] c.petshop.mapper.AddressMapper.insert    : ==> Parameters: 126(Integer), Test Receiver(String), 13900000003(String), Beijing(String), Beijing(String), Chaoyang(String), Test Street 123(String), true(Boolean), 2026-04-23T18:55:16.691110600(LocalDateTime), 2026-04-23T18:55:16.691110600(LocalDateTime)
2026-04-23T18:55:16.691+08:00 DEBUG 21652 --- [           main] c.petshop.mapper.AddressMapper.insert    : <==    Updates: 1
2026-04-23T18:55:16.692+08:00 DEBUG 21652 --- [           main] c.p.mapper.ProductOrderMapper.insert     : ==>  Preparing: INSERT INTO "product_order" ( order_no, user_id, merchant_id, total_price, freight, status, shipping_address, created_at, updated_at ) VALUES ( ?, ?, ?, ?, ?, ?, ?, ?, ? )
2026-04-23T18:55:16.692+08:00 DEBUG 21652 --- [           main] c.p.mapper.ProductOrderMapper.insert     : ==> Parameters: ORD1776941716692(String), 126(Integer), 164(Integer), 49.99(BigDecimal), 0(BigDecimal), pending(String), Test Address(String), 2026-04-23T18:55:16.692137900(LocalDateTime), 2026-04-23T18:55:16.692137900(LocalDateTime)
2026-04-23T18:55:16.692+08:00 DEBUG 21652 --- [           main] c.p.mapper.ProductOrderMapper.insert     : <==    Updates: 1
2026-04-23T18:55:16.692+08:00 DEBUG 21652 --- [           main] c.p.m.ProductOrderItemMapper.insert      : ==>  Preparing: INSERT INTO "product_order_item" ( order_id, product_id, quantity, price ) VALUES ( ?, ?, ?, ? )
2026-04-23T18:55:16.692+08:00 DEBUG 21652 --- [           main] c.p.m.ProductOrderItemMapper.insert      : ==> Parameters: 62(Integer), 89(Integer), 1(Integer), 49.99(BigDecimal)
2026-04-23T18:55:16.692+08:00 DEBUG 21652 --- [           main] c.p.m.ProductOrderItemMapper.insert      : <==    Updates: 1
2026-04-23T18:55:16.693+08:00 DEBUG 21652 --- [           main] c.p.m.ProductOrderMapper.updateById      : ==>  Preparing: UPDATE "product_order" SET order_no=?, user_id=?, merchant_id=?, total_price=?, freight=?, status=?, shipping_address=?, created_at=?, updated_at=? WHERE id=?
2026-04-23T18:55:16.693+08:00 DEBUG 21652 --- [           main] c.p.m.ProductOrderMapper.updateById      : ==> Parameters: ORD1776941716692(String), 126(Integer), 164(Integer), 49.99(BigDecimal), 0(BigDecimal), completed(String), Test Address(String), 2026-04-23T18:55:16.692137900(LocalDateTime), 2026-04-23T18:55:16.692137900(LocalDateTime), 62(Integer)
2026-04-23T18:55:16.693+08:00 DEBUG 21652 --- [           main] c.p.m.ProductOrderMapper.updateById      : <==    Updates: 1
2026-04-23T18:55:16.693+08:00 DEBUG 21652 --- [           main] o.s.security.web.FilterChainProxy        : Securing DELETE /api/user/orders/62
2026-04-23T18:55:16.694+08:00 DEBUG 21652 --- [           main] c.p.mapper.UserMapper.selectByPhone      : ==>  Preparing: SELECT * FROM `user` WHERE phone = ?
2026-04-23T18:55:16.694+08:00 DEBUG 21652 --- [           main] c.p.mapper.UserMapper.selectByPhone      : ==> Parameters: 13900000001(String)
2026-04-23T18:55:16.694+08:00 DEBUG 21652 --- [           main] c.p.mapper.UserMapper.selectByPhone      : <==      Total: 1
2026-04-23T18:55:16.695+08:00 DEBUG 21652 --- [           main] o.s.security.web.FilterChainProxy        : Secured DELETE /api/user/orders/62
2026-04-23T18:55:16.695+08:00 DEBUG 21652 --- [           main] c.p.m.ProductOrderMapper.selectById      : ==>  Preparing: SELECT id,order_no,user_id,merchant_id,total_price,freight,status,pay_method,remark,shipping_address,logistics_company,logistics_number,transaction_id,paid_at,shipped_at,completed_at,cancelled_at,created_at,updated_at FROM "product_order" WHERE id=?
2026-04-23T18:55:16.695+08:00 DEBUG 21652 --- [           main] c.p.m.ProductOrderMapper.selectById      : ==> Parameters: 62(Integer)
2026-04-23T18:55:16.695+08:00 DEBUG 21652 --- [           main] c.p.m.ProductOrderMapper.selectById      : <==      Total: 1
2026-04-23T18:55:16.696+08:00 DEBUG 21652 --- [           main] c.p.m.ProductOrderItemMapper.delete      : ==>  Preparing: DELETE FROM "product_order_item" WHERE (order_id = ?)
2026-04-23T18:55:16.696+08:00 DEBUG 21652 --- [           main] c.p.m.ProductOrderItemMapper.delete      : ==> Parameters: 62(Integer)
2026-04-23T18:55:16.696+08:00 DEBUG 21652 --- [           main] c.p.m.ProductOrderItemMapper.delete      : <==    Updates: 1
2026-04-23T18:55:16.696+08:00 DEBUG 21652 --- [           main] c.p.m.ProductOrderMapper.deleteById      : ==>  Preparing: DELETE FROM "product_order" WHERE id=?
2026-04-23T18:55:16.696+08:00 DEBUG 21652 --- [           main] c.p.m.ProductOrderMapper.deleteById      : ==> Parameters: 62(Integer)
2026-04-23T18:55:16.696+08:00 DEBUG 21652 --- [           main] c.p.m.ProductOrderMapper.deleteById      : <==    Updates: 1

MockHttpServletRequest:
      HTTP Method = DELETE
      Request URI = /api/user/orders/62
       Parameters = {}
          Headers = [Authorization:"Bearer eyJhbGciOiJIUzUxMiJ9.eyJzdWIiOiIxMzkwMDAwMDAwMSIsImlhdCI6MTc3Njk0MTcxNn0.n8B2lcP_b8xt1lMYaG6iluCjZxlmMmc118keiuk1dnHIdyiVUd0CVcaVeeGG7as5lYffAho54IAP4oLpbjwGUA"]
             Body = null
    Session Attrs = {}

Handler:
             Type = com.petshop.controller.api.UserApiController
           Method = com.petshop.controller.api.UserApiController#deleteOrder(Integer)

Async:
    Async started = false
     Async result = null

Resolved Exception:
             Type = null

ModelAndView:
        View name = null
             View = null
            Model = null

FlashMap:
       Attributes = null

MockHttpServletResponse:
           Status = 204
    Error message = null
          Headers = [Vary:"Origin", "Access-Control-Request-Method", "Access-Control-Request-Headers", X-Content-Type-Options:"nosniff", X-XSS-Protection:"0", Cache-Control:"no-cache, no-store, max-age=0, must-revalidate", Pragma:"no-cache", Expires:"0", X-Frame-Options:"DENY"]
     Content type = null
             Body = 
    Forwarded URL = null
   Redirected URL = null
          Cookies = []
[INFO] Tests run: 12, Failures: 0, Errors: 0, Skipped: 0, Time elapsed: 2.169 s -- in com.petshop.controller.UserApiControllerTest$OrderApiTests
[INFO] Running com.petshop.controller.UserApiControllerTest$PetApiTests
2026-04-23T18:55:16.702+08:00  INFO 21652 --- [           main] t.c.s.AnnotationConfigContextLoaderUtils : Could not detect default configuration classes for test class [com.petshop.controller.UserApiControllerTest$PetApiTests]: PetApiTests does not declare any static, non-private, non-final, nested classes annotated with @Configuration.
2026-04-23T18:55:16.706+08:00  INFO 21652 --- [           main] .b.t.c.SpringBootTestContextBootstrapper : Found @SpringBootConfiguration com.petshop.PetManagementSystemApplication for test class com.petshop.controller.UserApiControllerTest$PetApiTests
2026-04-23T18:55:16.791+08:00 DEBUG 21652 --- [           main] com.petshop.mapper.UserMapper.insert     : ==>  Preparing: INSERT INTO "user" ( username, email, password, phone, status, created_at, updated_at ) VALUES ( ?, ?, ?, ?, ?, ?, ? )
2026-04-23T18:55:16.791+08:00 DEBUG 21652 --- [           main] com.petshop.mapper.UserMapper.insert     : ==> Parameters: testuser(String), testuser@example.com(String), $2a$10$4qROBLVfBCbh7Z2TW35J9OxvAfhObHzWFTayhDbUwocdPcpIjHcyS(String), 13900000001(String), active(String), 2026-04-23T18:55:16.791963900(LocalDateTime), 2026-04-23T18:55:16.791963900(LocalDateTime)
2026-04-23T18:55:16.791+08:00 DEBUG 21652 --- [           main] com.petshop.mapper.UserMapper.insert     : <==    Updates: 1
2026-04-23T18:55:16.872+08:00 DEBUG 21652 --- [           main] c.petshop.mapper.MerchantMapper.insert   : ==>  Preparing: INSERT INTO "merchant" ( name, contact_person, phone, email, password, address, status, created_at, updated_at ) VALUES ( ?, ?, ?, ?, ?, ?, ?, ?, ? )
2026-04-23T18:55:16.873+08:00 DEBUG 21652 --- [           main] c.petshop.mapper.MerchantMapper.insert   : ==> Parameters: Test Merchant(String), Test Contact(String), 13900000002(String), merchant@example.com(String), $2a$10$wrbNH/kOw3W2X/LjUEujiOBVD/UyhC3vVg9pS4L.JacCuPPHBOnxW(String), Test Address 123(String), approved(String), 2026-04-23T18:55:16.872258(LocalDateTime), 2026-04-23T18:55:16.872258(LocalDateTime)
2026-04-23T18:55:16.873+08:00 DEBUG 21652 --- [           main] c.petshop.mapper.MerchantMapper.insert   : <==    Updates: 1
2026-04-23T18:55:16.873+08:00 DEBUG 21652 --- [           main] c.petshop.mapper.ServiceMapper.insert    : ==>  Preparing: INSERT INTO "service" ( merchant_id, name, description, price, duration, category, status, created_at, updated_at ) VALUES ( ?, ?, ?, ?, ?, ?, ?, ?, ? )
2026-04-23T18:55:16.873+08:00 DEBUG 21652 --- [           main] c.petshop.mapper.ServiceMapper.insert    : ==> Parameters: 165(Integer), Test Pet Grooming(String), Professional pet grooming service(String), 99.99(BigDecimal), 60(Integer), grooming(String), enabled(String), 2026-04-23T18:55:16.873258400(LocalDateTime), 2026-04-23T18:55:16.873258400(LocalDateTime)
2026-04-23T18:55:16.873+08:00 DEBUG 21652 --- [           main] c.petshop.mapper.ServiceMapper.insert    : <==    Updates: 1
2026-04-23T18:55:16.873+08:00 DEBUG 21652 --- [           main] com.petshop.mapper.PetMapper.insert      : ==>  Preparing: INSERT INTO "pet" ( user_id, name, type, breed, age, gender, created_at, updated_at ) VALUES ( ?, ?, ?, ?, ?, ?, ?, ? )
2026-04-23T18:55:16.873+08:00 DEBUG 21652 --- [           main] com.petshop.mapper.PetMapper.insert      : ==> Parameters: 127(Integer), Test Pet(String), dog(String), Golden Retriever(String), 2(Integer), male(String), 2026-04-23T18:55:16.873258400(LocalDateTime), 2026-04-23T18:55:16.873258400(LocalDateTime)
2026-04-23T18:55:16.873+08:00 DEBUG 21652 --- [           main] com.petshop.mapper.PetMapper.insert      : <==    Updates: 1
2026-04-23T18:55:16.873+08:00 DEBUG 21652 --- [           main] c.petshop.mapper.ProductMapper.insert    : ==>  Preparing: INSERT INTO "product" ( merchant_id, name, description, price, stock, status, low_stock_threshold, created_at, updated_at ) VALUES ( ?, ?, ?, ?, ?, ?, ?, ?, ? )
2026-04-23T18:55:16.873+08:00 DEBUG 21652 --- [           main] c.petshop.mapper.ProductMapper.insert    : ==> Parameters: 165(Integer), Test Product(String), Test product description(String), 49.99(BigDecimal), 100(Integer), enabled(String), 10(Integer), 2026-04-23T18:55:16.873258400(LocalDateTime), 2026-04-23T18:55:16.873258400(LocalDateTime)
2026-04-23T18:55:16.873+08:00 DEBUG 21652 --- [           main] c.petshop.mapper.ProductMapper.insert    : <==    Updates: 1
2026-04-23T18:55:16.874+08:00 DEBUG 21652 --- [           main] c.petshop.mapper.AddressMapper.insert    : ==>  Preparing: INSERT INTO "address" ( user_id, contact_name, phone, province, city, district, detail_address, is_default, created_at, updated_at ) VALUES ( ?, ?, ?, ?, ?, ?, ?, ?, ?, ? )
2026-04-23T18:55:16.874+08:00 DEBUG 21652 --- [           main] c.petshop.mapper.AddressMapper.insert    : ==> Parameters: 127(Integer), Test Receiver(String), 13900000003(String), Beijing(String), Beijing(String), Chaoyang(String), Test Street 123(String), true(Boolean), 2026-04-23T18:55:16.873258400(LocalDateTime), 2026-04-23T18:55:16.873258400(LocalDateTime)
2026-04-23T18:55:16.874+08:00 DEBUG 21652 --- [           main] c.petshop.mapper.AddressMapper.insert    : <==    Updates: 1
2026-04-23T18:55:16.874+08:00 DEBUG 21652 --- [           main] o.s.security.web.FilterChainProxy        : Securing DELETE /api/user/pets/99999
2026-04-23T18:55:16.875+08:00 DEBUG 21652 --- [           main] c.p.mapper.UserMapper.selectByPhone      : ==>  Preparing: SELECT * FROM `user` WHERE phone = ?
2026-04-23T18:55:16.875+08:00 DEBUG 21652 --- [           main] c.p.mapper.UserMapper.selectByPhone      : ==> Parameters: 13900000001(String)
2026-04-23T18:55:16.875+08:00 DEBUG 21652 --- [           main] c.p.mapper.UserMapper.selectByPhone      : <==      Total: 1
2026-04-23T18:55:16.876+08:00 DEBUG 21652 --- [           main] o.s.security.web.FilterChainProxy        : Secured DELETE /api/user/pets/99999
2026-04-23T18:55:16.876+08:00 DEBUG 21652 --- [           main] c.petshop.mapper.PetMapper.selectById    : ==>  Preparing: SELECT id,user_id,name,type,breed,age,gender,avatar,description,created_at,updated_at FROM "pet" WHERE id=?
2026-04-23T18:55:16.876+08:00 DEBUG 21652 --- [           main] c.petshop.mapper.PetMapper.selectById    : ==> Parameters: 99999(Integer)
2026-04-23T18:55:16.876+08:00 DEBUG 21652 --- [           main] c.petshop.mapper.PetMapper.selectById    : <==      Total: 0

MockHttpServletRequest:
      HTTP Method = DELETE
      Request URI = /api/user/pets/99999
       Parameters = {}
          Headers = [Authorization:"Bearer eyJhbGciOiJIUzUxMiJ9.eyJzdWIiOiIxMzkwMDAwMDAwMSIsImlhdCI6MTc3Njk0MTcxNn0.n8B2lcP_b8xt1lMYaG6iluCjZxlmMmc118keiuk1dnHIdyiVUd0CVcaVeeGG7as5lYffAho54IAP4oLpbjwGUA"]
             Body = null
    Session Attrs = {}

Handler:
             Type = com.petshop.controller.api.UserApiController
           Method = com.petshop.controller.api.UserApiController#deletePet(Integer)

Async:
    Async started = false
     Async result = null

Resolved Exception:
             Type = null

ModelAndView:
        View name = null
             View = null
            Model = null

FlashMap:
       Attributes = null

MockHttpServletResponse:
           Status = 404
    Error message = null
          Headers = [Vary:"Origin", "Access-Control-Request-Method", "Access-Control-Request-Headers", X-Content-Type-Options:"nosniff", X-XSS-Protection:"0", Cache-Control:"no-cache, no-store, max-age=0, must-revalidate", Pragma:"no-cache", Expires:"0", X-Frame-Options:"DENY"]
     Content type = null
             Body = 
    Forwarded URL = null
   Redirected URL = null
          Cookies = []
2026-04-23T18:55:16.963+08:00 DEBUG 21652 --- [           main] com.petshop.mapper.UserMapper.insert     : ==>  Preparing: INSERT INTO "user" ( username, email, password, phone, status, created_at, updated_at ) VALUES ( ?, ?, ?, ?, ?, ?, ? )
2026-04-23T18:55:16.964+08:00 DEBUG 21652 --- [           main] com.petshop.mapper.UserMapper.insert     : ==> Parameters: testuser(String), testuser@example.com(String), $2a$10$VwXAeNWDYRW4RlWMZaxn1.LgC8FFFqEbtFOXu5wmboyjjGsewxpbq(String), 13900000001(String), active(String), 2026-04-23T18:55:16.963353900(LocalDateTime), 2026-04-23T18:55:16.963353900(LocalDateTime)
2026-04-23T18:55:16.964+08:00 DEBUG 21652 --- [           main] com.petshop.mapper.UserMapper.insert     : <==    Updates: 1
2026-04-23T18:55:17.046+08:00 DEBUG 21652 --- [           main] c.petshop.mapper.MerchantMapper.insert   : ==>  Preparing: INSERT INTO "merchant" ( name, contact_person, phone, email, password, address, status, created_at, updated_at ) VALUES ( ?, ?, ?, ?, ?, ?, ?, ?, ? )
2026-04-23T18:55:17.046+08:00 DEBUG 21652 --- [           main] c.petshop.mapper.MerchantMapper.insert   : ==> Parameters: Test Merchant(String), Test Contact(String), 13900000002(String), merchant@example.com(String), $2a$10$96ME6gPDTKYm0f7To2FZSOAMJG9.TeN6fBrxVtm4MG.hQBIoaA60K(String), Test Address 123(String), approved(String), 2026-04-23T18:55:17.046773600(LocalDateTime), 2026-04-23T18:55:17.046773600(LocalDateTime)
2026-04-23T18:55:17.046+08:00 DEBUG 21652 --- [           main] c.petshop.mapper.MerchantMapper.insert   : <==    Updates: 1
2026-04-23T18:55:17.047+08:00 DEBUG 21652 --- [           main] c.petshop.mapper.ServiceMapper.insert    : ==>  Preparing: INSERT INTO "service" ( merchant_id, name, description, price, duration, category, status, created_at, updated_at ) VALUES ( ?, ?, ?, ?, ?, ?, ?, ?, ? )
2026-04-23T18:55:17.047+08:00 DEBUG 21652 --- [           main] c.petshop.mapper.ServiceMapper.insert    : ==> Parameters: 166(Integer), Test Pet Grooming(String), Professional pet grooming service(String), 99.99(BigDecimal), 60(Integer), grooming(String), enabled(String), 2026-04-23T18:55:17.047767600(LocalDateTime), 2026-04-23T18:55:17.047767600(LocalDateTime)
2026-04-23T18:55:17.047+08:00 DEBUG 21652 --- [           main] c.petshop.mapper.ServiceMapper.insert    : <==    Updates: 1
2026-04-23T18:55:17.047+08:00 DEBUG 21652 --- [           main] com.petshop.mapper.PetMapper.insert      : ==>  Preparing: INSERT INTO "pet" ( user_id, name, type, breed, age, gender, created_at, updated_at ) VALUES ( ?, ?, ?, ?, ?, ?, ?, ? )
2026-04-23T18:55:17.047+08:00 DEBUG 21652 --- [           main] com.petshop.mapper.PetMapper.insert      : ==> Parameters: 128(Integer), Test Pet(String), dog(String), Golden Retriever(String), 2(Integer), male(String), 2026-04-23T18:55:17.047767600(LocalDateTime), 2026-04-23T18:55:17.047767600(LocalDateTime)
2026-04-23T18:55:17.047+08:00 DEBUG 21652 --- [           main] com.petshop.mapper.PetMapper.insert      : <==    Updates: 1
2026-04-23T18:55:17.048+08:00 DEBUG 21652 --- [           main] c.petshop.mapper.ProductMapper.insert    : ==>  Preparing: INSERT INTO "product" ( merchant_id, name, description, price, stock, status, low_stock_threshold, created_at, updated_at ) VALUES ( ?, ?, ?, ?, ?, ?, ?, ?, ? )
2026-04-23T18:55:17.048+08:00 DEBUG 21652 --- [           main] c.petshop.mapper.ProductMapper.insert    : ==> Parameters: 166(Integer), Test Product(String), Test product description(String), 49.99(BigDecimal), 100(Integer), enabled(String), 10(Integer), 2026-04-23T18:55:17.047767600(LocalDateTime), 2026-04-23T18:55:17.047767600(LocalDateTime)
2026-04-23T18:55:17.048+08:00 DEBUG 21652 --- [           main] c.petshop.mapper.ProductMapper.insert    : <==    Updates: 1
2026-04-23T18:55:17.048+08:00 DEBUG 21652 --- [           main] c.petshop.mapper.AddressMapper.insert    : ==>  Preparing: INSERT INTO "address" ( user_id, contact_name, phone, province, city, district, detail_address, is_default, created_at, updated_at ) VALUES ( ?, ?, ?, ?, ?, ?, ?, ?, ?, ? )
2026-04-23T18:55:17.048+08:00 DEBUG 21652 --- [           main] c.petshop.mapper.AddressMapper.insert    : ==> Parameters: 128(Integer), Test Receiver(String), 13900000003(String), Beijing(String), Beijing(String), Chaoyang(String), Test Street 123(String), true(Boolean), 2026-04-23T18:55:17.048767100(LocalDateTime), 2026-04-23T18:55:17.048767100(LocalDateTime)
2026-04-23T18:55:17.048+08:00 DEBUG 21652 --- [           main] c.petshop.mapper.AddressMapper.insert    : <==    Updates: 1
2026-04-23T18:55:17.049+08:00 DEBUG 21652 --- [           main] o.s.security.web.FilterChainProxy        : Securing DELETE /api/user/pets/36
2026-04-23T18:55:17.051+08:00 DEBUG 21652 --- [           main] c.p.mapper.UserMapper.selectByPhone      : ==>  Preparing: SELECT * FROM `user` WHERE phone = ?
2026-04-23T18:55:17.051+08:00 DEBUG 21652 --- [           main] c.p.mapper.UserMapper.selectByPhone      : ==> Parameters: 13900000001(String)
2026-04-23T18:55:17.051+08:00 DEBUG 21652 --- [           main] c.p.mapper.UserMapper.selectByPhone      : <==      Total: 1
2026-04-23T18:55:17.052+08:00 DEBUG 21652 --- [           main] o.s.security.web.FilterChainProxy        : Secured DELETE /api/user/pets/36
2026-04-23T18:55:17.052+08:00 DEBUG 21652 --- [           main] c.petshop.mapper.PetMapper.selectById    : ==>  Preparing: SELECT id,user_id,name,type,breed,age,gender,avatar,description,created_at,updated_at FROM "pet" WHERE id=?
2026-04-23T18:55:17.052+08:00 DEBUG 21652 --- [           main] c.petshop.mapper.PetMapper.selectById    : ==> Parameters: 36(Integer)
2026-04-23T18:55:17.052+08:00 DEBUG 21652 --- [           main] c.petshop.mapper.PetMapper.selectById    : <==      Total: 1
2026-04-23T18:55:17.052+08:00 DEBUG 21652 --- [           main] c.petshop.mapper.PetMapper.deleteById    : ==>  Preparing: DELETE FROM "pet" WHERE id=?
2026-04-23T18:55:17.052+08:00 DEBUG 21652 --- [           main] c.petshop.mapper.PetMapper.deleteById    : ==> Parameters: 36(Integer)
2026-04-23T18:55:17.052+08:00 DEBUG 21652 --- [           main] c.petshop.mapper.PetMapper.deleteById    : <==    Updates: 1

MockHttpServletRequest:
      HTTP Method = DELETE
      Request URI = /api/user/pets/36
       Parameters = {}
          Headers = [Authorization:"Bearer eyJhbGciOiJIUzUxMiJ9.eyJzdWIiOiIxMzkwMDAwMDAwMSIsImlhdCI6MTc3Njk0MTcxN30.gkZxcWDLygJjh-FKow9xoKx3ItLc5P9t0sJdjcFym3D2Q7--LC4I1_MkoCX3IaVgCZvm8eXG5MqE09S5ZPkeoQ"]
             Body = null
    Session Attrs = {}

Handler:
             Type = com.petshop.controller.api.UserApiController
           Method = com.petshop.controller.api.UserApiController#deletePet(Integer)

Async:
    Async started = false
     Async result = null

Resolved Exception:
             Type = null

ModelAndView:
        View name = null
             View = null
            Model = null

FlashMap:
       Attributes = null

MockHttpServletResponse:
           Status = 204
    Error message = null
          Headers = [Vary:"Origin", "Access-Control-Request-Method", "Access-Control-Request-Headers", X-Content-Type-Options:"nosniff", X-XSS-Protection:"0", Cache-Control:"no-cache, no-store, max-age=0, must-revalidate", Pragma:"no-cache", Expires:"0", X-Frame-Options:"DENY"]
     Content type = null
             Body = 
    Forwarded URL = null
   Redirected URL = null
          Cookies = []
2026-04-23T18:55:17.143+08:00 DEBUG 21652 --- [           main] com.petshop.mapper.UserMapper.insert     : ==>  Preparing: INSERT INTO "user" ( username, email, password, phone, status, created_at, updated_at ) VALUES ( ?, ?, ?, ?, ?, ?, ? )
2026-04-23T18:55:17.143+08:00 DEBUG 21652 --- [           main] com.petshop.mapper.UserMapper.insert     : ==> Parameters: testuser(String), testuser@example.com(String), $2a$10$OASVR78avR6TW7jhfIUASuPtaIGwrEmWbk9TcCCujtYlMS.9xWGNG(String), 13900000001(String), active(String), 2026-04-23T18:55:17.143209600(LocalDateTime), 2026-04-23T18:55:17.143209600(LocalDateTime)
2026-04-23T18:55:17.143+08:00 DEBUG 21652 --- [           main] com.petshop.mapper.UserMapper.insert     : <==    Updates: 1
2026-04-23T18:55:17.223+08:00 DEBUG 21652 --- [           main] c.petshop.mapper.MerchantMapper.insert   : ==>  Preparing: INSERT INTO "merchant" ( name, contact_person, phone, email, password, address, status, created_at, updated_at ) VALUES ( ?, ?, ?, ?, ?, ?, ?, ?, ? )
2026-04-23T18:55:17.223+08:00 DEBUG 21652 --- [           main] c.petshop.mapper.MerchantMapper.insert   : ==> Parameters: Test Merchant(String), Test Contact(String), 13900000002(String), merchant@example.com(String), $2a$10$niqc/1tN6JPM4punHMwrJuc1eXRfDn1h17eb.RtXvup4y3B33DqDC(String), Test Address 123(String), approved(String), 2026-04-23T18:55:17.223773200(LocalDateTime), 2026-04-23T18:55:17.223773200(LocalDateTime)
2026-04-23T18:55:17.223+08:00 DEBUG 21652 --- [           main] c.petshop.mapper.MerchantMapper.insert   : <==    Updates: 1
2026-04-23T18:55:17.223+08:00 DEBUG 21652 --- [           main] c.petshop.mapper.ServiceMapper.insert    : ==>  Preparing: INSERT INTO "service" ( merchant_id, name, description, price, duration, category, status, created_at, updated_at ) VALUES ( ?, ?, ?, ?, ?, ?, ?, ?, ? )
2026-04-23T18:55:17.223+08:00 DEBUG 21652 --- [           main] c.petshop.mapper.ServiceMapper.insert    : ==> Parameters: 167(Integer), Test Pet Grooming(String), Professional pet grooming service(String), 99.99(BigDecimal), 60(Integer), grooming(String), enabled(String), 2026-04-23T18:55:17.223773200(LocalDateTime), 2026-04-23T18:55:17.223773200(LocalDateTime)
2026-04-23T18:55:17.223+08:00 DEBUG 21652 --- [           main] c.petshop.mapper.ServiceMapper.insert    : <==    Updates: 1
2026-04-23T18:55:17.223+08:00 DEBUG 21652 --- [           main] com.petshop.mapper.PetMapper.insert      : ==>  Preparing: INSERT INTO "pet" ( user_id, name, type, breed, age, gender, created_at, updated_at ) VALUES ( ?, ?, ?, ?, ?, ?, ?, ? )
2026-04-23T18:55:17.223+08:00 DEBUG 21652 --- [           main] com.petshop.mapper.PetMapper.insert      : ==> Parameters: 129(Integer), Test Pet(String), dog(String), Golden Retriever(String), 2(Integer), male(String), 2026-04-23T18:55:17.223773200(LocalDateTime), 2026-04-23T18:55:17.223773200(LocalDateTime)
2026-04-23T18:55:17.224+08:00 DEBUG 21652 --- [           main] com.petshop.mapper.PetMapper.insert      : <==    Updates: 1
2026-04-23T18:55:17.224+08:00 DEBUG 21652 --- [           main] c.petshop.mapper.ProductMapper.insert    : ==>  Preparing: INSERT INTO "product" ( merchant_id, name, description, price, stock, status, low_stock_threshold, created_at, updated_at ) VALUES ( ?, ?, ?, ?, ?, ?, ?, ?, ? )
2026-04-23T18:55:17.224+08:00 DEBUG 21652 --- [           main] c.petshop.mapper.ProductMapper.insert    : ==> Parameters: 167(Integer), Test Product(String), Test product description(String), 49.99(BigDecimal), 100(Integer), enabled(String), 10(Integer), 2026-04-23T18:55:17.224771(LocalDateTime), 2026-04-23T18:55:17.224771(LocalDateTime)
2026-04-23T18:55:17.224+08:00 DEBUG 21652 --- [           main] c.petshop.mapper.ProductMapper.insert    : <==    Updates: 1
2026-04-23T18:55:17.224+08:00 DEBUG 21652 --- [           main] c.petshop.mapper.AddressMapper.insert    : ==>  Preparing: INSERT INTO "address" ( user_id, contact_name, phone, province, city, district, detail_address, is_default, created_at, updated_at ) VALUES ( ?, ?, ?, ?, ?, ?, ?, ?, ?, ? )
2026-04-23T18:55:17.224+08:00 DEBUG 21652 --- [           main] c.petshop.mapper.AddressMapper.insert    : ==> Parameters: 129(Integer), Test Receiver(String), 13900000003(String), Beijing(String), Beijing(String), Chaoyang(String), Test Street 123(String), true(Boolean), 2026-04-23T18:55:17.224920200(LocalDateTime), 2026-04-23T18:55:17.224920200(LocalDateTime)
2026-04-23T18:55:17.224+08:00 DEBUG 21652 --- [           main] c.petshop.mapper.AddressMapper.insert    : <==    Updates: 1
2026-04-23T18:55:17.227+08:00 DEBUG 21652 --- [           main] o.s.security.web.FilterChainProxy        : Securing POST /api/user/pets
2026-04-23T18:55:17.228+08:00 DEBUG 21652 --- [           main] c.p.mapper.UserMapper.selectByPhone      : ==>  Preparing: SELECT * FROM `user` WHERE phone = ?
2026-04-23T18:55:17.228+08:00 DEBUG 21652 --- [           main] c.p.mapper.UserMapper.selectByPhone      : ==> Parameters: 13900000001(String)
2026-04-23T18:55:17.228+08:00 DEBUG 21652 --- [           main] c.p.mapper.UserMapper.selectByPhone      : <==      Total: 1
2026-04-23T18:55:17.228+08:00 DEBUG 21652 --- [           main] o.s.security.web.FilterChainProxy        : Secured POST /api/user/pets
2026-04-23T18:55:17.230+08:00 DEBUG 21652 --- [           main] com.petshop.mapper.PetMapper.insert      : ==>  Preparing: INSERT INTO "pet" ( name, type, breed, age, gender, created_at, updated_at ) VALUES ( ?, ?, ?, ?, ?, ?, ? )
2026-04-23T18:55:17.230+08:00 DEBUG 21652 --- [           main] com.petshop.mapper.PetMapper.insert      : ==> Parameters: New Pet(String), cat(String), Persian(String), 1(Integer), female(String), null, null
2026-04-23T18:55:17.230+08:00 DEBUG 21652 --- [           main] com.petshop.mapper.PetMapper.insert      : <==    Updates: 1

MockHttpServletRequest:
      HTTP Method = POST
      Request URI = /api/user/pets
       Parameters = {}
          Headers = [Content-Type:"application/json;charset=UTF-8", Authorization:"Bearer eyJhbGciOiJIUzUxMiJ9.eyJzdWIiOiIxMzkwMDAwMDAwMSIsImlhdCI6MTc3Njk0MTcxN30.gkZxcWDLygJjh-FKow9xoKx3ItLc5P9t0sJdjcFym3D2Q7--LC4I1_MkoCX3IaVgCZvm8eXG5MqE09S5ZPkeoQ", Content-Length:"178"]
             Body = {"id":null,"userId":null,"name":"New Pet","type":"cat","breed":"Persian","age":1,"gender":"female","avatar":null,"description":null,"createdAt":null,"updatedAt":null,"user":null}
    Session Attrs = {}

Handler:
             Type = com.petshop.controller.api.UserApiController
           Method = com.petshop.controller.api.UserApiController#addPet(Pet)

Async:
    Async started = false
     Async result = null

Resolved Exception:
             Type = null

ModelAndView:
        View name = null
             View = null
            Model = null

FlashMap:
       Attributes = null

MockHttpServletResponse:
           Status = 201
    Error message = null
          Headers = [Vary:"Origin", "Access-Control-Request-Method", "Access-Control-Request-Headers", Content-Type:"application/json", X-Content-Type-Options:"nosniff", X-XSS-Protection:"0", Cache-Control:"no-cache, no-store, max-age=0, must-revalidate", Pragma:"no-cache", Expires:"0", X-Frame-Options:"DENY"]
     Content type = application/json
             Body = {"id":38,"userId":null,"name":"New Pet","type":"cat","breed":"Persian","age":1,"gender":"female","avatar":null,"description":null,"createdAt":null,"updatedAt":null,"user":{"id":129,"username":"testuser","email":"testuser@example.com","password":"$2a$10$OASVR78avR6TW7jhfIUASuPtaIGwrEmWbk9TcCCujtYlMS.9xWGNG","phone":"13900000001","avatar":null,"status":"active","createdAt":"2026-04-23T18:55:17.14321","updatedAt":"2026-04-23T18:55:17.14321"}}
    Forwarded URL = null
   Redirected URL = null
          Cookies = []
2026-04-23T18:55:17.319+08:00 DEBUG 21652 --- [           main] com.petshop.mapper.UserMapper.insert     : ==>  Preparing: INSERT INTO "user" ( username, email, password, phone, status, created_at, updated_at ) VALUES ( ?, ?, ?, ?, ?, ?, ? )
2026-04-23T18:55:17.319+08:00 DEBUG 21652 --- [           main] com.petshop.mapper.UserMapper.insert     : ==> Parameters: testuser(String), testuser@example.com(String), $2a$10$p7637rmm7QAlumzbqwuNRuzm2zKQYiJ/J8MaT1TBxg3DYtsdMhaW6(String), 13900000001(String), active(String), 2026-04-23T18:55:17.319516500(LocalDateTime), 2026-04-23T18:55:17.319516500(LocalDateTime)
2026-04-23T18:55:17.319+08:00 DEBUG 21652 --- [           main] com.petshop.mapper.UserMapper.insert     : <==    Updates: 1
2026-04-23T18:55:17.400+08:00 DEBUG 21652 --- [           main] c.petshop.mapper.MerchantMapper.insert   : ==>  Preparing: INSERT INTO "merchant" ( name, contact_person, phone, email, password, address, status, created_at, updated_at ) VALUES ( ?, ?, ?, ?, ?, ?, ?, ?, ? )
2026-04-23T18:55:17.400+08:00 DEBUG 21652 --- [           main] c.petshop.mapper.MerchantMapper.insert   : ==> Parameters: Test Merchant(String), Test Contact(String), 13900000002(String), merchant@example.com(String), $2a$10$4pzVMKPyIrgFaR5PPvNc0OObb4slIpK1Ok.DdMS/Mcs3iszF1cOYG(String), Test Address 123(String), approved(String), 2026-04-23T18:55:17.400108900(LocalDateTime), 2026-04-23T18:55:17.400108900(LocalDateTime)
2026-04-23T18:55:17.401+08:00 DEBUG 21652 --- [           main] c.petshop.mapper.MerchantMapper.insert   : <==    Updates: 1
2026-04-23T18:55:17.401+08:00 DEBUG 21652 --- [           main] c.petshop.mapper.ServiceMapper.insert    : ==>  Preparing: INSERT INTO "service" ( merchant_id, name, description, price, duration, category, status, created_at, updated_at ) VALUES ( ?, ?, ?, ?, ?, ?, ?, ?, ? )
2026-04-23T18:55:17.401+08:00 DEBUG 21652 --- [           main] c.petshop.mapper.ServiceMapper.insert    : ==> Parameters: 168(Integer), Test Pet Grooming(String), Professional pet grooming service(String), 99.99(BigDecimal), 60(Integer), grooming(String), enabled(String), 2026-04-23T18:55:17.401221900(LocalDateTime), 2026-04-23T18:55:17.401221900(LocalDateTime)
2026-04-23T18:55:17.401+08:00 DEBUG 21652 --- [           main] c.petshop.mapper.ServiceMapper.insert    : <==    Updates: 1
2026-04-23T18:55:17.401+08:00 DEBUG 21652 --- [           main] com.petshop.mapper.PetMapper.insert      : ==>  Preparing: INSERT INTO "pet" ( user_id, name, type, breed, age, gender, created_at, updated_at ) VALUES ( ?, ?, ?, ?, ?, ?, ?, ? )
2026-04-23T18:55:17.401+08:00 DEBUG 21652 --- [           main] com.petshop.mapper.PetMapper.insert      : ==> Parameters: 130(Integer), Test Pet(String), dog(String), Golden Retriever(String), 2(Integer), male(String), 2026-04-23T18:55:17.401537900(LocalDateTime), 2026-04-23T18:55:17.401537900(LocalDateTime)
2026-04-23T18:55:17.401+08:00 DEBUG 21652 --- [           main] com.petshop.mapper.PetMapper.insert      : <==    Updates: 1
2026-04-23T18:55:17.401+08:00 DEBUG 21652 --- [           main] c.petshop.mapper.ProductMapper.insert    : ==>  Preparing: INSERT INTO "product" ( merchant_id, name, description, price, stock, status, low_stock_threshold, created_at, updated_at ) VALUES ( ?, ?, ?, ?, ?, ?, ?, ?, ? )
2026-04-23T18:55:17.401+08:00 DEBUG 21652 --- [           main] c.petshop.mapper.ProductMapper.insert    : ==> Parameters: 168(Integer), Test Product(String), Test product description(String), 49.99(BigDecimal), 100(Integer), enabled(String), 10(Integer), 2026-04-23T18:55:17.401635500(LocalDateTime), 2026-04-23T18:55:17.401635500(LocalDateTime)
2026-04-23T18:55:17.402+08:00 DEBUG 21652 --- [           main] c.petshop.mapper.ProductMapper.insert    : <==    Updates: 1
2026-04-23T18:55:17.402+08:00 DEBUG 21652 --- [           main] c.petshop.mapper.AddressMapper.insert    : ==>  Preparing: INSERT INTO "address" ( user_id, contact_name, phone, province, city, district, detail_address, is_default, created_at, updated_at ) VALUES ( ?, ?, ?, ?, ?, ?, ?, ?, ?, ? )
2026-04-23T18:55:17.402+08:00 DEBUG 21652 --- [           main] c.petshop.mapper.AddressMapper.insert    : ==> Parameters: 130(Integer), Test Receiver(String), 13900000003(String), Beijing(String), Beijing(String), Chaoyang(String), Test Street 123(String), true(Boolean), 2026-04-23T18:55:17.402071900(LocalDateTime), 2026-04-23T18:55:17.402071900(LocalDateTime)
2026-04-23T18:55:17.402+08:00 DEBUG 21652 --- [           main] c.petshop.mapper.AddressMapper.insert    : <==    Updates: 1
2026-04-23T18:55:17.403+08:00 DEBUG 21652 --- [           main] o.s.security.web.FilterChainProxy        : Securing GET /api/user/pets/99999
2026-04-23T18:55:17.403+08:00 DEBUG 21652 --- [           main] c.p.mapper.UserMapper.selectByPhone      : ==>  Preparing: SELECT * FROM `user` WHERE phone = ?
2026-04-23T18:55:17.403+08:00 DEBUG 21652 --- [           main] c.p.mapper.UserMapper.selectByPhone      : ==> Parameters: 13900000001(String)
2026-04-23T18:55:17.404+08:00 DEBUG 21652 --- [           main] c.p.mapper.UserMapper.selectByPhone      : <==      Total: 1
2026-04-23T18:55:17.404+08:00 DEBUG 21652 --- [           main] o.s.security.web.FilterChainProxy        : Secured GET /api/user/pets/99999
2026-04-23T18:55:17.404+08:00 DEBUG 21652 --- [           main] c.petshop.mapper.PetMapper.selectById    : ==>  Preparing: SELECT id,user_id,name,type,breed,age,gender,avatar,description,created_at,updated_at FROM "pet" WHERE id=?
2026-04-23T18:55:17.404+08:00 DEBUG 21652 --- [           main] c.petshop.mapper.PetMapper.selectById    : ==> Parameters: 99999(Integer)
2026-04-23T18:55:17.404+08:00 DEBUG 21652 --- [           main] c.petshop.mapper.PetMapper.selectById    : <==      Total: 0

MockHttpServletRequest:
      HTTP Method = GET
      Request URI = /api/user/pets/99999
       Parameters = {}
          Headers = [Authorization:"Bearer eyJhbGciOiJIUzUxMiJ9.eyJzdWIiOiIxMzkwMDAwMDAwMSIsImlhdCI6MTc3Njk0MTcxN30.gkZxcWDLygJjh-FKow9xoKx3ItLc5P9t0sJdjcFym3D2Q7--LC4I1_MkoCX3IaVgCZvm8eXG5MqE09S5ZPkeoQ"]
             Body = null
    Session Attrs = {}

Handler:
             Type = com.petshop.controller.api.UserApiController
           Method = com.petshop.controller.api.UserApiController#getPetById(Integer)

Async:
    Async started = false
     Async result = null

Resolved Exception:
             Type = null

ModelAndView:
        View name = null
             View = null
            Model = null

FlashMap:
       Attributes = null

MockHttpServletResponse:
           Status = 404
    Error message = null
          Headers = [Vary:"Origin", "Access-Control-Request-Method", "Access-Control-Request-Headers", X-Content-Type-Options:"nosniff", X-XSS-Protection:"0", Cache-Control:"no-cache, no-store, max-age=0, must-revalidate", Pragma:"no-cache", Expires:"0", X-Frame-Options:"DENY"]
     Content type = null
             Body = 
    Forwarded URL = null
   Redirected URL = null
          Cookies = []
2026-04-23T18:55:17.492+08:00 DEBUG 21652 --- [           main] com.petshop.mapper.UserMapper.insert     : ==>  Preparing: INSERT INTO "user" ( username, email, password, phone, status, created_at, updated_at ) VALUES ( ?, ?, ?, ?, ?, ?, ? )
2026-04-23T18:55:17.492+08:00 DEBUG 21652 --- [           main] com.petshop.mapper.UserMapper.insert     : ==> Parameters: testuser(String), testuser@example.com(String), $2a$10$etB/IeEOKSjhqE7Thnmdd.RgcbZ1a1Ufq1QJbPiQ5blFSbbZIfMUi(String), 13900000001(String), active(String), 2026-04-23T18:55:17.492141500(LocalDateTime), 2026-04-23T18:55:17.492141500(LocalDateTime)
2026-04-23T18:55:17.492+08:00 DEBUG 21652 --- [           main] com.petshop.mapper.UserMapper.insert     : <==    Updates: 1
2026-04-23T18:55:17.573+08:00 DEBUG 21652 --- [           main] c.petshop.mapper.MerchantMapper.insert   : ==>  Preparing: INSERT INTO "merchant" ( name, contact_person, phone, email, password, address, status, created_at, updated_at ) VALUES ( ?, ?, ?, ?, ?, ?, ?, ?, ? )
2026-04-23T18:55:17.573+08:00 DEBUG 21652 --- [           main] c.petshop.mapper.MerchantMapper.insert   : ==> Parameters: Test Merchant(String), Test Contact(String), 13900000002(String), merchant@example.com(String), $2a$10$Z6k9Z9A5HGbAbDgw6M0XG.e6vk9fo45mQEWIYuYCOCcV7nzUMgloC(String), Test Address 123(String), approved(String), 2026-04-23T18:55:17.573281100(LocalDateTime), 2026-04-23T18:55:17.573281100(LocalDateTime)
2026-04-23T18:55:17.573+08:00 DEBUG 21652 --- [           main] c.petshop.mapper.MerchantMapper.insert   : <==    Updates: 1
2026-04-23T18:55:17.573+08:00 DEBUG 21652 --- [           main] c.petshop.mapper.ServiceMapper.insert    : ==>  Preparing: INSERT INTO "service" ( merchant_id, name, description, price, duration, category, status, created_at, updated_at ) VALUES ( ?, ?, ?, ?, ?, ?, ?, ?, ? )
2026-04-23T18:55:17.573+08:00 DEBUG 21652 --- [           main] c.petshop.mapper.ServiceMapper.insert    : ==> Parameters: 169(Integer), Test Pet Grooming(String), Professional pet grooming service(String), 99.99(BigDecimal), 60(Integer), grooming(String), enabled(String), 2026-04-23T18:55:17.573281100(LocalDateTime), 2026-04-23T18:55:17.573281100(LocalDateTime)
2026-04-23T18:55:17.573+08:00 DEBUG 21652 --- [           main] c.petshop.mapper.ServiceMapper.insert    : <==    Updates: 1
2026-04-23T18:55:17.573+08:00 DEBUG 21652 --- [           main] com.petshop.mapper.PetMapper.insert      : ==>  Preparing: INSERT INTO "pet" ( user_id, name, type, breed, age, gender, created_at, updated_at ) VALUES ( ?, ?, ?, ?, ?, ?, ?, ? )
2026-04-23T18:55:17.573+08:00 DEBUG 21652 --- [           main] com.petshop.mapper.PetMapper.insert      : ==> Parameters: 131(Integer), Test Pet(String), dog(String), Golden Retriever(String), 2(Integer), male(String), 2026-04-23T18:55:17.573281100(LocalDateTime), 2026-04-23T18:55:17.573281100(LocalDateTime)
2026-04-23T18:55:17.574+08:00 DEBUG 21652 --- [           main] com.petshop.mapper.PetMapper.insert      : <==    Updates: 1
2026-04-23T18:55:17.574+08:00 DEBUG 21652 --- [           main] c.petshop.mapper.ProductMapper.insert    : ==>  Preparing: INSERT INTO "product" ( merchant_id, name, description, price, stock, status, low_stock_threshold, created_at, updated_at ) VALUES ( ?, ?, ?, ?, ?, ?, ?, ?, ? )
2026-04-23T18:55:17.574+08:00 DEBUG 21652 --- [           main] c.petshop.mapper.ProductMapper.insert    : ==> Parameters: 169(Integer), Test Product(String), Test product description(String), 49.99(BigDecimal), 100(Integer), enabled(String), 10(Integer), 2026-04-23T18:55:17.574280800(LocalDateTime), 2026-04-23T18:55:17.574280800(LocalDateTime)
2026-04-23T18:55:17.574+08:00 DEBUG 21652 --- [           main] c.petshop.mapper.ProductMapper.insert    : <==    Updates: 1
2026-04-23T18:55:17.574+08:00 DEBUG 21652 --- [           main] c.petshop.mapper.AddressMapper.insert    : ==>  Preparing: INSERT INTO "address" ( user_id, contact_name, phone, province, city, district, detail_address, is_default, created_at, updated_at ) VALUES ( ?, ?, ?, ?, ?, ?, ?, ?, ?, ? )
2026-04-23T18:55:17.574+08:00 DEBUG 21652 --- [           main] c.petshop.mapper.AddressMapper.insert    : ==> Parameters: 131(Integer), Test Receiver(String), 13900000003(String), Beijing(String), Beijing(String), Chaoyang(String), Test Street 123(String), true(Boolean), 2026-04-23T18:55:17.574280800(LocalDateTime), 2026-04-23T18:55:17.574280800(LocalDateTime)
2026-04-23T18:55:17.574+08:00 DEBUG 21652 --- [           main] c.petshop.mapper.AddressMapper.insert    : <==    Updates: 1
2026-04-23T18:55:17.575+08:00 DEBUG 21652 --- [           main] o.s.security.web.FilterChainProxy        : Securing GET /api/user/pets
2026-04-23T18:55:17.575+08:00 DEBUG 21652 --- [           main] c.p.mapper.UserMapper.selectByPhone      : ==>  Preparing: SELECT * FROM `user` WHERE phone = ?
2026-04-23T18:55:17.576+08:00 DEBUG 21652 --- [           main] c.p.mapper.UserMapper.selectByPhone      : ==> Parameters: 13900000001(String)
2026-04-23T18:55:17.576+08:00 DEBUG 21652 --- [           main] c.p.mapper.UserMapper.selectByPhone      : <==      Total: 1
2026-04-23T18:55:17.576+08:00 DEBUG 21652 --- [           main] o.s.security.web.FilterChainProxy        : Secured GET /api/user/pets
2026-04-23T18:55:17.577+08:00 DEBUG 21652 --- [           main] c.petshop.mapper.PetMapper.selectList    : ==>  Preparing: SELECT id,user_id,name,type,breed,age,gender,avatar,description,created_at,updated_at FROM "pet" WHERE (user_id = ?)
2026-04-23T18:55:17.578+08:00 DEBUG 21652 --- [           main] c.petshop.mapper.PetMapper.selectList    : ==> Parameters: 131(Integer)
2026-04-23T18:55:17.578+08:00 DEBUG 21652 --- [           main] c.petshop.mapper.PetMapper.selectList    : <==      Total: 1

MockHttpServletRequest:
      HTTP Method = GET
      Request URI = /api/user/pets
       Parameters = {}
          Headers = [Authorization:"Bearer eyJhbGciOiJIUzUxMiJ9.eyJzdWIiOiIxMzkwMDAwMDAwMSIsImlhdCI6MTc3Njk0MTcxN30.gkZxcWDLygJjh-FKow9xoKx3ItLc5P9t0sJdjcFym3D2Q7--LC4I1_MkoCX3IaVgCZvm8eXG5MqE09S5ZPkeoQ"]
             Body = null
    Session Attrs = {}

Handler:
             Type = com.petshop.controller.api.UserApiController
           Method = com.petshop.controller.api.UserApiController#getPets()

Async:
    Async started = false
     Async result = null

Resolved Exception:
             Type = null

ModelAndView:
        View name = null
             View = null
            Model = null

FlashMap:
       Attributes = null

MockHttpServletResponse:
           Status = 200
    Error message = null
          Headers = [Vary:"Origin", "Access-Control-Request-Method", "Access-Control-Request-Headers", Content-Type:"application/json", X-Content-Type-Options:"nosniff", X-XSS-Protection:"0", Cache-Control:"no-cache, no-store, max-age=0, must-revalidate", Pragma:"no-cache", Expires:"0", X-Frame-Options:"DENY"]
     Content type = application/json
             Body = {"code":200,"message":"success","data":[{"id":40,"userId":131,"name":"Test Pet","type":"dog","breed":"Golden Retriever","age":2,"gender":"male","avatar":null,"description":null,"createdAt":"2026-04-23T18:55:17.573281","updatedAt":"2026-04-23T18:55:17.573281","user":null}]}
    Forwarded URL = null
   Redirected URL = null
          Cookies = []
2026-04-23T18:55:17.663+08:00 DEBUG 21652 --- [           main] com.petshop.mapper.UserMapper.insert     : ==>  Preparing: INSERT INTO "user" ( username, email, password, phone, status, created_at, updated_at ) VALUES ( ?, ?, ?, ?, ?, ?, ? )
2026-04-23T18:55:17.664+08:00 DEBUG 21652 --- [           main] com.petshop.mapper.UserMapper.insert     : ==> Parameters: testuser(String), testuser@example.com(String), $2a$10$FNdaX/MkWBtvRHyS1x.7qedfplOcZkhkoxtTEn4frL9wFb1EWtorW(String), 13900000001(String), active(String), 2026-04-23T18:55:17.663462900(LocalDateTime), 2026-04-23T18:55:17.663462900(LocalDateTime)
2026-04-23T18:55:17.664+08:00 DEBUG 21652 --- [           main] com.petshop.mapper.UserMapper.insert     : <==    Updates: 1
2026-04-23T18:55:17.743+08:00 DEBUG 21652 --- [           main] c.petshop.mapper.MerchantMapper.insert   : ==>  Preparing: INSERT INTO "merchant" ( name, contact_person, phone, email, password, address, status, created_at, updated_at ) VALUES ( ?, ?, ?, ?, ?, ?, ?, ?, ? )
2026-04-23T18:55:17.743+08:00 DEBUG 21652 --- [           main] c.petshop.mapper.MerchantMapper.insert   : ==> Parameters: Test Merchant(String), Test Contact(String), 13900000002(String), merchant@example.com(String), $2a$10$cR1UEjVOy/BunKbEV3vzq.Lnr0IKrjbWqMUiERiRb6tSeADpjplo.(String), Test Address 123(String), approved(String), 2026-04-23T18:55:17.743941100(LocalDateTime), 2026-04-23T18:55:17.743941100(LocalDateTime)
2026-04-23T18:55:17.743+08:00 DEBUG 21652 --- [           main] c.petshop.mapper.MerchantMapper.insert   : <==    Updates: 1
2026-04-23T18:55:17.744+08:00 DEBUG 21652 --- [           main] c.petshop.mapper.ServiceMapper.insert    : ==>  Preparing: INSERT INTO "service" ( merchant_id, name, description, price, duration, category, status, created_at, updated_at ) VALUES ( ?, ?, ?, ?, ?, ?, ?, ?, ? )
2026-04-23T18:55:17.744+08:00 DEBUG 21652 --- [           main] c.petshop.mapper.ServiceMapper.insert    : ==> Parameters: 170(Integer), Test Pet Grooming(String), Professional pet grooming service(String), 99.99(BigDecimal), 60(Integer), grooming(String), enabled(String), 2026-04-23T18:55:17.744937(LocalDateTime), 2026-04-23T18:55:17.744937(LocalDateTime)
2026-04-23T18:55:17.744+08:00 DEBUG 21652 --- [           main] c.petshop.mapper.ServiceMapper.insert    : <==    Updates: 1
2026-04-23T18:55:17.744+08:00 DEBUG 21652 --- [           main] com.petshop.mapper.PetMapper.insert      : ==>  Preparing: INSERT INTO "pet" ( user_id, name, type, breed, age, gender, created_at, updated_at ) VALUES ( ?, ?, ?, ?, ?, ?, ?, ? )
2026-04-23T18:55:17.744+08:00 DEBUG 21652 --- [           main] com.petshop.mapper.PetMapper.insert      : ==> Parameters: 132(Integer), Test Pet(String), dog(String), Golden Retriever(String), 2(Integer), male(String), 2026-04-23T18:55:17.744937(LocalDateTime), 2026-04-23T18:55:17.744937(LocalDateTime)
2026-04-23T18:55:17.744+08:00 DEBUG 21652 --- [           main] com.petshop.mapper.PetMapper.insert      : <==    Updates: 1
2026-04-23T18:55:17.744+08:00 DEBUG 21652 --- [           main] c.petshop.mapper.ProductMapper.insert    : ==>  Preparing: INSERT INTO "product" ( merchant_id, name, description, price, stock, status, low_stock_threshold, created_at, updated_at ) VALUES ( ?, ?, ?, ?, ?, ?, ?, ?, ? )
2026-04-23T18:55:17.744+08:00 DEBUG 21652 --- [           main] c.petshop.mapper.ProductMapper.insert    : ==> Parameters: 170(Integer), Test Product(String), Test product description(String), 49.99(BigDecimal), 100(Integer), enabled(String), 10(Integer), 2026-04-23T18:55:17.744937(LocalDateTime), 2026-04-23T18:55:17.744937(LocalDateTime)
2026-04-23T18:55:17.744+08:00 DEBUG 21652 --- [           main] c.petshop.mapper.ProductMapper.insert    : <==    Updates: 1
2026-04-23T18:55:17.744+08:00 DEBUG 21652 --- [           main] c.petshop.mapper.AddressMapper.insert    : ==>  Preparing: INSERT INTO "address" ( user_id, contact_name, phone, province, city, district, detail_address, is_default, created_at, updated_at ) VALUES ( ?, ?, ?, ?, ?, ?, ?, ?, ?, ? )
2026-04-23T18:55:17.744+08:00 DEBUG 21652 --- [           main] c.petshop.mapper.AddressMapper.insert    : ==> Parameters: 132(Integer), Test Receiver(String), 13900000003(String), Beijing(String), Beijing(String), Chaoyang(String), Test Street 123(String), true(Boolean), 2026-04-23T18:55:17.744937(LocalDateTime), 2026-04-23T18:55:17.744937(LocalDateTime)
2026-04-23T18:55:17.744+08:00 DEBUG 21652 --- [           main] c.petshop.mapper.AddressMapper.insert    : <==    Updates: 1
2026-04-23T18:55:17.745+08:00 DEBUG 21652 --- [           main] o.s.security.web.FilterChainProxy        : Securing PUT /api/user/pets/41
2026-04-23T18:55:17.746+08:00 DEBUG 21652 --- [           main] c.p.mapper.UserMapper.selectByPhone      : ==>  Preparing: SELECT * FROM `user` WHERE phone = ?
2026-04-23T18:55:17.746+08:00 DEBUG 21652 --- [           main] c.p.mapper.UserMapper.selectByPhone      : ==> Parameters: 13900000001(String)
2026-04-23T18:55:17.746+08:00 DEBUG 21652 --- [           main] c.p.mapper.UserMapper.selectByPhone      : <==      Total: 1
2026-04-23T18:55:17.746+08:00 DEBUG 21652 --- [           main] o.s.security.web.FilterChainProxy        : Secured PUT /api/user/pets/41
2026-04-23T18:55:17.747+08:00 DEBUG 21652 --- [           main] c.petshop.mapper.PetMapper.selectById    : ==>  Preparing: SELECT id,user_id,name,type,breed,age,gender,avatar,description,created_at,updated_at FROM "pet" WHERE id=?
2026-04-23T18:55:17.747+08:00 DEBUG 21652 --- [           main] c.petshop.mapper.PetMapper.selectById    : ==> Parameters: 41(Integer)
2026-04-23T18:55:17.747+08:00 DEBUG 21652 --- [           main] c.petshop.mapper.PetMapper.selectById    : <==      Total: 1
2026-04-23T18:55:17.748+08:00 DEBUG 21652 --- [           main] c.petshop.mapper.PetMapper.updateById    : ==>  Preparing: UPDATE "pet" SET name=?, type=?, breed=?, age=?, gender=?, updated_at=? WHERE id=?
2026-04-23T18:55:17.748+08:00 DEBUG 21652 --- [           main] c.petshop.mapper.PetMapper.updateById    : ==> Parameters: Updated Pet(String), dog(String), Labrador(String), 3(Integer), male(String), null, 41(Integer)
2026-04-23T18:55:17.748+08:00 DEBUG 21652 --- [           main] c.petshop.mapper.PetMapper.updateById    : <==    Updates: 1

MockHttpServletRequest:
      HTTP Method = PUT
      Request URI = /api/user/pets/41
       Parameters = {}
          Headers = [Content-Type:"application/json;charset=UTF-8", Authorization:"Bearer eyJhbGciOiJIUzUxMiJ9.eyJzdWIiOiIxMzkwMDAwMDAwMSIsImlhdCI6MTc3Njk0MTcxN30.gkZxcWDLygJjh-FKow9xoKx3ItLc5P9t0sJdjcFym3D2Q7--LC4I1_MkoCX3IaVgCZvm8eXG5MqE09S5ZPkeoQ", Content-Length:"181"]
             Body = {"id":null,"userId":null,"name":"Updated Pet","type":"dog","breed":"Labrador","age":3,"gender":"male","avatar":null,"description":null,"createdAt":null,"updatedAt":null,"user":null}
    Session Attrs = {}

Handler:
             Type = com.petshop.controller.api.UserApiController
           Method = com.petshop.controller.api.UserApiController#updatePet(Integer, Pet)

Async:
    Async started = false
     Async result = null

Resolved Exception:
             Type = null

ModelAndView:
        View name = null
             View = null
            Model = null

FlashMap:
       Attributes = null

MockHttpServletResponse:
           Status = 200
    Error message = null
          Headers = [Vary:"Origin", "Access-Control-Request-Method", "Access-Control-Request-Headers", Content-Type:"application/json", X-Content-Type-Options:"nosniff", X-XSS-Protection:"0", Cache-Control:"no-cache, no-store, max-age=0, must-revalidate", Pragma:"no-cache", Expires:"0", X-Frame-Options:"DENY"]
     Content type = application/json
             Body = {"id":41,"userId":null,"name":"Updated Pet","type":"dog","breed":"Labrador","age":3,"gender":"male","avatar":null,"description":null,"createdAt":null,"updatedAt":null,"user":{"id":132,"username":"testuser","email":"testuser@example.com","password":"$2a$10$FNdaX/MkWBtvRHyS1x.7qedfplOcZkhkoxtTEn4frL9wFb1EWtorW","phone":"13900000001","avatar":null,"status":"active","createdAt":"2026-04-23T18:55:17.663463","updatedAt":"2026-04-23T18:55:17.663463"}}
    Forwarded URL = null
   Redirected URL = null
          Cookies = []
2026-04-23T18:55:17.845+08:00 DEBUG 21652 --- [           main] com.petshop.mapper.UserMapper.insert     : ==>  Preparing: INSERT INTO "user" ( username, email, password, phone, status, created_at, updated_at ) VALUES ( ?, ?, ?, ?, ?, ?, ? )
2026-04-23T18:55:17.845+08:00 DEBUG 21652 --- [           main] com.petshop.mapper.UserMapper.insert     : ==> Parameters: testuser(String), testuser@example.com(String), $2a$10$PI8KA2me2Fe15yJvB.Tq0uqzYvM47xHtEarV4w9j.SEAGKLJkgY8W(String), 13900000001(String), active(String), 2026-04-23T18:55:17.845094100(LocalDateTime), 2026-04-23T18:55:17.845094100(LocalDateTime)
2026-04-23T18:55:17.845+08:00 DEBUG 21652 --- [           main] com.petshop.mapper.UserMapper.insert     : <==    Updates: 1
2026-04-23T18:55:17.926+08:00 DEBUG 21652 --- [           main] c.petshop.mapper.MerchantMapper.insert   : ==>  Preparing: INSERT INTO "merchant" ( name, contact_person, phone, email, password, address, status, created_at, updated_at ) VALUES ( ?, ?, ?, ?, ?, ?, ?, ?, ? )
2026-04-23T18:55:17.926+08:00 DEBUG 21652 --- [           main] c.petshop.mapper.MerchantMapper.insert   : ==> Parameters: Test Merchant(String), Test Contact(String), 13900000002(String), merchant@example.com(String), $2a$10$q.1nJenwcjfFcy/bx1dmN.rFqS18fG3s50uiE9LtNHDvi946E5ngG(String), Test Address 123(String), approved(String), 2026-04-23T18:55:17.925580500(LocalDateTime), 2026-04-23T18:55:17.925580500(LocalDateTime)
2026-04-23T18:55:17.926+08:00 DEBUG 21652 --- [           main] c.petshop.mapper.MerchantMapper.insert   : <==    Updates: 1
2026-04-23T18:55:17.926+08:00 DEBUG 21652 --- [           main] c.petshop.mapper.ServiceMapper.insert    : ==>  Preparing: INSERT INTO "service" ( merchant_id, name, description, price, duration, category, status, created_at, updated_at ) VALUES ( ?, ?, ?, ?, ?, ?, ?, ?, ? )
2026-04-23T18:55:17.926+08:00 DEBUG 21652 --- [           main] c.petshop.mapper.ServiceMapper.insert    : ==> Parameters: 171(Integer), Test Pet Grooming(String), Professional pet grooming service(String), 99.99(BigDecimal), 60(Integer), grooming(String), enabled(String), 2026-04-23T18:55:17.926581600(LocalDateTime), 2026-04-23T18:55:17.926581600(LocalDateTime)
2026-04-23T18:55:17.926+08:00 DEBUG 21652 --- [           main] c.petshop.mapper.ServiceMapper.insert    : <==    Updates: 1
2026-04-23T18:55:17.926+08:00 DEBUG 21652 --- [           main] com.petshop.mapper.PetMapper.insert      : ==>  Preparing: INSERT INTO "pet" ( user_id, name, type, breed, age, gender, created_at, updated_at ) VALUES ( ?, ?, ?, ?, ?, ?, ?, ? )
2026-04-23T18:55:17.926+08:00 DEBUG 21652 --- [           main] com.petshop.mapper.PetMapper.insert      : ==> Parameters: 133(Integer), Test Pet(String), dog(String), Golden Retriever(String), 2(Integer), male(String), 2026-04-23T18:55:17.926581600(LocalDateTime), 2026-04-23T18:55:17.926581600(LocalDateTime)
2026-04-23T18:55:17.926+08:00 DEBUG 21652 --- [           main] com.petshop.mapper.PetMapper.insert      : <==    Updates: 1
2026-04-23T18:55:17.926+08:00 DEBUG 21652 --- [           main] c.petshop.mapper.ProductMapper.insert    : ==>  Preparing: INSERT INTO "product" ( merchant_id, name, description, price, stock, status, low_stock_threshold, created_at, updated_at ) VALUES ( ?, ?, ?, ?, ?, ?, ?, ?, ? )
2026-04-23T18:55:17.926+08:00 DEBUG 21652 --- [           main] c.petshop.mapper.ProductMapper.insert    : ==> Parameters: 171(Integer), Test Product(String), Test product description(String), 49.99(BigDecimal), 100(Integer), enabled(String), 10(Integer), 2026-04-23T18:55:17.926581600(LocalDateTime), 2026-04-23T18:55:17.926581600(LocalDateTime)
2026-04-23T18:55:17.927+08:00 DEBUG 21652 --- [           main] c.petshop.mapper.ProductMapper.insert    : <==    Updates: 1
2026-04-23T18:55:17.927+08:00 DEBUG 21652 --- [           main] c.petshop.mapper.AddressMapper.insert    : ==>  Preparing: INSERT INTO "address" ( user_id, contact_name, phone, province, city, district, detail_address, is_default, created_at, updated_at ) VALUES ( ?, ?, ?, ?, ?, ?, ?, ?, ?, ? )
2026-04-23T18:55:17.927+08:00 DEBUG 21652 --- [           main] c.petshop.mapper.AddressMapper.insert    : ==> Parameters: 133(Integer), Test Receiver(String), 13900000003(String), Beijing(String), Beijing(String), Chaoyang(String), Test Street 123(String), true(Boolean), 2026-04-23T18:55:17.927583600(LocalDateTime), 2026-04-23T18:55:17.927583600(LocalDateTime)
2026-04-23T18:55:17.927+08:00 DEBUG 21652 --- [           main] c.petshop.mapper.AddressMapper.insert    : <==    Updates: 1
2026-04-23T18:55:17.928+08:00 DEBUG 21652 --- [           main] o.s.security.web.FilterChainProxy        : Securing GET /api/user/pets/42
2026-04-23T18:55:17.928+08:00 DEBUG 21652 --- [           main] c.p.mapper.UserMapper.selectByPhone      : ==>  Preparing: SELECT * FROM `user` WHERE phone = ?
2026-04-23T18:55:17.929+08:00 DEBUG 21652 --- [           main] c.p.mapper.UserMapper.selectByPhone      : ==> Parameters: 13900000001(String)
2026-04-23T18:55:17.929+08:00 DEBUG 21652 --- [           main] c.p.mapper.UserMapper.selectByPhone      : <==      Total: 1
2026-04-23T18:55:17.929+08:00 DEBUG 21652 --- [           main] o.s.security.web.FilterChainProxy        : Secured GET /api/user/pets/42
2026-04-23T18:55:17.930+08:00 DEBUG 21652 --- [           main] c.petshop.mapper.PetMapper.selectById    : ==>  Preparing: SELECT id,user_id,name,type,breed,age,gender,avatar,description,created_at,updated_at FROM "pet" WHERE id=?
2026-04-23T18:55:17.930+08:00 DEBUG 21652 --- [           main] c.petshop.mapper.PetMapper.selectById    : ==> Parameters: 42(Integer)
2026-04-23T18:55:17.930+08:00 DEBUG 21652 --- [           main] c.petshop.mapper.PetMapper.selectById    : <==      Total: 1

MockHttpServletRequest:
      HTTP Method = GET
      Request URI = /api/user/pets/42
       Parameters = {}
          Headers = [Authorization:"Bearer eyJhbGciOiJIUzUxMiJ9.eyJzdWIiOiIxMzkwMDAwMDAwMSIsImlhdCI6MTc3Njk0MTcxN30.gkZxcWDLygJjh-FKow9xoKx3ItLc5P9t0sJdjcFym3D2Q7--LC4I1_MkoCX3IaVgCZvm8eXG5MqE09S5ZPkeoQ"]
             Body = null
    Session Attrs = {}

Handler:
             Type = com.petshop.controller.api.UserApiController
           Method = com.petshop.controller.api.UserApiController#getPetById(Integer)

Async:
    Async started = false
     Async result = null

Resolved Exception:
             Type = null

ModelAndView:
        View name = null
             View = null
            Model = null

FlashMap:
       Attributes = null

MockHttpServletResponse:
           Status = 200
    Error message = null
          Headers = [Vary:"Origin", "Access-Control-Request-Method", "Access-Control-Request-Headers", Content-Type:"application/json", X-Content-Type-Options:"nosniff", X-XSS-Protection:"0", Cache-Control:"no-cache, no-store, max-age=0, must-revalidate", Pragma:"no-cache", Expires:"0", X-Frame-Options:"DENY"]
     Content type = application/json
             Body = {"id":42,"userId":133,"name":"Test Pet","type":"dog","breed":"Golden Retriever","age":2,"gender":"male","avatar":null,"description":null,"createdAt":"2026-04-23T18:55:17.926582","updatedAt":"2026-04-23T18:55:17.926582","user":null}
    Forwarded URL = null
   Redirected URL = null
          Cookies = []
[INFO] Tests run: 7, Failures: 0, Errors: 0, Skipped: 0, Time elapsed: 1.232 s -- in com.petshop.controller.UserApiControllerTest$PetApiTests
[INFO] Running com.petshop.controller.UserApiControllerTest$ProfileApiTests
2026-04-23T18:55:17.936+08:00  INFO 21652 --- [           main] t.c.s.AnnotationConfigContextLoaderUtils : Could not detect default configuration classes for test class [com.petshop.controller.UserApiControllerTest$ProfileApiTests]: ProfileApiTests does not declare any static, non-private, non-final, nested classes annotated with @Configuration.
2026-04-23T18:55:17.939+08:00  INFO 21652 --- [           main] .b.t.c.SpringBootTestContextBootstrapper : Found @SpringBootConfiguration com.petshop.PetManagementSystemApplication for test class com.petshop.controller.UserApiControllerTest$ProfileApiTests
2026-04-23T18:55:18.024+08:00 DEBUG 21652 --- [           main] com.petshop.mapper.UserMapper.insert     : ==>  Preparing: INSERT INTO "user" ( username, email, password, phone, status, created_at, updated_at ) VALUES ( ?, ?, ?, ?, ?, ?, ? )
2026-04-23T18:55:18.024+08:00 DEBUG 21652 --- [           main] com.petshop.mapper.UserMapper.insert     : ==> Parameters: testuser(String), testuser@example.com(String), $2a$10$qTcGX2DKaXrBqEjYfCYppemSN9V7TAOOIlXGP6zHoG2KT8.HwSGei(String), 13900000001(String), active(String), 2026-04-23T18:55:18.024029900(LocalDateTime), 2026-04-23T18:55:18.024029900(LocalDateTime)
2026-04-23T18:55:18.024+08:00 DEBUG 21652 --- [           main] com.petshop.mapper.UserMapper.insert     : <==    Updates: 1
2026-04-23T18:55:18.104+08:00 DEBUG 21652 --- [           main] c.petshop.mapper.MerchantMapper.insert   : ==>  Preparing: INSERT INTO "merchant" ( name, contact_person, phone, email, password, address, status, created_at, updated_at ) VALUES ( ?, ?, ?, ?, ?, ?, ?, ?, ? )
2026-04-23T18:55:18.104+08:00 DEBUG 21652 --- [           main] c.petshop.mapper.MerchantMapper.insert   : ==> Parameters: Test Merchant(String), Test Contact(String), 13900000002(String), merchant@example.com(String), $2a$10$Q6d2Xb.K9ujUkQWZEOegJuvvRt.0mF.zNIOdRkMXiYKCTow7dMvLa(String), Test Address 123(String), approved(String), 2026-04-23T18:55:18.104913400(LocalDateTime), 2026-04-23T18:55:18.104913400(LocalDateTime)
2026-04-23T18:55:18.104+08:00 DEBUG 21652 --- [           main] c.petshop.mapper.MerchantMapper.insert   : <==    Updates: 1
2026-04-23T18:55:18.104+08:00 DEBUG 21652 --- [           main] c.petshop.mapper.ServiceMapper.insert    : ==>  Preparing: INSERT INTO "service" ( merchant_id, name, description, price, duration, category, status, created_at, updated_at ) VALUES ( ?, ?, ?, ?, ?, ?, ?, ?, ? )
2026-04-23T18:55:18.104+08:00 DEBUG 21652 --- [           main] c.petshop.mapper.ServiceMapper.insert    : ==> Parameters: 172(Integer), Test Pet Grooming(String), Professional pet grooming service(String), 99.99(BigDecimal), 60(Integer), grooming(String), enabled(String), 2026-04-23T18:55:18.104913400(LocalDateTime), 2026-04-23T18:55:18.104913400(LocalDateTime)
2026-04-23T18:55:18.104+08:00 DEBUG 21652 --- [           main] c.petshop.mapper.ServiceMapper.insert    : <==    Updates: 1
2026-04-23T18:55:18.104+08:00 DEBUG 21652 --- [           main] com.petshop.mapper.PetMapper.insert      : ==>  Preparing: INSERT INTO "pet" ( user_id, name, type, breed, age, gender, created_at, updated_at ) VALUES ( ?, ?, ?, ?, ?, ?, ?, ? )
2026-04-23T18:55:18.104+08:00 DEBUG 21652 --- [           main] com.petshop.mapper.PetMapper.insert      : ==> Parameters: 134(Integer), Test Pet(String), dog(String), Golden Retriever(String), 2(Integer), male(String), 2026-04-23T18:55:18.104913400(LocalDateTime), 2026-04-23T18:55:18.104913400(LocalDateTime)
2026-04-23T18:55:18.104+08:00 DEBUG 21652 --- [           main] com.petshop.mapper.PetMapper.insert      : <==    Updates: 1
2026-04-23T18:55:18.105+08:00 DEBUG 21652 --- [           main] c.petshop.mapper.ProductMapper.insert    : ==>  Preparing: INSERT INTO "product" ( merchant_id, name, description, price, stock, status, low_stock_threshold, created_at, updated_at ) VALUES ( ?, ?, ?, ?, ?, ?, ?, ?, ? )
2026-04-23T18:55:18.105+08:00 DEBUG 21652 --- [           main] c.petshop.mapper.ProductMapper.insert    : ==> Parameters: 172(Integer), Test Product(String), Test product description(String), 49.99(BigDecimal), 100(Integer), enabled(String), 10(Integer), 2026-04-23T18:55:18.105933400(LocalDateTime), 2026-04-23T18:55:18.105933400(LocalDateTime)
2026-04-23T18:55:18.105+08:00 DEBUG 21652 --- [           main] c.petshop.mapper.ProductMapper.insert    : <==    Updates: 1
2026-04-23T18:55:18.105+08:00 DEBUG 21652 --- [           main] c.petshop.mapper.AddressMapper.insert    : ==>  Preparing: INSERT INTO "address" ( user_id, contact_name, phone, province, city, district, detail_address, is_default, created_at, updated_at ) VALUES ( ?, ?, ?, ?, ?, ?, ?, ?, ?, ? )
2026-04-23T18:55:18.105+08:00 DEBUG 21652 --- [           main] c.petshop.mapper.AddressMapper.insert    : ==> Parameters: 134(Integer), Test Receiver(String), 13900000003(String), Beijing(String), Beijing(String), Chaoyang(String), Test Street 123(String), true(Boolean), 2026-04-23T18:55:18.105933400(LocalDateTime), 2026-04-23T18:55:18.105933400(LocalDateTime)
2026-04-23T18:55:18.105+08:00 DEBUG 21652 --- [           main] c.petshop.mapper.AddressMapper.insert    : <==    Updates: 1
2026-04-23T18:55:18.106+08:00 DEBUG 21652 --- [           main] o.s.security.web.FilterChainProxy        : Securing PUT /api/user/profile
2026-04-23T18:55:18.106+08:00 DEBUG 21652 --- [           main] c.p.mapper.UserMapper.selectByPhone      : ==>  Preparing: SELECT * FROM `user` WHERE phone = ?
2026-04-23T18:55:18.107+08:00 DEBUG 21652 --- [           main] c.p.mapper.UserMapper.selectByPhone      : ==> Parameters: 13900000001(String)
2026-04-23T18:55:18.107+08:00 DEBUG 21652 --- [           main] c.p.mapper.UserMapper.selectByPhone      : <==      Total: 1
2026-04-23T18:55:18.107+08:00 DEBUG 21652 --- [           main] o.s.security.web.FilterChainProxy        : Secured PUT /api/user/profile
2026-04-23T18:55:18.108+08:00 DEBUG 21652 --- [           main] c.petshop.mapper.UserMapper.updateById   : ==>  Preparing: UPDATE "user" SET username=?, email=?, password=?, status=?, updated_at=? WHERE id=?
2026-04-23T18:55:18.108+08:00 DEBUG 21652 --- [           main] c.petshop.mapper.UserMapper.updateById   : ==> Parameters: updateduser(String), updated@example.com(String), $2a$10$qTcGX2DKaXrBqEjYfCYppemSN9V7TAOOIlXGP6zHoG2KT8.HwSGei(String), active(String), null, 134(Integer)
2026-04-23T18:55:18.108+08:00 DEBUG 21652 --- [           main] c.petshop.mapper.UserMapper.updateById   : <==    Updates: 1

MockHttpServletRequest:
      HTTP Method = PUT
      Request URI = /api/user/profile
       Parameters = {}
          Headers = [Content-Type:"application/json;charset=UTF-8", Authorization:"Bearer eyJhbGciOiJIUzUxMiJ9.eyJzdWIiOiIxMzkwMDAwMDAwMSIsImlhdCI6MTc3Njk0MTcxOH0.RwC6KfaOY0BU3kmANJu7O4Yr3i0lw5tD1xTCZkVpLVNZnddvWO7Xh1Gj0pfBrN1sBsRIJZRYOQv8Ycg-Sh1azg", Content-Length:"161"]
             Body = {"id":null,"username":"updateduser","email":"updated@example.com","password":null,"phone":null,"avatar":null,"status":"active","createdAt":null,"updatedAt":null}
    Session Attrs = {}

Handler:
             Type = com.petshop.controller.api.UserApiController
           Method = com.petshop.controller.api.UserApiController#updateProfile(User)

Async:
    Async started = false
     Async result = null

Resolved Exception:
             Type = null

ModelAndView:
        View name = null
             View = null
            Model = null

FlashMap:
       Attributes = null

MockHttpServletResponse:
           Status = 200
    Error message = null
          Headers = [Vary:"Origin", "Access-Control-Request-Method", "Access-Control-Request-Headers", Content-Type:"application/json", X-Content-Type-Options:"nosniff", X-XSS-Protection:"0", Cache-Control:"no-cache, no-store, max-age=0, must-revalidate", Pragma:"no-cache", Expires:"0", X-Frame-Options:"DENY"]
     Content type = application/json
             Body = {"id":134,"username":"updateduser","email":"updated@example.com","password":"$2a$10$qTcGX2DKaXrBqEjYfCYppemSN9V7TAOOIlXGP6zHoG2KT8.HwSGei","phone":null,"avatar":null,"status":"active","createdAt":null,"updatedAt":null}
    Forwarded URL = null
   Redirected URL = null
          Cookies = []
2026-04-23T18:55:18.193+08:00 DEBUG 21652 --- [           main] com.petshop.mapper.UserMapper.insert     : ==>  Preparing: INSERT INTO "user" ( username, email, password, phone, status, created_at, updated_at ) VALUES ( ?, ?, ?, ?, ?, ?, ? )
2026-04-23T18:55:18.193+08:00 DEBUG 21652 --- [           main] com.petshop.mapper.UserMapper.insert     : ==> Parameters: testuser(String), testuser@example.com(String), $2a$10$QBL390FpeobxvJmUdVSXGe6HYoaStiosERW3z8pM.qKhUAdRrLBS2(String), 13900000001(String), active(String), 2026-04-23T18:55:18.193637400(LocalDateTime), 2026-04-23T18:55:18.193637400(LocalDateTime)
2026-04-23T18:55:18.194+08:00 DEBUG 21652 --- [           main] com.petshop.mapper.UserMapper.insert     : <==    Updates: 1
2026-04-23T18:55:18.274+08:00 DEBUG 21652 --- [           main] c.petshop.mapper.MerchantMapper.insert   : ==>  Preparing: INSERT INTO "merchant" ( name, contact_person, phone, email, password, address, status, created_at, updated_at ) VALUES ( ?, ?, ?, ?, ?, ?, ?, ?, ? )
2026-04-23T18:55:18.274+08:00 DEBUG 21652 --- [           main] c.petshop.mapper.MerchantMapper.insert   : ==> Parameters: Test Merchant(String), Test Contact(String), 13900000002(String), merchant@example.com(String), $2a$10$z/NqMA4rqua78UQr/U.eDeY3q1vC9nbQ7kqYozw.dlyi.tiFQ6hEi(String), Test Address 123(String), approved(String), 2026-04-23T18:55:18.274341600(LocalDateTime), 2026-04-23T18:55:18.274341600(LocalDateTime)
2026-04-23T18:55:18.274+08:00 DEBUG 21652 --- [           main] c.petshop.mapper.MerchantMapper.insert   : <==    Updates: 1
2026-04-23T18:55:18.274+08:00 DEBUG 21652 --- [           main] c.petshop.mapper.ServiceMapper.insert    : ==>  Preparing: INSERT INTO "service" ( merchant_id, name, description, price, duration, category, status, created_at, updated_at ) VALUES ( ?, ?, ?, ?, ?, ?, ?, ?, ? )
2026-04-23T18:55:18.274+08:00 DEBUG 21652 --- [           main] c.petshop.mapper.ServiceMapper.insert    : ==> Parameters: 173(Integer), Test Pet Grooming(String), Professional pet grooming service(String), 99.99(BigDecimal), 60(Integer), grooming(String), enabled(String), 2026-04-23T18:55:18.274341600(LocalDateTime), 2026-04-23T18:55:18.274341600(LocalDateTime)
2026-04-23T18:55:18.275+08:00 DEBUG 21652 --- [           main] c.petshop.mapper.ServiceMapper.insert    : <==    Updates: 1
2026-04-23T18:55:18.275+08:00 DEBUG 21652 --- [           main] com.petshop.mapper.PetMapper.insert      : ==>  Preparing: INSERT INTO "pet" ( user_id, name, type, breed, age, gender, created_at, updated_at ) VALUES ( ?, ?, ?, ?, ?, ?, ?, ? )
2026-04-23T18:55:18.275+08:00 DEBUG 21652 --- [           main] com.petshop.mapper.PetMapper.insert      : ==> Parameters: 135(Integer), Test Pet(String), dog(String), Golden Retriever(String), 2(Integer), male(String), 2026-04-23T18:55:18.275341800(LocalDateTime), 2026-04-23T18:55:18.275341800(LocalDateTime)
2026-04-23T18:55:18.275+08:00 DEBUG 21652 --- [           main] com.petshop.mapper.PetMapper.insert      : <==    Updates: 1
2026-04-23T18:55:18.275+08:00 DEBUG 21652 --- [           main] c.petshop.mapper.ProductMapper.insert    : ==>  Preparing: INSERT INTO "product" ( merchant_id, name, description, price, stock, status, low_stock_threshold, created_at, updated_at ) VALUES ( ?, ?, ?, ?, ?, ?, ?, ?, ? )
2026-04-23T18:55:18.275+08:00 DEBUG 21652 --- [           main] c.petshop.mapper.ProductMapper.insert    : ==> Parameters: 173(Integer), Test Product(String), Test product description(String), 49.99(BigDecimal), 100(Integer), enabled(String), 10(Integer), 2026-04-23T18:55:18.275341800(LocalDateTime), 2026-04-23T18:55:18.275341800(LocalDateTime)
2026-04-23T18:55:18.275+08:00 DEBUG 21652 --- [           main] c.petshop.mapper.ProductMapper.insert    : <==    Updates: 1
2026-04-23T18:55:18.275+08:00 DEBUG 21652 --- [           main] c.petshop.mapper.AddressMapper.insert    : ==>  Preparing: INSERT INTO "address" ( user_id, contact_name, phone, province, city, district, detail_address, is_default, created_at, updated_at ) VALUES ( ?, ?, ?, ?, ?, ?, ?, ?, ?, ? )
2026-04-23T18:55:18.275+08:00 DEBUG 21652 --- [           main] c.petshop.mapper.AddressMapper.insert    : ==> Parameters: 135(Integer), Test Receiver(String), 13900000003(String), Beijing(String), Beijing(String), Chaoyang(String), Test Street 123(String), true(Boolean), 2026-04-23T18:55:18.275341800(LocalDateTime), 2026-04-23T18:55:18.275341800(LocalDateTime)
2026-04-23T18:55:18.275+08:00 DEBUG 21652 --- [           main] c.petshop.mapper.AddressMapper.insert    : <==    Updates: 1
2026-04-23T18:55:18.276+08:00 DEBUG 21652 --- [           main] o.s.security.web.FilterChainProxy        : Securing GET /api/user/profile
2026-04-23T18:55:18.276+08:00 DEBUG 21652 --- [           main] c.p.mapper.UserMapper.selectByPhone      : ==>  Preparing: SELECT * FROM `user` WHERE phone = ?
2026-04-23T18:55:18.277+08:00 DEBUG 21652 --- [           main] c.p.mapper.UserMapper.selectByPhone      : ==> Parameters: 13900000001(String)
2026-04-23T18:55:18.277+08:00 DEBUG 21652 --- [           main] c.p.mapper.UserMapper.selectByPhone      : <==      Total: 1
2026-04-23T18:55:18.277+08:00 DEBUG 21652 --- [           main] o.s.security.web.FilterChainProxy        : Secured GET /api/user/profile

MockHttpServletRequest:
      HTTP Method = GET
      Request URI = /api/user/profile
       Parameters = {}
          Headers = [Authorization:"Bearer eyJhbGciOiJIUzUxMiJ9.eyJzdWIiOiIxMzkwMDAwMDAwMSIsImlhdCI6MTc3Njk0MTcxOH0.RwC6KfaOY0BU3kmANJu7O4Yr3i0lw5tD1xTCZkVpLVNZnddvWO7Xh1Gj0pfBrN1sBsRIJZRYOQv8Ycg-Sh1azg"]
             Body = null
    Session Attrs = {}

Handler:
             Type = com.petshop.controller.api.UserApiController
           Method = com.petshop.controller.api.UserApiController#getProfile()

Async:
    Async started = false
     Async result = null

Resolved Exception:
             Type = null

ModelAndView:
        View name = null
             View = null
            Model = null

FlashMap:
       Attributes = null

MockHttpServletResponse:
           Status = 200
    Error message = null
          Headers = [Vary:"Origin", "Access-Control-Request-Method", "Access-Control-Request-Headers", Content-Type:"application/json", X-Content-Type-Options:"nosniff", X-XSS-Protection:"0", Cache-Control:"no-cache, no-store, max-age=0, must-revalidate", Pragma:"no-cache", Expires:"0", X-Frame-Options:"DENY"]
     Content type = application/json
             Body = {"id":135,"username":"testuser","email":"testuser@example.com","password":"$2a$10$QBL390FpeobxvJmUdVSXGe6HYoaStiosERW3z8pM.qKhUAdRrLBS2","phone":"13900000001","avatar":null,"status":"active","createdAt":"2026-04-23T18:55:18.193637","updatedAt":"2026-04-23T18:55:18.193637"}
    Forwarded URL = null
   Redirected URL = null
          Cookies = []
[INFO] Tests run: 2, Failures: 0, Errors: 0, Skipped: 0, Time elapsed: 0.347 s -- in com.petshop.controller.UserApiControllerTest$ProfileApiTests
[INFO] Running com.petshop.controller.UserApiControllerTest$UserInfoApiTests
2026-04-23T18:55:18.282+08:00  INFO 21652 --- [           main] t.c.s.AnnotationConfigContextLoaderUtils : Could not detect default configuration classes for test class [com.petshop.controller.UserApiControllerTest$UserInfoApiTests]: UserInfoApiTests does not declare any static, non-private, non-final, nested classes annotated with @Configuration.
2026-04-23T18:55:18.284+08:00  INFO 21652 --- [           main] .b.t.c.SpringBootTestContextBootstrapper : Found @SpringBootConfiguration com.petshop.PetManagementSystemApplication for test class com.petshop.controller.UserApiControllerTest$UserInfoApiTests
2026-04-23T18:55:18.371+08:00 DEBUG 21652 --- [           main] com.petshop.mapper.UserMapper.insert     : ==>  Preparing: INSERT INTO "user" ( username, email, password, phone, status, created_at, updated_at ) VALUES ( ?, ?, ?, ?, ?, ?, ? )
2026-04-23T18:55:18.371+08:00 DEBUG 21652 --- [           main] com.petshop.mapper.UserMapper.insert     : ==> Parameters: testuser(String), testuser@example.com(String), $2a$10$eKAlwmSE..UWF9Hi1V9GL.BFawrZ4CZGEAF.01D4wM/DA32l4aN1G(String), 13900000001(String), active(String), 2026-04-23T18:55:18.371921700(LocalDateTime), 2026-04-23T18:55:18.371921700(LocalDateTime)
2026-04-23T18:55:18.371+08:00 DEBUG 21652 --- [           main] com.petshop.mapper.UserMapper.insert     : <==    Updates: 1
2026-04-23T18:55:18.458+08:00 DEBUG 21652 --- [           main] c.petshop.mapper.MerchantMapper.insert   : ==>  Preparing: INSERT INTO "merchant" ( name, contact_person, phone, email, password, address, status, created_at, updated_at ) VALUES ( ?, ?, ?, ?, ?, ?, ?, ?, ? )
2026-04-23T18:55:18.458+08:00 DEBUG 21652 --- [           main] c.petshop.mapper.MerchantMapper.insert   : ==> Parameters: Test Merchant(String), Test Contact(String), 13900000002(String), merchant@example.com(String), $2a$10$IDvT0y0piKC2frIS//pHH.Z6ZRVVNGDfFRsT.R5.t.3mtze.GxiUK(String), Test Address 123(String), approved(String), 2026-04-23T18:55:18.458202700(LocalDateTime), 2026-04-23T18:55:18.458202700(LocalDateTime)
2026-04-23T18:55:18.458+08:00 DEBUG 21652 --- [           main] c.petshop.mapper.MerchantMapper.insert   : <==    Updates: 1
2026-04-23T18:55:18.458+08:00 DEBUG 21652 --- [           main] c.petshop.mapper.ServiceMapper.insert    : ==>  Preparing: INSERT INTO "service" ( merchant_id, name, description, price, duration, category, status, created_at, updated_at ) VALUES ( ?, ?, ?, ?, ?, ?, ?, ?, ? )
2026-04-23T18:55:18.458+08:00 DEBUG 21652 --- [           main] c.petshop.mapper.ServiceMapper.insert    : ==> Parameters: 174(Integer), Test Pet Grooming(String), Professional pet grooming service(String), 99.99(BigDecimal), 60(Integer), grooming(String), enabled(String), 2026-04-23T18:55:18.458202700(LocalDateTime), 2026-04-23T18:55:18.458202700(LocalDateTime)
2026-04-23T18:55:18.458+08:00 DEBUG 21652 --- [           main] c.petshop.mapper.ServiceMapper.insert    : <==    Updates: 1
2026-04-23T18:55:18.459+08:00 DEBUG 21652 --- [           main] com.petshop.mapper.PetMapper.insert      : ==>  Preparing: INSERT INTO "pet" ( user_id, name, type, breed, age, gender, created_at, updated_at ) VALUES ( ?, ?, ?, ?, ?, ?, ?, ? )
2026-04-23T18:55:18.459+08:00 DEBUG 21652 --- [           main] com.petshop.mapper.PetMapper.insert      : ==> Parameters: 136(Integer), Test Pet(String), dog(String), Golden Retriever(String), 2(Integer), male(String), 2026-04-23T18:55:18.458202700(LocalDateTime), 2026-04-23T18:55:18.459203100(LocalDateTime)
2026-04-23T18:55:18.459+08:00 DEBUG 21652 --- [           main] com.petshop.mapper.PetMapper.insert      : <==    Updates: 1
2026-04-23T18:55:18.459+08:00 DEBUG 21652 --- [           main] c.petshop.mapper.ProductMapper.insert    : ==>  Preparing: INSERT INTO "product" ( merchant_id, name, description, price, stock, status, low_stock_threshold, created_at, updated_at ) VALUES ( ?, ?, ?, ?, ?, ?, ?, ?, ? )
2026-04-23T18:55:18.459+08:00 DEBUG 21652 --- [           main] c.petshop.mapper.ProductMapper.insert    : ==> Parameters: 174(Integer), Test Product(String), Test product description(String), 49.99(BigDecimal), 100(Integer), enabled(String), 10(Integer), 2026-04-23T18:55:18.459203100(LocalDateTime), 2026-04-23T18:55:18.459203100(LocalDateTime)
2026-04-23T18:55:18.459+08:00 DEBUG 21652 --- [           main] c.petshop.mapper.ProductMapper.insert    : <==    Updates: 1
2026-04-23T18:55:18.459+08:00 DEBUG 21652 --- [           main] c.petshop.mapper.AddressMapper.insert    : ==>  Preparing: INSERT INTO "address" ( user_id, contact_name, phone, province, city, district, detail_address, is_default, created_at, updated_at ) VALUES ( ?, ?, ?, ?, ?, ?, ?, ?, ?, ? )
2026-04-23T18:55:18.459+08:00 DEBUG 21652 --- [           main] c.petshop.mapper.AddressMapper.insert    : ==> Parameters: 136(Integer), Test Receiver(String), 13900000003(String), Beijing(String), Beijing(String), Chaoyang(String), Test Street 123(String), true(Boolean), 2026-04-23T18:55:18.459203100(LocalDateTime), 2026-04-23T18:55:18.459203100(LocalDateTime)
2026-04-23T18:55:18.459+08:00 DEBUG 21652 --- [           main] c.petshop.mapper.AddressMapper.insert    : <==    Updates: 1
2026-04-23T18:55:18.462+08:00 DEBUG 21652 --- [           main] o.s.security.web.FilterChainProxy        : Securing PUT /api/auth/password
2026-04-23T18:55:18.462+08:00 DEBUG 21652 --- [           main] c.p.mapper.UserMapper.selectByPhone      : ==>  Preparing: SELECT * FROM `user` WHERE phone = ?
2026-04-23T18:55:18.462+08:00 DEBUG 21652 --- [           main] c.p.mapper.UserMapper.selectByPhone      : ==> Parameters: 13900000001(String)
2026-04-23T18:55:18.463+08:00 DEBUG 21652 --- [           main] c.p.mapper.UserMapper.selectByPhone      : <==      Total: 1
2026-04-23T18:55:18.463+08:00 DEBUG 21652 --- [           main] o.s.security.web.FilterChainProxy        : Secured PUT /api/auth/password
2026-04-23T18:55:18.465+08:00 DEBUG 21652 --- [           main] c.petshop.mapper.UserMapper.selectList   : ==>  Preparing: SELECT id,username,email,password,phone,avatar,status,created_at,updated_at FROM "user" WHERE (phone = ?)
2026-04-23T18:55:18.465+08:00 DEBUG 21652 --- [           main] c.petshop.mapper.UserMapper.selectList   : ==> Parameters: 13900000001(String)
2026-04-23T18:55:18.465+08:00 DEBUG 21652 --- [           main] c.petshop.mapper.UserMapper.selectList   : <==      Total: 1
2026-04-23T18:55:18.633+08:00 DEBUG 21652 --- [           main] c.petshop.mapper.UserMapper.updateById   : ==>  Preparing: UPDATE "user" SET username=?, email=?, password=?, phone=?, status=?, created_at=?, updated_at=? WHERE id=?
2026-04-23T18:55:18.633+08:00 DEBUG 21652 --- [           main] c.petshop.mapper.UserMapper.updateById   : ==> Parameters: testuser(String), testuser@example.com(String), $2a$10$80ag1EMzoiXisUWOoq1qIuUzAzGLUR.RsL47rAqEOQFrZ1CIFs0g.(String), 13900000001(String), active(String), 2026-04-23T18:55:18.371922(LocalDateTime), 2026-04-23T18:55:18.633293500(LocalDateTime), 136(Integer)
2026-04-23T18:55:18.633+08:00 DEBUG 21652 --- [           main] c.petshop.mapper.UserMapper.updateById   : <==    Updates: 1

MockHttpServletRequest:
      HTTP Method = PUT
      Request URI = /api/auth/password
       Parameters = {}
          Headers = [Content-Type:"application/json;charset=UTF-8", Authorization:"Bearer eyJhbGciOiJIUzUxMiJ9.eyJzdWIiOiIxMzkwMDAwMDAwMSIsImlhdCI6MTc3Njk0MTcxOH0.RwC6KfaOY0BU3kmANJu7O4Yr3i0lw5tD1xTCZkVpLVNZnddvWO7Xh1Gj0pfBrN1sBsRIJZRYOQv8Ycg-Sh1azg", Content-Length:"60"]
             Body = {"oldPassword":"password123","newPassword":"newpassword123"}
    Session Attrs = {}

Handler:
             Type = com.petshop.controller.api.AuthApiController
           Method = com.petshop.controller.api.AuthApiController#changePassword(ChangePasswordRequest)

Async:
    Async started = false
     Async result = null

Resolved Exception:
             Type = null

ModelAndView:
        View name = null
             View = null
            Model = null

FlashMap:
       Attributes = null

MockHttpServletResponse:
           Status = 200
    Error message = null
          Headers = [Vary:"Origin", "Access-Control-Request-Method", "Access-Control-Request-Headers", Content-Type:"application/json", X-Content-Type-Options:"nosniff", X-XSS-Protection:"0", Cache-Control:"no-cache, no-store, max-age=0, must-revalidate", Pragma:"no-cache", Expires:"0", X-Frame-Options:"DENY"]
     Content type = application/json
             Body = {"code":200,"message":"Password changed successfully","data":{"success":true,"message":"Password changed successfully"}}
    Forwarded URL = null
   Redirected URL = null
          Cookies = []
2026-04-23T18:55:18.718+08:00 DEBUG 21652 --- [           main] com.petshop.mapper.UserMapper.insert     : ==>  Preparing: INSERT INTO "user" ( username, email, password, phone, status, created_at, updated_at ) VALUES ( ?, ?, ?, ?, ?, ?, ? )
2026-04-23T18:55:18.718+08:00 DEBUG 21652 --- [           main] com.petshop.mapper.UserMapper.insert     : ==> Parameters: testuser(String), testuser@example.com(String), $2a$10$8j7.JPekjopF/cPLf3sf8Oyp4t/ZDVyfVIbEgXEuI2NHWaxCm3Fry(String), 13900000001(String), active(String), 2026-04-23T18:55:18.718867300(LocalDateTime), 2026-04-23T18:55:18.718867300(LocalDateTime)
2026-04-23T18:55:18.718+08:00 DEBUG 21652 --- [           main] com.petshop.mapper.UserMapper.insert     : <==    Updates: 1
2026-04-23T18:55:18.798+08:00 DEBUG 21652 --- [           main] c.petshop.mapper.MerchantMapper.insert   : ==>  Preparing: INSERT INTO "merchant" ( name, contact_person, phone, email, password, address, status, created_at, updated_at ) VALUES ( ?, ?, ?, ?, ?, ?, ?, ?, ? )
2026-04-23T18:55:18.798+08:00 DEBUG 21652 --- [           main] c.petshop.mapper.MerchantMapper.insert   : ==> Parameters: Test Merchant(String), Test Contact(String), 13900000002(String), merchant@example.com(String), $2a$10$.5pCPv0/vMDikfYhFoLOsOO4edli6AAqMh6BmPsMsZI4LSWSwSXV2(String), Test Address 123(String), approved(String), 2026-04-23T18:55:18.798983(LocalDateTime), 2026-04-23T18:55:18.798983(LocalDateTime)
2026-04-23T18:55:18.798+08:00 DEBUG 21652 --- [           main] c.petshop.mapper.MerchantMapper.insert   : <==    Updates: 1
2026-04-23T18:55:18.798+08:00 DEBUG 21652 --- [           main] c.petshop.mapper.ServiceMapper.insert    : ==>  Preparing: INSERT INTO "service" ( merchant_id, name, description, price, duration, category, status, created_at, updated_at ) VALUES ( ?, ?, ?, ?, ?, ?, ?, ?, ? )
2026-04-23T18:55:18.799+08:00 DEBUG 21652 --- [           main] c.petshop.mapper.ServiceMapper.insert    : ==> Parameters: 175(Integer), Test Pet Grooming(String), Professional pet grooming service(String), 99.99(BigDecimal), 60(Integer), grooming(String), enabled(String), 2026-04-23T18:55:18.798983(LocalDateTime), 2026-04-23T18:55:18.798983(LocalDateTime)
2026-04-23T18:55:18.799+08:00 DEBUG 21652 --- [           main] c.petshop.mapper.ServiceMapper.insert    : <==    Updates: 1
2026-04-23T18:55:18.799+08:00 DEBUG 21652 --- [           main] com.petshop.mapper.PetMapper.insert      : ==>  Preparing: INSERT INTO "pet" ( user_id, name, type, breed, age, gender, created_at, updated_at ) VALUES ( ?, ?, ?, ?, ?, ?, ?, ? )
2026-04-23T18:55:18.799+08:00 DEBUG 21652 --- [           main] com.petshop.mapper.PetMapper.insert      : ==> Parameters: 137(Integer), Test Pet(String), dog(String), Golden Retriever(String), 2(Integer), male(String), 2026-04-23T18:55:18.799984200(LocalDateTime), 2026-04-23T18:55:18.799984200(LocalDateTime)
2026-04-23T18:55:18.799+08:00 DEBUG 21652 --- [           main] com.petshop.mapper.PetMapper.insert      : <==    Updates: 1
2026-04-23T18:55:18.799+08:00 DEBUG 21652 --- [           main] c.petshop.mapper.ProductMapper.insert    : ==>  Preparing: INSERT INTO "product" ( merchant_id, name, description, price, stock, status, low_stock_threshold, created_at, updated_at ) VALUES ( ?, ?, ?, ?, ?, ?, ?, ?, ? )
2026-04-23T18:55:18.799+08:00 DEBUG 21652 --- [           main] c.petshop.mapper.ProductMapper.insert    : ==> Parameters: 175(Integer), Test Product(String), Test product description(String), 49.99(BigDecimal), 100(Integer), enabled(String), 10(Integer), 2026-04-23T18:55:18.799984200(LocalDateTime), 2026-04-23T18:55:18.799984200(LocalDateTime)
2026-04-23T18:55:18.799+08:00 DEBUG 21652 --- [           main] c.petshop.mapper.ProductMapper.insert    : <==    Updates: 1
2026-04-23T18:55:18.799+08:00 DEBUG 21652 --- [           main] c.petshop.mapper.AddressMapper.insert    : ==>  Preparing: INSERT INTO "address" ( user_id, contact_name, phone, province, city, district, detail_address, is_default, created_at, updated_at ) VALUES ( ?, ?, ?, ?, ?, ?, ?, ?, ?, ? )
2026-04-23T18:55:18.799+08:00 DEBUG 21652 --- [           main] c.petshop.mapper.AddressMapper.insert    : ==> Parameters: 137(Integer), Test Receiver(String), 13900000003(String), Beijing(String), Beijing(String), Chaoyang(String), Test Street 123(String), true(Boolean), 2026-04-23T18:55:18.799984200(LocalDateTime), 2026-04-23T18:55:18.799984200(LocalDateTime)
2026-04-23T18:55:18.799+08:00 DEBUG 21652 --- [           main] c.petshop.mapper.AddressMapper.insert    : <==    Updates: 1
2026-04-23T18:55:18.801+08:00 DEBUG 21652 --- [           main] o.s.security.web.FilterChainProxy        : Securing PUT /api/auth/password
2026-04-23T18:55:18.802+08:00 DEBUG 21652 --- [           main] c.p.mapper.UserMapper.selectByPhone      : ==>  Preparing: SELECT * FROM `user` WHERE phone = ?
2026-04-23T18:55:18.802+08:00 DEBUG 21652 --- [           main] c.p.mapper.UserMapper.selectByPhone      : ==> Parameters: 13900000001(String)
2026-04-23T18:55:18.803+08:00 DEBUG 21652 --- [           main] c.p.mapper.UserMapper.selectByPhone      : <==      Total: 1
2026-04-23T18:55:18.803+08:00 DEBUG 21652 --- [           main] o.s.security.web.FilterChainProxy        : Secured PUT /api/auth/password

MockHttpServletRequest:
      HTTP Method = PUT
      Request URI = /api/auth/password
       Parameters = {}
          Headers = [Content-Type:"application/json;charset=UTF-8", Authorization:"Bearer eyJhbGciOiJIUzUxMiJ9.eyJzdWIiOiIxMzkwMDAwMDAwMSIsImlhdCI6MTc3Njk0MTcxOH0.RwC6KfaOY0BU3kmANJu7O4Yr3i0lw5tD1xTCZkVpLVNZnddvWO7Xh1Gj0pfBrN1sBsRIJZRYOQv8Ycg-Sh1azg", Content-Length:"51"]
             Body = {"oldPassword":"password123","newPassword":"12345"}
    Session Attrs = {}

Handler:
             Type = com.petshop.controller.api.AuthApiController
           Method = com.petshop.controller.api.AuthApiController#changePassword(ChangePasswordRequest)

Async:
    Async started = false
     Async result = null

Resolved Exception:
             Type = null

ModelAndView:
        View name = null
             View = null
            Model = null

FlashMap:
       Attributes = null

MockHttpServletResponse:
           Status = 400
    Error message = null
          Headers = [Vary:"Origin", "Access-Control-Request-Method", "Access-Control-Request-Headers", Content-Type:"application/json", X-Content-Type-Options:"nosniff", X-XSS-Protection:"0", Cache-Control:"no-cache, no-store, max-age=0, must-revalidate", Pragma:"no-cache", Expires:"0", X-Frame-Options:"DENY"]
     Content type = application/json
             Body = {"code":400,"message":"New password must be at least 6 characters","data":null}
    Forwarded URL = null
   Redirected URL = null
          Cookies = []
2026-04-23T18:55:18.893+08:00 DEBUG 21652 --- [           main] com.petshop.mapper.UserMapper.insert     : ==>  Preparing: INSERT INTO "user" ( username, email, password, phone, status, created_at, updated_at ) VALUES ( ?, ?, ?, ?, ?, ?, ? )
2026-04-23T18:55:18.893+08:00 DEBUG 21652 --- [           main] com.petshop.mapper.UserMapper.insert     : ==> Parameters: testuser(String), testuser@example.com(String), $2a$10$SmoEfChFMOTIQKG4SLrZxekCvc5kk8PzB0IJISCokqaE/JBsdUJHK(String), 13900000001(String), active(String), 2026-04-23T18:55:18.893635100(LocalDateTime), 2026-04-23T18:55:18.893635100(LocalDateTime)
2026-04-23T18:55:18.893+08:00 DEBUG 21652 --- [           main] com.petshop.mapper.UserMapper.insert     : <==    Updates: 1
2026-04-23T18:55:18.973+08:00 DEBUG 21652 --- [           main] c.petshop.mapper.MerchantMapper.insert   : ==>  Preparing: INSERT INTO "merchant" ( name, contact_person, phone, email, password, address, status, created_at, updated_at ) VALUES ( ?, ?, ?, ?, ?, ?, ?, ?, ? )
2026-04-23T18:55:18.973+08:00 DEBUG 21652 --- [           main] c.petshop.mapper.MerchantMapper.insert   : ==> Parameters: Test Merchant(String), Test Contact(String), 13900000002(String), merchant@example.com(String), $2a$10$HzMGhJVpXAZn70ISwV2q7utzeSLis55SwAKpVdm2.Tu9H/3iBiAU.(String), Test Address 123(String), approved(String), 2026-04-23T18:55:18.973755800(LocalDateTime), 2026-04-23T18:55:18.973755800(LocalDateTime)
2026-04-23T18:55:18.973+08:00 DEBUG 21652 --- [           main] c.petshop.mapper.MerchantMapper.insert   : <==    Updates: 1
2026-04-23T18:55:18.973+08:00 DEBUG 21652 --- [           main] c.petshop.mapper.ServiceMapper.insert    : ==>  Preparing: INSERT INTO "service" ( merchant_id, name, description, price, duration, category, status, created_at, updated_at ) VALUES ( ?, ?, ?, ?, ?, ?, ?, ?, ? )
2026-04-23T18:55:18.974+08:00 DEBUG 21652 --- [           main] c.petshop.mapper.ServiceMapper.insert    : ==> Parameters: 176(Integer), Test Pet Grooming(String), Professional pet grooming service(String), 99.99(BigDecimal), 60(Integer), grooming(String), enabled(String), 2026-04-23T18:55:18.973755800(LocalDateTime), 2026-04-23T18:55:18.973755800(LocalDateTime)
2026-04-23T18:55:18.974+08:00 DEBUG 21652 --- [           main] c.petshop.mapper.ServiceMapper.insert    : <==    Updates: 1
2026-04-23T18:55:18.974+08:00 DEBUG 21652 --- [           main] com.petshop.mapper.PetMapper.insert      : ==>  Preparing: INSERT INTO "pet" ( user_id, name, type, breed, age, gender, created_at, updated_at ) VALUES ( ?, ?, ?, ?, ?, ?, ?, ? )
2026-04-23T18:55:18.974+08:00 DEBUG 21652 --- [           main] com.petshop.mapper.PetMapper.insert      : ==> Parameters: 138(Integer), Test Pet(String), dog(String), Golden Retriever(String), 2(Integer), male(String), 2026-04-23T18:55:18.974752100(LocalDateTime), 2026-04-23T18:55:18.974752100(LocalDateTime)
2026-04-23T18:55:18.974+08:00 DEBUG 21652 --- [           main] com.petshop.mapper.PetMapper.insert      : <==    Updates: 1
2026-04-23T18:55:18.974+08:00 DEBUG 21652 --- [           main] c.petshop.mapper.ProductMapper.insert    : ==>  Preparing: INSERT INTO "product" ( merchant_id, name, description, price, stock, status, low_stock_threshold, created_at, updated_at ) VALUES ( ?, ?, ?, ?, ?, ?, ?, ?, ? )
2026-04-23T18:55:18.974+08:00 DEBUG 21652 --- [           main] c.petshop.mapper.ProductMapper.insert    : ==> Parameters: 176(Integer), Test Product(String), Test product description(String), 49.99(BigDecimal), 100(Integer), enabled(String), 10(Integer), 2026-04-23T18:55:18.974752100(LocalDateTime), 2026-04-23T18:55:18.974752100(LocalDateTime)
2026-04-23T18:55:18.974+08:00 DEBUG 21652 --- [           main] c.petshop.mapper.ProductMapper.insert    : <==    Updates: 1
2026-04-23T18:55:18.974+08:00 DEBUG 21652 --- [           main] c.petshop.mapper.AddressMapper.insert    : ==>  Preparing: INSERT INTO "address" ( user_id, contact_name, phone, province, city, district, detail_address, is_default, created_at, updated_at ) VALUES ( ?, ?, ?, ?, ?, ?, ?, ?, ?, ? )
2026-04-23T18:55:18.974+08:00 DEBUG 21652 --- [           main] c.petshop.mapper.AddressMapper.insert    : ==> Parameters: 138(Integer), Test Receiver(String), 13900000003(String), Beijing(String), Beijing(String), Chaoyang(String), Test Street 123(String), true(Boolean), 2026-04-23T18:55:18.974752100(LocalDateTime), 2026-04-23T18:55:18.974752100(LocalDateTime)
2026-04-23T18:55:18.974+08:00 DEBUG 21652 --- [           main] c.petshop.mapper.AddressMapper.insert    : <==    Updates: 1
2026-04-23T18:55:18.975+08:00 DEBUG 21652 --- [           main] o.s.security.web.FilterChainProxy        : Securing GET /api/auth/userinfo
2026-04-23T18:55:18.975+08:00 DEBUG 21652 --- [           main] o.s.s.w.a.AnonymousAuthenticationFilter  : Set SecurityContextHolder to anonymous SecurityContext
2026-04-23T18:55:18.975+08:00 DEBUG 21652 --- [           main] o.s.security.web.FilterChainProxy        : Secured GET /api/auth/userinfo

MockHttpServletRequest:
      HTTP Method = GET
      Request URI = /api/auth/userinfo
       Parameters = {}
          Headers = []
             Body = null
    Session Attrs = {}

Handler:
             Type = com.petshop.controller.api.AuthApiController
           Method = com.petshop.controller.api.AuthApiController#getUserInfo()

Async:
    Async started = false
     Async result = null

Resolved Exception:
             Type = null

ModelAndView:
        View name = null
             View = null
            Model = null

FlashMap:
       Attributes = null

MockHttpServletResponse:
           Status = 401
    Error message = null
          Headers = [Vary:"Origin", "Access-Control-Request-Method", "Access-Control-Request-Headers", Content-Type:"application/json", X-Content-Type-Options:"nosniff", X-XSS-Protection:"0", Cache-Control:"no-cache, no-store, max-age=0, must-revalidate", Pragma:"no-cache", Expires:"0", X-Frame-Options:"DENY"]
     Content type = application/json
             Body = {"code":401,"message":"class java.lang.String cannot be cast to class org.springframework.security.core.userdetails.UserDetails (java.lang.String is in module java.base of loader 'bootstrap'; org.springframework.security.core.userdetails.UserDetails is in unnamed module of loader 'app')","data":null}
    Forwarded URL = null
   Redirected URL = null
          Cookies = []
2026-04-23T18:55:19.060+08:00 DEBUG 21652 --- [           main] com.petshop.mapper.UserMapper.insert     : ==>  Preparing: INSERT INTO "user" ( username, email, password, phone, status, created_at, updated_at ) VALUES ( ?, ?, ?, ?, ?, ?, ? )
2026-04-23T18:55:19.060+08:00 DEBUG 21652 --- [           main] com.petshop.mapper.UserMapper.insert     : ==> Parameters: testuser(String), testuser@example.com(String), $2a$10$XTRhTv.oafRnJiSYibsvWezLnHFsjRRQDg1MsQ4gtiIHxWUOO5Zta(String), 13900000001(String), active(String), 2026-04-23T18:55:19.060767300(LocalDateTime), 2026-04-23T18:55:19.060767300(LocalDateTime)
2026-04-23T18:55:19.060+08:00 DEBUG 21652 --- [           main] com.petshop.mapper.UserMapper.insert     : <==    Updates: 1
2026-04-23T18:55:19.140+08:00 DEBUG 21652 --- [           main] c.petshop.mapper.MerchantMapper.insert   : ==>  Preparing: INSERT INTO "merchant" ( name, contact_person, phone, email, password, address, status, created_at, updated_at ) VALUES ( ?, ?, ?, ?, ?, ?, ?, ?, ? )
2026-04-23T18:55:19.140+08:00 DEBUG 21652 --- [           main] c.petshop.mapper.MerchantMapper.insert   : ==> Parameters: Test Merchant(String), Test Contact(String), 13900000002(String), merchant@example.com(String), $2a$10$SmlRRCqfosqd.pSv/YyKD.H2wlkxmxq3Ig6SM5Tbmcpfr.7eRPDNm(String), Test Address 123(String), approved(String), 2026-04-23T18:55:19.140848300(LocalDateTime), 2026-04-23T18:55:19.140848300(LocalDateTime)
2026-04-23T18:55:19.140+08:00 DEBUG 21652 --- [           main] c.petshop.mapper.MerchantMapper.insert   : <==    Updates: 1
2026-04-23T18:55:19.140+08:00 DEBUG 21652 --- [           main] c.petshop.mapper.ServiceMapper.insert    : ==>  Preparing: INSERT INTO "service" ( merchant_id, name, description, price, duration, category, status, created_at, updated_at ) VALUES ( ?, ?, ?, ?, ?, ?, ?, ?, ? )
2026-04-23T18:55:19.140+08:00 DEBUG 21652 --- [           main] c.petshop.mapper.ServiceMapper.insert    : ==> Parameters: 177(Integer), Test Pet Grooming(String), Professional pet grooming service(String), 99.99(BigDecimal), 60(Integer), grooming(String), enabled(String), 2026-04-23T18:55:19.140848300(LocalDateTime), 2026-04-23T18:55:19.140848300(LocalDateTime)
2026-04-23T18:55:19.140+08:00 DEBUG 21652 --- [           main] c.petshop.mapper.ServiceMapper.insert    : <==    Updates: 1
2026-04-23T18:55:19.140+08:00 DEBUG 21652 --- [           main] com.petshop.mapper.PetMapper.insert      : ==>  Preparing: INSERT INTO "pet" ( user_id, name, type, breed, age, gender, created_at, updated_at ) VALUES ( ?, ?, ?, ?, ?, ?, ?, ? )
2026-04-23T18:55:19.140+08:00 DEBUG 21652 --- [           main] com.petshop.mapper.PetMapper.insert      : ==> Parameters: 139(Integer), Test Pet(String), dog(String), Golden Retriever(String), 2(Integer), male(String), 2026-04-23T18:55:19.140848300(LocalDateTime), 2026-04-23T18:55:19.140848300(LocalDateTime)
2026-04-23T18:55:19.140+08:00 DEBUG 21652 --- [           main] com.petshop.mapper.PetMapper.insert      : <==    Updates: 1
2026-04-23T18:55:19.140+08:00 DEBUG 21652 --- [           main] c.petshop.mapper.ProductMapper.insert    : ==>  Preparing: INSERT INTO "product" ( merchant_id, name, description, price, stock, status, low_stock_threshold, created_at, updated_at ) VALUES ( ?, ?, ?, ?, ?, ?, ?, ?, ? )
2026-04-23T18:55:19.141+08:00 DEBUG 21652 --- [           main] c.petshop.mapper.ProductMapper.insert    : ==> Parameters: 177(Integer), Test Product(String), Test product description(String), 49.99(BigDecimal), 100(Integer), enabled(String), 10(Integer), 2026-04-23T18:55:19.140848300(LocalDateTime), 2026-04-23T18:55:19.140848300(LocalDateTime)
2026-04-23T18:55:19.141+08:00 DEBUG 21652 --- [           main] c.petshop.mapper.ProductMapper.insert    : <==    Updates: 1
2026-04-23T18:55:19.141+08:00 DEBUG 21652 --- [           main] c.petshop.mapper.AddressMapper.insert    : ==>  Preparing: INSERT INTO "address" ( user_id, contact_name, phone, province, city, district, detail_address, is_default, created_at, updated_at ) VALUES ( ?, ?, ?, ?, ?, ?, ?, ?, ?, ? )
2026-04-23T18:55:19.141+08:00 DEBUG 21652 --- [           main] c.petshop.mapper.AddressMapper.insert    : ==> Parameters: 139(Integer), Test Receiver(String), 13900000003(String), Beijing(String), Beijing(String), Chaoyang(String), Test Street 123(String), true(Boolean), 2026-04-23T18:55:19.141872400(LocalDateTime), 2026-04-23T18:55:19.141872400(LocalDateTime)
2026-04-23T18:55:19.141+08:00 DEBUG 21652 --- [           main] c.petshop.mapper.AddressMapper.insert    : <==    Updates: 1
2026-04-23T18:55:19.141+08:00 DEBUG 21652 --- [           main] o.s.security.web.FilterChainProxy        : Securing GET /api/auth/userinfo
2026-04-23T18:55:19.142+08:00 DEBUG 21652 --- [           main] c.p.mapper.UserMapper.selectByPhone      : ==>  Preparing: SELECT * FROM `user` WHERE phone = ?
2026-04-23T18:55:19.142+08:00 DEBUG 21652 --- [           main] c.p.mapper.UserMapper.selectByPhone      : ==> Parameters: 13900000001(String)
2026-04-23T18:55:19.142+08:00 DEBUG 21652 --- [           main] c.p.mapper.UserMapper.selectByPhone      : <==      Total: 1
2026-04-23T18:55:19.143+08:00 DEBUG 21652 --- [           main] o.s.security.web.FilterChainProxy        : Secured GET /api/auth/userinfo
2026-04-23T18:55:19.144+08:00 DEBUG 21652 --- [           main] c.petshop.mapper.UserMapper.selectList   : ==>  Preparing: SELECT id,username,email,password,phone,avatar,status,created_at,updated_at FROM "user" WHERE (phone = ?)
2026-04-23T18:55:19.144+08:00 DEBUG 21652 --- [           main] c.petshop.mapper.UserMapper.selectList   : ==> Parameters: 13900000001(String)
2026-04-23T18:55:19.145+08:00 DEBUG 21652 --- [           main] c.petshop.mapper.UserMapper.selectList   : <==      Total: 1

MockHttpServletRequest:
      HTTP Method = GET
      Request URI = /api/auth/userinfo
       Parameters = {}
          Headers = [Authorization:"Bearer eyJhbGciOiJIUzUxMiJ9.eyJzdWIiOiIxMzkwMDAwMDAwMSIsImlhdCI6MTc3Njk0MTcxOX0.fVECjh7khidF4AGvx1X-tiLN3u6PW1f7YCGld13kCIJg78tvLOJFsjWs-ytXNwfJFIXscEq3sSloRD1QxUILpw"]
             Body = null
    Session Attrs = {}

Handler:
             Type = com.petshop.controller.api.AuthApiController
           Method = com.petshop.controller.api.AuthApiController#getUserInfo()

Async:
    Async started = false
     Async result = null

Resolved Exception:
             Type = null

ModelAndView:
        View name = null
             View = null
            Model = null

FlashMap:
       Attributes = null

MockHttpServletResponse:
           Status = 200
    Error message = null
          Headers = [Vary:"Origin", "Access-Control-Request-Method", "Access-Control-Request-Headers", Content-Type:"application/json", X-Content-Type-Options:"nosniff", X-XSS-Protection:"0", Cache-Control:"no-cache, no-store, max-age=0, must-revalidate", Pragma:"no-cache", Expires:"0", X-Frame-Options:"DENY"]
     Content type = application/json
             Body = {"code":200,"message":"success","data":{"id":139,"username":"testuser","email":"testuser@example.com","phone":"13900000001","avatar":null,"role":"user"}}
    Forwarded URL = null
   Redirected URL = null
          Cookies = []
2026-04-23T18:55:19.238+08:00 DEBUG 21652 --- [           main] com.petshop.mapper.UserMapper.insert     : ==>  Preparing: INSERT INTO "user" ( username, email, password, phone, status, created_at, updated_at ) VALUES ( ?, ?, ?, ?, ?, ?, ? )
2026-04-23T18:55:19.238+08:00 DEBUG 21652 --- [           main] com.petshop.mapper.UserMapper.insert     : ==> Parameters: testuser(String), testuser@example.com(String), $2a$10$gGDUghdLoQ07/Iu2OrfRIOmOtnnJJq4SlzhSy89ZRtLnV1gzIBwhu(String), 13900000001(String), active(String), 2026-04-23T18:55:19.238301100(LocalDateTime), 2026-04-23T18:55:19.238301100(LocalDateTime)
2026-04-23T18:55:19.238+08:00 DEBUG 21652 --- [           main] com.petshop.mapper.UserMapper.insert     : <==    Updates: 1
2026-04-23T18:55:19.318+08:00 DEBUG 21652 --- [           main] c.petshop.mapper.MerchantMapper.insert   : ==>  Preparing: INSERT INTO "merchant" ( name, contact_person, phone, email, password, address, status, created_at, updated_at ) VALUES ( ?, ?, ?, ?, ?, ?, ?, ?, ? )
2026-04-23T18:55:19.318+08:00 DEBUG 21652 --- [           main] c.petshop.mapper.MerchantMapper.insert   : ==> Parameters: Test Merchant(String), Test Contact(String), 13900000002(String), merchant@example.com(String), $2a$10$wi3GthgajMtAtfa/3tVVB.QMTBauwCgjncF6JIKl/9JLoxTnaMZj6(String), Test Address 123(String), approved(String), 2026-04-23T18:55:19.318523500(LocalDateTime), 2026-04-23T18:55:19.318523500(LocalDateTime)
2026-04-23T18:55:19.318+08:00 DEBUG 21652 --- [           main] c.petshop.mapper.MerchantMapper.insert   : <==    Updates: 1
2026-04-23T18:55:19.319+08:00 DEBUG 21652 --- [           main] c.petshop.mapper.ServiceMapper.insert    : ==>  Preparing: INSERT INTO "service" ( merchant_id, name, description, price, duration, category, status, created_at, updated_at ) VALUES ( ?, ?, ?, ?, ?, ?, ?, ?, ? )
2026-04-23T18:55:19.319+08:00 DEBUG 21652 --- [           main] c.petshop.mapper.ServiceMapper.insert    : ==> Parameters: 178(Integer), Test Pet Grooming(String), Professional pet grooming service(String), 99.99(BigDecimal), 60(Integer), grooming(String), enabled(String), 2026-04-23T18:55:19.319519500(LocalDateTime), 2026-04-23T18:55:19.319519500(LocalDateTime)
2026-04-23T18:55:19.319+08:00 DEBUG 21652 --- [           main] c.petshop.mapper.ServiceMapper.insert    : <==    Updates: 1
2026-04-23T18:55:19.319+08:00 DEBUG 21652 --- [           main] com.petshop.mapper.PetMapper.insert      : ==>  Preparing: INSERT INTO "pet" ( user_id, name, type, breed, age, gender, created_at, updated_at ) VALUES ( ?, ?, ?, ?, ?, ?, ?, ? )
2026-04-23T18:55:19.319+08:00 DEBUG 21652 --- [           main] com.petshop.mapper.PetMapper.insert      : ==> Parameters: 140(Integer), Test Pet(String), dog(String), Golden Retriever(String), 2(Integer), male(String), 2026-04-23T18:55:19.319519500(LocalDateTime), 2026-04-23T18:55:19.319519500(LocalDateTime)
2026-04-23T18:55:19.319+08:00 DEBUG 21652 --- [           main] com.petshop.mapper.PetMapper.insert      : <==    Updates: 1
2026-04-23T18:55:19.319+08:00 DEBUG 21652 --- [           main] c.petshop.mapper.ProductMapper.insert    : ==>  Preparing: INSERT INTO "product" ( merchant_id, name, description, price, stock, status, low_stock_threshold, created_at, updated_at ) VALUES ( ?, ?, ?, ?, ?, ?, ?, ?, ? )
2026-04-23T18:55:19.319+08:00 DEBUG 21652 --- [           main] c.petshop.mapper.ProductMapper.insert    : ==> Parameters: 178(Integer), Test Product(String), Test product description(String), 49.99(BigDecimal), 100(Integer), enabled(String), 10(Integer), 2026-04-23T18:55:19.319519500(LocalDateTime), 2026-04-23T18:55:19.319519500(LocalDateTime)
2026-04-23T18:55:19.319+08:00 DEBUG 21652 --- [           main] c.petshop.mapper.ProductMapper.insert    : <==    Updates: 1
2026-04-23T18:55:19.319+08:00 DEBUG 21652 --- [           main] c.petshop.mapper.AddressMapper.insert    : ==>  Preparing: INSERT INTO "address" ( user_id, contact_name, phone, province, city, district, detail_address, is_default, created_at, updated_at ) VALUES ( ?, ?, ?, ?, ?, ?, ?, ?, ?, ? )
2026-04-23T18:55:19.319+08:00 DEBUG 21652 --- [           main] c.petshop.mapper.AddressMapper.insert    : ==> Parameters: 140(Integer), Test Receiver(String), 13900000003(String), Beijing(String), Beijing(String), Chaoyang(String), Test Street 123(String), true(Boolean), 2026-04-23T18:55:19.319519500(LocalDateTime), 2026-04-23T18:55:19.319519500(LocalDateTime)
2026-04-23T18:55:19.319+08:00 DEBUG 21652 --- [           main] c.petshop.mapper.AddressMapper.insert    : <==    Updates: 1
2026-04-23T18:55:19.320+08:00 DEBUG 21652 --- [           main] o.s.security.web.FilterChainProxy        : Securing PUT /api/auth/userinfo
2026-04-23T18:55:19.321+08:00 DEBUG 21652 --- [           main] c.p.mapper.UserMapper.selectByPhone      : ==>  Preparing: SELECT * FROM `user` WHERE phone = ?
2026-04-23T18:55:19.321+08:00 DEBUG 21652 --- [           main] c.p.mapper.UserMapper.selectByPhone      : ==> Parameters: 13900000001(String)
2026-04-23T18:55:19.321+08:00 DEBUG 21652 --- [           main] c.p.mapper.UserMapper.selectByPhone      : <==      Total: 1
2026-04-23T18:55:19.321+08:00 DEBUG 21652 --- [           main] o.s.security.web.FilterChainProxy        : Secured PUT /api/auth/userinfo
2026-04-23T18:55:19.323+08:00 DEBUG 21652 --- [           main] c.petshop.mapper.UserMapper.selectList   : ==>  Preparing: SELECT id,username,email,password,phone,avatar,status,created_at,updated_at FROM "user" WHERE (phone = ?)
2026-04-23T18:55:19.323+08:00 DEBUG 21652 --- [           main] c.petshop.mapper.UserMapper.selectList   : ==> Parameters: 13900000001(String)
2026-04-23T18:55:19.323+08:00 DEBUG 21652 --- [           main] c.petshop.mapper.UserMapper.selectList   : <==      Total: 1
2026-04-23T18:55:19.323+08:00 DEBUG 21652 --- [           main] c.petshop.mapper.UserMapper.updateById   : ==>  Preparing: UPDATE "user" SET username=?, email=?, password=?, phone=?, status=?, created_at=?, updated_at=? WHERE id=?
2026-04-23T18:55:19.323+08:00 DEBUG 21652 --- [           main] c.petshop.mapper.UserMapper.updateById   : ==> Parameters: updateduser(String), updated@example.com(String), $2a$10$gGDUghdLoQ07/Iu2OrfRIOmOtnnJJq4SlzhSy89ZRtLnV1gzIBwhu(String), 13900000001(String), active(String), 2026-04-23T18:55:19.238301(LocalDateTime), 2026-04-23T18:55:19.323846700(LocalDateTime), 140(Integer)
2026-04-23T18:55:19.324+08:00 DEBUG 21652 --- [           main] c.petshop.mapper.UserMapper.updateById   : <==    Updates: 1

MockHttpServletRequest:
      HTTP Method = PUT
      Request URI = /api/auth/userinfo
       Parameters = {}
          Headers = [Content-Type:"application/json;charset=UTF-8", Authorization:"Bearer eyJhbGciOiJIUzUxMiJ9.eyJzdWIiOiIxMzkwMDAwMDAwMSIsImlhdCI6MTc3Njk0MTcxOX0.fVECjh7khidF4AGvx1X-tiLN3u6PW1f7YCGld13kCIJg78tvLOJFsjWs-ytXNwfJFIXscEq3sSloRD1QxUILpw", Content-Length:"105"]
             Body = {"id":null,"username":"updateduser","email":"updated@example.com","phone":null,"avatar":null,"role":null}
    Session Attrs = {}

Handler:
             Type = com.petshop.controller.api.AuthApiController
           Method = com.petshop.controller.api.AuthApiController#updateUserInfo(UserDTO)

Async:
    Async started = false
     Async result = null

Resolved Exception:
             Type = null

ModelAndView:
        View name = null
             View = null
            Model = null

FlashMap:
       Attributes = null

MockHttpServletResponse:
           Status = 200
    Error message = null
          Headers = [Vary:"Origin", "Access-Control-Request-Method", "Access-Control-Request-Headers", Content-Type:"application/json", X-Content-Type-Options:"nosniff", X-XSS-Protection:"0", Cache-Control:"no-cache, no-store, max-age=0, must-revalidate", Pragma:"no-cache", Expires:"0", X-Frame-Options:"DENY"]
     Content type = application/json
             Body = {"code":200,"message":"User info updated successfully","data":{"id":140,"username":"updateduser","email":"updated@example.com","phone":"13900000001","avatar":null,"role":"user"}}
    Forwarded URL = null
   Redirected URL = null
          Cookies = []
2026-04-23T18:55:19.414+08:00 DEBUG 21652 --- [           main] com.petshop.mapper.UserMapper.insert     : ==>  Preparing: INSERT INTO "user" ( username, email, password, phone, status, created_at, updated_at ) VALUES ( ?, ?, ?, ?, ?, ?, ? )
2026-04-23T18:55:19.415+08:00 DEBUG 21652 --- [           main] com.petshop.mapper.UserMapper.insert     : ==> Parameters: testuser(String), testuser@example.com(String), $2a$10$fkVGZZcGGVLRbUf5/rTaXOrOWawFn4ST8PUrQxMZH54fea0GmO9CG(String), 13900000001(String), active(String), 2026-04-23T18:55:19.414910300(LocalDateTime), 2026-04-23T18:55:19.414910300(LocalDateTime)
2026-04-23T18:55:19.415+08:00 DEBUG 21652 --- [           main] com.petshop.mapper.UserMapper.insert     : <==    Updates: 1
2026-04-23T18:55:19.496+08:00 DEBUG 21652 --- [           main] c.petshop.mapper.MerchantMapper.insert   : ==>  Preparing: INSERT INTO "merchant" ( name, contact_person, phone, email, password, address, status, created_at, updated_at ) VALUES ( ?, ?, ?, ?, ?, ?, ?, ?, ? )
2026-04-23T18:55:19.496+08:00 DEBUG 21652 --- [           main] c.petshop.mapper.MerchantMapper.insert   : ==> Parameters: Test Merchant(String), Test Contact(String), 13900000002(String), merchant@example.com(String), $2a$10$Jkzmm5YkZa4o4kBmI4AnseQHfwoU7hlNjK7GjEMQXpXF4p2fWYZaO(String), Test Address 123(String), approved(String), 2026-04-23T18:55:19.496047900(LocalDateTime), 2026-04-23T18:55:19.496047900(LocalDateTime)
2026-04-23T18:55:19.496+08:00 DEBUG 21652 --- [           main] c.petshop.mapper.MerchantMapper.insert   : <==    Updates: 1
2026-04-23T18:55:19.496+08:00 DEBUG 21652 --- [           main] c.petshop.mapper.ServiceMapper.insert    : ==>  Preparing: INSERT INTO "service" ( merchant_id, name, description, price, duration, category, status, created_at, updated_at ) VALUES ( ?, ?, ?, ?, ?, ?, ?, ?, ? )
2026-04-23T18:55:19.496+08:00 DEBUG 21652 --- [           main] c.petshop.mapper.ServiceMapper.insert    : ==> Parameters: 179(Integer), Test Pet Grooming(String), Professional pet grooming service(String), 99.99(BigDecimal), 60(Integer), grooming(String), enabled(String), 2026-04-23T18:55:19.496047900(LocalDateTime), 2026-04-23T18:55:19.496047900(LocalDateTime)
2026-04-23T18:55:19.497+08:00 DEBUG 21652 --- [           main] c.petshop.mapper.ServiceMapper.insert    : <==    Updates: 1
2026-04-23T18:55:19.497+08:00 DEBUG 21652 --- [           main] com.petshop.mapper.PetMapper.insert      : ==>  Preparing: INSERT INTO "pet" ( user_id, name, type, breed, age, gender, created_at, updated_at ) VALUES ( ?, ?, ?, ?, ?, ?, ?, ? )
2026-04-23T18:55:19.497+08:00 DEBUG 21652 --- [           main] com.petshop.mapper.PetMapper.insert      : ==> Parameters: 141(Integer), Test Pet(String), dog(String), Golden Retriever(String), 2(Integer), male(String), 2026-04-23T18:55:19.497041800(LocalDateTime), 2026-04-23T18:55:19.497041800(LocalDateTime)
2026-04-23T18:55:19.497+08:00 DEBUG 21652 --- [           main] com.petshop.mapper.PetMapper.insert      : <==    Updates: 1
2026-04-23T18:55:19.497+08:00 DEBUG 21652 --- [           main] c.petshop.mapper.ProductMapper.insert    : ==>  Preparing: INSERT INTO "product" ( merchant_id, name, description, price, stock, status, low_stock_threshold, created_at, updated_at ) VALUES ( ?, ?, ?, ?, ?, ?, ?, ?, ? )
2026-04-23T18:55:19.497+08:00 DEBUG 21652 --- [           main] c.petshop.mapper.ProductMapper.insert    : ==> Parameters: 179(Integer), Test Product(String), Test product description(String), 49.99(BigDecimal), 100(Integer), enabled(String), 10(Integer), 2026-04-23T18:55:19.497041800(LocalDateTime), 2026-04-23T18:55:19.497041800(LocalDateTime)
2026-04-23T18:55:19.497+08:00 DEBUG 21652 --- [           main] c.petshop.mapper.ProductMapper.insert    : <==    Updates: 1
2026-04-23T18:55:19.497+08:00 DEBUG 21652 --- [           main] c.petshop.mapper.AddressMapper.insert    : ==>  Preparing: INSERT INTO "address" ( user_id, contact_name, phone, province, city, district, detail_address, is_default, created_at, updated_at ) VALUES ( ?, ?, ?, ?, ?, ?, ?, ?, ?, ? )
2026-04-23T18:55:19.497+08:00 DEBUG 21652 --- [           main] c.petshop.mapper.AddressMapper.insert    : ==> Parameters: 141(Integer), Test Receiver(String), 13900000003(String), Beijing(String), Beijing(String), Chaoyang(String), Test Street 123(String), true(Boolean), 2026-04-23T18:55:19.497041800(LocalDateTime), 2026-04-23T18:55:19.497041800(LocalDateTime)
2026-04-23T18:55:19.497+08:00 DEBUG 21652 --- [           main] c.petshop.mapper.AddressMapper.insert    : <==    Updates: 1
2026-04-23T18:55:19.498+08:00 DEBUG 21652 --- [           main] o.s.security.web.FilterChainProxy        : Securing PUT /api/auth/password
2026-04-23T18:55:19.499+08:00 DEBUG 21652 --- [           main] c.p.mapper.UserMapper.selectByPhone      : ==>  Preparing: SELECT * FROM `user` WHERE phone = ?
2026-04-23T18:55:19.499+08:00 DEBUG 21652 --- [           main] c.p.mapper.UserMapper.selectByPhone      : ==> Parameters: 13900000001(String)
2026-04-23T18:55:19.499+08:00 DEBUG 21652 --- [           main] c.p.mapper.UserMapper.selectByPhone      : <==      Total: 1
2026-04-23T18:55:19.499+08:00 DEBUG 21652 --- [           main] o.s.security.web.FilterChainProxy        : Secured PUT /api/auth/password
2026-04-23T18:55:19.500+08:00 DEBUG 21652 --- [           main] c.petshop.mapper.UserMapper.selectList   : ==>  Preparing: SELECT id,username,email,password,phone,avatar,status,created_at,updated_at FROM "user" WHERE (phone = ?)
2026-04-23T18:55:19.500+08:00 DEBUG 21652 --- [           main] c.petshop.mapper.UserMapper.selectList   : ==> Parameters: 13900000001(String)
2026-04-23T18:55:19.500+08:00 DEBUG 21652 --- [           main] c.petshop.mapper.UserMapper.selectList   : <==      Total: 1

MockHttpServletRequest:
      HTTP Method = PUT
      Request URI = /api/auth/password
       Parameters = {}
          Headers = [Content-Type:"application/json;charset=UTF-8", Authorization:"Bearer eyJhbGciOiJIUzUxMiJ9.eyJzdWIiOiIxMzkwMDAwMDAwMSIsImlhdCI6MTc3Njk0MTcxOX0.fVECjh7khidF4AGvx1X-tiLN3u6PW1f7YCGld13kCIJg78tvLOJFsjWs-ytXNwfJFIXscEq3sSloRD1QxUILpw", Content-Length:"62"]
             Body = {"oldPassword":"wrongpassword","newPassword":"newpassword123"}
    Session Attrs = {}

Handler:
             Type = com.petshop.controller.api.AuthApiController
           Method = com.petshop.controller.api.AuthApiController#changePassword(ChangePasswordRequest)

Async:
    Async started = false
     Async result = null

Resolved Exception:
             Type = null

ModelAndView:
        View name = null
             View = null
            Model = null

FlashMap:
       Attributes = null

MockHttpServletResponse:
           Status = 400
    Error message = null
          Headers = [Vary:"Origin", "Access-Control-Request-Method", "Access-Control-Request-Headers", Content-Type:"application/json", X-Content-Type-Options:"nosniff", X-XSS-Protection:"0", Cache-Control:"no-cache, no-store, max-age=0, must-revalidate", Pragma:"no-cache", Expires:"0", X-Frame-Options:"DENY"]
     Content type = application/json
             Body = {"code":400,"message":"Old password is incorrect","data":null}
    Forwarded URL = null
   Redirected URL = null
          Cookies = []
[INFO] Tests run: 6, Failures: 0, Errors: 0, Skipped: 0, Time elapsed: 1.301 s -- in com.petshop.controller.UserApiControllerTest$UserInfoApiTests
[INFO] Tests run: 0, Failures: 0, Errors: 0, Skipped: 0, Time elapsed: 9.604 s -- in com.petshop.controller.UserApiControllerTest
[INFO] Running com.petshop.integration.DatabaseIntegrationTest
[INFO] Running com.petshop.integration.DatabaseIntegrationTest$DataConsistencyTests

  .   ____          _            __ _ _
 /\\ / ___'_ __ _ _(_)_ __  __ _ \ \ \ \
( ( )\___ | '_ | '_| | '_ \/ _` | \ \ \ \
 \\/  ___)| |_)| | | | | || (_| |  ) ) ) )
  '  |____| .__|_| |_|_| |_\__, | / / / /
 =========|_|==============|___/=/_/_/_/
 :: Spring Boot ::                (v3.2.0)

2026-04-23T18:55:19.633+08:00  INFO 21652 --- [           main] c.p.integration.DatabaseIntegrationTest  : Starting DatabaseIntegrationTest using Java 17.0.16 with PID 21652 (started by a in E:\g\petshop)
2026-04-23T18:55:19.633+08:00 DEBUG 21652 --- [           main] c.p.integration.DatabaseIntegrationTest  : Running with Spring Boot v3.2.0, Spring v6.1.1
2026-04-23T18:55:19.633+08:00  INFO 21652 --- [           main] c.p.integration.DatabaseIntegrationTest  : The following 1 profile is active: "test"
2026-04-23T18:55:19.990+08:00  INFO 21652 --- [           main] .s.d.r.c.RepositoryConfigurationDelegate : Multiple Spring Data modules found, entering strict repository configuration mode
2026-04-23T18:55:19.990+08:00  INFO 21652 --- [           main] .s.d.r.c.RepositoryConfigurationDelegate : Bootstrapping Spring Data Redis repositories in DEFAULT mode.
2026-04-23T18:55:19.999+08:00  INFO 21652 --- [           main] .s.d.r.c.RepositoryConfigurationDelegate : Finished Spring Data repository scanning in 8 ms. Found 0 Redis repository interfaces.
 _ _   |_  _ _|_. ___ _ |    _ 
| | |\/|_)(_| | |_\  |_)||_|_\ 
     /               |         
                        3.5.5 
2026-04-23T18:55:20.664+08:00  INFO 21652 --- [           main] o.s.b.a.e.web.EndpointLinksResolver      : Exposing 1 endpoint(s) beneath base path '/actuator'
2026-04-23T18:55:20.682+08:00  INFO 21652 --- [           main] o.s.s.web.DefaultSecurityFilterChain     : Will secure any request with [org.springframework.security.web.session.DisableEncodeUrlFilter@3963d003, org.springframework.security.web.context.request.async.WebAsyncManagerIntegrationFilter@41e35358, org.springframework.security.web.context.SecurityContextHolderFilter@40a923e6, org.springframework.security.web.header.HeaderWriterFilter@29f0e941, org.springframework.web.filter.CorsFilter@42927b0a, org.springframework.security.web.authentication.logout.LogoutFilter@39d8240b, com.petshop.security.JwtAuthenticationFilter@4b628301, org.springframework.security.web.savedrequest.RequestCacheAwareFilter@2a153531, org.springframework.security.web.servletapi.SecurityContextHolderAwareRequestFilter@4817bd3, org.springframework.security.web.authentication.AnonymousAuthenticationFilter@6ca6a1a6, org.springframework.security.web.session.SessionManagementFilter@2e6c69f, org.springframework.security.web.access.ExceptionTranslationFilter@5a96081a, org.springframework.security.web.access.intercept.AuthorizationFilter@35b799c0]
2026-04-23T18:55:20.758+08:00  INFO 21652 --- [           main] com.zaxxer.hikari.HikariDataSource       : HikariPool-2 - Starting...
2026-04-23T18:55:20.759+08:00  INFO 21652 --- [           main] com.zaxxer.hikari.pool.HikariPool        : HikariPool-2 - Added connection conn10: url=jdbc:h2:mem:testdb user=SA
2026-04-23T18:55:20.760+08:00  INFO 21652 --- [           main] com.zaxxer.hikari.HikariDataSource       : HikariPool-2 - Start completed.
2026-04-23T18:55:20.886+08:00  INFO 21652 --- [           main] c.p.integration.DatabaseIntegrationTest  : Started DatabaseIntegrationTest in 1.288 seconds (process running for 50.785)
2026-04-23T18:55:20.968+08:00 DEBUG 21652 --- [           main] com.petshop.mapper.UserMapper.insert     : ==>  Preparing: INSERT INTO "user" ( username, email, password, phone, status, created_at, updated_at ) VALUES ( ?, ?, ?, ?, ?, ?, ? )
2026-04-23T18:55:20.968+08:00 DEBUG 21652 --- [           main] com.petshop.mapper.UserMapper.insert     : ==> Parameters: testuser(String), testuser@example.com(String), $2a$10$3/Ci9T3MlE4M.j4.mUpfS.WzFHjuvPxvDOLGJeWl/9EgLDWjZpMVC(String), 13800138001(String), active(String), 2026-04-23T18:55:20.967962(LocalDateTime), 2026-04-23T18:55:20.967962(LocalDateTime)
2026-04-23T18:55:20.968+08:00 DEBUG 21652 --- [           main] com.petshop.mapper.UserMapper.insert     : <==    Updates: 1
2026-04-23T18:55:21.050+08:00 DEBUG 21652 --- [           main] c.petshop.mapper.MerchantMapper.insert   : ==>  Preparing: INSERT INTO "merchant" ( name, contact_person, phone, email, password, address, status, created_at, updated_at ) VALUES ( ?, ?, ?, ?, ?, ?, ?, ?, ? )
2026-04-23T18:55:21.050+08:00 DEBUG 21652 --- [           main] c.petshop.mapper.MerchantMapper.insert   : ==> Parameters: Test Merchant(String), Test Contact(String), 13900139001(String), merchant@example.com(String), $2a$10$RkqOdPX1GbIpCnJnERNUGuTKzJL5NJk8qS7y1A40tn4DVa9tqpBhO(String), Test Address 123(String), approved(String), 2026-04-23T18:55:21.049094500(LocalDateTime), 2026-04-23T18:55:21.049094500(LocalDateTime)
2026-04-23T18:55:21.050+08:00 DEBUG 21652 --- [           main] c.petshop.mapper.MerchantMapper.insert   : <==    Updates: 1
2026-04-23T18:55:21.050+08:00 DEBUG 21652 --- [           main] c.p.mapper.MerchantMapper.selectList     : ==>  Preparing: SELECT id,name,contact_person,phone,email,password,address,logo,status,created_at,updated_at FROM "merchant"
2026-04-23T18:55:21.050+08:00 DEBUG 21652 --- [           main] c.p.mapper.MerchantMapper.selectList     : ==> Parameters: 
2026-04-23T18:55:21.051+08:00 DEBUG 21652 --- [           main] c.p.mapper.MerchantMapper.selectList     : <==      Total: 2
2026-04-23T18:55:21.051+08:00 DEBUG 21652 --- [           main] c.petshop.mapper.ServiceMapper.insert    : ==>  Preparing: INSERT INTO "service" ( merchant_id, name, description, price, duration, category, status, created_at, updated_at ) VALUES ( ?, ?, ?, ?, ?, ?, ?, ?, ? )
2026-04-23T18:55:21.051+08:00 DEBUG 21652 --- [           main] c.petshop.mapper.ServiceMapper.insert    : ==> Parameters: 1(Integer), Test Pet Grooming(String), Professional pet grooming service(String), 99.99(BigDecimal), 60(Integer), grooming(String), enabled(String), 2026-04-23T18:55:21.051279(LocalDateTime), 2026-04-23T18:55:21.051279(LocalDateTime)
2026-04-23T18:55:21.051+08:00 DEBUG 21652 --- [           main] c.petshop.mapper.ServiceMapper.insert    : <==    Updates: 1
2026-04-23T18:55:21.133+08:00 DEBUG 21652 --- [           main] com.petshop.mapper.AdminMapper.insert    : ==>  Preparing: INSERT INTO "admin" ( username, password, created_at, updated_at ) VALUES ( ?, ?, ?, ? )
2026-04-23T18:55:21.133+08:00 DEBUG 21652 --- [           main] com.petshop.mapper.AdminMapper.insert    : ==> Parameters: testadmin(String), $2a$10$V4dEdtHwfMo1uMDTa7GEB.qMiBrFwxxPU67bl66cTC6e1xh9oYzOK(String), 2026-04-23T18:55:21.133188300(LocalDateTime), 2026-04-23T18:55:21.133188300(LocalDateTime)
2026-04-23T18:55:21.134+08:00 DEBUG 21652 --- [           main] com.petshop.mapper.AdminMapper.insert    : <==    Updates: 1
2026-04-23T18:55:21.134+08:00 DEBUG 21652 --- [           main] c.p.mapper.AdminMapper.selectByUsername  : ==>  Preparing: SELECT * FROM `admin` WHERE username = ?
2026-04-23T18:55:21.134+08:00 DEBUG 21652 --- [           main] c.p.mapper.AdminMapper.selectByUsername  : ==> Parameters: admin(String)
2026-04-23T18:55:21.134+08:00 DEBUG 21652 --- [           main] c.p.mapper.AdminMapper.selectByUsername  : <==      Total: 1
2026-04-23T18:55:21.153+08:00 DEBUG 21652 --- [           main] com.petshop.mapper.UserMapper.insert     : ==>  Preparing: INSERT INTO "user" ( username, email, password, phone, status, created_at, updated_at ) VALUES ( ?, ?, ?, ?, ?, ?, ? )
2026-04-23T18:55:21.153+08:00 DEBUG 21652 --- [           main] com.petshop.mapper.UserMapper.insert     : ==> Parameters: integration_test_order_user1776941721151(String), integration_test_order_user1776941721151@test.com(String), password123(String), 13800-37366(String), active(String), null, null
2026-04-23T18:55:21.153+08:00 DEBUG 21652 --- [           main] com.petshop.mapper.UserMapper.insert     : <==    Updates: 1
2026-04-23T18:55:21.153+08:00 DEBUG 21652 --- [           main] c.petshop.mapper.MerchantMapper.insert   : ==>  Preparing: INSERT INTO "merchant" ( name, contact_person, phone, email, password, address, status, created_at, updated_at ) VALUES ( ?, ?, ?, ?, ?, ?, ?, ?, ? )
2026-04-23T18:55:21.153+08:00 DEBUG 21652 --- [           main] c.petshop.mapper.MerchantMapper.insert   : ==> Parameters: Integration Test Order Merchant1776941721153(String), Test Contact(String), 1390068174(String), integration_test_order_merchant1776941721153@merchant.com(String), merchant123(String), Test Address(String), approved(String), null, null
2026-04-23T18:55:21.154+08:00 DEBUG 21652 --- [           main] c.petshop.mapper.MerchantMapper.insert   : <==    Updates: 1
2026-04-23T18:55:21.154+08:00 DEBUG 21652 --- [           main] c.p.mapper.ProductOrderMapper.insert     : ==>  Preparing: INSERT INTO "product_order" ( order_no, user_id, merchant_id, total_price, freight, status, remark, shipping_address, created_at, updated_at ) VALUES ( ?, ?, ?, ?, ?, ?, ?, ?, ?, ? )
2026-04-23T18:55:21.154+08:00 DEBUG 21652 --- [           main] c.p.mapper.ProductOrderMapper.insert     : ==> Parameters: TEST1776941721154(String), 143(Integer), 181(Integer), 199.99(BigDecimal), 0(BigDecimal), pending(String), Integration Test Order(String), Integration Test Address(String), null, null
2026-04-23T18:55:21.154+08:00 DEBUG 21652 --- [           main] c.p.mapper.ProductOrderMapper.insert     : <==    Updates: 1
2026-04-23T18:55:21.154+08:00 DEBUG 21652 --- [           main] c.p.m.ProductOrderMapper.updateById      : ==>  Preparing: UPDATE "product_order" SET order_no=?, user_id=?, merchant_id=?, total_price=?, freight=?, status=?, remark=?, shipping_address=?, paid_at=?, updated_at=? WHERE id=?
2026-04-23T18:55:21.155+08:00 DEBUG 21652 --- [           main] c.p.m.ProductOrderMapper.updateById      : ==> Parameters: TEST1776941721154(String), 143(Integer), 181(Integer), 199.99(BigDecimal), 0(BigDecimal), paid(String), Integration Test Order(String), Integration Test Address(String), 2026-04-23T18:55:21.154230500(LocalDateTime), null, 63(Integer)
2026-04-23T18:55:21.155+08:00 DEBUG 21652 --- [           main] c.p.m.ProductOrderMapper.updateById      : <==    Updates: 1
2026-04-23T18:55:21.155+08:00 DEBUG 21652 --- [           main] c.p.m.ProductOrderMapper.selectById      : ==>  Preparing: SELECT id,order_no,user_id,merchant_id,total_price,freight,status,pay_method,remark,shipping_address,logistics_company,logistics_number,transaction_id,paid_at,shipped_at,completed_at,cancelled_at,created_at,updated_at FROM "product_order" WHERE id=?
2026-04-23T18:55:21.155+08:00 DEBUG 21652 --- [           main] c.p.m.ProductOrderMapper.selectById      : ==> Parameters: 63(Integer)
2026-04-23T18:55:21.155+08:00 DEBUG 21652 --- [           main] c.p.m.ProductOrderMapper.selectById      : <==      Total: 1
2026-04-23T18:55:21.155+08:00 DEBUG 21652 --- [           main] c.p.m.ProductOrderMapper.updateById      : ==>  Preparing: UPDATE "product_order" SET order_no=?, user_id=?, merchant_id=?, total_price=?, freight=?, status=?, remark=?, shipping_address=?, logistics_company=?, logistics_number=?, paid_at=?, shipped_at=?, updated_at=? WHERE id=?
2026-04-23T18:55:21.156+08:00 DEBUG 21652 --- [           main] c.p.m.ProductOrderMapper.updateById      : ==> Parameters: TEST1776941721154(String), 143(Integer), 181(Integer), 199.99(BigDecimal), 0(BigDecimal), shipped(String), Integration Test Order(String), Integration Test Address(String), SF Express(String), SF1234567890(String), 2026-04-23T18:55:21.154230500(LocalDateTime), 2026-04-23T18:55:21.155220800(LocalDateTime), null, 63(Integer)
2026-04-23T18:55:21.156+08:00 DEBUG 21652 --- [           main] c.p.m.ProductOrderMapper.updateById      : <==    Updates: 1
2026-04-23T18:55:21.156+08:00 DEBUG 21652 --- [           main] c.p.m.ProductOrderMapper.selectById      : ==>  Preparing: SELECT id,order_no,user_id,merchant_id,total_price,freight,status,pay_method,remark,shipping_address,logistics_company,logistics_number,transaction_id,paid_at,shipped_at,completed_at,cancelled_at,created_at,updated_at FROM "product_order" WHERE id=?
2026-04-23T18:55:21.156+08:00 DEBUG 21652 --- [           main] c.p.m.ProductOrderMapper.selectById      : ==> Parameters: 63(Integer)
2026-04-23T18:55:21.156+08:00 DEBUG 21652 --- [           main] c.p.m.ProductOrderMapper.selectById      : <==      Total: 1
2026-04-23T18:55:21.156+08:00 DEBUG 21652 --- [           main] c.p.m.ProductOrderMapper.updateById      : ==>  Preparing: UPDATE "product_order" SET order_no=?, user_id=?, merchant_id=?, total_price=?, freight=?, status=?, remark=?, shipping_address=?, logistics_company=?, logistics_number=?, paid_at=?, shipped_at=?, completed_at=?, updated_at=? WHERE id=?
2026-04-23T18:55:21.156+08:00 DEBUG 21652 --- [           main] c.p.m.ProductOrderMapper.updateById      : ==> Parameters: TEST1776941721154(String), 143(Integer), 181(Integer), 199.99(BigDecimal), 0(BigDecimal), completed(String), Integration Test Order(String), Integration Test Address(String), SF Express(String), SF1234567890(String), 2026-04-23T18:55:21.154230500(LocalDateTime), 2026-04-23T18:55:21.155220800(LocalDateTime), 2026-04-23T18:55:21.156220500(LocalDateTime), null, 63(Integer)
2026-04-23T18:55:21.157+08:00 DEBUG 21652 --- [           main] c.p.m.ProductOrderMapper.updateById      : <==    Updates: 1
2026-04-23T18:55:21.157+08:00 DEBUG 21652 --- [           main] c.p.m.ProductOrderMapper.selectById      : ==>  Preparing: SELECT id,order_no,user_id,merchant_id,total_price,freight,status,pay_method,remark,shipping_address,logistics_company,logistics_number,transaction_id,paid_at,shipped_at,completed_at,cancelled_at,created_at,updated_at FROM "product_order" WHERE id=?
2026-04-23T18:55:21.157+08:00 DEBUG 21652 --- [           main] c.p.m.ProductOrderMapper.selectById      : ==> Parameters: 63(Integer)
2026-04-23T18:55:21.158+08:00 DEBUG 21652 --- [           main] c.p.m.ProductOrderMapper.selectById      : <==      Total: 1
2026-04-23T18:55:21.166+08:00 DEBUG 21652 --- [           main] c.petshop.mapper.MerchantMapper.insert   : ==>  Preparing: INSERT INTO "merchant" ( name, contact_person, phone, email, password, address, status, created_at, updated_at ) VALUES ( ?, ?, ?, ?, ?, ?, ?, ?, ? )
2026-04-23T18:55:21.166+08:00 DEBUG 21652 --- [           main] c.petshop.mapper.MerchantMapper.insert   : ==> Parameters: Integration Test Stock(String), Test Contact(String), 13900-17644(String), integration_test_stock@merchant.com(String), merchant123(String), Test Address(String), approved(String), null, null
2026-04-23T18:55:21.166+08:00 DEBUG 21652 --- [           main] c.petshop.mapper.MerchantMapper.insert   : <==    Updates: 1
2026-04-23T18:55:21.166+08:00 DEBUG 21652 --- [           main] c.petshop.mapper.ProductMapper.insert    : ==>  Preparing: INSERT INTO "product" ( merchant_id, name, description, price, stock, status, low_stock_threshold, created_at, updated_at ) VALUES ( ?, ?, ?, ?, ?, ?, ?, ?, ? )
2026-04-23T18:55:21.166+08:00 DEBUG 21652 --- [           main] c.petshop.mapper.ProductMapper.insert    : ==> Parameters: 182(Integer), Integration Test Product 1776941721166(String), Integration Test Product Description(String), 49.99(BigDecimal), 100(Integer), enabled(String), 10(Integer), null, null
2026-04-23T18:55:21.167+08:00 DEBUG 21652 --- [           main] c.petshop.mapper.ProductMapper.insert    : <==    Updates: 1
2026-04-23T18:55:21.167+08:00 DEBUG 21652 --- [           main] c.p.mapper.ProductMapper.updateById      : ==>  Preparing: UPDATE "product" SET merchant_id=?, name=?, description=?, price=?, stock=?, status=?, low_stock_threshold=?, updated_at=? WHERE id=?
2026-04-23T18:55:21.167+08:00 DEBUG 21652 --- [           main] c.p.mapper.ProductMapper.updateById      : ==> Parameters: 182(Integer), Integration Test Product 1776941721166(String), Integration Test Product Description(String), 49.99(BigDecimal), 95(Integer), enabled(String), 10(Integer), null, 105(Integer)
2026-04-23T18:55:21.167+08:00 DEBUG 21652 --- [           main] c.p.mapper.ProductMapper.updateById      : <==    Updates: 1
2026-04-23T18:55:21.167+08:00 DEBUG 21652 --- [           main] c.p.mapper.ProductMapper.selectById      : ==>  Preparing: SELECT id,merchant_id,name,description,price,stock,image,status,low_stock_threshold,category,created_at,updated_at FROM "product" WHERE id=?
2026-04-23T18:55:21.168+08:00 DEBUG 21652 --- [           main] c.p.mapper.ProductMapper.selectById      : ==> Parameters: 105(Integer)
2026-04-23T18:55:21.168+08:00 DEBUG 21652 --- [           main] c.p.mapper.ProductMapper.selectById      : <==      Total: 1
2026-04-23T18:55:21.175+08:00 DEBUG 21652 --- [           main] com.petshop.mapper.UserMapper.insert     : ==>  Preparing: INSERT INTO "user" ( username, email, password, phone, status, created_at, updated_at ) VALUES ( ?, ?, ?, ?, ?, ?, ? )
2026-04-23T18:55:21.176+08:00 DEBUG 21652 --- [           main] com.petshop.mapper.UserMapper.insert     : ==> Parameters: integration_test_appt_user1776941721175(String), integration_test_appt_user1776941721175@test.com(String), password123(String), 1380087061(String), active(String), null, null
2026-04-23T18:55:21.176+08:00 DEBUG 21652 --- [           main] com.petshop.mapper.UserMapper.insert     : <==    Updates: 1
2026-04-23T18:55:21.176+08:00 DEBUG 21652 --- [           main] c.petshop.mapper.MerchantMapper.insert   : ==>  Preparing: INSERT INTO "merchant" ( name, contact_person, phone, email, password, address, status, created_at, updated_at ) VALUES ( ?, ?, ?, ?, ?, ?, ?, ?, ? )
2026-04-23T18:55:21.176+08:00 DEBUG 21652 --- [           main] c.petshop.mapper.MerchantMapper.insert   : ==> Parameters: Integration Test Appt Merchant1776941721176(String), Test Contact(String), 139002296(String), integration_test_appt_merchant1776941721176@merchant.com(String), merchant123(String), Test Address(String), approved(String), null, null
2026-04-23T18:55:21.176+08:00 DEBUG 21652 --- [           main] c.petshop.mapper.MerchantMapper.insert   : <==    Updates: 1
2026-04-23T18:55:21.177+08:00 DEBUG 21652 --- [           main] c.petshop.mapper.ServiceMapper.insert    : ==>  Preparing: INSERT INTO "service" ( merchant_id, name, description, price, duration, category, status, created_at, updated_at ) VALUES ( ?, ?, ?, ?, ?, ?, ?, ?, ? )
2026-04-23T18:55:21.177+08:00 DEBUG 21652 --- [           main] c.petshop.mapper.ServiceMapper.insert    : ==> Parameters: 183(Integer), Integration Test Service 1776941721176(String), Integration Test Service Description(String), 99.99(BigDecimal), 60(Integer), grooming(String), enabled(String), null, null
2026-04-23T18:55:21.177+08:00 DEBUG 21652 --- [           main] c.petshop.mapper.ServiceMapper.insert    : <==    Updates: 1
2026-04-23T18:55:21.177+08:00 DEBUG 21652 --- [           main] com.petshop.mapper.PetMapper.insert      : ==>  Preparing: INSERT INTO "pet" ( user_id, name, type, breed, age, gender, created_at, updated_at ) VALUES ( ?, ?, ?, ?, ?, ?, ?, ? )
2026-04-23T18:55:21.177+08:00 DEBUG 21652 --- [           main] com.petshop.mapper.PetMapper.insert      : ==> Parameters: 144(Integer), Integration Test Pet 1776941721177(String), dog(String), Golden Retriever(String), 2(Integer), male(String), null, null
2026-04-23T18:55:21.177+08:00 DEBUG 21652 --- [           main] com.petshop.mapper.PetMapper.insert      : <==    Updates: 1
2026-04-23T18:55:21.178+08:00 DEBUG 21652 --- [           main] c.p.mapper.AppointmentMapper.insert      : ==>  Preparing: INSERT INTO "appointment" ( user_id, merchant_id, service_id, pet_id, appointment_time, status, total_price, notes, created_at, updated_at ) VALUES ( ?, ?, ?, ?, ?, ?, ?, ?, ?, ? )
2026-04-23T18:55:21.178+08:00 DEBUG 21652 --- [           main] c.p.mapper.AppointmentMapper.insert      : ==> Parameters: 144(Integer), 183(Integer), 108(Integer), 51(Integer), 2026-04-24T18:55:21.177827900(LocalDateTime), pending(String), 99.99(BigDecimal), Integration Test Appointment(String), null, null
2026-04-23T18:55:21.179+08:00 DEBUG 21652 --- [           main] c.p.mapper.AppointmentMapper.insert      : <==    Updates: 1
2026-04-23T18:55:21.179+08:00 DEBUG 21652 --- [           main] c.p.mapper.AppointmentMapper.updateById  : ==>  Preparing: UPDATE "appointment" SET user_id=?, merchant_id=?, service_id=?, pet_id=?, appointment_time=?, status=?, total_price=?, notes=?, updated_at=? WHERE id=?
2026-04-23T18:55:21.179+08:00 DEBUG 21652 --- [           main] c.p.mapper.AppointmentMapper.updateById  : ==> Parameters: 144(Integer), 183(Integer), 108(Integer), 51(Integer), 2026-04-24T18:55:21.177827900(LocalDateTime), confirmed(String), 99.99(BigDecimal), Integration Test Appointment(String), null, 6(Integer)
2026-04-23T18:55:21.179+08:00 DEBUG 21652 --- [           main] c.p.mapper.AppointmentMapper.updateById  : <==    Updates: 1
2026-04-23T18:55:21.179+08:00 DEBUG 21652 --- [           main] c.p.mapper.AppointmentMapper.selectById  : ==>  Preparing: SELECT id,user_id,merchant_id,service_id,pet_id,appointment_time,status,total_price,notes,created_at,updated_at FROM "appointment" WHERE id=?
2026-04-23T18:55:21.179+08:00 DEBUG 21652 --- [           main] c.p.mapper.AppointmentMapper.selectById  : ==> Parameters: 6(Integer)
2026-04-23T18:55:21.180+08:00 DEBUG 21652 --- [           main] c.p.mapper.AppointmentMapper.selectById  : <==      Total: 1
2026-04-23T18:55:21.180+08:00 DEBUG 21652 --- [           main] c.p.mapper.AppointmentMapper.updateById  : ==>  Preparing: UPDATE "appointment" SET user_id=?, merchant_id=?, service_id=?, pet_id=?, appointment_time=?, status=?, total_price=?, notes=?, updated_at=? WHERE id=?
2026-04-23T18:55:21.180+08:00 DEBUG 21652 --- [           main] c.p.mapper.AppointmentMapper.updateById  : ==> Parameters: 144(Integer), 183(Integer), 108(Integer), 51(Integer), 2026-04-24T18:55:21.177827900(LocalDateTime), completed(String), 99.99(BigDecimal), Integration Test Appointment(String), null, 6(Integer)
2026-04-23T18:55:21.180+08:00 DEBUG 21652 --- [           main] c.p.mapper.AppointmentMapper.updateById  : <==    Updates: 1
2026-04-23T18:55:21.180+08:00 DEBUG 21652 --- [           main] c.p.mapper.AppointmentMapper.selectById  : ==>  Preparing: SELECT id,user_id,merchant_id,service_id,pet_id,appointment_time,status,total_price,notes,created_at,updated_at FROM "appointment" WHERE id=?
2026-04-23T18:55:21.180+08:00 DEBUG 21652 --- [           main] c.p.mapper.AppointmentMapper.selectById  : ==> Parameters: 6(Integer)
2026-04-23T18:55:21.181+08:00 DEBUG 21652 --- [           main] c.p.mapper.AppointmentMapper.selectById  : <==      Total: 1
2026-04-23T18:55:21.188+08:00 DEBUG 21652 --- [           main] com.petshop.mapper.UserMapper.insert     : ==>  Preparing: INSERT INTO "user" ( username, email, password, phone, status, created_at, updated_at ) VALUES ( ?, ?, ?, ?, ?, ?, ? )
2026-04-23T18:55:21.188+08:00 DEBUG 21652 --- [           main] com.petshop.mapper.UserMapper.insert     : ==> Parameters: integration_test_fk_user(String), integration_test_fk_user@test.com(String), password123(String), 13800-70269(String), active(String), null, null
2026-04-23T18:55:21.188+08:00 DEBUG 21652 --- [           main] com.petshop.mapper.UserMapper.insert     : <==    Updates: 1
2026-04-23T18:55:21.188+08:00 DEBUG 21652 --- [           main] c.petshop.mapper.MerchantMapper.insert   : ==>  Preparing: INSERT INTO "merchant" ( name, contact_person, phone, email, password, address, status, created_at, updated_at ) VALUES ( ?, ?, ?, ?, ?, ?, ?, ?, ? )
2026-04-23T18:55:21.188+08:00 DEBUG 21652 --- [           main] c.petshop.mapper.MerchantMapper.insert   : ==> Parameters: Integration Test FK Merchant(String), Test Contact(String), 13900-13599(String), integration_test_fk_merchant@merchant.com(String), merchant123(String), Test Address(String), approved(String), null, null
2026-04-23T18:55:21.188+08:00 DEBUG 21652 --- [           main] c.petshop.mapper.MerchantMapper.insert   : <==    Updates: 1
2026-04-23T18:55:21.188+08:00 DEBUG 21652 --- [           main] c.petshop.mapper.ServiceMapper.insert    : ==>  Preparing: INSERT INTO "service" ( merchant_id, name, description, price, duration, category, status, created_at, updated_at ) VALUES ( ?, ?, ?, ?, ?, ?, ?, ?, ? )
2026-04-23T18:55:21.189+08:00 DEBUG 21652 --- [           main] c.petshop.mapper.ServiceMapper.insert    : ==> Parameters: 184(Integer), Integration Test Service 1776941721188(String), Integration Test Service Description(String), 99.99(BigDecimal), 60(Integer), grooming(String), enabled(String), null, null
2026-04-23T18:55:21.189+08:00 DEBUG 21652 --- [           main] c.petshop.mapper.ServiceMapper.insert    : <==    Updates: 1
2026-04-23T18:55:21.189+08:00 DEBUG 21652 --- [           main] com.petshop.mapper.PetMapper.insert      : ==>  Preparing: INSERT INTO "pet" ( user_id, name, type, breed, age, gender, created_at, updated_at ) VALUES ( ?, ?, ?, ?, ?, ?, ?, ? )
2026-04-23T18:55:21.189+08:00 DEBUG 21652 --- [           main] com.petshop.mapper.PetMapper.insert      : ==> Parameters: 145(Integer), Integration Test Pet 1776941721189(String), dog(String), Golden Retriever(String), 2(Integer), male(String), null, null
2026-04-23T18:55:21.189+08:00 DEBUG 21652 --- [           main] com.petshop.mapper.PetMapper.insert      : <==    Updates: 1
2026-04-23T18:55:21.190+08:00 DEBUG 21652 --- [           main] c.p.mapper.AppointmentMapper.insert      : ==>  Preparing: INSERT INTO "appointment" ( user_id, merchant_id, service_id, pet_id, appointment_time, status, total_price, notes, created_at, updated_at ) VALUES ( ?, ?, ?, ?, ?, ?, ?, ?, ?, ? )
2026-04-23T18:55:21.190+08:00 DEBUG 21652 --- [           main] c.p.mapper.AppointmentMapper.insert      : ==> Parameters: 145(Integer), 184(Integer), 109(Integer), 52(Integer), 2026-04-24T18:55:21.189120800(LocalDateTime), pending(String), 99.99(BigDecimal), Integration Test FK(String), null, null
2026-04-23T18:55:21.190+08:00 DEBUG 21652 --- [           main] c.p.mapper.AppointmentMapper.insert      : <==    Updates: 1
2026-04-23T18:55:21.198+08:00 DEBUG 21652 --- [           main] com.petshop.mapper.UserMapper.insert     : ==>  Preparing: INSERT INTO "user" ( username, email, password, phone, status, created_at, updated_at ) VALUES ( ?, ?, ?, ?, ?, ?, ? )
2026-04-23T18:55:21.198+08:00 DEBUG 21652 --- [           main] com.petshop.mapper.UserMapper.insert     : ==> Parameters: integration_test_query1(String), integration_test_query1@test.com(String), password123(String), 1380033067(String), active(String), null, null
2026-04-23T18:55:21.198+08:00 DEBUG 21652 --- [           main] com.petshop.mapper.UserMapper.insert     : <==    Updates: 1
2026-04-23T18:55:21.198+08:00 DEBUG 21652 --- [           main] com.petshop.mapper.UserMapper.insert     : ==>  Preparing: INSERT INTO "user" ( username, email, password, phone, status, created_at, updated_at ) VALUES ( ?, ?, ?, ?, ?, ?, ? )
2026-04-23T18:55:21.198+08:00 DEBUG 21652 --- [           main] com.petshop.mapper.UserMapper.insert     : ==> Parameters: integration_test_query2(String), integration_test_query2@test.com(String), password123(String), 1380033068(String), active(String), null, null
2026-04-23T18:55:21.198+08:00 DEBUG 21652 --- [           main] com.petshop.mapper.UserMapper.insert     : <==    Updates: 1
2026-04-23T18:55:21.203+08:00 DEBUG 21652 --- [           main] c.petshop.mapper.UserMapper.selectList   : ==>  Preparing: SELECT id,username,email,password,phone,avatar,status,created_at,updated_at FROM "user" WHERE (username LIKE ?)
2026-04-23T18:55:21.203+08:00 DEBUG 21652 --- [           main] c.petshop.mapper.UserMapper.selectList   : ==> Parameters: integration_test_query%(String)
2026-04-23T18:55:21.203+08:00 DEBUG 21652 --- [           main] c.petshop.mapper.UserMapper.selectList   : <==      Total: 2
2026-04-23T18:55:21.211+08:00 DEBUG 21652 --- [           main] com.petshop.mapper.UserMapper.insert     : ==>  Preparing: INSERT INTO "user" ( username, email, password, phone, status, created_at, updated_at ) VALUES ( ?, ?, ?, ?, ?, ?, ? )
2026-04-23T18:55:21.211+08:00 DEBUG 21652 --- [           main] com.petshop.mapper.UserMapper.insert     : ==> Parameters: integration_test_updated(String), integration_test_updated@test.com(String), password123(String), 13800-48455(String), active(String), null, null
2026-04-23T18:55:21.211+08:00 DEBUG 21652 --- [           main] com.petshop.mapper.UserMapper.insert     : <==    Updates: 1
2026-04-23T18:55:21.212+08:00 DEBUG 21652 --- [           main] c.petshop.mapper.UserMapper.updateById   : ==>  Preparing: UPDATE "user" SET username=?, email=?, password=?, phone=?, status=?, updated_at=? WHERE id=?
2026-04-23T18:55:21.212+08:00 DEBUG 21652 --- [           main] c.petshop.mapper.UserMapper.updateById   : ==> Parameters: integration_test_updated_new(String), integration_test_updated@test.com(String), password123(String), 13800-48455(String), active(String), null, 148(Integer)
2026-04-23T18:55:21.212+08:00 DEBUG 21652 --- [           main] c.petshop.mapper.UserMapper.updateById   : <==    Updates: 1
2026-04-23T18:55:21.212+08:00 DEBUG 21652 --- [           main] c.petshop.mapper.UserMapper.selectById   : ==>  Preparing: SELECT id,username,email,password,phone,avatar,status,created_at,updated_at FROM "user" WHERE id=?
2026-04-23T18:55:21.212+08:00 DEBUG 21652 --- [           main] c.petshop.mapper.UserMapper.selectById   : ==> Parameters: 148(Integer)
2026-04-23T18:55:21.213+08:00 DEBUG 21652 --- [           main] c.petshop.mapper.UserMapper.selectById   : <==      Total: 1
2026-04-23T18:55:21.219+08:00 DEBUG 21652 --- [           main] com.petshop.mapper.UserMapper.insert     : ==>  Preparing: INSERT INTO "user" ( username, email, password, phone, status, created_at, updated_at ) VALUES ( ?, ?, ?, ?, ?, ?, ? )
2026-04-23T18:55:21.219+08:00 DEBUG 21652 --- [           main] com.petshop.mapper.UserMapper.insert     : ==> Parameters: integration_test_created(String), integration_test_created@test.com(String), password123(String), 13800-63706(String), active(String), null, null
2026-04-23T18:55:21.219+08:00 DEBUG 21652 --- [           main] com.petshop.mapper.UserMapper.insert     : <==    Updates: 1
2026-04-23T18:55:21.226+08:00 DEBUG 21652 --- [           main] c.petshop.mapper.MerchantMapper.insert   : ==>  Preparing: INSERT INTO "merchant" ( name, contact_person, phone, email, password, address, status, created_at, updated_at ) VALUES ( ?, ?, ?, ?, ?, ?, ?, ?, ? )
2026-04-23T18:55:21.226+08:00 DEBUG 21652 --- [           main] c.petshop.mapper.MerchantMapper.insert   : ==> Parameters: Integration Test Default Merchant(String), Test Contact(String), 13900000000(String), default_merchant@test.com(String), password(String), Test Address(String), pending(String), null, null
2026-04-23T18:55:21.226+08:00 DEBUG 21652 --- [           main] c.petshop.mapper.MerchantMapper.insert   : <==    Updates: 1
2026-04-23T18:55:21.227+08:00 DEBUG 21652 --- [           main] c.p.mapper.MerchantMapper.selectById     : ==>  Preparing: SELECT id,name,contact_person,phone,email,password,address,logo,status,created_at,updated_at FROM "merchant" WHERE id=?
2026-04-23T18:55:21.227+08:00 DEBUG 21652 --- [           main] c.p.mapper.MerchantMapper.selectById     : ==> Parameters: 185(Integer)
2026-04-23T18:55:21.227+08:00 DEBUG 21652 --- [           main] c.p.mapper.MerchantMapper.selectById     : <==      Total: 1
2026-04-23T18:55:21.234+08:00 DEBUG 21652 --- [           main] com.petshop.mapper.UserMapper.insert     : ==>  Preparing: INSERT INTO "user" ( username, email, password, phone, status, created_at, updated_at ) VALUES ( ?, ?, ?, ?, ?, ?, ? )
2026-04-23T18:55:21.234+08:00 DEBUG 21652 --- [           main] com.petshop.mapper.UserMapper.insert     : ==> Parameters: integration_test_cascade(String), integration_test_cascade@test.com(String), password123(String), 13800-88686(String), active(String), null, null
2026-04-23T18:55:21.234+08:00 DEBUG 21652 --- [           main] com.petshop.mapper.UserMapper.insert     : <==    Updates: 1
2026-04-23T18:55:21.234+08:00 DEBUG 21652 --- [           main] com.petshop.mapper.PetMapper.insert      : ==>  Preparing: INSERT INTO "pet" ( user_id, name, type, breed, age, gender, created_at, updated_at ) VALUES ( ?, ?, ?, ?, ?, ?, ?, ? )
2026-04-23T18:55:21.234+08:00 DEBUG 21652 --- [           main] com.petshop.mapper.PetMapper.insert      : ==> Parameters: 150(Integer), Integration Test Pet 1776941721234(String), dog(String), Golden Retriever(String), 2(Integer), male(String), null, null
2026-04-23T18:55:21.234+08:00 DEBUG 21652 --- [           main] com.petshop.mapper.PetMapper.insert      : <==    Updates: 1
2026-04-23T18:55:21.235+08:00 DEBUG 21652 --- [           main] c.petshop.mapper.PetMapper.selectById    : ==>  Preparing: SELECT id,user_id,name,type,breed,age,gender,avatar,description,created_at,updated_at FROM "pet" WHERE id=?
2026-04-23T18:55:21.235+08:00 DEBUG 21652 --- [           main] c.petshop.mapper.PetMapper.selectById    : ==> Parameters: 53(Integer)
2026-04-23T18:55:21.235+08:00 DEBUG 21652 --- [           main] c.petshop.mapper.PetMapper.selectById    : <==      Total: 1
2026-04-23T18:55:21.235+08:00 DEBUG 21652 --- [           main] c.petshop.mapper.PetMapper.deleteById    : ==>  Preparing: DELETE FROM "pet" WHERE id=?
2026-04-23T18:55:21.235+08:00 DEBUG 21652 --- [           main] c.petshop.mapper.PetMapper.deleteById    : ==> Parameters: 53(Integer)
2026-04-23T18:55:21.235+08:00 DEBUG 21652 --- [           main] c.petshop.mapper.PetMapper.deleteById    : <==    Updates: 1
2026-04-23T18:55:21.235+08:00 DEBUG 21652 --- [           main] c.petshop.mapper.PetMapper.selectById    : ==>  Preparing: SELECT id,user_id,name,type,breed,age,gender,avatar,description,created_at,updated_at FROM "pet" WHERE id=?
2026-04-23T18:55:21.235+08:00 DEBUG 21652 --- [           main] c.petshop.mapper.PetMapper.selectById    : ==> Parameters: 53(Integer)
2026-04-23T18:55:21.235+08:00 DEBUG 21652 --- [           main] c.petshop.mapper.PetMapper.selectById    : <==      Total: 0
2026-04-23T18:55:21.242+08:00 DEBUG 21652 --- [           main] com.petshop.mapper.UserMapper.insert     : ==>  Preparing: INSERT INTO "user" ( username, email, password, phone, status, created_at, updated_at ) VALUES ( ?, ?, ?, ?, ?, ?, ? )
2026-04-23T18:55:21.242+08:00 DEBUG 21652 --- [           main] com.petshop.mapper.UserMapper.insert     : ==> Parameters: integration_test_default(String), integration_test_default@test.com(String), password(String), 13800000000(String), active(String), null, null
2026-04-23T18:55:21.242+08:00 DEBUG 21652 --- [           main] com.petshop.mapper.UserMapper.insert     : <==    Updates: 1
2026-04-23T18:55:21.242+08:00 DEBUG 21652 --- [           main] c.petshop.mapper.UserMapper.selectById   : ==>  Preparing: SELECT id,username,email,password,phone,avatar,status,created_at,updated_at FROM "user" WHERE id=?
2026-04-23T18:55:21.242+08:00 DEBUG 21652 --- [           main] c.petshop.mapper.UserMapper.selectById   : ==> Parameters: 151(Integer)
2026-04-23T18:55:21.242+08:00 DEBUG 21652 --- [           main] c.petshop.mapper.UserMapper.selectById   : <==      Total: 1
2026-04-23T18:55:21.248+08:00 DEBUG 21652 --- [           main] c.petshop.mapper.MerchantMapper.insert   : ==>  Preparing: INSERT INTO "merchant" ( name, contact_person, phone, email, password, address, status, created_at, updated_at ) VALUES ( ?, ?, ?, ?, ?, ?, ?, ?, ? )
2026-04-23T18:55:21.249+08:00 DEBUG 21652 --- [           main] c.petshop.mapper.MerchantMapper.insert   : ==> Parameters: Integration Test Precision(String), Test Contact(String), 1390061084(String), integration_test_precision@merchant.com(String), merchant123(String), Test Address(String), approved(String), null, null
2026-04-23T18:55:21.249+08:00 DEBUG 21652 --- [           main] c.petshop.mapper.MerchantMapper.insert   : <==    Updates: 1
2026-04-23T18:55:21.249+08:00 DEBUG 21652 --- [           main] c.petshop.mapper.ServiceMapper.insert    : ==>  Preparing: INSERT INTO "service" ( merchant_id, name, price, duration, status, created_at, updated_at ) VALUES ( ?, ?, ?, ?, ?, ?, ? )
2026-04-23T18:55:21.249+08:00 DEBUG 21652 --- [           main] c.petshop.mapper.ServiceMapper.insert    : ==> Parameters: 186(Integer), Integration Test Precision Service(String), 99.99(BigDecimal), 60(Integer), enabled(String), null, null
2026-04-23T18:55:21.249+08:00 DEBUG 21652 --- [           main] c.petshop.mapper.ServiceMapper.insert    : <==    Updates: 1
2026-04-23T18:55:21.249+08:00 DEBUG 21652 --- [           main] c.p.mapper.ServiceMapper.selectById      : ==>  Preparing: SELECT id,merchant_id,name,description,price,duration,category,image,status,created_at,updated_at FROM "service" WHERE id=?
2026-04-23T18:55:21.250+08:00 DEBUG 21652 --- [           main] c.p.mapper.ServiceMapper.selectById      : ==> Parameters: 110(Integer)
2026-04-23T18:55:21.250+08:00 DEBUG 21652 --- [           main] c.p.mapper.ServiceMapper.selectById      : <==      Total: 1
2026-04-23T18:55:21.257+08:00 DEBUG 21652 --- [           main] com.petshop.mapper.UserMapper.insert     : ==>  Preparing: INSERT INTO "user" ( username, email, password, phone, status, created_at, updated_at ) VALUES ( ?, ?, ?, ?, ?, ?, ? )
2026-04-23T18:55:21.258+08:00 DEBUG 21652 --- [           main] com.petshop.mapper.UserMapper.insert     : ==> Parameters: integration_test_order_user1776941721257(String), integration_test_order_user1776941721257@test.com(String), password123(String), 13800-36399(String), active(String), null, null
2026-04-23T18:55:21.258+08:00 DEBUG 21652 --- [           main] com.petshop.mapper.UserMapper.insert     : <==    Updates: 1
2026-04-23T18:55:21.258+08:00 DEBUG 21652 --- [           main] c.petshop.mapper.MerchantMapper.insert   : ==>  Preparing: INSERT INTO "merchant" ( name, contact_person, phone, email, password, address, status, created_at, updated_at ) VALUES ( ?, ?, ?, ?, ?, ?, ?, ?, ? )
2026-04-23T18:55:21.258+08:00 DEBUG 21652 --- [           main] c.petshop.mapper.MerchantMapper.insert   : ==> Parameters: Integration Test Order Merchant1776941721258(String), Test Contact(String), 1390069140(String), integration_test_order_merchant1776941721258@merchant.com(String), merchant123(String), Test Address(String), approved(String), null, null
2026-04-23T18:55:21.258+08:00 DEBUG 21652 --- [           main] c.petshop.mapper.MerchantMapper.insert   : <==    Updates: 1
2026-04-23T18:55:21.258+08:00 DEBUG 21652 --- [           main] c.p.mapper.ProductOrderMapper.insert     : ==>  Preparing: INSERT INTO "product_order" ( order_no, user_id, merchant_id, total_price, freight, status, remark, shipping_address, created_at, updated_at ) VALUES ( ?, ?, ?, ?, ?, ?, ?, ?, ?, ? )
2026-04-23T18:55:21.259+08:00 DEBUG 21652 --- [           main] c.p.mapper.ProductOrderMapper.insert     : ==> Parameters: TEST1776941721258(String), 152(Integer), 187(Integer), 199.99(BigDecimal), 0(BigDecimal), pending(String), Integration Test Order(String), Integration Test Address(String), null, null
2026-04-23T18:55:21.259+08:00 DEBUG 21652 --- [           main] c.p.mapper.ProductOrderMapper.insert     : <==    Updates: 1
2026-04-23T18:55:21.259+08:00 DEBUG 21652 --- [           main] c.p.m.ProductOrderMapper.selectById      : ==>  Preparing: SELECT id,order_no,user_id,merchant_id,total_price,freight,status,pay_method,remark,shipping_address,logistics_company,logistics_number,transaction_id,paid_at,shipped_at,completed_at,cancelled_at,created_at,updated_at FROM "product_order" WHERE id=?
2026-04-23T18:55:21.259+08:00 DEBUG 21652 --- [           main] c.p.m.ProductOrderMapper.selectById      : ==> Parameters: 64(Integer)
2026-04-23T18:55:21.260+08:00 DEBUG 21652 --- [           main] c.p.m.ProductOrderMapper.selectById      : <==      Total: 1
2026-04-23T18:55:21.266+08:00 DEBUG 21652 --- [           main] c.petshop.mapper.MerchantMapper.insert   : ==>  Preparing: INSERT INTO "merchant" ( name, contact_person, phone, email, password, address, status, created_at, updated_at ) VALUES ( ?, ?, ?, ?, ?, ?, ?, ?, ? )
2026-04-23T18:55:21.266+08:00 DEBUG 21652 --- [           main] c.petshop.mapper.MerchantMapper.insert   : ==> Parameters: Integration Test Large(String), Test Contact(String), 13900-45319(String), integration_test_large@merchant.com(String), merchant123(String), Test Address(String), approved(String), null, null
2026-04-23T18:55:21.266+08:00 DEBUG 21652 --- [           main] c.petshop.mapper.MerchantMapper.insert   : <==    Updates: 1
2026-04-23T18:55:21.267+08:00 DEBUG 21652 --- [           main] c.petshop.mapper.ServiceMapper.insert    : ==>  Preparing: INSERT INTO "service" ( merchant_id, name, description, price, duration, status, created_at, updated_at ) VALUES ( ?, ?, ?, ?, ?, ?, ?, ? )
2026-04-23T18:55:21.267+08:00 DEBUG 21652 --- [           main] c.petshop.mapper.ServiceMapper.insert    : ==> Parameters: 188(Integer), Integration Test Large Service(String), 这是一段测试文本，用于测试大文本存储。这是一段测试文本，用于测试大文本存储。这是一段测试文本，用于测试大文本存储。这是一段测试文本，用于测试大文本存储。这是一段测试文本，用于测试大文本存储。这是一段测试文本，用于测试大文本存储。这是一段测试文本，用于测试大文本存储。这是一段测试文本，用于测试大文本存储。这是一段测试文本，用于测试大文本存储。这是一段测试文本，用于测试大文本存储。这是一段测试文本，用于测试大文本存储。这是一段测试文本，用于测试大文本存储。这是一段测试文本，用于测试大文本存储。这是一段测试文本，用于测试大文本存储。这是一段测试文本，用于测试大文本存储。这是一段测试文本，用于测试大文本存储。这是一段测试文本，用于测试大文本存储。这是一段测试文本，用于测试大文本存储。这是一段测试文本，用于测试大文本存储。这是一段测试文本，用于测试大文本存储。这是一段测试文本，用于测试大文本存储。这是一段测试文本，用于测试大文本存储。这是一段测试文本，用于测试大文本存储。这是一段测试文本，用于测试大文本存储。这是一段测试文本，用于测试大文本存储。这是一段测试文本，用于测试大文本存储。这是一段测试文本，用于测试大文本存储。这是一段测试文本，用于测试大文本存储。这是一段测试文本，用于测试大文本存储。这是一段测试文本，用于测试大文本存储。这是一段测试文本，用于测试大文本存储。这是一段测试文本，用于测试大文本存储。这是一段测试文本，用于测试大文本存储。这是一段测试文本，用于测试大文本存储。这是一段测试文本，用于测试大文本存储。这是一段测试文本，用于测试大文本存储。这是一段测试文本，用于测试大文本存储。这是一段测试文本，用于测试大文本存储。这是一段测试文本，用于测试大文本存储。这是一段测试文本，用于测试大文本存储。这是一段测试文本，用于测试大文本存储。这是一段测试文本，用于测试大文本存储。这是一段测试文本，用于测试大文本存储。这是一段测试文本，用于测试大文本存储。这是一段测试文本，用于测试大文本存储。这是一段测试文本，用于测试大文本存储。这是一段测试文本，用于测试大文本存储。这是一段测试文本，用于测试大文本存储。这是一段测试文本，用于测试大文本存储。这是一段测试文本，用于测试大文本存储。这是一段测试文本，用于测试大文本存储。这是一段测试文本，用于测试大文本存储。这是一段测试文本，用于测试大文本存储。这是一段测试文本，用于测试大文本存储。这是一段测试文本，用于测试大文本存储。这是一段测试文本，用于测试大文本存储。这是一段测试文本，用于测试大文本存储。这是一段测试文本，用于测试大文本存储。这是一段测试文本，用于测试大文本存储。这是一段测试文本，用于测试大文本存储。这是一段测试文本，用于测试大文本存储。这是一段测试文本，用于测试大文本存储。这是一段测试文本，用于测试大文本存储。这是一段测试文本，用于测试大文本存储。这是一段测试文本，用于测试大文本存储。这是一段测试文本，用于测试大文本存储。这是一段测试文本，用于测试大文本存储。这是一段测试文本，用于测试大文本存储。这是一段测试文本，用于测试大文本存储。这是一段测试文本，用于测试大文本存储。这是一段测试文本，用于测试大文本存储。这是一段测试文本，用于测试大文本存储。这是一段测试文本，用于测试大文本存储。这是一段测试文本，用于测试大文本存储。这是一段测试文本，用于测试大文本存储。这是一段测试文本，用于测试大文本存储。这是一段测试文本，用于测试大文本存储。这是一段测试文本，用于测试大文本存储。这是一段测试文本，用于测试大文本存储。这是一段测试文本，用于测试大文本存储。这是一段测试文本，用于测试大文本存储。这是一段测试文本，用于测试大文本存储。这是一段测试文本，用于测试大文本存储。这是一段测试文本，用于测试大文本存储。这是一段测试文本，用于测试大文本存储。这是一段测试文本，用于测试大文本存储。这是一段测试文本，用于测试大文本存储。这是一段测试文本，用于测试大文本存储。这是一段测试文本，用于测试大文本存储。这是一段测试文本，用于测试大文本存储。这是一段测试文本，用于测试大文本存储。这是一段测试文本，用于测试大文本存储。这是一段测试文本，用于测试大文本存储。这是一段测试文本，用于测试大文本存储。这是一段测试文本，用于测试大文本存储。这是一段测试文本，用于测试大文本存储。这是一段测试文本，用于测试大文本存储。这是一段测试文本，用于测试大文本存储。这是一段测试文本，用于测试大文本存储。这是一段测试文本，用于测试大文本存储。(String), 99.99(BigDecimal), 60(Integer), enabled(String), null, null
2026-04-23T18:55:21.267+08:00 DEBUG 21652 --- [           main] c.petshop.mapper.ServiceMapper.insert    : <==    Updates: 1
2026-04-23T18:55:21.267+08:00 DEBUG 21652 --- [           main] c.p.mapper.ServiceMapper.selectById      : ==>  Preparing: SELECT id,merchant_id,name,description,price,duration,category,image,status,created_at,updated_at FROM "service" WHERE id=?
2026-04-23T18:55:21.267+08:00 DEBUG 21652 --- [           main] c.p.mapper.ServiceMapper.selectById      : ==> Parameters: 111(Integer)
2026-04-23T18:55:21.269+08:00 DEBUG 21652 --- [           main] c.p.mapper.ServiceMapper.selectById      : <==      Total: 1
2026-04-23T18:55:21.276+08:00 DEBUG 21652 --- [           main] c.petshop.mapper.MerchantMapper.insert   : ==>  Preparing: INSERT INTO "merchant" ( name, contact_person, phone, email, password, address, status, created_at, updated_at ) VALUES ( ?, ?, ?, ?, ?, ?, ?, ?, ? )
2026-04-23T18:55:21.276+08:00 DEBUG 21652 --- [           main] c.petshop.mapper.MerchantMapper.insert   : ==> Parameters: Integration Test Rating(String), Test Contact(String), 1390074047(String), integration_test_rating@merchant.com(String), merchant123(String), Test Address(String), approved(String), null, null
2026-04-23T18:55:21.276+08:00 DEBUG 21652 --- [           main] c.petshop.mapper.MerchantMapper.insert   : <==    Updates: 1
2026-04-23T18:55:21.276+08:00 DEBUG 21652 --- [           main] com.petshop.mapper.UserMapper.insert     : ==>  Preparing: INSERT INTO "user" ( username, email, password, phone, status, created_at, updated_at ) VALUES ( ?, ?, ?, ?, ?, ?, ? )
2026-04-23T18:55:21.276+08:00 DEBUG 21652 --- [           main] com.petshop.mapper.UserMapper.insert     : ==> Parameters: integration_test_rating(String), integration_test_rating@test.com(String), password123(String), 1380029727(String), active(String), null, null
2026-04-23T18:55:21.277+08:00 DEBUG 21652 --- [           main] com.petshop.mapper.UserMapper.insert     : <==    Updates: 1
2026-04-23T18:55:21.277+08:00 DEBUG 21652 --- [           main] c.petshop.mapper.ServiceMapper.insert    : ==>  Preparing: INSERT INTO "service" ( merchant_id, name, description, price, duration, category, status, created_at, updated_at ) VALUES ( ?, ?, ?, ?, ?, ?, ?, ?, ? )
2026-04-23T18:55:21.277+08:00 DEBUG 21652 --- [           main] c.petshop.mapper.ServiceMapper.insert    : ==> Parameters: 189(Integer), Integration Test Service 1776941721277(String), Integration Test Service Description(String), 99.99(BigDecimal), 60(Integer), grooming(String), enabled(String), null, null
2026-04-23T18:55:21.277+08:00 DEBUG 21652 --- [           main] c.petshop.mapper.ServiceMapper.insert    : <==    Updates: 1
2026-04-23T18:55:21.277+08:00 DEBUG 21652 --- [           main] com.petshop.mapper.PetMapper.insert      : ==>  Preparing: INSERT INTO "pet" ( user_id, name, type, breed, age, gender, created_at, updated_at ) VALUES ( ?, ?, ?, ?, ?, ?, ?, ? )
2026-04-23T18:55:21.277+08:00 DEBUG 21652 --- [           main] com.petshop.mapper.PetMapper.insert      : ==> Parameters: 153(Integer), Integration Test Pet 1776941721277(String), dog(String), Golden Retriever(String), 2(Integer), male(String), null, null
2026-04-23T18:55:21.277+08:00 DEBUG 21652 --- [           main] com.petshop.mapper.PetMapper.insert      : <==    Updates: 1
2026-04-23T18:55:21.278+08:00 DEBUG 21652 --- [           main] c.p.mapper.AppointmentMapper.insert      : ==>  Preparing: INSERT INTO "appointment" ( user_id, merchant_id, service_id, pet_id, appointment_time, status, total_price, notes, created_at, updated_at ) VALUES ( ?, ?, ?, ?, ?, ?, ?, ?, ?, ? )
2026-04-23T18:55:21.278+08:00 DEBUG 21652 --- [           main] c.p.mapper.AppointmentMapper.insert      : ==> Parameters: 153(Integer), 189(Integer), 112(Integer), 54(Integer), 2026-04-24T18:55:21.278660900(LocalDateTime), pending(String), 99.99(BigDecimal), Integration Test Appointment(String), null, null
2026-04-23T18:55:21.278+08:00 DEBUG 21652 --- [           main] c.p.mapper.AppointmentMapper.insert      : <==    Updates: 1
2026-04-23T18:55:21.278+08:00 DEBUG 21652 --- [           main] com.petshop.mapper.ReviewMapper.insert   : ==>  Preparing: INSERT INTO "review" ( user_id, merchant_id, service_id, appointment_id, rating, comment, created_at, status ) VALUES ( ?, ?, ?, ?, ?, ?, ?, ? )
2026-04-23T18:55:21.279+08:00 DEBUG 21652 --- [           main] com.petshop.mapper.ReviewMapper.insert   : ==> Parameters: 153(Integer), 189(Integer), 112(Integer), 8(Integer), 1(Integer), Integration Test Review 1(String), null, approved(String)
2026-04-23T18:55:21.279+08:00 DEBUG 21652 --- [           main] com.petshop.mapper.ReviewMapper.insert   : <==    Updates: 1
2026-04-23T18:55:21.279+08:00 DEBUG 21652 --- [           main] com.petshop.mapper.ReviewMapper.insert   : ==>  Preparing: INSERT INTO "review" ( user_id, merchant_id, service_id, appointment_id, rating, comment, created_at, status ) VALUES ( ?, ?, ?, ?, ?, ?, ?, ? )
2026-04-23T18:55:21.279+08:00 DEBUG 21652 --- [           main] com.petshop.mapper.ReviewMapper.insert   : ==> Parameters: 153(Integer), 189(Integer), 112(Integer), 8(Integer), 2(Integer), Integration Test Review 2(String), null, approved(String)
2026-04-23T18:55:21.279+08:00 DEBUG 21652 --- [           main] com.petshop.mapper.ReviewMapper.insert   : <==    Updates: 1
2026-04-23T18:55:21.279+08:00 DEBUG 21652 --- [           main] com.petshop.mapper.ReviewMapper.insert   : ==>  Preparing: INSERT INTO "review" ( user_id, merchant_id, service_id, appointment_id, rating, comment, created_at, status ) VALUES ( ?, ?, ?, ?, ?, ?, ?, ? )
2026-04-23T18:55:21.279+08:00 DEBUG 21652 --- [           main] com.petshop.mapper.ReviewMapper.insert   : ==> Parameters: 153(Integer), 189(Integer), 112(Integer), 8(Integer), 3(Integer), Integration Test Review 3(String), null, approved(String)
2026-04-23T18:55:21.279+08:00 DEBUG 21652 --- [           main] com.petshop.mapper.ReviewMapper.insert   : <==    Updates: 1
2026-04-23T18:55:21.280+08:00 DEBUG 21652 --- [           main] com.petshop.mapper.ReviewMapper.insert   : ==>  Preparing: INSERT INTO "review" ( user_id, merchant_id, service_id, appointment_id, rating, comment, created_at, status ) VALUES ( ?, ?, ?, ?, ?, ?, ?, ? )
2026-04-23T18:55:21.280+08:00 DEBUG 21652 --- [           main] com.petshop.mapper.ReviewMapper.insert   : ==> Parameters: 153(Integer), 189(Integer), 112(Integer), 8(Integer), 4(Integer), Integration Test Review 4(String), null, approved(String)
2026-04-23T18:55:21.280+08:00 DEBUG 21652 --- [           main] com.petshop.mapper.ReviewMapper.insert   : <==    Updates: 1
2026-04-23T18:55:21.280+08:00 DEBUG 21652 --- [           main] com.petshop.mapper.ReviewMapper.insert   : ==>  Preparing: INSERT INTO "review" ( user_id, merchant_id, service_id, appointment_id, rating, comment, created_at, status ) VALUES ( ?, ?, ?, ?, ?, ?, ?, ? )
2026-04-23T18:55:21.280+08:00 DEBUG 21652 --- [           main] com.petshop.mapper.ReviewMapper.insert   : ==> Parameters: 153(Integer), 189(Integer), 112(Integer), 8(Integer), 5(Integer), Integration Test Review 5(String), null, approved(String)
2026-04-23T18:55:21.280+08:00 DEBUG 21652 --- [           main] com.petshop.mapper.ReviewMapper.insert   : <==    Updates: 1
2026-04-23T18:55:21.281+08:00 DEBUG 21652 --- [           main] c.p.mapper.ReviewMapper.selectList       : ==>  Preparing: SELECT id,user_id,merchant_id,service_id,appointment_id,rating,comment,reply_content,reply_time,created_at,status FROM "review" WHERE (merchant_id = ?)
2026-04-23T18:55:21.281+08:00 DEBUG 21652 --- [           main] c.p.mapper.ReviewMapper.selectList       : ==> Parameters: 189(Integer)
2026-04-23T18:55:21.281+08:00 DEBUG 21652 --- [           main] c.p.mapper.ReviewMapper.selectList       : <==      Total: 5
2026-04-23T18:55:21.289+08:00 DEBUG 21652 --- [           main] com.petshop.mapper.UserMapper.insert     : ==>  Preparing: INSERT INTO "user" ( username, email, password, phone, status, created_at, updated_at ) VALUES ( ?, ?, ?, ?, ?, ?, ? )
2026-04-23T18:55:21.289+08:00 DEBUG 21652 --- [           main] com.petshop.mapper.UserMapper.insert     : ==> Parameters: integration_test_appt_user1776941721288(String), integration_test_appt_user1776941721288@test.com(String), password123(String), 1380088056(String), active(String), null, null
2026-04-23T18:55:21.289+08:00 DEBUG 21652 --- [           main] com.petshop.mapper.UserMapper.insert     : <==    Updates: 1
2026-04-23T18:55:21.289+08:00 DEBUG 21652 --- [           main] c.petshop.mapper.MerchantMapper.insert   : ==>  Preparing: INSERT INTO "merchant" ( name, contact_person, phone, email, password, address, status, created_at, updated_at ) VALUES ( ?, ?, ?, ?, ?, ?, ?, ?, ? )
2026-04-23T18:55:21.289+08:00 DEBUG 21652 --- [           main] c.petshop.mapper.MerchantMapper.insert   : ==> Parameters: Integration Test Appt Merchant1776941721289(String), Test Contact(String), 139003291(String), integration_test_appt_merchant1776941721289@merchant.com(String), merchant123(String), Test Address(String), approved(String), null, null
2026-04-23T18:55:21.289+08:00 DEBUG 21652 --- [           main] c.petshop.mapper.MerchantMapper.insert   : <==    Updates: 1
2026-04-23T18:55:21.290+08:00 DEBUG 21652 --- [           main] c.petshop.mapper.ServiceMapper.insert    : ==>  Preparing: INSERT INTO "service" ( merchant_id, name, description, price, duration, category, status, created_at, updated_at ) VALUES ( ?, ?, ?, ?, ?, ?, ?, ?, ? )
2026-04-23T18:55:21.290+08:00 DEBUG 21652 --- [           main] c.petshop.mapper.ServiceMapper.insert    : ==> Parameters: 190(Integer), Integration Test Service 1776941721289(String), Integration Test Service Description(String), 99.99(BigDecimal), 60(Integer), grooming(String), enabled(String), null, null
2026-04-23T18:55:21.290+08:00 DEBUG 21652 --- [           main] c.petshop.mapper.ServiceMapper.insert    : <==    Updates: 1
2026-04-23T18:55:21.290+08:00 DEBUG 21652 --- [           main] com.petshop.mapper.PetMapper.insert      : ==>  Preparing: INSERT INTO "pet" ( user_id, name, type, breed, age, gender, created_at, updated_at ) VALUES ( ?, ?, ?, ?, ?, ?, ?, ? )
2026-04-23T18:55:21.290+08:00 DEBUG 21652 --- [           main] com.petshop.mapper.PetMapper.insert      : ==> Parameters: 154(Integer), Integration Test Pet 1776941721290(String), dog(String), Golden Retriever(String), 2(Integer), male(String), null, null
2026-04-23T18:55:21.290+08:00 DEBUG 21652 --- [           main] com.petshop.mapper.PetMapper.insert      : <==    Updates: 1
2026-04-23T18:55:21.290+08:00 DEBUG 21652 --- [           main] c.p.mapper.AppointmentMapper.insert      : ==>  Preparing: INSERT INTO "appointment" ( user_id, merchant_id, service_id, pet_id, appointment_time, status, total_price, notes, created_at, updated_at ) VALUES ( ?, ?, ?, ?, ?, ?, ?, ?, ?, ? )
2026-04-23T18:55:21.291+08:00 DEBUG 21652 --- [           main] c.p.mapper.AppointmentMapper.insert      : ==> Parameters: 154(Integer), 190(Integer), 113(Integer), 55(Integer), 2026-04-24T18:55:21.290318200(LocalDateTime), pending(String), 99.99(BigDecimal), Integration Test Appointment(String), null, null
2026-04-23T18:55:21.291+08:00 DEBUG 21652 --- [           main] c.p.mapper.AppointmentMapper.insert      : <==    Updates: 1
2026-04-23T18:55:21.291+08:00 DEBUG 21652 --- [           main] c.p.mapper.AppointmentMapper.selectById  : ==>  Preparing: SELECT id,user_id,merchant_id,service_id,pet_id,appointment_time,status,total_price,notes,created_at,updated_at FROM "appointment" WHERE id=?
2026-04-23T18:55:21.291+08:00 DEBUG 21652 --- [           main] c.p.mapper.AppointmentMapper.selectById  : ==> Parameters: 9(Integer)
2026-04-23T18:55:21.291+08:00 DEBUG 21652 --- [           main] c.p.mapper.AppointmentMapper.selectById  : <==      Total: 1
2026-04-23T18:55:21.299+08:00 DEBUG 21652 --- [           main] com.petshop.mapper.UserMapper.insert     : ==>  Preparing: INSERT INTO "user" ( username, email, password, phone, status, created_at, updated_at ) VALUES ( ?, ?, ?, ?, ?, ?, ? )
2026-04-23T18:55:21.299+08:00 DEBUG 21652 --- [           main] com.petshop.mapper.UserMapper.insert     : ==> Parameters: integration_test_unique1(String), integration_test_unique1@test.com(String), password123(String), 13800-11586(String), active(String), null, null
2026-04-23T18:55:21.299+08:00 DEBUG 21652 --- [           main] com.petshop.mapper.UserMapper.insert     : <==    Updates: 1
2026-04-23T18:55:21.301+08:00 DEBUG 21652 --- [           main] com.petshop.mapper.UserMapper.insert     : ==>  Preparing: INSERT INTO "user" ( username, email, password, phone, status, created_at, updated_at ) VALUES ( ?, ?, ?, ?, ?, ?, ? )
2026-04-23T18:55:21.301+08:00 DEBUG 21652 --- [           main] com.petshop.mapper.UserMapper.insert     : ==> Parameters: integration_test_unique2(String), integration_test_unique1@test.com(String), password(String), 13800000099(String), active(String), null, null
2026-04-23T18:55:21.301+08:00 DEBUG 21652 --- [           main] com.petshop.mapper.UserMapper.insert     : <==    Updates: 1
[INFO] Tests run: 16, Failures: 0, Errors: 0, Skipped: 0, Time elapsed: 1.714 s -- in com.petshop.integration.DatabaseIntegrationTest$DataConsistencyTests
[INFO] Running com.petshop.integration.DatabaseIntegrationTest$MapperMappingTests
[INFO] Running com.petshop.integration.DatabaseIntegrationTest$MapperMappingTests$AppointmentMapperTests
2026-04-23T18:55:21.317+08:00 DEBUG 21652 --- [           main] com.petshop.mapper.UserMapper.insert     : ==>  Preparing: INSERT INTO "user" ( username, email, password, phone, status, created_at, updated_at ) VALUES ( ?, ?, ?, ?, ?, ?, ? )
2026-04-23T18:55:21.317+08:00 DEBUG 21652 --- [           main] com.petshop.mapper.UserMapper.insert     : ==> Parameters: integration_test_user_appt1(String), integration_test_user_appt1@test.com(String), password123(String), 1380082028(String), active(String), null, null
2026-04-23T18:55:21.317+08:00 DEBUG 21652 --- [           main] com.petshop.mapper.UserMapper.insert     : <==    Updates: 1
2026-04-23T18:55:21.317+08:00 DEBUG 21652 --- [           main] c.petshop.mapper.MerchantMapper.insert   : ==>  Preparing: INSERT INTO "merchant" ( name, contact_person, phone, email, password, address, status, created_at, updated_at ) VALUES ( ?, ?, ?, ?, ?, ?, ?, ?, ? )
2026-04-23T18:55:21.317+08:00 DEBUG 21652 --- [           main] c.petshop.mapper.MerchantMapper.insert   : ==> Parameters: Integration Test Merchant Appt1(String), Test Contact(String), 1390051880(String), integration_test_merchant_appt1@merchant.com(String), merchant123(String), Test Address(String), approved(String), null, null
2026-04-23T18:55:21.318+08:00 DEBUG 21652 --- [           main] c.petshop.mapper.MerchantMapper.insert   : <==    Updates: 1
2026-04-23T18:55:21.318+08:00 DEBUG 21652 --- [           main] c.petshop.mapper.ServiceMapper.insert    : ==>  Preparing: INSERT INTO "service" ( merchant_id, name, description, price, duration, category, status, created_at, updated_at ) VALUES ( ?, ?, ?, ?, ?, ?, ?, ?, ? )
2026-04-23T18:55:21.318+08:00 DEBUG 21652 --- [           main] c.petshop.mapper.ServiceMapper.insert    : ==> Parameters: 191(Integer), Integration Test Service 1776941721318(String), Integration Test Service Description(String), 99.99(BigDecimal), 60(Integer), grooming(String), enabled(String), null, null
2026-04-23T18:55:21.318+08:00 DEBUG 21652 --- [           main] c.petshop.mapper.ServiceMapper.insert    : <==    Updates: 1
2026-04-23T18:55:21.318+08:00 DEBUG 21652 --- [           main] com.petshop.mapper.PetMapper.insert      : ==>  Preparing: INSERT INTO "pet" ( user_id, name, type, breed, age, gender, created_at, updated_at ) VALUES ( ?, ?, ?, ?, ?, ?, ?, ? )
2026-04-23T18:55:21.318+08:00 DEBUG 21652 --- [           main] com.petshop.mapper.PetMapper.insert      : ==> Parameters: 157(Integer), Integration Test Pet 1776941721318(String), dog(String), Golden Retriever(String), 2(Integer), male(String), null, null
2026-04-23T18:55:21.319+08:00 DEBUG 21652 --- [           main] com.petshop.mapper.PetMapper.insert      : <==    Updates: 1
2026-04-23T18:55:21.319+08:00 DEBUG 21652 --- [           main] c.p.mapper.AppointmentMapper.insert      : ==>  Preparing: INSERT INTO "appointment" ( user_id, merchant_id, service_id, pet_id, appointment_time, status, total_price, notes, created_at, updated_at ) VALUES ( ?, ?, ?, ?, ?, ?, ?, ?, ?, ? )
2026-04-23T18:55:21.319+08:00 DEBUG 21652 --- [           main] c.p.mapper.AppointmentMapper.insert      : ==> Parameters: 157(Integer), 191(Integer), 114(Integer), 56(Integer), 2026-04-24T18:55:21.319675800(LocalDateTime), pending(String), 99.99(BigDecimal), Integration Test Appointment(String), null, null
2026-04-23T18:55:21.319+08:00 DEBUG 21652 --- [           main] c.p.mapper.AppointmentMapper.insert      : <==    Updates: 1
2026-04-23T18:55:21.325+08:00 DEBUG 21652 --- [           main] com.petshop.mapper.UserMapper.insert     : ==>  Preparing: INSERT INTO "user" ( username, email, password, phone, status, created_at, updated_at ) VALUES ( ?, ?, ?, ?, ?, ?, ? )
2026-04-23T18:55:21.325+08:00 DEBUG 21652 --- [           main] com.petshop.mapper.UserMapper.insert     : ==> Parameters: integration_test_appt_user1776941721325(String), integration_test_appt_user1776941721325@test.com(String), password123(String), 1380088828(String), active(String), null, null
2026-04-23T18:55:21.325+08:00 DEBUG 21652 --- [           main] com.petshop.mapper.UserMapper.insert     : <==    Updates: 1
2026-04-23T18:55:21.325+08:00 DEBUG 21652 --- [           main] c.petshop.mapper.MerchantMapper.insert   : ==>  Preparing: INSERT INTO "merchant" ( name, contact_person, phone, email, password, address, status, created_at, updated_at ) VALUES ( ?, ?, ?, ?, ?, ?, ?, ?, ? )
2026-04-23T18:55:21.325+08:00 DEBUG 21652 --- [           main] c.petshop.mapper.MerchantMapper.insert   : ==> Parameters: Integration Test Appt Merchant1776941721325(String), Test Contact(String), 139004062(String), integration_test_appt_merchant1776941721325@merchant.com(String), merchant123(String), Test Address(String), approved(String), null, null
2026-04-23T18:55:21.326+08:00 DEBUG 21652 --- [           main] c.petshop.mapper.MerchantMapper.insert   : <==    Updates: 1
2026-04-23T18:55:21.326+08:00 DEBUG 21652 --- [           main] c.petshop.mapper.ServiceMapper.insert    : ==>  Preparing: INSERT INTO "service" ( merchant_id, name, description, price, duration, category, status, created_at, updated_at ) VALUES ( ?, ?, ?, ?, ?, ?, ?, ?, ? )
2026-04-23T18:55:21.326+08:00 DEBUG 21652 --- [           main] c.petshop.mapper.ServiceMapper.insert    : ==> Parameters: 192(Integer), Integration Test Service 1776941721326(String), Integration Test Service Description(String), 99.99(BigDecimal), 60(Integer), grooming(String), enabled(String), null, null
2026-04-23T18:55:21.326+08:00 DEBUG 21652 --- [           main] c.petshop.mapper.ServiceMapper.insert    : <==    Updates: 1
2026-04-23T18:55:21.326+08:00 DEBUG 21652 --- [           main] com.petshop.mapper.PetMapper.insert      : ==>  Preparing: INSERT INTO "pet" ( user_id, name, type, breed, age, gender, created_at, updated_at ) VALUES ( ?, ?, ?, ?, ?, ?, ?, ? )
2026-04-23T18:55:21.326+08:00 DEBUG 21652 --- [           main] com.petshop.mapper.PetMapper.insert      : ==> Parameters: 158(Integer), Integration Test Pet 1776941721326(String), dog(String), Golden Retriever(String), 2(Integer), male(String), null, null
2026-04-23T18:55:21.326+08:00 DEBUG 21652 --- [           main] com.petshop.mapper.PetMapper.insert      : <==    Updates: 1
2026-04-23T18:55:21.326+08:00 DEBUG 21652 --- [           main] c.p.mapper.AppointmentMapper.insert      : ==>  Preparing: INSERT INTO "appointment" ( user_id, merchant_id, service_id, pet_id, appointment_time, status, total_price, notes, created_at, updated_at ) VALUES ( ?, ?, ?, ?, ?, ?, ?, ?, ?, ? )
2026-04-23T18:55:21.327+08:00 DEBUG 21652 --- [           main] c.p.mapper.AppointmentMapper.insert      : ==> Parameters: 158(Integer), 192(Integer), 115(Integer), 57(Integer), 2026-04-24T18:55:21.326822700(LocalDateTime), pending(String), 99.99(BigDecimal), Integration Test Appointment(String), null, null
2026-04-23T18:55:21.327+08:00 DEBUG 21652 --- [           main] c.p.mapper.AppointmentMapper.insert      : <==    Updates: 1
2026-04-23T18:55:21.327+08:00 DEBUG 21652 --- [           main] c.p.mapper.AppointmentMapper.updateById  : ==>  Preparing: UPDATE "appointment" SET user_id=?, merchant_id=?, service_id=?, pet_id=?, appointment_time=?, status=?, total_price=?, notes=?, updated_at=? WHERE id=?
2026-04-23T18:55:21.327+08:00 DEBUG 21652 --- [           main] c.p.mapper.AppointmentMapper.updateById  : ==> Parameters: 158(Integer), 192(Integer), 115(Integer), 57(Integer), 2026-04-24T18:55:21.326822700(LocalDateTime), confirmed(String), 99.99(BigDecimal), Integration Test Appointment(String), null, 11(Integer)
2026-04-23T18:55:21.328+08:00 DEBUG 21652 --- [           main] c.p.mapper.AppointmentMapper.updateById  : <==    Updates: 1
2026-04-23T18:55:21.328+08:00 DEBUG 21652 --- [           main] c.p.mapper.AppointmentMapper.selectById  : ==>  Preparing: SELECT id,user_id,merchant_id,service_id,pet_id,appointment_time,status,total_price,notes,created_at,updated_at FROM "appointment" WHERE id=?
2026-04-23T18:55:21.328+08:00 DEBUG 21652 --- [           main] c.p.mapper.AppointmentMapper.selectById  : ==> Parameters: 11(Integer)
2026-04-23T18:55:21.328+08:00 DEBUG 21652 --- [           main] c.p.mapper.AppointmentMapper.selectById  : <==      Total: 1
2026-04-23T18:55:21.336+08:00 DEBUG 21652 --- [           main] com.petshop.mapper.UserMapper.insert     : ==>  Preparing: INSERT INTO "user" ( username, email, password, phone, status, created_at, updated_at ) VALUES ( ?, ?, ?, ?, ?, ?, ? )
2026-04-23T18:55:21.336+08:00 DEBUG 21652 --- [           main] com.petshop.mapper.UserMapper.insert     : ==> Parameters: integration_test_appt_user1776941721336(String), integration_test_appt_user1776941721336@test.com(String), password123(String), 1380088860(String), active(String), null, null
2026-04-23T18:55:21.336+08:00 DEBUG 21652 --- [           main] com.petshop.mapper.UserMapper.insert     : <==    Updates: 1
2026-04-23T18:55:21.336+08:00 DEBUG 21652 --- [           main] c.petshop.mapper.MerchantMapper.insert   : ==>  Preparing: INSERT INTO "merchant" ( name, contact_person, phone, email, password, address, status, created_at, updated_at ) VALUES ( ?, ?, ?, ?, ?, ?, ?, ?, ? )
2026-04-23T18:55:21.337+08:00 DEBUG 21652 --- [           main] c.petshop.mapper.MerchantMapper.insert   : ==> Parameters: Integration Test Appt Merchant1776941721336(String), Test Contact(String), 139004094(String), integration_test_appt_merchant1776941721336@merchant.com(String), merchant123(String), Test Address(String), approved(String), null, null
2026-04-23T18:55:21.337+08:00 DEBUG 21652 --- [           main] c.petshop.mapper.MerchantMapper.insert   : <==    Updates: 1
2026-04-23T18:55:21.337+08:00 DEBUG 21652 --- [           main] c.petshop.mapper.ServiceMapper.insert    : ==>  Preparing: INSERT INTO "service" ( merchant_id, name, description, price, duration, category, status, created_at, updated_at ) VALUES ( ?, ?, ?, ?, ?, ?, ?, ?, ? )
2026-04-23T18:55:21.337+08:00 DEBUG 21652 --- [           main] c.petshop.mapper.ServiceMapper.insert    : ==> Parameters: 193(Integer), Integration Test Service 1776941721337(String), Integration Test Service Description(String), 99.99(BigDecimal), 60(Integer), grooming(String), enabled(String), null, null
2026-04-23T18:55:21.337+08:00 DEBUG 21652 --- [           main] c.petshop.mapper.ServiceMapper.insert    : <==    Updates: 1
2026-04-23T18:55:21.337+08:00 DEBUG 21652 --- [           main] com.petshop.mapper.PetMapper.insert      : ==>  Preparing: INSERT INTO "pet" ( user_id, name, type, breed, age, gender, created_at, updated_at ) VALUES ( ?, ?, ?, ?, ?, ?, ?, ? )
2026-04-23T18:55:21.337+08:00 DEBUG 21652 --- [           main] com.petshop.mapper.PetMapper.insert      : ==> Parameters: 159(Integer), Integration Test Pet 1776941721337(String), dog(String), Golden Retriever(String), 2(Integer), male(String), null, null
2026-04-23T18:55:21.337+08:00 DEBUG 21652 --- [           main] com.petshop.mapper.PetMapper.insert      : <==    Updates: 1
2026-04-23T18:55:21.337+08:00 DEBUG 21652 --- [           main] c.p.mapper.AppointmentMapper.insert      : ==>  Preparing: INSERT INTO "appointment" ( user_id, merchant_id, service_id, pet_id, appointment_time, status, total_price, notes, created_at, updated_at ) VALUES ( ?, ?, ?, ?, ?, ?, ?, ?, ?, ? )
2026-04-23T18:55:21.337+08:00 DEBUG 21652 --- [           main] c.p.mapper.AppointmentMapper.insert      : ==> Parameters: 159(Integer), 193(Integer), 116(Integer), 58(Integer), 2026-04-24T18:55:21.337886600(LocalDateTime), pending(String), 99.99(BigDecimal), Integration Test Appointment(String), null, null
2026-04-23T18:55:21.337+08:00 DEBUG 21652 --- [           main] c.p.mapper.AppointmentMapper.insert      : <==    Updates: 1
2026-04-23T18:55:21.337+08:00 DEBUG 21652 --- [           main] c.p.mapper.AppointmentMapper.deleteById  : ==>  Preparing: DELETE FROM "appointment" WHERE id=?
2026-04-23T18:55:21.338+08:00 DEBUG 21652 --- [           main] c.p.mapper.AppointmentMapper.deleteById  : ==> Parameters: 12(Integer)
2026-04-23T18:55:21.338+08:00 DEBUG 21652 --- [           main] c.p.mapper.AppointmentMapper.deleteById  : <==    Updates: 1
2026-04-23T18:55:21.338+08:00 DEBUG 21652 --- [           main] c.p.mapper.AppointmentMapper.selectById  : ==>  Preparing: SELECT id,user_id,merchant_id,service_id,pet_id,appointment_time,status,total_price,notes,created_at,updated_at FROM "appointment" WHERE id=?
2026-04-23T18:55:21.338+08:00 DEBUG 21652 --- [           main] c.p.mapper.AppointmentMapper.selectById  : ==> Parameters: 12(Integer)
2026-04-23T18:55:21.338+08:00 DEBUG 21652 --- [           main] c.p.mapper.AppointmentMapper.selectById  : <==      Total: 0
2026-04-23T18:55:21.345+08:00 DEBUG 21652 --- [           main] com.petshop.mapper.UserMapper.insert     : ==>  Preparing: INSERT INTO "user" ( username, email, password, phone, status, created_at, updated_at ) VALUES ( ?, ?, ?, ?, ?, ?, ? )
2026-04-23T18:55:21.345+08:00 DEBUG 21652 --- [           main] com.petshop.mapper.UserMapper.insert     : ==> Parameters: integration_test_appt_user1776941721345(String), integration_test_appt_user1776941721345@test.com(String), password123(String), 1380088890(String), active(String), null, null
2026-04-23T18:55:21.345+08:00 DEBUG 21652 --- [           main] com.petshop.mapper.UserMapper.insert     : <==    Updates: 1
2026-04-23T18:55:21.345+08:00 DEBUG 21652 --- [           main] c.petshop.mapper.MerchantMapper.insert   : ==>  Preparing: INSERT INTO "merchant" ( name, contact_person, phone, email, password, address, status, created_at, updated_at ) VALUES ( ?, ?, ?, ?, ?, ?, ?, ?, ? )
2026-04-23T18:55:21.345+08:00 DEBUG 21652 --- [           main] c.petshop.mapper.MerchantMapper.insert   : ==> Parameters: Integration Test Appt Merchant1776941721345(String), Test Contact(String), 139004124(String), integration_test_appt_merchant1776941721345@merchant.com(String), merchant123(String), Test Address(String), approved(String), null, null
2026-04-23T18:55:21.346+08:00 DEBUG 21652 --- [           main] c.petshop.mapper.MerchantMapper.insert   : <==    Updates: 1
2026-04-23T18:55:21.346+08:00 DEBUG 21652 --- [           main] c.petshop.mapper.ServiceMapper.insert    : ==>  Preparing: INSERT INTO "service" ( merchant_id, name, description, price, duration, category, status, created_at, updated_at ) VALUES ( ?, ?, ?, ?, ?, ?, ?, ?, ? )
2026-04-23T18:55:21.346+08:00 DEBUG 21652 --- [           main] c.petshop.mapper.ServiceMapper.insert    : ==> Parameters: 194(Integer), Integration Test Service 1776941721346(String), Integration Test Service Description(String), 99.99(BigDecimal), 60(Integer), grooming(String), enabled(String), null, null
2026-04-23T18:55:21.346+08:00 DEBUG 21652 --- [           main] c.petshop.mapper.ServiceMapper.insert    : <==    Updates: 1
2026-04-23T18:55:21.346+08:00 DEBUG 21652 --- [           main] com.petshop.mapper.PetMapper.insert      : ==>  Preparing: INSERT INTO "pet" ( user_id, name, type, breed, age, gender, created_at, updated_at ) VALUES ( ?, ?, ?, ?, ?, ?, ?, ? )
2026-04-23T18:55:21.346+08:00 DEBUG 21652 --- [           main] com.petshop.mapper.PetMapper.insert      : ==> Parameters: 160(Integer), Integration Test Pet 1776941721346(String), dog(String), Golden Retriever(String), 2(Integer), male(String), null, null
2026-04-23T18:55:21.346+08:00 DEBUG 21652 --- [           main] com.petshop.mapper.PetMapper.insert      : <==    Updates: 1
2026-04-23T18:55:21.346+08:00 DEBUG 21652 --- [           main] c.p.mapper.AppointmentMapper.insert      : ==>  Preparing: INSERT INTO "appointment" ( user_id, merchant_id, service_id, pet_id, appointment_time, status, total_price, notes, created_at, updated_at ) VALUES ( ?, ?, ?, ?, ?, ?, ?, ?, ?, ? )
2026-04-23T18:55:21.347+08:00 DEBUG 21652 --- [           main] c.p.mapper.AppointmentMapper.insert      : ==> Parameters: 160(Integer), 194(Integer), 117(Integer), 59(Integer), 2026-04-24T18:55:21.346033400(LocalDateTime), pending(String), 99.99(BigDecimal), Integration Test Appointment(String), null, null
2026-04-23T18:55:21.347+08:00 DEBUG 21652 --- [           main] c.p.mapper.AppointmentMapper.insert      : <==    Updates: 1
2026-04-23T18:55:21.347+08:00 DEBUG 21652 --- [           main] c.p.mapper.AppointmentMapper.selectById  : ==>  Preparing: SELECT id,user_id,merchant_id,service_id,pet_id,appointment_time,status,total_price,notes,created_at,updated_at FROM "appointment" WHERE id=?
2026-04-23T18:55:21.347+08:00 DEBUG 21652 --- [           main] c.p.mapper.AppointmentMapper.selectById  : ==> Parameters: 13(Integer)
2026-04-23T18:55:21.347+08:00 DEBUG 21652 --- [           main] c.p.mapper.AppointmentMapper.selectById  : <==      Total: 1
2026-04-23T18:55:21.353+08:00 DEBUG 21652 --- [           main] com.petshop.mapper.UserMapper.insert     : ==>  Preparing: INSERT INTO "user" ( username, email, password, phone, status, created_at, updated_at ) VALUES ( ?, ?, ?, ?, ?, ?, ? )
2026-04-23T18:55:21.354+08:00 DEBUG 21652 --- [           main] com.petshop.mapper.UserMapper.insert     : ==> Parameters: integration_test_appt_user1776941721353(String), integration_test_appt_user1776941721353@test.com(String), password123(String), 1380088919(String), active(String), null, null
2026-04-23T18:55:21.354+08:00 DEBUG 21652 --- [           main] com.petshop.mapper.UserMapper.insert     : <==    Updates: 1
2026-04-23T18:55:21.354+08:00 DEBUG 21652 --- [           main] c.petshop.mapper.MerchantMapper.insert   : ==>  Preparing: INSERT INTO "merchant" ( name, contact_person, phone, email, password, address, status, created_at, updated_at ) VALUES ( ?, ?, ?, ?, ?, ?, ?, ?, ? )
2026-04-23T18:55:21.354+08:00 DEBUG 21652 --- [           main] c.petshop.mapper.MerchantMapper.insert   : ==> Parameters: Integration Test Appt Merchant1776941721354(String), Test Contact(String), 139004154(String), integration_test_appt_merchant1776941721354@merchant.com(String), merchant123(String), Test Address(String), approved(String), null, null
2026-04-23T18:55:21.354+08:00 DEBUG 21652 --- [           main] c.petshop.mapper.MerchantMapper.insert   : <==    Updates: 1
2026-04-23T18:55:21.354+08:00 DEBUG 21652 --- [           main] c.petshop.mapper.ServiceMapper.insert    : ==>  Preparing: INSERT INTO "service" ( merchant_id, name, description, price, duration, category, status, created_at, updated_at ) VALUES ( ?, ?, ?, ?, ?, ?, ?, ?, ? )
2026-04-23T18:55:21.354+08:00 DEBUG 21652 --- [           main] c.petshop.mapper.ServiceMapper.insert    : ==> Parameters: 195(Integer), Integration Test Service 1776941721354(String), Integration Test Service Description(String), 99.99(BigDecimal), 60(Integer), grooming(String), enabled(String), null, null
2026-04-23T18:55:21.355+08:00 DEBUG 21652 --- [           main] c.petshop.mapper.ServiceMapper.insert    : <==    Updates: 1
2026-04-23T18:55:21.355+08:00 DEBUG 21652 --- [           main] com.petshop.mapper.PetMapper.insert      : ==>  Preparing: INSERT INTO "pet" ( user_id, name, type, breed, age, gender, created_at, updated_at ) VALUES ( ?, ?, ?, ?, ?, ?, ?, ? )
2026-04-23T18:55:21.355+08:00 DEBUG 21652 --- [           main] com.petshop.mapper.PetMapper.insert      : ==> Parameters: 161(Integer), Integration Test Pet 1776941721355(String), dog(String), Golden Retriever(String), 2(Integer), male(String), null, null
2026-04-23T18:55:21.355+08:00 DEBUG 21652 --- [           main] com.petshop.mapper.PetMapper.insert      : <==    Updates: 1
2026-04-23T18:55:21.355+08:00 DEBUG 21652 --- [           main] c.p.mapper.AppointmentMapper.insert      : ==>  Preparing: INSERT INTO "appointment" ( user_id, merchant_id, service_id, pet_id, appointment_time, status, total_price, notes, created_at, updated_at ) VALUES ( ?, ?, ?, ?, ?, ?, ?, ?, ?, ? )
2026-04-23T18:55:21.355+08:00 DEBUG 21652 --- [           main] c.p.mapper.AppointmentMapper.insert      : ==> Parameters: 161(Integer), 195(Integer), 118(Integer), 60(Integer), 2026-04-24T18:55:21.355195200(LocalDateTime), pending(String), 99.99(BigDecimal), Integration Test Appointment(String), null, null
2026-04-23T18:55:21.355+08:00 DEBUG 21652 --- [           main] c.p.mapper.AppointmentMapper.insert      : <==    Updates: 1
2026-04-23T18:55:21.355+08:00 DEBUG 21652 --- [           main] c.p.mapper.AppointmentMapper.selectById  : ==>  Preparing: SELECT id,user_id,merchant_id,service_id,pet_id,appointment_time,status,total_price,notes,created_at,updated_at FROM "appointment" WHERE id=?
2026-04-23T18:55:21.355+08:00 DEBUG 21652 --- [           main] c.p.mapper.AppointmentMapper.selectById  : ==> Parameters: 14(Integer)
2026-04-23T18:55:21.356+08:00 DEBUG 21652 --- [           main] c.p.mapper.AppointmentMapper.selectById  : <==      Total: 1
2026-04-23T18:55:21.356+08:00 DEBUG 21652 --- [           main] c.petshop.mapper.UserMapper.selectById   : ==>  Preparing: SELECT id,username,email,password,phone,avatar,status,created_at,updated_at FROM "user" WHERE id=?
2026-04-23T18:55:21.356+08:00 DEBUG 21652 --- [           main] c.petshop.mapper.UserMapper.selectById   : ==> Parameters: 161(Integer)
2026-04-23T18:55:21.356+08:00 DEBUG 21652 --- [           main] c.petshop.mapper.UserMapper.selectById   : <==      Total: 1
2026-04-23T18:55:21.356+08:00 DEBUG 21652 --- [           main] c.p.mapper.ServiceMapper.selectById      : ==>  Preparing: SELECT id,merchant_id,name,description,price,duration,category,image,status,created_at,updated_at FROM "service" WHERE id=?
2026-04-23T18:55:21.356+08:00 DEBUG 21652 --- [           main] c.p.mapper.ServiceMapper.selectById      : ==> Parameters: 118(Integer)
2026-04-23T18:55:21.357+08:00 DEBUG 21652 --- [           main] c.p.mapper.ServiceMapper.selectById      : <==      Total: 1
2026-04-23T18:55:21.357+08:00 DEBUG 21652 --- [           main] c.p.mapper.MerchantMapper.selectById     : ==>  Preparing: SELECT id,name,contact_person,phone,email,password,address,logo,status,created_at,updated_at FROM "merchant" WHERE id=?
2026-04-23T18:55:21.357+08:00 DEBUG 21652 --- [           main] c.p.mapper.MerchantMapper.selectById     : ==> Parameters: 195(Integer)
2026-04-23T18:55:21.357+08:00 DEBUG 21652 --- [           main] c.p.mapper.MerchantMapper.selectById     : <==      Total: 1
2026-04-23T18:55:21.357+08:00 DEBUG 21652 --- [           main] c.petshop.mapper.PetMapper.selectById    : ==>  Preparing: SELECT id,user_id,name,type,breed,age,gender,avatar,description,created_at,updated_at FROM "pet" WHERE id=?
2026-04-23T18:55:21.357+08:00 DEBUG 21652 --- [           main] c.petshop.mapper.PetMapper.selectById    : ==> Parameters: 60(Integer)
2026-04-23T18:55:21.357+08:00 DEBUG 21652 --- [           main] c.petshop.mapper.PetMapper.selectById    : <==      Total: 1
[INFO] Tests run: 5, Failures: 0, Errors: 0, Skipped: 0, Time elapsed: 0.050 s -- in com.petshop.integration.DatabaseIntegrationTest$MapperMappingTests$AppointmentMapperTests
[INFO] Running com.petshop.integration.DatabaseIntegrationTest$MapperMappingTests$MerchantMapperTests
2026-04-23T18:55:21.370+08:00 DEBUG 21652 --- [           main] c.petshop.mapper.MerchantMapper.insert   : ==>  Preparing: INSERT INTO "merchant" ( name, contact_person, phone, email, password, address, status, created_at, updated_at ) VALUES ( ?, ?, ?, ?, ?, ?, ?, ?, ? )
2026-04-23T18:55:21.370+08:00 DEBUG 21652 --- [           main] c.petshop.mapper.MerchantMapper.insert   : ==> Parameters: Integration Test Merchant 1(String), Test Contact(String), 13900-99493(String), integration_test_merchant_1@merchant.com(String), merchant123(String), Test Address(String), approved(String), null, null
2026-04-23T18:55:21.370+08:00 DEBUG 21652 --- [           main] c.petshop.mapper.MerchantMapper.insert   : <==    Updates: 1
2026-04-23T18:55:21.377+08:00 DEBUG 21652 --- [           main] c.petshop.mapper.MerchantMapper.insert   : ==>  Preparing: INSERT INTO "merchant" ( name, contact_person, phone, email, password, address, status, created_at, updated_at ) VALUES ( ?, ?, ?, ?, ?, ?, ?, ?, ? )
2026-04-23T18:55:21.378+08:00 DEBUG 21652 --- [           main] c.petshop.mapper.MerchantMapper.insert   : ==> Parameters: Integration Test Merchant 2(String), Test Contact(String), 13900-99492(String), integration_test_merchant_2@merchant.com(String), merchant123(String), Test Address(String), approved(String), null, null
2026-04-23T18:55:21.378+08:00 DEBUG 21652 --- [           main] c.petshop.mapper.MerchantMapper.insert   : <==    Updates: 1
2026-04-23T18:55:21.378+08:00 DEBUG 21652 --- [           main] c.p.mapper.MerchantMapper.selectById     : ==>  Preparing: SELECT id,name,contact_person,phone,email,password,address,logo,status,created_at,updated_at FROM "merchant" WHERE id=?
2026-04-23T18:55:21.378+08:00 DEBUG 21652 --- [           main] c.p.mapper.MerchantMapper.selectById     : ==> Parameters: 197(Integer)
2026-04-23T18:55:21.378+08:00 DEBUG 21652 --- [           main] c.p.mapper.MerchantMapper.selectById     : <==      Total: 1
2026-04-23T18:55:21.385+08:00 DEBUG 21652 --- [           main] c.petshop.mapper.MerchantMapper.insert   : ==>  Preparing: INSERT INTO "merchant" ( name, contact_person, phone, email, password, address, status, created_at, updated_at ) VALUES ( ?, ?, ?, ?, ?, ?, ?, ?, ? )
2026-04-23T18:55:21.385+08:00 DEBUG 21652 --- [           main] c.petshop.mapper.MerchantMapper.insert   : ==> Parameters: Integration Test Merchant 5(String), Test Contact(String), 13900-99489(String), integration_test_merchant_5@merchant.com(String), merchant123(String), Test Address(String), approved(String), null, null
2026-04-23T18:55:21.385+08:00 DEBUG 21652 --- [           main] c.petshop.mapper.MerchantMapper.insert   : <==    Updates: 1
2026-04-23T18:55:21.386+08:00 DEBUG 21652 --- [           main] c.p.mapper.MerchantMapper.deleteById     : ==>  Preparing: DELETE FROM "merchant" WHERE id=?
2026-04-23T18:55:21.386+08:00 DEBUG 21652 --- [           main] c.p.mapper.MerchantMapper.deleteById     : ==> Parameters: 198(Integer)
2026-04-23T18:55:21.386+08:00 DEBUG 21652 --- [           main] c.p.mapper.MerchantMapper.deleteById     : <==    Updates: 1
2026-04-23T18:55:21.386+08:00 DEBUG 21652 --- [           main] c.p.mapper.MerchantMapper.selectById     : ==>  Preparing: SELECT id,name,contact_person,phone,email,password,address,logo,status,created_at,updated_at FROM "merchant" WHERE id=?
2026-04-23T18:55:21.386+08:00 DEBUG 21652 --- [           main] c.p.mapper.MerchantMapper.selectById     : ==> Parameters: 198(Integer)
2026-04-23T18:55:21.386+08:00 DEBUG 21652 --- [           main] c.p.mapper.MerchantMapper.selectById     : <==      Total: 0
2026-04-23T18:55:21.392+08:00 DEBUG 21652 --- [           main] c.petshop.mapper.MerchantMapper.insert   : ==>  Preparing: INSERT INTO "merchant" ( name, contact_person, phone, email, password, address, status, created_at, updated_at ) VALUES ( ?, ?, ?, ?, ?, ?, ?, ?, ? )
2026-04-23T18:55:21.393+08:00 DEBUG 21652 --- [           main] c.petshop.mapper.MerchantMapper.insert   : ==> Parameters: Integration Test Merchant 4(String), Test Contact(String), 13900-99490(String), integration_test_merchant_4@merchant.com(String), merchant123(String), Test Address(String), approved(String), null, null
2026-04-23T18:55:21.393+08:00 DEBUG 21652 --- [           main] c.petshop.mapper.MerchantMapper.insert   : <==    Updates: 1
2026-04-23T18:55:21.393+08:00 DEBUG 21652 --- [           main] c.p.mapper.MerchantMapper.updateById     : ==>  Preparing: UPDATE "merchant" SET name=?, contact_person=?, phone=?, email=?, password=?, address=?, status=?, updated_at=? WHERE id=?
2026-04-23T18:55:21.393+08:00 DEBUG 21652 --- [           main] c.p.mapper.MerchantMapper.updateById     : ==> Parameters: Integration Test Merchant 4(String), Test Contact(String), 13900-99490(String), integration_test_merchant_4@merchant.com(String), merchant123(String), Test Address(String), approved(String), null, 199(Integer)
2026-04-23T18:55:21.393+08:00 DEBUG 21652 --- [           main] c.p.mapper.MerchantMapper.updateById     : <==    Updates: 1
2026-04-23T18:55:21.393+08:00 DEBUG 21652 --- [           main] c.p.mapper.MerchantMapper.selectById     : ==>  Preparing: SELECT id,name,contact_person,phone,email,password,address,logo,status,created_at,updated_at FROM "merchant" WHERE id=?
2026-04-23T18:55:21.394+08:00 DEBUG 21652 --- [           main] c.p.mapper.MerchantMapper.selectById     : ==> Parameters: 199(Integer)
2026-04-23T18:55:21.394+08:00 DEBUG 21652 --- [           main] c.p.mapper.MerchantMapper.selectById     : <==      Total: 1
2026-04-23T18:55:21.401+08:00 DEBUG 21652 --- [           main] c.petshop.mapper.MerchantMapper.insert   : ==>  Preparing: INSERT INTO "merchant" ( name, contact_person, phone, email, password, address, status, created_at, updated_at ) VALUES ( ?, ?, ?, ?, ?, ?, ?, ?, ? )
2026-04-23T18:55:21.401+08:00 DEBUG 21652 --- [           main] c.petshop.mapper.MerchantMapper.insert   : ==> Parameters: Integration Test Merchant 3(String), Test Contact(String), 13900-99491(String), integration_test_merchant_3@merchant.com(String), merchant123(String), Test Address(String), approved(String), null, null
2026-04-23T18:55:21.401+08:00 DEBUG 21652 --- [           main] c.petshop.mapper.MerchantMapper.insert   : <==    Updates: 1
2026-04-23T18:55:21.401+08:00 DEBUG 21652 --- [           main] c.p.mapper.MerchantMapper.selectByEmail  : ==>  Preparing: SELECT * FROM `merchant` WHERE email = ?
2026-04-23T18:55:21.401+08:00 DEBUG 21652 --- [           main] c.p.mapper.MerchantMapper.selectByEmail  : ==> Parameters: integration_test_merchant_3@merchant.com(String)
2026-04-23T18:55:21.401+08:00 DEBUG 21652 --- [           main] c.p.mapper.MerchantMapper.selectByEmail  : <==      Total: 1
[INFO] Tests run: 5, Failures: 0, Errors: 0, Skipped: 0, Time elapsed: 0.043 s -- in com.petshop.integration.DatabaseIntegrationTest$MapperMappingTests$MerchantMapperTests
[INFO] Running com.petshop.integration.DatabaseIntegrationTest$MapperMappingTests$ProductOrderMapperTests
2026-04-23T18:55:21.415+08:00 DEBUG 21652 --- [           main] com.petshop.mapper.UserMapper.insert     : ==>  Preparing: INSERT INTO "user" ( username, email, password, phone, status, created_at, updated_at ) VALUES ( ?, ?, ?, ?, ?, ?, ? )
2026-04-23T18:55:21.416+08:00 DEBUG 21652 --- [           main] com.petshop.mapper.UserMapper.insert     : ==> Parameters: integration_test_order_user1776941721415(String), integration_test_order_user1776941721415@test.com(String), password123(String), 13800-34603(String), active(String), null, null
2026-04-23T18:55:21.416+08:00 DEBUG 21652 --- [           main] com.petshop.mapper.UserMapper.insert     : <==    Updates: 1
2026-04-23T18:55:21.416+08:00 DEBUG 21652 --- [           main] c.petshop.mapper.MerchantMapper.insert   : ==>  Preparing: INSERT INTO "merchant" ( name, contact_person, phone, email, password, address, status, created_at, updated_at ) VALUES ( ?, ?, ?, ?, ?, ?, ?, ?, ? )
2026-04-23T18:55:21.416+08:00 DEBUG 21652 --- [           main] c.petshop.mapper.MerchantMapper.insert   : ==> Parameters: Integration Test Order Merchant1776941721416(String), Test Contact(String), 1390070936(String), integration_test_order_merchant1776941721416@merchant.com(String), merchant123(String), Test Address(String), approved(String), null, null
2026-04-23T18:55:21.416+08:00 DEBUG 21652 --- [           main] c.petshop.mapper.MerchantMapper.insert   : <==    Updates: 1
2026-04-23T18:55:21.416+08:00 DEBUG 21652 --- [           main] c.p.mapper.ProductOrderMapper.insert     : ==>  Preparing: INSERT INTO "product_order" ( order_no, user_id, merchant_id, total_price, freight, status, remark, shipping_address, created_at, updated_at ) VALUES ( ?, ?, ?, ?, ?, ?, ?, ?, ?, ? )
2026-04-23T18:55:21.416+08:00 DEBUG 21652 --- [           main] c.p.mapper.ProductOrderMapper.insert     : ==> Parameters: TEST1776941721416(String), 162(Integer), 201(Integer), 199.99(BigDecimal), 0(BigDecimal), pending(String), Integration Test Order(String), Integration Test Address(String), null, null
2026-04-23T18:55:21.416+08:00 DEBUG 21652 --- [           main] c.p.mapper.ProductOrderMapper.insert     : <==    Updates: 1
2026-04-23T18:55:21.417+08:00 DEBUG 21652 --- [           main] c.p.m.ProductOrderMapper.selectById      : ==>  Preparing: SELECT id,order_no,user_id,merchant_id,total_price,freight,status,pay_method,remark,shipping_address,logistics_company,logistics_number,transaction_id,paid_at,shipped_at,completed_at,cancelled_at,created_at,updated_at FROM "product_order" WHERE id=?
2026-04-23T18:55:21.417+08:00 DEBUG 21652 --- [           main] c.p.m.ProductOrderMapper.selectById      : ==> Parameters: 65(Integer)
2026-04-23T18:55:21.417+08:00 DEBUG 21652 --- [           main] c.p.m.ProductOrderMapper.selectById      : <==      Total: 1
2026-04-23T18:55:21.417+08:00 DEBUG 21652 --- [           main] c.p.mapper.MerchantMapper.selectById     : ==>  Preparing: SELECT id,name,contact_person,phone,email,password,address,logo,status,created_at,updated_at FROM "merchant" WHERE id=?
2026-04-23T18:55:21.418+08:00 DEBUG 21652 --- [           main] c.p.mapper.MerchantMapper.selectById     : ==> Parameters: 201(Integer)
2026-04-23T18:55:21.418+08:00 DEBUG 21652 --- [           main] c.p.mapper.MerchantMapper.selectById     : <==      Total: 1
2026-04-23T18:55:21.423+08:00 DEBUG 21652 --- [           main] com.petshop.mapper.UserMapper.insert     : ==>  Preparing: INSERT INTO "user" ( username, email, password, phone, status, created_at, updated_at ) VALUES ( ?, ?, ?, ?, ?, ?, ? )
2026-04-23T18:55:21.424+08:00 DEBUG 21652 --- [           main] com.petshop.mapper.UserMapper.insert     : ==> Parameters: integration_test_order_user1776941721423(String), integration_test_order_user1776941721423@test.com(String), password123(String), 13800-34574(String), active(String), null, null
2026-04-23T18:55:21.424+08:00 DEBUG 21652 --- [           main] com.petshop.mapper.UserMapper.insert     : <==    Updates: 1
2026-04-23T18:55:21.424+08:00 DEBUG 21652 --- [           main] c.petshop.mapper.MerchantMapper.insert   : ==>  Preparing: INSERT INTO "merchant" ( name, contact_person, phone, email, password, address, status, created_at, updated_at ) VALUES ( ?, ?, ?, ?, ?, ?, ?, ?, ? )
2026-04-23T18:55:21.424+08:00 DEBUG 21652 --- [           main] c.petshop.mapper.MerchantMapper.insert   : ==> Parameters: Integration Test Order Merchant1776941721424(String), Test Contact(String), 1390070965(String), integration_test_order_merchant1776941721424@merchant.com(String), merchant123(String), Test Address(String), approved(String), null, null
2026-04-23T18:55:21.424+08:00 DEBUG 21652 --- [           main] c.petshop.mapper.MerchantMapper.insert   : <==    Updates: 1
2026-04-23T18:55:21.424+08:00 DEBUG 21652 --- [           main] c.p.mapper.ProductOrderMapper.insert     : ==>  Preparing: INSERT INTO "product_order" ( order_no, user_id, merchant_id, total_price, freight, status, remark, shipping_address, created_at, updated_at ) VALUES ( ?, ?, ?, ?, ?, ?, ?, ?, ?, ? )
2026-04-23T18:55:21.424+08:00 DEBUG 21652 --- [           main] c.p.mapper.ProductOrderMapper.insert     : ==> Parameters: TEST1776941721424(String), 163(Integer), 202(Integer), 199.99(BigDecimal), 0(BigDecimal), pending(String), Integration Test Order(String), Integration Test Address(String), null, null
2026-04-23T18:55:21.425+08:00 DEBUG 21652 --- [           main] c.p.mapper.ProductOrderMapper.insert     : <==    Updates: 1
2026-04-23T18:55:21.425+08:00 DEBUG 21652 --- [           main] c.p.m.ProductOrderMapper.deleteById      : ==>  Preparing: DELETE FROM "product_order" WHERE id=?
2026-04-23T18:55:21.425+08:00 DEBUG 21652 --- [           main] c.p.m.ProductOrderMapper.deleteById      : ==> Parameters: 66(Integer)
2026-04-23T18:55:21.425+08:00 DEBUG 21652 --- [           main] c.p.m.ProductOrderMapper.deleteById      : <==    Updates: 1
2026-04-23T18:55:21.425+08:00 DEBUG 21652 --- [           main] c.p.m.ProductOrderMapper.selectById      : ==>  Preparing: SELECT id,order_no,user_id,merchant_id,total_price,freight,status,pay_method,remark,shipping_address,logistics_company,logistics_number,transaction_id,paid_at,shipped_at,completed_at,cancelled_at,created_at,updated_at FROM "product_order" WHERE id=?
2026-04-23T18:55:21.425+08:00 DEBUG 21652 --- [           main] c.p.m.ProductOrderMapper.selectById      : ==> Parameters: 66(Integer)
2026-04-23T18:55:21.425+08:00 DEBUG 21652 --- [           main] c.p.m.ProductOrderMapper.selectById      : <==      Total: 0
2026-04-23T18:55:21.431+08:00 DEBUG 21652 --- [           main] com.petshop.mapper.UserMapper.insert     : ==>  Preparing: INSERT INTO "user" ( username, email, password, phone, status, created_at, updated_at ) VALUES ( ?, ?, ?, ?, ?, ?, ? )
2026-04-23T18:55:21.431+08:00 DEBUG 21652 --- [           main] com.petshop.mapper.UserMapper.insert     : ==> Parameters: integration_test_user_order1(String), integration_test_user_order1@test.com(String), password123(String), 1380057109(String), active(String), null, null
2026-04-23T18:55:21.431+08:00 DEBUG 21652 --- [           main] com.petshop.mapper.UserMapper.insert     : <==    Updates: 1
2026-04-23T18:55:21.431+08:00 DEBUG 21652 --- [           main] c.petshop.mapper.MerchantMapper.insert   : ==>  Preparing: INSERT INTO "merchant" ( name, contact_person, phone, email, password, address, status, created_at, updated_at ) VALUES ( ?, ?, ?, ?, ?, ?, ?, ?, ? )
2026-04-23T18:55:21.432+08:00 DEBUG 21652 --- [           main] c.petshop.mapper.MerchantMapper.insert   : ==> Parameters: Integration Test Merchant Order1(String), Test Contact(String), 13900-12071(String), integration_test_merchant_order1@merchant.com(String), merchant123(String), Test Address(String), approved(String), null, null
2026-04-23T18:55:21.432+08:00 DEBUG 21652 --- [           main] c.petshop.mapper.MerchantMapper.insert   : <==    Updates: 1
2026-04-23T18:55:21.432+08:00 DEBUG 21652 --- [           main] c.p.mapper.ProductOrderMapper.insert     : ==>  Preparing: INSERT INTO "product_order" ( order_no, user_id, merchant_id, total_price, freight, status, remark, shipping_address, created_at, updated_at ) VALUES ( ?, ?, ?, ?, ?, ?, ?, ?, ?, ? )
2026-04-23T18:55:21.432+08:00 DEBUG 21652 --- [           main] c.p.mapper.ProductOrderMapper.insert     : ==> Parameters: TEST1776941721432(String), 164(Integer), 203(Integer), 199.99(BigDecimal), 0(BigDecimal), pending(String), Integration Test Order(String), Integration Test Address(String), null, null
2026-04-23T18:55:21.432+08:00 DEBUG 21652 --- [           main] c.p.mapper.ProductOrderMapper.insert     : <==    Updates: 1
2026-04-23T18:55:21.438+08:00 DEBUG 21652 --- [           main] com.petshop.mapper.UserMapper.insert     : ==>  Preparing: INSERT INTO "user" ( username, email, password, phone, status, created_at, updated_at ) VALUES ( ?, ?, ?, ?, ?, ?, ? )
2026-04-23T18:55:21.438+08:00 DEBUG 21652 --- [           main] com.petshop.mapper.UserMapper.insert     : ==> Parameters: integration_test_order_user1776941721438(String), integration_test_order_user1776941721438@test.com(String), password123(String), 13800-34538(String), active(String), null, null
2026-04-23T18:55:21.438+08:00 DEBUG 21652 --- [           main] com.petshop.mapper.UserMapper.insert     : <==    Updates: 1
2026-04-23T18:55:21.438+08:00 DEBUG 21652 --- [           main] c.petshop.mapper.MerchantMapper.insert   : ==>  Preparing: INSERT INTO "merchant" ( name, contact_person, phone, email, password, address, status, created_at, updated_at ) VALUES ( ?, ?, ?, ?, ?, ?, ?, ?, ? )
2026-04-23T18:55:21.438+08:00 DEBUG 21652 --- [           main] c.petshop.mapper.MerchantMapper.insert   : ==> Parameters: Integration Test Order Merchant1776941721438(String), Test Contact(String), 1390071000(String), integration_test_order_merchant1776941721438@merchant.com(String), merchant123(String), Test Address(String), approved(String), null, null
2026-04-23T18:55:21.438+08:00 DEBUG 21652 --- [           main] c.petshop.mapper.MerchantMapper.insert   : <==    Updates: 1
2026-04-23T18:55:21.438+08:00 DEBUG 21652 --- [           main] c.p.mapper.ProductOrderMapper.insert     : ==>  Preparing: INSERT INTO "product_order" ( order_no, user_id, merchant_id, total_price, freight, status, remark, shipping_address, created_at, updated_at ) VALUES ( ?, ?, ?, ?, ?, ?, ?, ?, ?, ? )
2026-04-23T18:55:21.439+08:00 DEBUG 21652 --- [           main] c.p.mapper.ProductOrderMapper.insert     : ==> Parameters: TEST1776941721438(String), 165(Integer), 204(Integer), 199.99(BigDecimal), 0(BigDecimal), pending(String), Integration Test Order(String), Integration Test Address(String), null, null
2026-04-23T18:55:21.439+08:00 DEBUG 21652 --- [           main] c.p.mapper.ProductOrderMapper.insert     : <==    Updates: 1
2026-04-23T18:55:21.439+08:00 DEBUG 21652 --- [           main] c.p.m.ProductOrderMapper.selectById      : ==>  Preparing: SELECT id,order_no,user_id,merchant_id,total_price,freight,status,pay_method,remark,shipping_address,logistics_company,logistics_number,transaction_id,paid_at,shipped_at,completed_at,cancelled_at,created_at,updated_at FROM "product_order" WHERE id=?
2026-04-23T18:55:21.439+08:00 DEBUG 21652 --- [           main] c.p.m.ProductOrderMapper.selectById      : ==> Parameters: 68(Integer)
2026-04-23T18:55:21.439+08:00 DEBUG 21652 --- [           main] c.p.m.ProductOrderMapper.selectById      : <==      Total: 1
2026-04-23T18:55:21.446+08:00 DEBUG 21652 --- [           main] com.petshop.mapper.UserMapper.insert     : ==>  Preparing: INSERT INTO "user" ( username, email, password, phone, status, created_at, updated_at ) VALUES ( ?, ?, ?, ?, ?, ?, ? )
2026-04-23T18:55:21.446+08:00 DEBUG 21652 --- [           main] com.petshop.mapper.UserMapper.insert     : ==> Parameters: integration_test_order_user1776941721445(String), integration_test_order_user1776941721445@test.com(String), password123(String), 13800-34510(String), active(String), null, null
2026-04-23T18:55:21.446+08:00 DEBUG 21652 --- [           main] com.petshop.mapper.UserMapper.insert     : <==    Updates: 1
2026-04-23T18:55:21.446+08:00 DEBUG 21652 --- [           main] c.petshop.mapper.MerchantMapper.insert   : ==>  Preparing: INSERT INTO "merchant" ( name, contact_person, phone, email, password, address, status, created_at, updated_at ) VALUES ( ?, ?, ?, ?, ?, ?, ?, ?, ? )
2026-04-23T18:55:21.446+08:00 DEBUG 21652 --- [           main] c.petshop.mapper.MerchantMapper.insert   : ==> Parameters: Integration Test Order Merchant1776941721446(String), Test Contact(String), 1390071029(String), integration_test_order_merchant1776941721446@merchant.com(String), merchant123(String), Test Address(String), approved(String), null, null
2026-04-23T18:55:21.446+08:00 DEBUG 21652 --- [           main] c.petshop.mapper.MerchantMapper.insert   : <==    Updates: 1
2026-04-23T18:55:21.447+08:00 DEBUG 21652 --- [           main] c.p.mapper.ProductOrderMapper.insert     : ==>  Preparing: INSERT INTO "product_order" ( order_no, user_id, merchant_id, total_price, freight, status, remark, shipping_address, created_at, updated_at ) VALUES ( ?, ?, ?, ?, ?, ?, ?, ?, ?, ? )
2026-04-23T18:55:21.447+08:00 DEBUG 21652 --- [           main] c.p.mapper.ProductOrderMapper.insert     : ==> Parameters: TEST1776941721446(String), 166(Integer), 205(Integer), 199.99(BigDecimal), 0(BigDecimal), pending(String), Integration Test Order(String), Integration Test Address(String), null, null
2026-04-23T18:55:21.447+08:00 DEBUG 21652 --- [           main] c.p.mapper.ProductOrderMapper.insert     : <==    Updates: 1
2026-04-23T18:55:21.447+08:00 DEBUG 21652 --- [           main] c.p.m.ProductOrderMapper.updateById      : ==>  Preparing: UPDATE "product_order" SET order_no=?, user_id=?, merchant_id=?, total_price=?, freight=?, status=?, remark=?, shipping_address=?, paid_at=?, updated_at=? WHERE id=?
2026-04-23T18:55:21.447+08:00 DEBUG 21652 --- [           main] c.p.m.ProductOrderMapper.updateById      : ==> Parameters: TEST1776941721446(String), 166(Integer), 205(Integer), 199.99(BigDecimal), 0(BigDecimal), paid(String), Integration Test Order(String), Integration Test Address(String), 2026-04-23T18:55:21.447477200(LocalDateTime), null, 69(Integer)
2026-04-23T18:55:21.448+08:00 DEBUG 21652 --- [           main] c.p.m.ProductOrderMapper.updateById      : <==    Updates: 1
2026-04-23T18:55:21.448+08:00 DEBUG 21652 --- [           main] c.p.m.ProductOrderMapper.selectById      : ==>  Preparing: SELECT id,order_no,user_id,merchant_id,total_price,freight,status,pay_method,remark,shipping_address,logistics_company,logistics_number,transaction_id,paid_at,shipped_at,completed_at,cancelled_at,created_at,updated_at FROM "product_order" WHERE id=?
2026-04-23T18:55:21.448+08:00 DEBUG 21652 --- [           main] c.p.m.ProductOrderMapper.selectById      : ==> Parameters: 69(Integer)
2026-04-23T18:55:21.448+08:00 DEBUG 21652 --- [           main] c.p.m.ProductOrderMapper.selectById      : <==      Total: 1
[INFO] Tests run: 5, Failures: 0, Errors: 0, Skipped: 0, Time elapsed: 0.045 s -- in com.petshop.integration.DatabaseIntegrationTest$MapperMappingTests$ProductOrderMapperTests
[INFO] Running com.petshop.integration.DatabaseIntegrationTest$MapperMappingTests$RelationQueryTests
2026-04-23T18:55:21.461+08:00 DEBUG 21652 --- [           main] com.petshop.mapper.UserMapper.insert     : ==>  Preparing: INSERT INTO "user" ( username, email, password, phone, status, created_at, updated_at ) VALUES ( ?, ?, ?, ?, ?, ?, ? )
2026-04-23T18:55:21.462+08:00 DEBUG 21652 --- [           main] com.petshop.mapper.UserMapper.insert     : ==> Parameters: integration_test_user_pets(String), integration_test_user_pets@test.com(String), password123(String), 13800-31034(String), active(String), null, null
2026-04-23T18:55:21.462+08:00 DEBUG 21652 --- [           main] com.petshop.mapper.UserMapper.insert     : <==    Updates: 1
2026-04-23T18:55:21.462+08:00 DEBUG 21652 --- [           main] com.petshop.mapper.PetMapper.insert      : ==>  Preparing: INSERT INTO "pet" ( user_id, name, type, breed, age, gender, created_at, updated_at ) VALUES ( ?, ?, ?, ?, ?, ?, ?, ? )
2026-04-23T18:55:21.462+08:00 DEBUG 21652 --- [           main] com.petshop.mapper.PetMapper.insert      : ==> Parameters: 167(Integer), Integration Test Pet 1776941721462(String), dog(String), Golden Retriever(String), 2(Integer), male(String), null, null
2026-04-23T18:55:21.462+08:00 DEBUG 21652 --- [           main] com.petshop.mapper.PetMapper.insert      : <==    Updates: 1
2026-04-23T18:55:21.463+08:00 DEBUG 21652 --- [           main] com.petshop.mapper.PetMapper.insert      : ==>  Preparing: INSERT INTO "pet" ( user_id, name, type, breed, age, gender, created_at, updated_at ) VALUES ( ?, ?, ?, ?, ?, ?, ?, ? )
2026-04-23T18:55:21.463+08:00 DEBUG 21652 --- [           main] com.petshop.mapper.PetMapper.insert      : ==> Parameters: 167(Integer), Integration Test Pet 1776941721462(String), dog(String), Golden Retriever(String), 2(Integer), male(String), null, null
2026-04-23T18:55:21.463+08:00 DEBUG 21652 --- [           main] com.petshop.mapper.PetMapper.insert      : <==    Updates: 1
2026-04-23T18:55:21.464+08:00 DEBUG 21652 --- [           main] c.petshop.mapper.PetMapper.selectList    : ==>  Preparing: SELECT id,user_id,name,type,breed,age,gender,avatar,description,created_at,updated_at FROM "pet" WHERE (user_id = ?)
2026-04-23T18:55:21.464+08:00 DEBUG 21652 --- [           main] c.petshop.mapper.PetMapper.selectList    : ==> Parameters: 167(Integer)
2026-04-23T18:55:21.464+08:00 DEBUG 21652 --- [           main] c.petshop.mapper.PetMapper.selectList    : <==      Total: 2
2026-04-23T18:55:21.470+08:00 DEBUG 21652 --- [           main] c.petshop.mapper.MerchantMapper.insert   : ==>  Preparing: INSERT INTO "merchant" ( name, contact_person, phone, email, password, address, status, created_at, updated_at ) VALUES ( ?, ?, ?, ?, ?, ?, ?, ?, ? )
2026-04-23T18:55:21.470+08:00 DEBUG 21652 --- [           main] c.petshop.mapper.MerchantMapper.insert   : ==> Parameters: Integration Test Merchant Products(String), Test Contact(String), 1390098746(String), integration_test_merchant_products@merchant.com(String), merchant123(String), Test Address(String), approved(String), null, null
2026-04-23T18:55:21.470+08:00 DEBUG 21652 --- [           main] c.petshop.mapper.MerchantMapper.insert   : <==    Updates: 1
2026-04-23T18:55:21.471+08:00 DEBUG 21652 --- [           main] c.petshop.mapper.ProductMapper.insert    : ==>  Preparing: INSERT INTO "product" ( merchant_id, name, description, price, stock, status, low_stock_threshold, created_at, updated_at ) VALUES ( ?, ?, ?, ?, ?, ?, ?, ?, ? )
2026-04-23T18:55:21.471+08:00 DEBUG 21652 --- [           main] c.petshop.mapper.ProductMapper.insert    : ==> Parameters: 206(Integer), Integration Test Product 1776941721470(String), Integration Test Product Description(String), 49.99(BigDecimal), 100(Integer), enabled(String), 10(Integer), null, null
2026-04-23T18:55:21.471+08:00 DEBUG 21652 --- [           main] c.petshop.mapper.ProductMapper.insert    : <==    Updates: 1
2026-04-23T18:55:21.471+08:00 DEBUG 21652 --- [           main] c.petshop.mapper.ProductMapper.insert    : ==>  Preparing: INSERT INTO "product" ( merchant_id, name, description, price, stock, status, low_stock_threshold, created_at, updated_at ) VALUES ( ?, ?, ?, ?, ?, ?, ?, ?, ? )
2026-04-23T18:55:21.471+08:00 DEBUG 21652 --- [           main] c.petshop.mapper.ProductMapper.insert    : ==> Parameters: 206(Integer), Integration Test Product 1776941721471(String), Integration Test Product Description(String), 49.99(BigDecimal), 100(Integer), enabled(String), 10(Integer), null, null
2026-04-23T18:55:21.471+08:00 DEBUG 21652 --- [           main] c.petshop.mapper.ProductMapper.insert    : <==    Updates: 1
2026-04-23T18:55:21.472+08:00 DEBUG 21652 --- [           main] c.p.mapper.ProductMapper.selectList      : ==>  Preparing: SELECT id,merchant_id,name,description,price,stock,image,status,low_stock_threshold,category,created_at,updated_at FROM "product" WHERE (merchant_id = ?)
2026-04-23T18:55:21.472+08:00 DEBUG 21652 --- [           main] c.p.mapper.ProductMapper.selectList      : ==> Parameters: 206(Integer)
2026-04-23T18:55:21.474+08:00 DEBUG 21652 --- [           main] c.p.mapper.ProductMapper.selectList      : <==      Total: 2
2026-04-23T18:55:21.480+08:00 DEBUG 21652 --- [           main] com.petshop.mapper.UserMapper.insert     : ==>  Preparing: INSERT INTO "user" ( username, email, password, phone, status, created_at, updated_at ) VALUES ( ?, ?, ?, ?, ?, ?, ? )
2026-04-23T18:55:21.480+08:00 DEBUG 21652 --- [           main] com.petshop.mapper.UserMapper.insert     : ==> Parameters: integration_test_order_user1776941721480(String), integration_test_order_user1776941721480@test.com(String), password123(String), 13800-34391(String), active(String), null, null
2026-04-23T18:55:21.480+08:00 DEBUG 21652 --- [           main] com.petshop.mapper.UserMapper.insert     : <==    Updates: 1
2026-04-23T18:55:21.481+08:00 DEBUG 21652 --- [           main] c.petshop.mapper.MerchantMapper.insert   : ==>  Preparing: INSERT INTO "merchant" ( name, contact_person, phone, email, password, address, status, created_at, updated_at ) VALUES ( ?, ?, ?, ?, ?, ?, ?, ?, ? )
2026-04-23T18:55:21.481+08:00 DEBUG 21652 --- [           main] c.petshop.mapper.MerchantMapper.insert   : ==> Parameters: Integration Test Order Merchant1776941721480(String), Test Contact(String), 1390071147(String), integration_test_order_merchant1776941721480@merchant.com(String), merchant123(String), Test Address(String), approved(String), null, null
2026-04-23T18:55:21.481+08:00 DEBUG 21652 --- [           main] c.petshop.mapper.MerchantMapper.insert   : <==    Updates: 1
2026-04-23T18:55:21.481+08:00 DEBUG 21652 --- [           main] c.p.mapper.ProductOrderMapper.insert     : ==>  Preparing: INSERT INTO "product_order" ( order_no, user_id, merchant_id, total_price, freight, status, remark, shipping_address, created_at, updated_at ) VALUES ( ?, ?, ?, ?, ?, ?, ?, ?, ?, ? )
2026-04-23T18:55:21.481+08:00 DEBUG 21652 --- [           main] c.p.mapper.ProductOrderMapper.insert     : ==> Parameters: TEST1776941721481(String), 168(Integer), 207(Integer), 199.99(BigDecimal), 0(BigDecimal), pending(String), Integration Test Order(String), Integration Test Address(String), null, null
2026-04-23T18:55:21.481+08:00 DEBUG 21652 --- [           main] c.p.mapper.ProductOrderMapper.insert     : <==    Updates: 1
2026-04-23T18:55:21.481+08:00 DEBUG 21652 --- [           main] c.petshop.mapper.ProductMapper.insert    : ==>  Preparing: INSERT INTO "product" ( merchant_id, name, description, price, stock, status, low_stock_threshold, created_at, updated_at ) VALUES ( ?, ?, ?, ?, ?, ?, ?, ?, ? )
2026-04-23T18:55:21.481+08:00 DEBUG 21652 --- [           main] c.petshop.mapper.ProductMapper.insert    : ==> Parameters: 207(Integer), Integration Test Product 1776941721481(String), Integration Test Product Description(String), 49.99(BigDecimal), 100(Integer), enabled(String), 10(Integer), null, null
2026-04-23T18:55:21.481+08:00 DEBUG 21652 --- [           main] c.petshop.mapper.ProductMapper.insert    : <==    Updates: 1
2026-04-23T18:55:21.482+08:00 DEBUG 21652 --- [           main] c.p.m.ProductOrderItemMapper.insert      : ==>  Preparing: INSERT INTO "product_order_item" ( order_id, product_id, quantity, price ) VALUES ( ?, ?, ?, ? )
2026-04-23T18:55:21.482+08:00 DEBUG 21652 --- [           main] c.p.m.ProductOrderItemMapper.insert      : ==> Parameters: 70(Integer), 108(Integer), 2(Integer), 49.99(BigDecimal)
2026-04-23T18:55:21.482+08:00 DEBUG 21652 --- [           main] c.p.m.ProductOrderItemMapper.insert      : <==    Updates: 1
2026-04-23T18:55:21.482+08:00 DEBUG 21652 --- [           main] c.p.m.ProductOrderItemMapper.selectList  : ==>  Preparing: SELECT id,order_id,product_id,quantity,price FROM "product_order_item" WHERE (order_id = ?)
2026-04-23T18:55:21.483+08:00 DEBUG 21652 --- [           main] c.p.m.ProductOrderItemMapper.selectList  : ==> Parameters: 70(Integer)
2026-04-23T18:55:21.483+08:00 DEBUG 21652 --- [           main] c.p.m.ProductOrderItemMapper.selectList  : <==      Total: 1
2026-04-23T18:55:21.488+08:00 DEBUG 21652 --- [           main] c.petshop.mapper.MerchantMapper.insert   : ==>  Preparing: INSERT INTO "merchant" ( name, contact_person, phone, email, password, address, status, created_at, updated_at ) VALUES ( ?, ?, ?, ?, ?, ?, ?, ?, ? )
2026-04-23T18:55:21.489+08:00 DEBUG 21652 --- [           main] c.petshop.mapper.MerchantMapper.insert   : ==> Parameters: Integration Test Merchant Services(String), Test Contact(String), 13900-97932(String), integration_test_merchant_services@merchant.com(String), merchant123(String), Test Address(String), approved(String), null, null
2026-04-23T18:55:21.489+08:00 DEBUG 21652 --- [           main] c.petshop.mapper.MerchantMapper.insert   : <==    Updates: 1
2026-04-23T18:55:21.489+08:00 DEBUG 21652 --- [           main] c.petshop.mapper.ServiceMapper.insert    : ==>  Preparing: INSERT INTO "service" ( merchant_id, name, description, price, duration, category, status, created_at, updated_at ) VALUES ( ?, ?, ?, ?, ?, ?, ?, ?, ? )
2026-04-23T18:55:21.489+08:00 DEBUG 21652 --- [           main] c.petshop.mapper.ServiceMapper.insert    : ==> Parameters: 208(Integer), Integration Test Service 1776941721489(String), Integration Test Service Description(String), 99.99(BigDecimal), 60(Integer), grooming(String), enabled(String), null, null
2026-04-23T18:55:21.489+08:00 DEBUG 21652 --- [           main] c.petshop.mapper.ServiceMapper.insert    : <==    Updates: 1
2026-04-23T18:55:21.489+08:00 DEBUG 21652 --- [           main] c.petshop.mapper.ServiceMapper.insert    : ==>  Preparing: INSERT INTO "service" ( merchant_id, name, description, price, duration, category, status, created_at, updated_at ) VALUES ( ?, ?, ?, ?, ?, ?, ?, ?, ? )
2026-04-23T18:55:21.489+08:00 DEBUG 21652 --- [           main] c.petshop.mapper.ServiceMapper.insert    : ==> Parameters: 208(Integer), Integration Test Service 1776941721489(String), Integration Test Service Description(String), 99.99(BigDecimal), 60(Integer), grooming(String), enabled(String), null, null
2026-04-23T18:55:21.490+08:00 DEBUG 21652 --- [           main] c.petshop.mapper.ServiceMapper.insert    : <==    Updates: 1
2026-04-23T18:55:21.491+08:00 DEBUG 21652 --- [           main] c.p.mapper.ServiceMapper.selectList      : ==>  Preparing: SELECT id,merchant_id,name,description,price,duration,category,image,status,created_at,updated_at FROM "service" WHERE (merchant_id = ?)
2026-04-23T18:55:21.492+08:00 DEBUG 21652 --- [           main] c.p.mapper.ServiceMapper.selectList      : ==> Parameters: 208(Integer)
2026-04-23T18:55:21.492+08:00 DEBUG 21652 --- [           main] c.p.mapper.ServiceMapper.selectList      : <==      Total: 2
[INFO] Tests run: 4, Failures: 0, Errors: 0, Skipped: 0, Time elapsed: 0.043 s -- in com.petshop.integration.DatabaseIntegrationTest$MapperMappingTests$RelationQueryTests
[INFO] Running com.petshop.integration.DatabaseIntegrationTest$MapperMappingTests$UserMapperTests
2026-04-23T18:55:21.504+08:00 DEBUG 21652 --- [           main] com.petshop.mapper.UserMapper.insert     : ==>  Preparing: INSERT INTO "user" ( username, email, password, phone, status, created_at, updated_at ) VALUES ( ?, ?, ?, ?, ?, ?, ? )
2026-04-23T18:55:21.504+08:00 DEBUG 21652 --- [           main] com.petshop.mapper.UserMapper.insert     : ==> Parameters: integration_test_user7(String), integration_test_user7@test.com(String), password123(String), 13800-95702(String), active(String), null, null
2026-04-23T18:55:21.504+08:00 DEBUG 21652 --- [           main] com.petshop.mapper.UserMapper.insert     : <==    Updates: 1
2026-04-23T18:55:21.504+08:00 DEBUG 21652 --- [           main] com.petshop.mapper.UserMapper.insert     : ==>  Preparing: INSERT INTO "user" ( username, email, password, phone, status, created_at, updated_at ) VALUES ( ?, ?, ?, ?, ?, ?, ? )
2026-04-23T18:55:21.504+08:00 DEBUG 21652 --- [           main] com.petshop.mapper.UserMapper.insert     : ==> Parameters: integration_test_user8(String), integration_test_user8@test.com(String), password123(String), 13800-95701(String), active(String), null, null
2026-04-23T18:55:21.505+08:00 DEBUG 21652 --- [           main] com.petshop.mapper.UserMapper.insert     : <==    Updates: 1
2026-04-23T18:55:21.506+08:00 DEBUG 21652 --- [           main] c.petshop.mapper.UserMapper.selectList   : ==>  Preparing: SELECT id,username,email,password,phone,avatar,status,created_at,updated_at FROM "user" WHERE (username LIKE ?)
2026-04-23T18:55:21.506+08:00 DEBUG 21652 --- [           main] c.petshop.mapper.UserMapper.selectList   : ==> Parameters: integration_test_user%(String)
2026-04-23T18:55:21.507+08:00 DEBUG 21652 --- [           main] c.petshop.mapper.UserMapper.selectList   : <==      Total: 2
2026-04-23T18:55:21.514+08:00 DEBUG 21652 --- [           main] com.petshop.mapper.UserMapper.insert     : ==>  Preparing: INSERT INTO "user" ( username, email, password, phone, status, created_at, updated_at ) VALUES ( ?, ?, ?, ?, ?, ?, ? )
2026-04-23T18:55:21.514+08:00 DEBUG 21652 --- [           main] com.petshop.mapper.UserMapper.insert     : ==> Parameters: integration_test_user5(String), integration_test_user5@test.com(String), password123(String), 13800-95704(String), active(String), null, null
2026-04-23T18:55:21.514+08:00 DEBUG 21652 --- [           main] com.petshop.mapper.UserMapper.insert     : <==    Updates: 1
2026-04-23T18:55:21.534+08:00 DEBUG 21652 --- [           main] c.petshop.mapper.UserMapper.updateById   : ==>  Preparing: UPDATE "user" SET username=?, email=?, password=?, phone=?, status=?, updated_at=? WHERE id=?
2026-04-23T18:55:21.534+08:00 DEBUG 21652 --- [           main] c.petshop.mapper.UserMapper.updateById   : ==> Parameters: integration_test_user5_updated(String), integration_test_user5@test.com(String), password123(String), 13900000005(String), active(String), null, 171(Integer)
2026-04-23T18:55:21.534+08:00 DEBUG 21652 --- [           main] c.petshop.mapper.UserMapper.updateById   : <==    Updates: 1
2026-04-23T18:55:21.534+08:00 DEBUG 21652 --- [           main] c.petshop.mapper.UserMapper.selectById   : ==>  Preparing: SELECT id,username,email,password,phone,avatar,status,created_at,updated_at FROM "user" WHERE id=?
2026-04-23T18:55:21.535+08:00 DEBUG 21652 --- [           main] c.petshop.mapper.UserMapper.selectById   : ==> Parameters: 171(Integer)
2026-04-23T18:55:21.535+08:00 DEBUG 21652 --- [           main] c.petshop.mapper.UserMapper.selectById   : <==      Total: 1
2026-04-23T18:55:21.540+08:00 DEBUG 21652 --- [           main] com.petshop.mapper.UserMapper.insert     : ==>  Preparing: INSERT INTO "user" ( username, email, password, phone, status, created_at, updated_at ) VALUES ( ?, ?, ?, ?, ?, ?, ? )
2026-04-23T18:55:21.540+08:00 DEBUG 21652 --- [           main] com.petshop.mapper.UserMapper.insert     : ==> Parameters: integration_test_user3(String), integration_test_user3@test.com(String), password123(String), 13800-95706(String), active(String), null, null
2026-04-23T18:55:21.540+08:00 DEBUG 21652 --- [           main] com.petshop.mapper.UserMapper.insert     : <==    Updates: 1
2026-04-23T18:55:21.540+08:00 DEBUG 21652 --- [           main] c.p.mapper.UserMapper.selectByEmail      : ==>  Preparing: SELECT * FROM `user` WHERE email = ?
2026-04-23T18:55:21.540+08:00 DEBUG 21652 --- [           main] c.p.mapper.UserMapper.selectByEmail      : ==> Parameters: integration_test_user3@test.com(String)
2026-04-23T18:55:21.540+08:00 DEBUG 21652 --- [           main] c.p.mapper.UserMapper.selectByEmail      : <==      Total: 1
2026-04-23T18:55:21.546+08:00 DEBUG 21652 --- [           main] com.petshop.mapper.UserMapper.insert     : ==>  Preparing: INSERT INTO "user" ( username, email, password, phone, status, created_at, updated_at ) VALUES ( ?, ?, ?, ?, ?, ?, ? )
2026-04-23T18:55:21.547+08:00 DEBUG 21652 --- [           main] com.petshop.mapper.UserMapper.insert     : ==> Parameters: integration_test_user4(String), integration_test_user4@test.com(String), password123(String), 13800-95705(String), active(String), null, null
2026-04-23T18:55:21.547+08:00 DEBUG 21652 --- [           main] com.petshop.mapper.UserMapper.insert     : <==    Updates: 1
2026-04-23T18:55:21.547+08:00 DEBUG 21652 --- [           main] c.p.mapper.UserMapper.selectByPhone      : ==>  Preparing: SELECT * FROM `user` WHERE phone = ?
2026-04-23T18:55:21.547+08:00 DEBUG 21652 --- [           main] c.p.mapper.UserMapper.selectByPhone      : ==> Parameters: 13800-95705(String)
2026-04-23T18:55:21.547+08:00 DEBUG 21652 --- [           main] c.p.mapper.UserMapper.selectByPhone      : <==      Total: 1
2026-04-23T18:55:21.553+08:00 DEBUG 21652 --- [           main] com.petshop.mapper.UserMapper.insert     : ==>  Preparing: INSERT INTO "user" ( username, email, password, phone, status, created_at, updated_at ) VALUES ( ?, ?, ?, ?, ?, ?, ? )
2026-04-23T18:55:21.553+08:00 DEBUG 21652 --- [           main] com.petshop.mapper.UserMapper.insert     : ==> Parameters: integration_test_user2(String), integration_test_user2@test.com(String), password123(String), 13800-95707(String), active(String), null, null
2026-04-23T18:55:21.553+08:00 DEBUG 21652 --- [           main] com.petshop.mapper.UserMapper.insert     : <==    Updates: 1
2026-04-23T18:55:21.553+08:00 DEBUG 21652 --- [           main] c.petshop.mapper.UserMapper.selectById   : ==>  Preparing: SELECT id,username,email,password,phone,avatar,status,created_at,updated_at FROM "user" WHERE id=?
2026-04-23T18:55:21.553+08:00 DEBUG 21652 --- [           main] c.petshop.mapper.UserMapper.selectById   : ==> Parameters: 174(Integer)
2026-04-23T18:55:21.553+08:00 DEBUG 21652 --- [           main] c.petshop.mapper.UserMapper.selectById   : <==      Total: 1
2026-04-23T18:55:21.558+08:00 DEBUG 21652 --- [           main] com.petshop.mapper.UserMapper.insert     : ==>  Preparing: INSERT INTO "user" ( username, email, password, phone, status, created_at, updated_at ) VALUES ( ?, ?, ?, ?, ?, ?, ? )
2026-04-23T18:55:21.558+08:00 DEBUG 21652 --- [           main] com.petshop.mapper.UserMapper.insert     : ==> Parameters: integration_test_user1(String), integration_test_user1@test.com(String), password123(String), 13800-95708(String), active(String), null, null
2026-04-23T18:55:21.558+08:00 DEBUG 21652 --- [           main] com.petshop.mapper.UserMapper.insert     : <==    Updates: 1
2026-04-23T18:55:21.563+08:00 DEBUG 21652 --- [           main] com.petshop.mapper.UserMapper.insert     : ==>  Preparing: INSERT INTO "user" ( username, email, password, phone, status, created_at, updated_at ) VALUES ( ?, ?, ?, ?, ?, ?, ? )
2026-04-23T18:55:21.564+08:00 DEBUG 21652 --- [           main] com.petshop.mapper.UserMapper.insert     : ==> Parameters: integration_test_user6(String), integration_test_user6@test.com(String), password123(String), 13800-95703(String), active(String), null, null
2026-04-23T18:55:21.564+08:00 DEBUG 21652 --- [           main] com.petshop.mapper.UserMapper.insert     : <==    Updates: 1
2026-04-23T18:55:21.564+08:00 DEBUG 21652 --- [           main] c.petshop.mapper.UserMapper.deleteById   : ==>  Preparing: DELETE FROM "user" WHERE id=?
2026-04-23T18:55:21.564+08:00 DEBUG 21652 --- [           main] c.petshop.mapper.UserMapper.deleteById   : ==> Parameters: 176(Integer)
2026-04-23T18:55:21.564+08:00 DEBUG 21652 --- [           main] c.petshop.mapper.UserMapper.deleteById   : <==    Updates: 1
2026-04-23T18:55:21.564+08:00 DEBUG 21652 --- [           main] c.petshop.mapper.UserMapper.selectById   : ==>  Preparing: SELECT id,username,email,password,phone,avatar,status,created_at,updated_at FROM "user" WHERE id=?
2026-04-23T18:55:21.564+08:00 DEBUG 21652 --- [           main] c.petshop.mapper.UserMapper.selectById   : ==> Parameters: 176(Integer)
2026-04-23T18:55:21.564+08:00 DEBUG 21652 --- [           main] c.petshop.mapper.UserMapper.selectById   : <==      Total: 0
[INFO] Tests run: 7, Failures: 0, Errors: 0, Skipped: 0, Time elapsed: 0.070 s -- in com.petshop.integration.DatabaseIntegrationTest$MapperMappingTests$UserMapperTests
[INFO] Tests run: 0, Failures: 0, Errors: 0, Skipped: 0, Time elapsed: 0.263 s -- in com.petshop.integration.DatabaseIntegrationTest$MapperMappingTests
[INFO] Running com.petshop.integration.DatabaseIntegrationTest$TransactionTests
2026-04-23T18:55:21.576+08:00 DEBUG 21652 --- [           main] com.petshop.mapper.UserMapper.insert     : ==>  Preparing: INSERT INTO "user" ( username, email, password, phone, status, created_at, updated_at ) VALUES ( ?, ?, ?, ?, ?, ?, ? )
2026-04-23T18:55:21.577+08:00 DEBUG 21652 --- [           main] com.petshop.mapper.UserMapper.insert     : ==> Parameters: integration_test_trans1(String), integration_test_trans1@test.com(String), password123(String), 1380026763(String), active(String), null, null
2026-04-23T18:55:21.577+08:00 DEBUG 21652 --- [           main] com.petshop.mapper.UserMapper.insert     : <==    Updates: 1
2026-04-23T18:55:21.577+08:00 DEBUG 21652 --- [           main] c.petshop.mapper.UserMapper.selectById   : ==>  Preparing: SELECT id,username,email,password,phone,avatar,status,created_at,updated_at FROM "user" WHERE id=?
2026-04-23T18:55:21.577+08:00 DEBUG 21652 --- [           main] c.petshop.mapper.UserMapper.selectById   : ==> Parameters: 177(Integer)
2026-04-23T18:55:21.577+08:00 DEBUG 21652 --- [           main] c.petshop.mapper.UserMapper.selectById   : <==      Total: 1
2026-04-23T18:55:21.591+08:00 DEBUG 21652 --- [           main] com.petshop.mapper.UserMapper.insert     : ==>  Preparing: INSERT INTO "user" ( username, email, password, phone, status, created_at, updated_at ) VALUES ( ?, ?, ?, ?, ?, ?, ? )
2026-04-23T18:55:21.591+08:00 DEBUG 21652 --- [           main] com.petshop.mapper.UserMapper.insert     : ==> Parameters: integration_test_prop(String), integration_test_prop@test.com(String), password123(String), 1380077573(String), active(String), null, null
2026-04-23T18:55:21.591+08:00 DEBUG 21652 --- [           main] com.petshop.mapper.UserMapper.insert     : <==    Updates: 1
2026-04-23T18:55:21.595+08:00 DEBUG 21652 --- [           main] com.petshop.mapper.UserMapper.insert     : ==>  Preparing: INSERT INTO "user" ( username, email, password, phone, status, created_at, updated_at ) VALUES ( ?, ?, ?, ?, ?, ?, ? )
2026-04-23T18:55:21.595+08:00 DEBUG 21652 --- [           main] com.petshop.mapper.UserMapper.insert     : ==> Parameters: integration_test_batch1(String), integration_test_batch1@test.com(String), password123(String), 1380057305(String), active(String), null, null
2026-04-23T18:55:21.596+08:00 DEBUG 21652 --- [           main] com.petshop.mapper.UserMapper.insert     : <==    Updates: 1
2026-04-23T18:55:21.596+08:00 DEBUG 21652 --- [           main] com.petshop.mapper.UserMapper.insert     : ==>  Preparing: INSERT INTO "user" ( username, email, password, phone, status, created_at, updated_at ) VALUES ( ?, ?, ?, ?, ?, ?, ? )
2026-04-23T18:55:21.596+08:00 DEBUG 21652 --- [           main] com.petshop.mapper.UserMapper.insert     : ==> Parameters: integration_test_batch2(String), integration_test_batch2@test.com(String), password123(String), 1380057306(String), active(String), null, null
2026-04-23T18:55:21.596+08:00 DEBUG 21652 --- [           main] com.petshop.mapper.UserMapper.insert     : <==    Updates: 1
2026-04-23T18:55:21.600+08:00 DEBUG 21652 --- [           main] com.petshop.mapper.UserMapper.insert     : ==>  Preparing: INSERT INTO "user" ( username, email, password, phone, status, created_at, updated_at ) VALUES ( ?, ?, ?, ?, ?, ?, ? )
2026-04-23T18:55:21.600+08:00 DEBUG 21652 --- [           main] com.petshop.mapper.UserMapper.insert     : ==> Parameters: integration_test_multi(String), integration_test_multi@test.com(String), password123(String), 13800-17449(String), active(String), null, null
2026-04-23T18:55:21.601+08:00 DEBUG 21652 --- [           main] com.petshop.mapper.UserMapper.insert     : <==    Updates: 1
2026-04-23T18:55:21.601+08:00 DEBUG 21652 --- [           main] c.petshop.mapper.MerchantMapper.insert   : ==>  Preparing: INSERT INTO "merchant" ( name, contact_person, phone, email, password, address, status, created_at, updated_at ) VALUES ( ?, ?, ?, ?, ?, ?, ?, ?, ? )
2026-04-23T18:55:21.601+08:00 DEBUG 21652 --- [           main] c.petshop.mapper.MerchantMapper.insert   : ==> Parameters: Integration Test Multi Merchant(String), Test Contact(String), 1390017(String), integration_test_multi_merchant@merchant.com(String), merchant123(String), Test Address(String), approved(String), null, null
2026-04-23T18:55:21.602+08:00 DEBUG 21652 --- [           main] c.petshop.mapper.MerchantMapper.insert   : <==    Updates: 1
2026-04-23T18:55:21.602+08:00 DEBUG 21652 --- [           main] c.p.mapper.AppointmentMapper.insert      : ==>  Preparing: INSERT INTO "appointment" ( user_id, merchant_id, appointment_time, status, total_price, notes, created_at, updated_at ) VALUES ( ?, ?, ?, ?, ?, ?, ?, ? )
2026-04-23T18:55:21.602+08:00 DEBUG 21652 --- [           main] c.p.mapper.AppointmentMapper.insert      : ==> Parameters: 181(Integer), 209(Integer), 2026-04-24T18:55:21.602279800(LocalDateTime), pending(String), 99.99(BigDecimal), Integration Test Multi(String), null, null
2026-04-23T18:55:21.602+08:00 DEBUG 21652 --- [           main] c.p.mapper.AppointmentMapper.insert      : <==    Updates: 1
2026-04-23T18:55:21.602+08:00 DEBUG 21652 --- [           main] c.p.mapper.AppointmentMapper.selectById  : ==>  Preparing: SELECT id,user_id,merchant_id,service_id,pet_id,appointment_time,status,total_price,notes,created_at,updated_at FROM "appointment" WHERE id=?
2026-04-23T18:55:21.602+08:00 DEBUG 21652 --- [           main] c.p.mapper.AppointmentMapper.selectById  : ==> Parameters: 15(Integer)
2026-04-23T18:55:21.603+08:00 DEBUG 21652 --- [           main] c.p.mapper.AppointmentMapper.selectById  : <==      Total: 1
2026-04-23T18:55:21.608+08:00 DEBUG 21652 --- [           main] com.petshop.mapper.UserMapper.insert     : ==>  Preparing: INSERT INTO "user" ( username, email, password, phone, status, created_at, updated_at ) VALUES ( ?, ?, ?, ?, ?, ?, ? )
2026-04-23T18:55:21.608+08:00 DEBUG 21652 --- [           main] com.petshop.mapper.UserMapper.insert     : ==> Parameters: integration_test_rollback_1776941721607(String), integration_test_rollback_1776941721607@test.com(String), password(String), 13800000000(String), active(String), null, null
2026-04-23T18:55:21.608+08:00 DEBUG 21652 --- [           main] com.petshop.mapper.UserMapper.insert     : <==    Updates: 1
2026-04-23T18:55:21.608+08:00 DEBUG 21652 --- [           main] c.petshop.mapper.UserMapper.selectById   : ==>  Preparing: SELECT id,username,email,password,phone,avatar,status,created_at,updated_at FROM "user" WHERE id=?
2026-04-23T18:55:21.608+08:00 DEBUG 21652 --- [           main] c.petshop.mapper.UserMapper.selectById   : ==> Parameters: 182(Integer)
2026-04-23T18:55:21.608+08:00 DEBUG 21652 --- [           main] c.petshop.mapper.UserMapper.selectById   : <==      Total: 1
[INFO] Tests run: 5, Failures: 0, Errors: 0, Skipped: 0, Time elapsed: 0.043 s -- in com.petshop.integration.DatabaseIntegrationTest$TransactionTests
[INFO] Tests run: 0, Failures: 0, Errors: 0, Skipped: 0, Time elapsed: 2.028 s -- in com.petshop.integration.DatabaseIntegrationTest
[INFO] Running com.petshop.integration.SecurityIntegrationTest
2026-04-23T18:55:21.615+08:00  INFO 21652 --- [           main] t.c.s.AnnotationConfigContextLoaderUtils : Could not detect default configuration classes for test class [com.petshop.integration.SecurityIntegrationTest]: SecurityIntegrationTest does not declare any static, non-private, non-final, nested classes annotated with @Configuration.
2026-04-23T18:55:21.628+08:00  INFO 21652 --- [           main] .b.t.c.SpringBootTestContextBootstrapper : Found @SpringBootConfiguration com.petshop.PetManagementSystemApplication for test class com.petshop.integration.SecurityIntegrationTest
[INFO] Running com.petshop.integration.SecurityIntegrationTest$AuthorizationTests
2026-04-23T18:55:21.632+08:00  INFO 21652 --- [           main] t.c.s.AnnotationConfigContextLoaderUtils : Could not detect default configuration classes for test class [com.petshop.integration.SecurityIntegrationTest$AuthorizationTests]: AuthorizationTests does not declare any static, non-private, non-final, nested classes annotated with @Configuration.
2026-04-23T18:55:21.635+08:00  INFO 21652 --- [           main] .b.t.c.SpringBootTestContextBootstrapper : Found @SpringBootConfiguration com.petshop.PetManagementSystemApplication for test class com.petshop.integration.SecurityIntegrationTest$AuthorizationTests

  .   ____          _            __ _ _
 /\\ / ___'_ __ _ _(_)_ __  __ _ \ \ \ \
( ( )\___ | '_ | '_| | '_ \/ _` | \ \ \ \
 \\/  ___)| |_)| | | | | || (_| |  ) ) ) )
  '  |____| .__|_| |_|_| |_\__, | / / / /
 =========|_|==============|___/=/_/_/_/
 :: Spring Boot ::                (v3.2.0)

2026-04-23T18:55:21.662+08:00  INFO 21652 --- [           main] c.p.integration.SecurityIntegrationTest  : Starting SecurityIntegrationTest using Java 17.0.16 with PID 21652 (started by a in E:\g\petshop)
2026-04-23T18:55:21.663+08:00 DEBUG 21652 --- [           main] c.p.integration.SecurityIntegrationTest  : Running with Spring Boot v3.2.0, Spring v6.1.1
2026-04-23T18:55:21.663+08:00  INFO 21652 --- [           main] c.p.integration.SecurityIntegrationTest  : The following 1 profile is active: "integration"
2026-04-23T18:55:22.000+08:00  INFO 21652 --- [           main] .s.d.r.c.RepositoryConfigurationDelegate : Multiple Spring Data modules found, entering strict repository configuration mode
2026-04-23T18:55:22.001+08:00  INFO 21652 --- [           main] .s.d.r.c.RepositoryConfigurationDelegate : Bootstrapping Spring Data Redis repositories in DEFAULT mode.
2026-04-23T18:55:22.010+08:00  INFO 21652 --- [           main] .s.d.r.c.RepositoryConfigurationDelegate : Finished Spring Data repository scanning in 9 ms. Found 0 Redis repository interfaces.
 _ _   |_  _ _|_. ___ _ |    _ 
| | |\/|_)(_| | |_\  |_)||_|_\ 
     /               |         
                        3.5.5 
2026-04-23T18:55:24.025+08:00  INFO 21652 --- [           main] o.s.b.a.e.web.EndpointLinksResolver      : Exposing 1 endpoint(s) beneath base path '/actuator'
2026-04-23T18:55:24.096+08:00  INFO 21652 --- [           main] o.s.s.web.DefaultSecurityFilterChain     : Will secure any request with [org.springframework.security.web.session.DisableEncodeUrlFilter@5c608988, org.springframework.security.web.context.request.async.WebAsyncManagerIntegrationFilter@4d979f76, org.springframework.security.web.context.SecurityContextHolderFilter@cce5ae3, org.springframework.security.web.header.HeaderWriterFilter@3ed3990d, org.springframework.web.filter.CorsFilter@559048b3, org.springframework.security.web.authentication.logout.LogoutFilter@647ea319, com.petshop.security.JwtAuthenticationFilter@471ac7e2, org.springframework.security.web.savedrequest.RequestCacheAwareFilter@eac35fd, org.springframework.security.web.servletapi.SecurityContextHolderAwareRequestFilter@2c15ced4, org.springframework.security.web.authentication.AnonymousAuthenticationFilter@1fee3a40, org.springframework.security.web.session.SessionManagementFilter@4faf32a7, org.springframework.security.web.access.ExceptionTranslationFilter@4d0c609, org.springframework.security.web.access.intercept.AuthorizationFilter@9736d7e]
2026-04-23T18:55:24.276+08:00  INFO 21652 --- [           main] com.zaxxer.hikari.HikariDataSource       : HikariPool-3 - Starting...
2026-04-23T18:55:24.278+08:00  INFO 21652 --- [           main] com.zaxxer.hikari.pool.HikariPool        : HikariPool-3 - Added connection conn20: url=jdbc:h2:mem:testdb user=SA
2026-04-23T18:55:24.279+08:00  INFO 21652 --- [           main] com.zaxxer.hikari.HikariDataSource       : HikariPool-3 - Start completed.
2026-04-23T18:55:24.505+08:00 DEBUG 21652 --- [           main] c.p.security.JwtAuthenticationFilter     : Filter 'authenticationJwtTokenFilter' configured for use
2026-04-23T18:55:24.506+08:00  INFO 21652 --- [           main] o.s.b.t.m.w.SpringBootMockServletContext : Initializing Spring TestDispatcherServlet ''
2026-04-23T18:55:24.506+08:00  INFO 21652 --- [           main] o.s.t.web.servlet.TestDispatcherServlet  : Initializing Servlet ''
2026-04-23T18:55:24.508+08:00  INFO 21652 --- [           main] o.s.t.web.servlet.TestDispatcherServlet  : Completed initialization in 2 ms
2026-04-23T18:55:24.582+08:00  INFO 21652 --- [           main] c.p.integration.SecurityIntegrationTest  : Started SecurityIntegrationTest in 2.943 seconds (process running for 54.481)
2026-04-23T18:55:24.751+08:00 DEBUG 21652 --- [           main] com.petshop.mapper.UserMapper.insert     : ==>  Preparing: INSERT INTO "user" ( username, email, password, phone, status, created_at, updated_at ) VALUES ( ?, ?, ?, ?, ?, ?, ? )
2026-04-23T18:55:24.752+08:00 DEBUG 21652 --- [           main] com.petshop.mapper.UserMapper.insert     : ==> Parameters: testuser(String), testuser@example.com(String), $2a$10$J5xUcG0uhFQvMKVYk83cp.taXrss8LeqzK495MMXeplb3SoYPDIjK(String), 13800138001(String), active(String), null, null
2026-04-23T18:55:24.753+08:00 DEBUG 21652 --- [           main] com.petshop.mapper.UserMapper.insert     : <==    Updates: 1
2026-04-23T18:55:24.754+08:00 DEBUG 21652 --- [           main] c.petshop.mapper.MerchantMapper.insert   : ==>  Preparing: INSERT INTO "merchant" ( name, contact_person, phone, email, password, address, status, created_at, updated_at ) VALUES ( ?, ?, ?, ?, ?, ?, ?, ?, ? )
2026-04-23T18:55:24.755+08:00 DEBUG 21652 --- [           main] c.petshop.mapper.MerchantMapper.insert   : ==> Parameters: Test Merchant(String), Contact Person(String), 13800138002(String), merchant@example.com(String), $2a$10$J5xUcG0uhFQvMKVYk83cp.taXrss8LeqzK495MMXeplb3SoYPDIjK(String), Test Address(String), approved(String), null, null
2026-04-23T18:55:24.756+08:00 DEBUG 21652 --- [           main] c.petshop.mapper.MerchantMapper.insert   : <==    Updates: 1
2026-04-23T18:55:24.757+08:00 DEBUG 21652 --- [           main] com.petshop.mapper.AdminMapper.insert    : ==>  Preparing: INSERT INTO "admin" ( username, password, created_at, updated_at ) VALUES ( ?, ?, ?, ? )
2026-04-23T18:55:24.758+08:00 DEBUG 21652 --- [           main] com.petshop.mapper.AdminMapper.insert    : ==> Parameters: testadmin(String), $2a$10$J5xUcG0uhFQvMKVYk83cp.taXrss8LeqzK495MMXeplb3SoYPDIjK(String), null, null
2026-04-23T18:55:24.758+08:00 DEBUG 21652 --- [           main] com.petshop.mapper.AdminMapper.insert    : <==    Updates: 1
2026-04-23T18:55:24.764+08:00 DEBUG 21652 --- [           main] o.s.security.web.FilterChainProxy        : Securing POST /api/auth/merchant/login
2026-04-23T18:55:24.764+08:00 DEBUG 21652 --- [           main] o.s.s.w.a.AnonymousAuthenticationFilter  : Set SecurityContextHolder to anonymous SecurityContext
2026-04-23T18:55:24.766+08:00 DEBUG 21652 --- [           main] o.s.security.web.FilterChainProxy        : Secured POST /api/auth/merchant/login
2026-04-23T18:55:24.861+08:00 DEBUG 21652 --- [           main] c.p.mapper.UserMapper.selectByPhone      : ==>  Preparing: SELECT * FROM `user` WHERE phone = ?
2026-04-23T18:55:24.863+08:00 DEBUG 21652 --- [           main] c.p.mapper.UserMapper.selectByPhone      : ==> Parameters: 13800138002(String)
2026-04-23T18:55:24.865+08:00 DEBUG 21652 --- [           main] c.p.mapper.UserMapper.selectByPhone      : <==      Total: 0
2026-04-23T18:55:24.865+08:00 DEBUG 21652 --- [           main] c.p.mapper.MerchantMapper.selectByPhone  : ==>  Preparing: SELECT * FROM `merchant` WHERE phone = ?
2026-04-23T18:55:24.866+08:00 DEBUG 21652 --- [           main] c.p.mapper.MerchantMapper.selectByPhone  : ==> Parameters: 13800138002(String)
2026-04-23T18:55:24.867+08:00 DEBUG 21652 --- [           main] c.p.mapper.MerchantMapper.selectByPhone  : <==      Total: 1
2026-04-23T18:55:24.959+08:00 DEBUG 21652 --- [           main] o.s.s.a.dao.DaoAuthenticationProvider    : Authenticated user
2026-04-23T18:55:24.969+08:00 DEBUG 21652 --- [           main] o.s.security.web.FilterChainProxy        : Securing GET /api/merchant/products
2026-04-23T18:55:24.973+08:00 DEBUG 21652 --- [           main] o.s.security.web.FilterChainProxy        : Secured GET /api/merchant/products
2026-04-23T18:55:24.978+08:00 DEBUG 21652 --- [           main] c.p.mapper.MerchantMapper.selectList     : ==>  Preparing: SELECT id,name,contact_person,phone,email,password,address,logo,status,created_at,updated_at FROM "merchant" WHERE (phone = ?)
2026-04-23T18:55:24.978+08:00 DEBUG 21652 --- [           main] c.p.mapper.MerchantMapper.selectList     : ==> Parameters: 13800138002(String)
2026-04-23T18:55:24.979+08:00 DEBUG 21652 --- [           main] c.p.mapper.MerchantMapper.selectList     : <==      Total: 1
2026-04-23T18:55:24.980+08:00 DEBUG 21652 --- [           main] c.p.mapper.ProductMapper.selectList      : ==>  Preparing: SELECT id,merchant_id,name,description,price,stock,image,status,low_stock_threshold,category,created_at,updated_at FROM "product" WHERE (merchant_id = ?)
2026-04-23T18:55:24.980+08:00 DEBUG 21652 --- [           main] c.p.mapper.ProductMapper.selectList      : ==> Parameters: 210(Integer)
2026-04-23T18:55:24.981+08:00 DEBUG 21652 --- [           main] c.p.mapper.ProductMapper.selectList      : <==      Total: 0
2026-04-23T18:55:25.078+08:00 DEBUG 21652 --- [           main] com.petshop.mapper.UserMapper.insert     : ==>  Preparing: INSERT INTO "user" ( username, email, password, phone, status, created_at, updated_at ) VALUES ( ?, ?, ?, ?, ?, ?, ? )
2026-04-23T18:55:25.079+08:00 DEBUG 21652 --- [           main] com.petshop.mapper.UserMapper.insert     : ==> Parameters: testuser(String), testuser@example.com(String), $2a$10$YRiGdt25tuhmaUyLYj5SR.uLCNlCL5gJulaUHyv4typcTJumHrKs6(String), 13800138001(String), active(String), null, null
2026-04-23T18:55:25.080+08:00 DEBUG 21652 --- [           main] com.petshop.mapper.UserMapper.insert     : <==    Updates: 1
2026-04-23T18:55:25.081+08:00 DEBUG 21652 --- [           main] c.petshop.mapper.MerchantMapper.insert   : ==>  Preparing: INSERT INTO "merchant" ( name, contact_person, phone, email, password, address, status, created_at, updated_at ) VALUES ( ?, ?, ?, ?, ?, ?, ?, ?, ? )
2026-04-23T18:55:25.081+08:00 DEBUG 21652 --- [           main] c.petshop.mapper.MerchantMapper.insert   : ==> Parameters: Test Merchant(String), Contact Person(String), 13800138002(String), merchant@example.com(String), $2a$10$YRiGdt25tuhmaUyLYj5SR.uLCNlCL5gJulaUHyv4typcTJumHrKs6(String), Test Address(String), approved(String), null, null
2026-04-23T18:55:25.082+08:00 DEBUG 21652 --- [           main] c.petshop.mapper.MerchantMapper.insert   : <==    Updates: 1
2026-04-23T18:55:25.082+08:00 DEBUG 21652 --- [           main] com.petshop.mapper.AdminMapper.insert    : ==>  Preparing: INSERT INTO "admin" ( username, password, created_at, updated_at ) VALUES ( ?, ?, ?, ? )
2026-04-23T18:55:25.082+08:00 DEBUG 21652 --- [           main] com.petshop.mapper.AdminMapper.insert    : ==> Parameters: testadmin(String), $2a$10$YRiGdt25tuhmaUyLYj5SR.uLCNlCL5gJulaUHyv4typcTJumHrKs6(String), null, null
2026-04-23T18:55:25.083+08:00 DEBUG 21652 --- [           main] com.petshop.mapper.AdminMapper.insert    : <==    Updates: 1
2026-04-23T18:55:25.085+08:00 DEBUG 21652 --- [           main] o.s.security.web.FilterChainProxy        : Securing POST /api/auth/merchant/login
2026-04-23T18:55:25.085+08:00 DEBUG 21652 --- [           main] o.s.s.w.a.AnonymousAuthenticationFilter  : Set SecurityContextHolder to anonymous SecurityContext
2026-04-23T18:55:25.086+08:00 DEBUG 21652 --- [           main] o.s.security.web.FilterChainProxy        : Secured POST /api/auth/merchant/login
2026-04-23T18:55:25.087+08:00 DEBUG 21652 --- [           main] c.p.mapper.UserMapper.selectByPhone      : ==>  Preparing: SELECT * FROM `user` WHERE phone = ?
2026-04-23T18:55:25.087+08:00 DEBUG 21652 --- [           main] c.p.mapper.UserMapper.selectByPhone      : ==> Parameters: 13800138002(String)
2026-04-23T18:55:25.088+08:00 DEBUG 21652 --- [           main] c.p.mapper.UserMapper.selectByPhone      : <==      Total: 0
2026-04-23T18:55:25.088+08:00 DEBUG 21652 --- [           main] c.p.mapper.MerchantMapper.selectByPhone  : ==>  Preparing: SELECT * FROM `merchant` WHERE phone = ?
2026-04-23T18:55:25.088+08:00 DEBUG 21652 --- [           main] c.p.mapper.MerchantMapper.selectByPhone  : ==> Parameters: 13800138002(String)
2026-04-23T18:55:25.090+08:00 DEBUG 21652 --- [           main] c.p.mapper.MerchantMapper.selectByPhone  : <==      Total: 1
2026-04-23T18:55:25.178+08:00 DEBUG 21652 --- [           main] o.s.s.a.dao.DaoAuthenticationProvider    : Authenticated user
2026-04-23T18:55:25.181+08:00 DEBUG 21652 --- [           main] o.s.security.web.FilterChainProxy        : Securing GET /api/merchant/profile
2026-04-23T18:55:25.183+08:00 DEBUG 21652 --- [           main] o.s.security.web.FilterChainProxy        : Secured GET /api/merchant/profile
2026-04-23T18:55:25.186+08:00 DEBUG 21652 --- [           main] c.p.mapper.MerchantMapper.selectList     : ==>  Preparing: SELECT id,name,contact_person,phone,email,password,address,logo,status,created_at,updated_at FROM "merchant" WHERE (phone = ?)
2026-04-23T18:55:25.186+08:00 DEBUG 21652 --- [           main] c.p.mapper.MerchantMapper.selectList     : ==> Parameters: 13800138002(String)
2026-04-23T18:55:25.187+08:00 DEBUG 21652 --- [           main] c.p.mapper.MerchantMapper.selectList     : <==      Total: 1
2026-04-23T18:55:25.187+08:00 DEBUG 21652 --- [           main] c.p.mapper.MerchantMapper.selectById     : ==>  Preparing: SELECT id,name,contact_person,phone,email,password,address,logo,status,created_at,updated_at FROM "merchant" WHERE id=?
2026-04-23T18:55:25.187+08:00 DEBUG 21652 --- [           main] c.p.mapper.MerchantMapper.selectById     : ==> Parameters: 211(Integer)
2026-04-23T18:55:25.188+08:00 DEBUG 21652 --- [           main] c.p.mapper.MerchantMapper.selectById     : <==      Total: 1
2026-04-23T18:55:25.286+08:00 DEBUG 21652 --- [           main] com.petshop.mapper.UserMapper.insert     : ==>  Preparing: INSERT INTO "user" ( username, email, password, phone, status, created_at, updated_at ) VALUES ( ?, ?, ?, ?, ?, ?, ? )
2026-04-23T18:55:25.287+08:00 DEBUG 21652 --- [           main] com.petshop.mapper.UserMapper.insert     : ==> Parameters: testuser(String), testuser@example.com(String), $2a$10$biJMztoJRB9WKID7EAiDEeJgHBHgJdkAyyrEXfPlTDsNr8juakkxq(String), 13800138001(String), active(String), null, null
2026-04-23T18:55:25.287+08:00 DEBUG 21652 --- [           main] com.petshop.mapper.UserMapper.insert     : <==    Updates: 1
2026-04-23T18:55:25.288+08:00 DEBUG 21652 --- [           main] c.petshop.mapper.MerchantMapper.insert   : ==>  Preparing: INSERT INTO "merchant" ( name, contact_person, phone, email, password, address, status, created_at, updated_at ) VALUES ( ?, ?, ?, ?, ?, ?, ?, ?, ? )
2026-04-23T18:55:25.289+08:00 DEBUG 21652 --- [           main] c.petshop.mapper.MerchantMapper.insert   : ==> Parameters: Test Merchant(String), Contact Person(String), 13800138002(String), merchant@example.com(String), $2a$10$biJMztoJRB9WKID7EAiDEeJgHBHgJdkAyyrEXfPlTDsNr8juakkxq(String), Test Address(String), approved(String), null, null
2026-04-23T18:55:25.290+08:00 DEBUG 21652 --- [           main] c.petshop.mapper.MerchantMapper.insert   : <==    Updates: 1
2026-04-23T18:55:25.290+08:00 DEBUG 21652 --- [           main] com.petshop.mapper.AdminMapper.insert    : ==>  Preparing: INSERT INTO "admin" ( username, password, created_at, updated_at ) VALUES ( ?, ?, ?, ? )
2026-04-23T18:55:25.290+08:00 DEBUG 21652 --- [           main] com.petshop.mapper.AdminMapper.insert    : ==> Parameters: testadmin(String), $2a$10$biJMztoJRB9WKID7EAiDEeJgHBHgJdkAyyrEXfPlTDsNr8juakkxq(String), null, null
2026-04-23T18:55:25.291+08:00 DEBUG 21652 --- [           main] com.petshop.mapper.AdminMapper.insert    : <==    Updates: 1
2026-04-23T18:55:25.292+08:00 DEBUG 21652 --- [           main] o.s.security.web.FilterChainProxy        : Securing GET /api/admin/users
2026-04-23T18:55:25.292+08:00 DEBUG 21652 --- [           main] o.s.s.w.a.AnonymousAuthenticationFilter  : Set SecurityContextHolder to anonymous SecurityContext
2026-04-23T18:55:25.293+08:00 DEBUG 21652 --- [           main] o.s.security.web.FilterChainProxy        : Secured GET /api/admin/users
2026-04-23T18:55:25.430+08:00 DEBUG 21652 --- [           main] com.petshop.mapper.UserMapper.insert     : ==>  Preparing: INSERT INTO "user" ( username, email, password, phone, status, created_at, updated_at ) VALUES ( ?, ?, ?, ?, ?, ?, ? )
2026-04-23T18:55:25.431+08:00 DEBUG 21652 --- [           main] com.petshop.mapper.UserMapper.insert     : ==> Parameters: testuser(String), testuser@example.com(String), $2a$10$jRZSJgP3yQGSMLgZXyYI1.MYZi.ADS6z7DswsNRE8pBg.cbxNXtu.(String), 13800138001(String), active(String), null, null
2026-04-23T18:55:25.432+08:00 DEBUG 21652 --- [           main] com.petshop.mapper.UserMapper.insert     : <==    Updates: 1
2026-04-23T18:55:25.432+08:00 DEBUG 21652 --- [           main] c.petshop.mapper.MerchantMapper.insert   : ==>  Preparing: INSERT INTO "merchant" ( name, contact_person, phone, email, password, address, status, created_at, updated_at ) VALUES ( ?, ?, ?, ?, ?, ?, ?, ?, ? )
2026-04-23T18:55:25.433+08:00 DEBUG 21652 --- [           main] c.petshop.mapper.MerchantMapper.insert   : ==> Parameters: Test Merchant(String), Contact Person(String), 13800138002(String), merchant@example.com(String), $2a$10$jRZSJgP3yQGSMLgZXyYI1.MYZi.ADS6z7DswsNRE8pBg.cbxNXtu.(String), Test Address(String), approved(String), null, null
2026-04-23T18:55:25.434+08:00 DEBUG 21652 --- [           main] c.petshop.mapper.MerchantMapper.insert   : <==    Updates: 1
2026-04-23T18:55:25.435+08:00 DEBUG 21652 --- [           main] com.petshop.mapper.AdminMapper.insert    : ==>  Preparing: INSERT INTO "admin" ( username, password, created_at, updated_at ) VALUES ( ?, ?, ?, ? )
2026-04-23T18:55:25.436+08:00 DEBUG 21652 --- [           main] com.petshop.mapper.AdminMapper.insert    : ==> Parameters: testadmin(String), $2a$10$jRZSJgP3yQGSMLgZXyYI1.MYZi.ADS6z7DswsNRE8pBg.cbxNXtu.(String), null, null
2026-04-23T18:55:25.436+08:00 DEBUG 21652 --- [           main] com.petshop.mapper.AdminMapper.insert    : <==    Updates: 1
2026-04-23T18:55:25.438+08:00 DEBUG 21652 --- [           main] o.s.security.web.FilterChainProxy        : Securing POST /api/auth/login
2026-04-23T18:55:25.439+08:00 DEBUG 21652 --- [           main] o.s.s.w.a.AnonymousAuthenticationFilter  : Set SecurityContextHolder to anonymous SecurityContext
2026-04-23T18:55:25.440+08:00 DEBUG 21652 --- [           main] o.s.security.web.FilterChainProxy        : Secured POST /api/auth/login
2026-04-23T18:55:25.445+08:00 DEBUG 21652 --- [           main] c.p.mapper.UserMapper.selectByPhone      : ==>  Preparing: SELECT * FROM `user` WHERE phone = ?
2026-04-23T18:55:25.446+08:00 DEBUG 21652 --- [           main] c.p.mapper.UserMapper.selectByPhone      : ==> Parameters: 13800138001(String)
2026-04-23T18:55:25.447+08:00 DEBUG 21652 --- [           main] c.p.mapper.UserMapper.selectByPhone      : <==      Total: 3
2026-04-23T18:55:25.449+08:00 DEBUG 21652 --- [           main] .s.a.DefaultAuthenticationEventPublisher : No event was found for the exception org.springframework.security.authentication.InternalAuthenticationServiceException

MockHttpServletRequest:
      HTTP Method = POST
      Request URI = /api/auth/login
       Parameters = {}
          Headers = [Content-Type:"application/json;charset=UTF-8", Content-Length:"108"]
             Body = {"username":null,"phone":"13800138001","password":"password123","role":null,"loginIdentifier":"13800138001"}
    Session Attrs = {}

Handler:
             Type = com.petshop.controller.api.AuthApiController
           Method = com.petshop.controller.api.AuthApiController#login(LoginRequest)

Async:
    Async started = false
     Async result = null

Resolved Exception:
             Type = null

ModelAndView:
        View name = null
             View = null
            Model = null

FlashMap:
       Attributes = null

MockHttpServletResponse:
           Status = 401
    Error message = null
          Headers = [Vary:"Origin", "Access-Control-Request-Method", "Access-Control-Request-Headers", Content-Type:"application/json", X-Content-Type-Options:"nosniff", X-XSS-Protection:"0", Cache-Control:"no-cache, no-store, max-age=0, must-revalidate", Pragma:"no-cache", Expires:"0", X-Frame-Options:"DENY"]
     Content type = application/json
             Body = {"code":401,"message":null,"data":null}
    Forwarded URL = null
   Redirected URL = null
          Cookies = []
2026-04-23T18:55:25.574+08:00 DEBUG 21652 --- [           main] com.petshop.mapper.UserMapper.insert     : ==>  Preparing: INSERT INTO "user" ( username, email, password, phone, status, created_at, updated_at ) VALUES ( ?, ?, ?, ?, ?, ?, ? )
2026-04-23T18:55:25.574+08:00 DEBUG 21652 --- [           main] com.petshop.mapper.UserMapper.insert     : ==> Parameters: testuser(String), testuser@example.com(String), $2a$10$A6/U9vy876DivF66WwTUhelK.dXCIC5E13lVBLRW1nsiAQjoxHOFC(String), 13800138001(String), active(String), null, null
2026-04-23T18:55:25.576+08:00 DEBUG 21652 --- [           main] com.petshop.mapper.UserMapper.insert     : <==    Updates: 1
2026-04-23T18:55:25.577+08:00 DEBUG 21652 --- [           main] c.petshop.mapper.MerchantMapper.insert   : ==>  Preparing: INSERT INTO "merchant" ( name, contact_person, phone, email, password, address, status, created_at, updated_at ) VALUES ( ?, ?, ?, ?, ?, ?, ?, ?, ? )
2026-04-23T18:55:25.577+08:00 DEBUG 21652 --- [           main] c.petshop.mapper.MerchantMapper.insert   : ==> Parameters: Test Merchant(String), Contact Person(String), 13800138002(String), merchant@example.com(String), $2a$10$A6/U9vy876DivF66WwTUhelK.dXCIC5E13lVBLRW1nsiAQjoxHOFC(String), Test Address(String), approved(String), null, null
2026-04-23T18:55:25.578+08:00 DEBUG 21652 --- [           main] c.petshop.mapper.MerchantMapper.insert   : <==    Updates: 1
2026-04-23T18:55:25.578+08:00 DEBUG 21652 --- [           main] com.petshop.mapper.AdminMapper.insert    : ==>  Preparing: INSERT INTO "admin" ( username, password, created_at, updated_at ) VALUES ( ?, ?, ?, ? )
2026-04-23T18:55:25.579+08:00 DEBUG 21652 --- [           main] com.petshop.mapper.AdminMapper.insert    : ==> Parameters: testadmin(String), $2a$10$A6/U9vy876DivF66WwTUhelK.dXCIC5E13lVBLRW1nsiAQjoxHOFC(String), null, null
2026-04-23T18:55:25.580+08:00 DEBUG 21652 --- [           main] com.petshop.mapper.AdminMapper.insert    : <==    Updates: 1
2026-04-23T18:55:25.581+08:00 DEBUG 21652 --- [           main] o.s.security.web.FilterChainProxy        : Securing POST /api/auth/admin/login
2026-04-23T18:55:25.581+08:00 DEBUG 21652 --- [           main] o.s.s.w.a.AnonymousAuthenticationFilter  : Set SecurityContextHolder to anonymous SecurityContext
2026-04-23T18:55:25.582+08:00 DEBUG 21652 --- [           main] o.s.security.web.FilterChainProxy        : Secured POST /api/auth/admin/login
2026-04-23T18:55:25.584+08:00 DEBUG 21652 --- [           main] c.p.mapper.UserMapper.selectByPhone      : ==>  Preparing: SELECT * FROM `user` WHERE phone = ?
2026-04-23T18:55:25.585+08:00 DEBUG 21652 --- [           main] c.p.mapper.UserMapper.selectByPhone      : ==> Parameters: testadmin(String)
2026-04-23T18:55:25.586+08:00 DEBUG 21652 --- [           main] c.p.mapper.UserMapper.selectByPhone      : <==      Total: 0
2026-04-23T18:55:25.586+08:00 DEBUG 21652 --- [           main] c.p.mapper.MerchantMapper.selectByPhone  : ==>  Preparing: SELECT * FROM `merchant` WHERE phone = ?
2026-04-23T18:55:25.586+08:00 DEBUG 21652 --- [           main] c.p.mapper.MerchantMapper.selectByPhone  : ==> Parameters: testadmin(String)
2026-04-23T18:55:25.587+08:00 DEBUG 21652 --- [           main] c.p.mapper.MerchantMapper.selectByPhone  : <==      Total: 0
2026-04-23T18:55:25.587+08:00 DEBUG 21652 --- [           main] c.p.mapper.MerchantMapper.selectByEmail  : ==>  Preparing: SELECT * FROM `merchant` WHERE email = ?
2026-04-23T18:55:25.588+08:00 DEBUG 21652 --- [           main] c.p.mapper.MerchantMapper.selectByEmail  : ==> Parameters: testadmin(String)
2026-04-23T18:55:25.588+08:00 DEBUG 21652 --- [           main] c.p.mapper.MerchantMapper.selectByEmail  : <==      Total: 0
2026-04-23T18:55:25.588+08:00 DEBUG 21652 --- [           main] c.p.mapper.AdminMapper.selectByUsername  : ==>  Preparing: SELECT * FROM `admin` WHERE username = ?
2026-04-23T18:55:25.588+08:00 DEBUG 21652 --- [           main] c.p.mapper.AdminMapper.selectByUsername  : ==> Parameters: testadmin(String)
2026-04-23T18:55:25.588+08:00 DEBUG 21652 --- [           main] c.p.mapper.AdminMapper.selectByUsername  : <==      Total: 3
2026-04-23T18:55:25.591+08:00 DEBUG 21652 --- [           main] .s.a.DefaultAuthenticationEventPublisher : No event was found for the exception org.springframework.security.authentication.InternalAuthenticationServiceException

MockHttpServletRequest:
      HTTP Method = POST
      Request URI = /api/auth/admin/login
       Parameters = {}
          Headers = [Content-Type:"application/json;charset=UTF-8", Content-Length:"104"]
             Body = {"username":"testadmin","phone":null,"password":"password123","role":null,"loginIdentifier":"testadmin"}
    Session Attrs = {}

Handler:
             Type = com.petshop.controller.api.AuthApiController
           Method = com.petshop.controller.api.AuthApiController#adminLogin(LoginRequest)

Async:
    Async started = false
     Async result = null

Resolved Exception:
             Type = null

ModelAndView:
        View name = null
             View = null
            Model = null

FlashMap:
       Attributes = null

MockHttpServletResponse:
           Status = 401
    Error message = null
          Headers = [Vary:"Origin", "Access-Control-Request-Method", "Access-Control-Request-Headers", Content-Type:"application/json", X-Content-Type-Options:"nosniff", X-XSS-Protection:"0", Cache-Control:"no-cache, no-store, max-age=0, must-revalidate", Pragma:"no-cache", Expires:"0", X-Frame-Options:"DENY"]
     Content type = application/json
             Body = {"code":401,"message":null,"data":null}
    Forwarded URL = null
   Redirected URL = null
          Cookies = []
2026-04-23T18:55:25.703+08:00 DEBUG 21652 --- [           main] com.petshop.mapper.UserMapper.insert     : ==>  Preparing: INSERT INTO "user" ( username, email, password, phone, status, created_at, updated_at ) VALUES ( ?, ?, ?, ?, ?, ?, ? )
2026-04-23T18:55:25.703+08:00 DEBUG 21652 --- [           main] com.petshop.mapper.UserMapper.insert     : ==> Parameters: testuser(String), testuser@example.com(String), $2a$10$2OtmXUDsxkGBfQL98t/i4OwbH7M.kaxXC0rVlD8FD/NR0gEWCAase(String), 13800138001(String), active(String), null, null
2026-04-23T18:55:25.704+08:00 DEBUG 21652 --- [           main] com.petshop.mapper.UserMapper.insert     : <==    Updates: 1
2026-04-23T18:55:25.704+08:00 DEBUG 21652 --- [           main] c.petshop.mapper.MerchantMapper.insert   : ==>  Preparing: INSERT INTO "merchant" ( name, contact_person, phone, email, password, address, status, created_at, updated_at ) VALUES ( ?, ?, ?, ?, ?, ?, ?, ?, ? )
2026-04-23T18:55:25.704+08:00 DEBUG 21652 --- [           main] c.petshop.mapper.MerchantMapper.insert   : ==> Parameters: Test Merchant(String), Contact Person(String), 13800138002(String), merchant@example.com(String), $2a$10$2OtmXUDsxkGBfQL98t/i4OwbH7M.kaxXC0rVlD8FD/NR0gEWCAase(String), Test Address(String), approved(String), null, null
2026-04-23T18:55:25.705+08:00 DEBUG 21652 --- [           main] c.petshop.mapper.MerchantMapper.insert   : <==    Updates: 1
2026-04-23T18:55:25.705+08:00 DEBUG 21652 --- [           main] com.petshop.mapper.AdminMapper.insert    : ==>  Preparing: INSERT INTO "admin" ( username, password, created_at, updated_at ) VALUES ( ?, ?, ?, ? )
2026-04-23T18:55:25.705+08:00 DEBUG 21652 --- [           main] com.petshop.mapper.AdminMapper.insert    : ==> Parameters: testadmin(String), $2a$10$2OtmXUDsxkGBfQL98t/i4OwbH7M.kaxXC0rVlD8FD/NR0gEWCAase(String), null, null
2026-04-23T18:55:25.706+08:00 DEBUG 21652 --- [           main] com.petshop.mapper.AdminMapper.insert    : <==    Updates: 1
2026-04-23T18:55:25.707+08:00 DEBUG 21652 --- [           main] o.s.security.web.FilterChainProxy        : Securing POST /api/auth/merchant/login
2026-04-23T18:55:25.707+08:00 DEBUG 21652 --- [           main] o.s.s.w.a.AnonymousAuthenticationFilter  : Set SecurityContextHolder to anonymous SecurityContext
2026-04-23T18:55:25.707+08:00 DEBUG 21652 --- [           main] o.s.security.web.FilterChainProxy        : Secured POST /api/auth/merchant/login
2026-04-23T18:55:25.708+08:00 DEBUG 21652 --- [           main] c.p.mapper.UserMapper.selectByPhone      : ==>  Preparing: SELECT * FROM `user` WHERE phone = ?
2026-04-23T18:55:25.709+08:00 DEBUG 21652 --- [           main] c.p.mapper.UserMapper.selectByPhone      : ==> Parameters: merchant@example.com(String)
2026-04-23T18:55:25.709+08:00 DEBUG 21652 --- [           main] c.p.mapper.UserMapper.selectByPhone      : <==      Total: 0
2026-04-23T18:55:25.709+08:00 DEBUG 21652 --- [           main] c.p.mapper.MerchantMapper.selectByPhone  : ==>  Preparing: SELECT * FROM `merchant` WHERE phone = ?
2026-04-23T18:55:25.709+08:00 DEBUG 21652 --- [           main] c.p.mapper.MerchantMapper.selectByPhone  : ==> Parameters: merchant@example.com(String)
2026-04-23T18:55:25.709+08:00 DEBUG 21652 --- [           main] c.p.mapper.MerchantMapper.selectByPhone  : <==      Total: 0
2026-04-23T18:55:25.710+08:00 DEBUG 21652 --- [           main] c.p.mapper.MerchantMapper.selectByEmail  : ==>  Preparing: SELECT * FROM `merchant` WHERE email = ?
2026-04-23T18:55:25.710+08:00 DEBUG 21652 --- [           main] c.p.mapper.MerchantMapper.selectByEmail  : ==> Parameters: merchant@example.com(String)
2026-04-23T18:55:25.711+08:00 DEBUG 21652 --- [           main] c.p.mapper.MerchantMapper.selectByEmail  : <==      Total: 3
2026-04-23T18:55:25.711+08:00 DEBUG 21652 --- [           main] .s.a.DefaultAuthenticationEventPublisher : No event was found for the exception org.springframework.security.authentication.InternalAuthenticationServiceException

MockHttpServletRequest:
      HTTP Method = POST
      Request URI = /api/auth/merchant/login
       Parameters = {}
          Headers = [Content-Type:"application/json;charset=UTF-8", Content-Length:"126"]
             Body = {"username":"merchant@example.com","phone":null,"password":"password123","role":null,"loginIdentifier":"merchant@example.com"}
    Session Attrs = {}

Handler:
             Type = com.petshop.controller.api.AuthApiController
           Method = com.petshop.controller.api.AuthApiController#merchantLogin(LoginRequest)

Async:
    Async started = false
     Async result = null

Resolved Exception:
             Type = null

ModelAndView:
        View name = null
             View = null
            Model = null

FlashMap:
       Attributes = null

MockHttpServletResponse:
           Status = 401
    Error message = null
          Headers = [Vary:"Origin", "Access-Control-Request-Method", "Access-Control-Request-Headers", Content-Type:"application/json", X-Content-Type-Options:"nosniff", X-XSS-Protection:"0", Cache-Control:"no-cache, no-store, max-age=0, must-revalidate", Pragma:"no-cache", Expires:"0", X-Frame-Options:"DENY"]
     Content type = application/json
             Body = {"code":401,"message":null,"data":null}
    Forwarded URL = null
   Redirected URL = null
          Cookies = []
2026-04-23T18:55:25.808+08:00 DEBUG 21652 --- [           main] com.petshop.mapper.UserMapper.insert     : ==>  Preparing: INSERT INTO "user" ( username, email, password, phone, status, created_at, updated_at ) VALUES ( ?, ?, ?, ?, ?, ?, ? )
2026-04-23T18:55:25.808+08:00 DEBUG 21652 --- [           main] com.petshop.mapper.UserMapper.insert     : ==> Parameters: testuser(String), testuser@example.com(String), $2a$10$3DTVI4DhU48HEz0Wnk45v.0Js/usRJjcrKJ0oyhlPOYBy9Ny4DgKq(String), 13800138001(String), active(String), null, null
2026-04-23T18:55:25.809+08:00 DEBUG 21652 --- [           main] com.petshop.mapper.UserMapper.insert     : <==    Updates: 1
2026-04-23T18:55:25.809+08:00 DEBUG 21652 --- [           main] c.petshop.mapper.MerchantMapper.insert   : ==>  Preparing: INSERT INTO "merchant" ( name, contact_person, phone, email, password, address, status, created_at, updated_at ) VALUES ( ?, ?, ?, ?, ?, ?, ?, ?, ? )
2026-04-23T18:55:25.809+08:00 DEBUG 21652 --- [           main] c.petshop.mapper.MerchantMapper.insert   : ==> Parameters: Test Merchant(String), Contact Person(String), 13800138002(String), merchant@example.com(String), $2a$10$3DTVI4DhU48HEz0Wnk45v.0Js/usRJjcrKJ0oyhlPOYBy9Ny4DgKq(String), Test Address(String), approved(String), null, null
2026-04-23T18:55:25.810+08:00 DEBUG 21652 --- [           main] c.petshop.mapper.MerchantMapper.insert   : <==    Updates: 1
2026-04-23T18:55:25.810+08:00 DEBUG 21652 --- [           main] com.petshop.mapper.AdminMapper.insert    : ==>  Preparing: INSERT INTO "admin" ( username, password, created_at, updated_at ) VALUES ( ?, ?, ?, ? )
2026-04-23T18:55:25.810+08:00 DEBUG 21652 --- [           main] com.petshop.mapper.AdminMapper.insert    : ==> Parameters: testadmin(String), $2a$10$3DTVI4DhU48HEz0Wnk45v.0Js/usRJjcrKJ0oyhlPOYBy9Ny4DgKq(String), null, null
2026-04-23T18:55:25.810+08:00 DEBUG 21652 --- [           main] com.petshop.mapper.AdminMapper.insert    : <==    Updates: 1
2026-04-23T18:55:25.811+08:00 DEBUG 21652 --- [           main] o.s.security.web.FilterChainProxy        : Securing POST /api/auth/login
2026-04-23T18:55:25.812+08:00 DEBUG 21652 --- [           main] o.s.s.w.a.AnonymousAuthenticationFilter  : Set SecurityContextHolder to anonymous SecurityContext
2026-04-23T18:55:25.812+08:00 DEBUG 21652 --- [           main] o.s.security.web.FilterChainProxy        : Secured POST /api/auth/login
2026-04-23T18:55:25.813+08:00 DEBUG 21652 --- [           main] c.p.mapper.UserMapper.selectByPhone      : ==>  Preparing: SELECT * FROM `user` WHERE phone = ?
2026-04-23T18:55:25.813+08:00 DEBUG 21652 --- [           main] c.p.mapper.UserMapper.selectByPhone      : ==> Parameters: 13800138001(String)
2026-04-23T18:55:25.814+08:00 DEBUG 21652 --- [           main] c.p.mapper.UserMapper.selectByPhone      : <==      Total: 3
2026-04-23T18:55:25.814+08:00 DEBUG 21652 --- [           main] .s.a.DefaultAuthenticationEventPublisher : No event was found for the exception org.springframework.security.authentication.InternalAuthenticationServiceException

MockHttpServletRequest:
      HTTP Method = POST
      Request URI = /api/auth/login
       Parameters = {}
          Headers = [Content-Type:"application/json;charset=UTF-8", Content-Length:"108"]
             Body = {"username":null,"phone":"13800138001","password":"password123","role":null,"loginIdentifier":"13800138001"}
    Session Attrs = {}

Handler:
             Type = com.petshop.controller.api.AuthApiController
           Method = com.petshop.controller.api.AuthApiController#login(LoginRequest)

Async:
    Async started = false
     Async result = null

Resolved Exception:
             Type = null

ModelAndView:
        View name = null
             View = null
            Model = null

FlashMap:
       Attributes = null

MockHttpServletResponse:
           Status = 401
    Error message = null
          Headers = [Vary:"Origin", "Access-Control-Request-Method", "Access-Control-Request-Headers", Content-Type:"application/json", X-Content-Type-Options:"nosniff", X-XSS-Protection:"0", Cache-Control:"no-cache, no-store, max-age=0, must-revalidate", Pragma:"no-cache", Expires:"0", X-Frame-Options:"DENY"]
     Content type = application/json
             Body = {"code":401,"message":null,"data":null}
    Forwarded URL = null
   Redirected URL = null
          Cookies = []
2026-04-23T18:55:25.912+08:00 DEBUG 21652 --- [           main] com.petshop.mapper.UserMapper.insert     : ==>  Preparing: INSERT INTO "user" ( username, email, password, phone, status, created_at, updated_at ) VALUES ( ?, ?, ?, ?, ?, ?, ? )
2026-04-23T18:55:25.912+08:00 DEBUG 21652 --- [           main] com.petshop.mapper.UserMapper.insert     : ==> Parameters: testuser(String), testuser@example.com(String), $2a$10$La7PpVGX6VtWsOhB0rcrHe7.TJsq9MN08OLS0Fa8FCn4oalE7DjLa(String), 13800138001(String), active(String), null, null
2026-04-23T18:55:25.913+08:00 DEBUG 21652 --- [           main] com.petshop.mapper.UserMapper.insert     : <==    Updates: 1
2026-04-23T18:55:25.913+08:00 DEBUG 21652 --- [           main] c.petshop.mapper.MerchantMapper.insert   : ==>  Preparing: INSERT INTO "merchant" ( name, contact_person, phone, email, password, address, status, created_at, updated_at ) VALUES ( ?, ?, ?, ?, ?, ?, ?, ?, ? )
2026-04-23T18:55:25.913+08:00 DEBUG 21652 --- [           main] c.petshop.mapper.MerchantMapper.insert   : ==> Parameters: Test Merchant(String), Contact Person(String), 13800138002(String), merchant@example.com(String), $2a$10$La7PpVGX6VtWsOhB0rcrHe7.TJsq9MN08OLS0Fa8FCn4oalE7DjLa(String), Test Address(String), approved(String), null, null
2026-04-23T18:55:25.913+08:00 DEBUG 21652 --- [           main] c.petshop.mapper.MerchantMapper.insert   : <==    Updates: 1
2026-04-23T18:55:25.914+08:00 DEBUG 21652 --- [           main] com.petshop.mapper.AdminMapper.insert    : ==>  Preparing: INSERT INTO "admin" ( username, password, created_at, updated_at ) VALUES ( ?, ?, ?, ? )
2026-04-23T18:55:25.914+08:00 DEBUG 21652 --- [           main] com.petshop.mapper.AdminMapper.insert    : ==> Parameters: testadmin(String), $2a$10$La7PpVGX6VtWsOhB0rcrHe7.TJsq9MN08OLS0Fa8FCn4oalE7DjLa(String), null, null
2026-04-23T18:55:25.914+08:00 DEBUG 21652 --- [           main] com.petshop.mapper.AdminMapper.insert    : <==    Updates: 1
2026-04-23T18:55:25.916+08:00 DEBUG 21652 --- [           main] o.s.security.web.FilterChainProxy        : Securing POST /api/auth/login
2026-04-23T18:55:25.916+08:00 DEBUG 21652 --- [           main] o.s.s.w.a.AnonymousAuthenticationFilter  : Set SecurityContextHolder to anonymous SecurityContext
2026-04-23T18:55:25.916+08:00 DEBUG 21652 --- [           main] o.s.security.web.FilterChainProxy        : Secured POST /api/auth/login
2026-04-23T18:55:25.917+08:00 DEBUG 21652 --- [           main] c.p.mapper.UserMapper.selectByPhone      : ==>  Preparing: SELECT * FROM `user` WHERE phone = ?
2026-04-23T18:55:25.918+08:00 DEBUG 21652 --- [           main] c.p.mapper.UserMapper.selectByPhone      : ==> Parameters: 13800138001(String)
2026-04-23T18:55:25.919+08:00 DEBUG 21652 --- [           main] c.p.mapper.UserMapper.selectByPhone      : <==      Total: 3
2026-04-23T18:55:25.919+08:00 DEBUG 21652 --- [           main] .s.a.DefaultAuthenticationEventPublisher : No event was found for the exception org.springframework.security.authentication.InternalAuthenticationServiceException

MockHttpServletRequest:
      HTTP Method = POST
      Request URI = /api/auth/login
       Parameters = {}
          Headers = [Content-Type:"application/json;charset=UTF-8", Content-Length:"108"]
             Body = {"username":null,"phone":"13800138001","password":"password123","role":null,"loginIdentifier":"13800138001"}
    Session Attrs = {}

Handler:
             Type = com.petshop.controller.api.AuthApiController
           Method = com.petshop.controller.api.AuthApiController#login(LoginRequest)

Async:
    Async started = false
     Async result = null

Resolved Exception:
             Type = null

ModelAndView:
        View name = null
             View = null
            Model = null

FlashMap:
       Attributes = null

MockHttpServletResponse:
           Status = 401
    Error message = null
          Headers = [Vary:"Origin", "Access-Control-Request-Method", "Access-Control-Request-Headers", Content-Type:"application/json", X-Content-Type-Options:"nosniff", X-XSS-Protection:"0", Cache-Control:"no-cache, no-store, max-age=0, must-revalidate", Pragma:"no-cache", Expires:"0", X-Frame-Options:"DENY"]
     Content type = application/json
             Body = {"code":401,"message":null,"data":null}
    Forwarded URL = null
   Redirected URL = null
          Cookies = []
2026-04-23T18:55:26.018+08:00 DEBUG 21652 --- [           main] com.petshop.mapper.UserMapper.insert     : ==>  Preparing: INSERT INTO "user" ( username, email, password, phone, status, created_at, updated_at ) VALUES ( ?, ?, ?, ?, ?, ?, ? )
2026-04-23T18:55:26.019+08:00 DEBUG 21652 --- [           main] com.petshop.mapper.UserMapper.insert     : ==> Parameters: testuser(String), testuser@example.com(String), $2a$10$4hS3Rykj9FmyzQa70Ne3BeMSo8xddwo4XKhG9a5ADY6lfwTj5e53u(String), 13800138001(String), active(String), null, null
2026-04-23T18:55:26.020+08:00 DEBUG 21652 --- [           main] com.petshop.mapper.UserMapper.insert     : <==    Updates: 1
2026-04-23T18:55:26.020+08:00 DEBUG 21652 --- [           main] c.petshop.mapper.MerchantMapper.insert   : ==>  Preparing: INSERT INTO "merchant" ( name, contact_person, phone, email, password, address, status, created_at, updated_at ) VALUES ( ?, ?, ?, ?, ?, ?, ?, ?, ? )
2026-04-23T18:55:26.021+08:00 DEBUG 21652 --- [           main] c.petshop.mapper.MerchantMapper.insert   : ==> Parameters: Test Merchant(String), Contact Person(String), 13800138002(String), merchant@example.com(String), $2a$10$4hS3Rykj9FmyzQa70Ne3BeMSo8xddwo4XKhG9a5ADY6lfwTj5e53u(String), Test Address(String), approved(String), null, null
2026-04-23T18:55:26.021+08:00 DEBUG 21652 --- [           main] c.petshop.mapper.MerchantMapper.insert   : <==    Updates: 1
2026-04-23T18:55:26.021+08:00 DEBUG 21652 --- [           main] com.petshop.mapper.AdminMapper.insert    : ==>  Preparing: INSERT INTO "admin" ( username, password, created_at, updated_at ) VALUES ( ?, ?, ?, ? )
2026-04-23T18:55:26.021+08:00 DEBUG 21652 --- [           main] com.petshop.mapper.AdminMapper.insert    : ==> Parameters: testadmin(String), $2a$10$4hS3Rykj9FmyzQa70Ne3BeMSo8xddwo4XKhG9a5ADY6lfwTj5e53u(String), null, null
2026-04-23T18:55:26.022+08:00 DEBUG 21652 --- [           main] com.petshop.mapper.AdminMapper.insert    : <==    Updates: 1
2026-04-23T18:55:26.023+08:00 DEBUG 21652 --- [           main] o.s.security.web.FilterChainProxy        : Securing POST /api/auth/login
2026-04-23T18:55:26.023+08:00 DEBUG 21652 --- [           main] o.s.s.w.a.AnonymousAuthenticationFilter  : Set SecurityContextHolder to anonymous SecurityContext
2026-04-23T18:55:26.023+08:00 DEBUG 21652 --- [           main] o.s.security.web.FilterChainProxy        : Secured POST /api/auth/login
2026-04-23T18:55:26.024+08:00 DEBUG 21652 --- [           main] c.p.mapper.UserMapper.selectByPhone      : ==>  Preparing: SELECT * FROM `user` WHERE phone = ?
2026-04-23T18:55:26.025+08:00 DEBUG 21652 --- [           main] c.p.mapper.UserMapper.selectByPhone      : ==> Parameters: 99999999999(String)
2026-04-23T18:55:26.025+08:00 DEBUG 21652 --- [           main] c.p.mapper.UserMapper.selectByPhone      : <==      Total: 0
2026-04-23T18:55:26.025+08:00 DEBUG 21652 --- [           main] c.p.mapper.MerchantMapper.selectByPhone  : ==>  Preparing: SELECT * FROM `merchant` WHERE phone = ?
2026-04-23T18:55:26.025+08:00 DEBUG 21652 --- [           main] c.p.mapper.MerchantMapper.selectByPhone  : ==> Parameters: 99999999999(String)
2026-04-23T18:55:26.025+08:00 DEBUG 21652 --- [           main] c.p.mapper.MerchantMapper.selectByPhone  : <==      Total: 0
2026-04-23T18:55:26.025+08:00 DEBUG 21652 --- [           main] c.p.mapper.MerchantMapper.selectByEmail  : ==>  Preparing: SELECT * FROM `merchant` WHERE email = ?
2026-04-23T18:55:26.026+08:00 DEBUG 21652 --- [           main] c.p.mapper.MerchantMapper.selectByEmail  : ==> Parameters: 99999999999(String)
2026-04-23T18:55:26.026+08:00 DEBUG 21652 --- [           main] c.p.mapper.MerchantMapper.selectByEmail  : <==      Total: 0
2026-04-23T18:55:26.026+08:00 DEBUG 21652 --- [           main] c.p.mapper.AdminMapper.selectByUsername  : ==>  Preparing: SELECT * FROM `admin` WHERE username = ?
2026-04-23T18:55:26.026+08:00 DEBUG 21652 --- [           main] c.p.mapper.AdminMapper.selectByUsername  : ==> Parameters: 99999999999(String)
2026-04-23T18:55:26.026+08:00 DEBUG 21652 --- [           main] c.p.mapper.AdminMapper.selectByUsername  : <==      Total: 0
2026-04-23T18:55:26.109+08:00 DEBUG 21652 --- [           main] o.s.s.a.dao.DaoAuthenticationProvider    : Failed to find user '99999999999'
2026-04-23T18:55:26.202+08:00 DEBUG 21652 --- [           main] com.petshop.mapper.UserMapper.insert     : ==>  Preparing: INSERT INTO "user" ( username, email, password, phone, status, created_at, updated_at ) VALUES ( ?, ?, ?, ?, ?, ?, ? )
2026-04-23T18:55:26.202+08:00 DEBUG 21652 --- [           main] com.petshop.mapper.UserMapper.insert     : ==> Parameters: testuser(String), testuser@example.com(String), $2a$10$Q01AoWLUfZ.f0.RCqgtkFusQNpbsIjOlf5cnrPiml1X.cRuzAShiW(String), 13800138001(String), active(String), null, null
2026-04-23T18:55:26.203+08:00 DEBUG 21652 --- [           main] com.petshop.mapper.UserMapper.insert     : <==    Updates: 1
2026-04-23T18:55:26.203+08:00 DEBUG 21652 --- [           main] c.petshop.mapper.MerchantMapper.insert   : ==>  Preparing: INSERT INTO "merchant" ( name, contact_person, phone, email, password, address, status, created_at, updated_at ) VALUES ( ?, ?, ?, ?, ?, ?, ?, ?, ? )
2026-04-23T18:55:26.203+08:00 DEBUG 21652 --- [           main] c.petshop.mapper.MerchantMapper.insert   : ==> Parameters: Test Merchant(String), Contact Person(String), 13800138002(String), merchant@example.com(String), $2a$10$Q01AoWLUfZ.f0.RCqgtkFusQNpbsIjOlf5cnrPiml1X.cRuzAShiW(String), Test Address(String), approved(String), null, null
2026-04-23T18:55:26.203+08:00 DEBUG 21652 --- [           main] c.petshop.mapper.MerchantMapper.insert   : <==    Updates: 1
2026-04-23T18:55:26.204+08:00 DEBUG 21652 --- [           main] com.petshop.mapper.AdminMapper.insert    : ==>  Preparing: INSERT INTO "admin" ( username, password, created_at, updated_at ) VALUES ( ?, ?, ?, ? )
2026-04-23T18:55:26.204+08:00 DEBUG 21652 --- [           main] com.petshop.mapper.AdminMapper.insert    : ==> Parameters: testadmin(String), $2a$10$Q01AoWLUfZ.f0.RCqgtkFusQNpbsIjOlf5cnrPiml1X.cRuzAShiW(String), null, null
2026-04-23T18:55:26.204+08:00 DEBUG 21652 --- [           main] com.petshop.mapper.AdminMapper.insert    : <==    Updates: 1
2026-04-23T18:55:26.205+08:00 DEBUG 21652 --- [           main] o.s.security.web.FilterChainProxy        : Securing POST /api/auth/merchant/login
2026-04-23T18:55:26.205+08:00 DEBUG 21652 --- [           main] o.s.s.w.a.AnonymousAuthenticationFilter  : Set SecurityContextHolder to anonymous SecurityContext
2026-04-23T18:55:26.206+08:00 DEBUG 21652 --- [           main] o.s.security.web.FilterChainProxy        : Secured POST /api/auth/merchant/login
2026-04-23T18:55:26.207+08:00 DEBUG 21652 --- [           main] c.p.mapper.UserMapper.selectByPhone      : ==>  Preparing: SELECT * FROM `user` WHERE phone = ?
2026-04-23T18:55:26.207+08:00 DEBUG 21652 --- [           main] c.p.mapper.UserMapper.selectByPhone      : ==> Parameters: 13800138002(String)
2026-04-23T18:55:26.207+08:00 DEBUG 21652 --- [           main] c.p.mapper.UserMapper.selectByPhone      : <==      Total: 0
2026-04-23T18:55:26.207+08:00 DEBUG 21652 --- [           main] c.p.mapper.MerchantMapper.selectByPhone  : ==>  Preparing: SELECT * FROM `merchant` WHERE phone = ?
2026-04-23T18:55:26.207+08:00 DEBUG 21652 --- [           main] c.p.mapper.MerchantMapper.selectByPhone  : ==> Parameters: 13800138002(String)
2026-04-23T18:55:26.208+08:00 DEBUG 21652 --- [           main] c.p.mapper.MerchantMapper.selectByPhone  : <==      Total: 1
2026-04-23T18:55:26.291+08:00 DEBUG 21652 --- [           main] o.s.s.a.dao.DaoAuthenticationProvider    : Authenticated user
2026-04-23T18:55:26.383+08:00 DEBUG 21652 --- [           main] com.petshop.mapper.UserMapper.insert     : ==>  Preparing: INSERT INTO "user" ( username, email, password, phone, status, created_at, updated_at ) VALUES ( ?, ?, ?, ?, ?, ?, ? )
2026-04-23T18:55:26.383+08:00 DEBUG 21652 --- [           main] com.petshop.mapper.UserMapper.insert     : ==> Parameters: testuser(String), testuser@example.com(String), $2a$10$pzo25vjbCVLjoRqkJ1By3.XQYxW.FnY7c3v1GxSNwohnKZL4SWL8q(String), 13800138001(String), active(String), null, null
2026-04-23T18:55:26.384+08:00 DEBUG 21652 --- [           main] com.petshop.mapper.UserMapper.insert     : <==    Updates: 1
2026-04-23T18:55:26.384+08:00 DEBUG 21652 --- [           main] c.petshop.mapper.MerchantMapper.insert   : ==>  Preparing: INSERT INTO "merchant" ( name, contact_person, phone, email, password, address, status, created_at, updated_at ) VALUES ( ?, ?, ?, ?, ?, ?, ?, ?, ? )
2026-04-23T18:55:26.384+08:00 DEBUG 21652 --- [           main] c.petshop.mapper.MerchantMapper.insert   : ==> Parameters: Test Merchant(String), Contact Person(String), 13800138002(String), merchant@example.com(String), $2a$10$pzo25vjbCVLjoRqkJ1By3.XQYxW.FnY7c3v1GxSNwohnKZL4SWL8q(String), Test Address(String), approved(String), null, null
2026-04-23T18:55:26.385+08:00 DEBUG 21652 --- [           main] c.petshop.mapper.MerchantMapper.insert   : <==    Updates: 1
2026-04-23T18:55:26.385+08:00 DEBUG 21652 --- [           main] com.petshop.mapper.AdminMapper.insert    : ==>  Preparing: INSERT INTO "admin" ( username, password, created_at, updated_at ) VALUES ( ?, ?, ?, ? )
2026-04-23T18:55:26.385+08:00 DEBUG 21652 --- [           main] com.petshop.mapper.AdminMapper.insert    : ==> Parameters: testadmin(String), $2a$10$pzo25vjbCVLjoRqkJ1By3.XQYxW.FnY7c3v1GxSNwohnKZL4SWL8q(String), null, null
2026-04-23T18:55:26.385+08:00 DEBUG 21652 --- [           main] com.petshop.mapper.AdminMapper.insert    : <==    Updates: 1
2026-04-23T18:55:26.386+08:00 DEBUG 21652 --- [           main] o.s.security.web.FilterChainProxy        : Securing GET /api/user/profile
Invalid JWT token: Malformed protected header JSON: Unable to deserialize: Unexpected character ('?' (code 65533 / 0xfffd)): expected a valid value (JSON String, Number, Array, Object or token 'null', 'true' or 'false')
 at [Source: (InputStreamReader); line: 1, column: 2]
2026-04-23T18:55:26.389+08:00 DEBUG 21652 --- [           main] o.s.s.w.a.AnonymousAuthenticationFilter  : Set SecurityContextHolder to anonymous SecurityContext
2026-04-23T18:55:26.395+08:00 DEBUG 21652 --- [           main] o.s.s.w.a.Http403ForbiddenEntryPoint     : Pre-authenticated entry point called. Rejecting access
2026-04-23T18:55:26.488+08:00 DEBUG 21652 --- [           main] com.petshop.mapper.UserMapper.insert     : ==>  Preparing: INSERT INTO "user" ( username, email, password, phone, status, created_at, updated_at ) VALUES ( ?, ?, ?, ?, ?, ?, ? )
2026-04-23T18:55:26.488+08:00 DEBUG 21652 --- [           main] com.petshop.mapper.UserMapper.insert     : ==> Parameters: testuser(String), testuser@example.com(String), $2a$10$Rhye6ImrRwuW29KOI4HGVOXPxNdYmoPFijrpEgquyLsICDz1VGBd2(String), 13800138001(String), active(String), null, null
2026-04-23T18:55:26.489+08:00 DEBUG 21652 --- [           main] com.petshop.mapper.UserMapper.insert     : <==    Updates: 1
2026-04-23T18:55:26.489+08:00 DEBUG 21652 --- [           main] c.petshop.mapper.MerchantMapper.insert   : ==>  Preparing: INSERT INTO "merchant" ( name, contact_person, phone, email, password, address, status, created_at, updated_at ) VALUES ( ?, ?, ?, ?, ?, ?, ?, ?, ? )
2026-04-23T18:55:26.489+08:00 DEBUG 21652 --- [           main] c.petshop.mapper.MerchantMapper.insert   : ==> Parameters: Test Merchant(String), Contact Person(String), 13800138002(String), merchant@example.com(String), $2a$10$Rhye6ImrRwuW29KOI4HGVOXPxNdYmoPFijrpEgquyLsICDz1VGBd2(String), Test Address(String), approved(String), null, null
2026-04-23T18:55:26.489+08:00 DEBUG 21652 --- [           main] c.petshop.mapper.MerchantMapper.insert   : <==    Updates: 1
2026-04-23T18:55:26.490+08:00 DEBUG 21652 --- [           main] com.petshop.mapper.AdminMapper.insert    : ==>  Preparing: INSERT INTO "admin" ( username, password, created_at, updated_at ) VALUES ( ?, ?, ?, ? )
2026-04-23T18:55:26.490+08:00 DEBUG 21652 --- [           main] com.petshop.mapper.AdminMapper.insert    : ==> Parameters: testadmin(String), $2a$10$Rhye6ImrRwuW29KOI4HGVOXPxNdYmoPFijrpEgquyLsICDz1VGBd2(String), null, null
2026-04-23T18:55:26.490+08:00 DEBUG 21652 --- [           main] com.petshop.mapper.AdminMapper.insert    : <==    Updates: 1
2026-04-23T18:55:26.491+08:00 DEBUG 21652 --- [           main] o.s.security.web.FilterChainProxy        : Securing POST /api/auth/login
2026-04-23T18:55:26.491+08:00 DEBUG 21652 --- [           main] o.s.s.w.a.AnonymousAuthenticationFilter  : Set SecurityContextHolder to anonymous SecurityContext
2026-04-23T18:55:26.491+08:00 DEBUG 21652 --- [           main] o.s.security.web.FilterChainProxy        : Secured POST /api/auth/login
2026-04-23T18:55:26.492+08:00 DEBUG 21652 --- [           main] c.p.mapper.UserMapper.selectByPhone      : ==>  Preparing: SELECT * FROM `user` WHERE phone = ?
2026-04-23T18:55:26.493+08:00 DEBUG 21652 --- [           main] c.p.mapper.UserMapper.selectByPhone      : ==> Parameters: 13800138001(String)
2026-04-23T18:55:26.493+08:00 DEBUG 21652 --- [           main] c.p.mapper.UserMapper.selectByPhone      : <==      Total: 3
2026-04-23T18:55:26.494+08:00 DEBUG 21652 --- [           main] .s.a.DefaultAuthenticationEventPublisher : No event was found for the exception org.springframework.security.authentication.InternalAuthenticationServiceException

MockHttpServletRequest:
      HTTP Method = POST
      Request URI = /api/auth/login
       Parameters = {}
          Headers = [Content-Type:"application/json;charset=UTF-8", Content-Length:"108"]
             Body = {"username":null,"phone":"13800138001","password":"password123","role":null,"loginIdentifier":"13800138001"}
    Session Attrs = {}

Handler:
             Type = com.petshop.controller.api.AuthApiController
           Method = com.petshop.controller.api.AuthApiController#login(LoginRequest)

Async:
    Async started = false
     Async result = null

Resolved Exception:
             Type = null

ModelAndView:
        View name = null
             View = null
            Model = null

FlashMap:
       Attributes = null

MockHttpServletResponse:
           Status = 401
    Error message = null
          Headers = [Vary:"Origin", "Access-Control-Request-Method", "Access-Control-Request-Headers", Content-Type:"application/json", X-Content-Type-Options:"nosniff", X-XSS-Protection:"0", Cache-Control:"no-cache, no-store, max-age=0, must-revalidate", Pragma:"no-cache", Expires:"0", X-Frame-Options:"DENY"]
     Content type = application/json
             Body = {"code":401,"message":null,"data":null}
    Forwarded URL = null
   Redirected URL = null
          Cookies = []
2026-04-23T18:55:26.587+08:00 DEBUG 21652 --- [           main] com.petshop.mapper.UserMapper.insert     : ==>  Preparing: INSERT INTO "user" ( username, email, password, phone, status, created_at, updated_at ) VALUES ( ?, ?, ?, ?, ?, ?, ? )
2026-04-23T18:55:26.587+08:00 DEBUG 21652 --- [           main] com.petshop.mapper.UserMapper.insert     : ==> Parameters: testuser(String), testuser@example.com(String), $2a$10$A.nMYT5V3SaYi0zGwY16oumo6rxNHY/fVCa5BdL3yPheW7Iu8PSte(String), 13800138001(String), active(String), null, null
2026-04-23T18:55:26.588+08:00 DEBUG 21652 --- [           main] com.petshop.mapper.UserMapper.insert     : <==    Updates: 1
2026-04-23T18:55:26.588+08:00 DEBUG 21652 --- [           main] c.petshop.mapper.MerchantMapper.insert   : ==>  Preparing: INSERT INTO "merchant" ( name, contact_person, phone, email, password, address, status, created_at, updated_at ) VALUES ( ?, ?, ?, ?, ?, ?, ?, ?, ? )
2026-04-23T18:55:26.588+08:00 DEBUG 21652 --- [           main] c.petshop.mapper.MerchantMapper.insert   : ==> Parameters: Test Merchant(String), Contact Person(String), 13800138002(String), merchant@example.com(String), $2a$10$A.nMYT5V3SaYi0zGwY16oumo6rxNHY/fVCa5BdL3yPheW7Iu8PSte(String), Test Address(String), approved(String), null, null
2026-04-23T18:55:26.588+08:00 DEBUG 21652 --- [           main] c.petshop.mapper.MerchantMapper.insert   : <==    Updates: 1
2026-04-23T18:55:26.589+08:00 DEBUG 21652 --- [           main] com.petshop.mapper.AdminMapper.insert    : ==>  Preparing: INSERT INTO "admin" ( username, password, created_at, updated_at ) VALUES ( ?, ?, ?, ? )
2026-04-23T18:55:26.589+08:00 DEBUG 21652 --- [           main] com.petshop.mapper.AdminMapper.insert    : ==> Parameters: testadmin(String), $2a$10$A.nMYT5V3SaYi0zGwY16oumo6rxNHY/fVCa5BdL3yPheW7Iu8PSte(String), null, null
2026-04-23T18:55:26.589+08:00 DEBUG 21652 --- [           main] com.petshop.mapper.AdminMapper.insert    : <==    Updates: 1
2026-04-23T18:55:26.590+08:00 DEBUG 21652 --- [           main] o.s.security.web.FilterChainProxy        : Securing POST /api/auth/admin/login
2026-04-23T18:55:26.590+08:00 DEBUG 21652 --- [           main] o.s.s.w.a.AnonymousAuthenticationFilter  : Set SecurityContextHolder to anonymous SecurityContext
2026-04-23T18:55:26.591+08:00 DEBUG 21652 --- [           main] o.s.security.web.FilterChainProxy        : Secured POST /api/auth/admin/login
2026-04-23T18:55:26.591+08:00 DEBUG 21652 --- [           main] c.p.mapper.UserMapper.selectByPhone      : ==>  Preparing: SELECT * FROM `user` WHERE phone = ?
2026-04-23T18:55:26.593+08:00 DEBUG 21652 --- [           main] c.p.mapper.UserMapper.selectByPhone      : ==> Parameters: testadmin(String)
2026-04-23T18:55:26.593+08:00 DEBUG 21652 --- [           main] c.p.mapper.UserMapper.selectByPhone      : <==      Total: 0
2026-04-23T18:55:26.593+08:00 DEBUG 21652 --- [           main] c.p.mapper.MerchantMapper.selectByPhone  : ==>  Preparing: SELECT * FROM `merchant` WHERE phone = ?
2026-04-23T18:55:26.593+08:00 DEBUG 21652 --- [           main] c.p.mapper.MerchantMapper.selectByPhone  : ==> Parameters: testadmin(String)
2026-04-23T18:55:26.594+08:00 DEBUG 21652 --- [           main] c.p.mapper.MerchantMapper.selectByPhone  : <==      Total: 0
2026-04-23T18:55:26.594+08:00 DEBUG 21652 --- [           main] c.p.mapper.MerchantMapper.selectByEmail  : ==>  Preparing: SELECT * FROM `merchant` WHERE email = ?
2026-04-23T18:55:26.594+08:00 DEBUG 21652 --- [           main] c.p.mapper.MerchantMapper.selectByEmail  : ==> Parameters: testadmin(String)
2026-04-23T18:55:26.594+08:00 DEBUG 21652 --- [           main] c.p.mapper.MerchantMapper.selectByEmail  : <==      Total: 0
2026-04-23T18:55:26.594+08:00 DEBUG 21652 --- [           main] c.p.mapper.AdminMapper.selectByUsername  : ==>  Preparing: SELECT * FROM `admin` WHERE username = ?
2026-04-23T18:55:26.595+08:00 DEBUG 21652 --- [           main] c.p.mapper.AdminMapper.selectByUsername  : ==> Parameters: testadmin(String)
2026-04-23T18:55:26.595+08:00 DEBUG 21652 --- [           main] c.p.mapper.AdminMapper.selectByUsername  : <==      Total: 3
2026-04-23T18:55:26.595+08:00 DEBUG 21652 --- [           main] .s.a.DefaultAuthenticationEventPublisher : No event was found for the exception org.springframework.security.authentication.InternalAuthenticationServiceException

MockHttpServletRequest:
      HTTP Method = POST
      Request URI = /api/auth/admin/login
       Parameters = {}
          Headers = [Content-Type:"application/json;charset=UTF-8", Content-Length:"104"]
             Body = {"username":"testadmin","phone":null,"password":"password123","role":null,"loginIdentifier":"testadmin"}
    Session Attrs = {}

Handler:
             Type = com.petshop.controller.api.AuthApiController
           Method = com.petshop.controller.api.AuthApiController#adminLogin(LoginRequest)

Async:
    Async started = false
     Async result = null

Resolved Exception:
             Type = null

ModelAndView:
        View name = null
             View = null
            Model = null

FlashMap:
       Attributes = null

MockHttpServletResponse:
           Status = 401
    Error message = null
          Headers = [Vary:"Origin", "Access-Control-Request-Method", "Access-Control-Request-Headers", Content-Type:"application/json", X-Content-Type-Options:"nosniff", X-XSS-Protection:"0", Cache-Control:"no-cache, no-store, max-age=0, must-revalidate", Pragma:"no-cache", Expires:"0", X-Frame-Options:"DENY"]
     Content type = application/json
             Body = {"code":401,"message":null,"data":null}
    Forwarded URL = null
   Redirected URL = null
          Cookies = []
2026-04-23T18:55:26.689+08:00 DEBUG 21652 --- [           main] com.petshop.mapper.UserMapper.insert     : ==>  Preparing: INSERT INTO "user" ( username, email, password, phone, status, created_at, updated_at ) VALUES ( ?, ?, ?, ?, ?, ?, ? )
2026-04-23T18:55:26.689+08:00 DEBUG 21652 --- [           main] com.petshop.mapper.UserMapper.insert     : ==> Parameters: testuser(String), testuser@example.com(String), $2a$10$hcUBbBF7Kytuv6a6G/iwgei1i37Go8oyb5y4lotvhUtsKva7F37XK(String), 13800138001(String), active(String), null, null
2026-04-23T18:55:26.690+08:00 DEBUG 21652 --- [           main] com.petshop.mapper.UserMapper.insert     : <==    Updates: 1
2026-04-23T18:55:26.690+08:00 DEBUG 21652 --- [           main] c.petshop.mapper.MerchantMapper.insert   : ==>  Preparing: INSERT INTO "merchant" ( name, contact_person, phone, email, password, address, status, created_at, updated_at ) VALUES ( ?, ?, ?, ?, ?, ?, ?, ?, ? )
2026-04-23T18:55:26.690+08:00 DEBUG 21652 --- [           main] c.petshop.mapper.MerchantMapper.insert   : ==> Parameters: Test Merchant(String), Contact Person(String), 13800138002(String), merchant@example.com(String), $2a$10$hcUBbBF7Kytuv6a6G/iwgei1i37Go8oyb5y4lotvhUtsKva7F37XK(String), Test Address(String), approved(String), null, null
2026-04-23T18:55:26.690+08:00 DEBUG 21652 --- [           main] c.petshop.mapper.MerchantMapper.insert   : <==    Updates: 1
2026-04-23T18:55:26.691+08:00 DEBUG 21652 --- [           main] com.petshop.mapper.AdminMapper.insert    : ==>  Preparing: INSERT INTO "admin" ( username, password, created_at, updated_at ) VALUES ( ?, ?, ?, ? )
2026-04-23T18:55:26.691+08:00 DEBUG 21652 --- [           main] com.petshop.mapper.AdminMapper.insert    : ==> Parameters: testadmin(String), $2a$10$hcUBbBF7Kytuv6a6G/iwgei1i37Go8oyb5y4lotvhUtsKva7F37XK(String), null, null
2026-04-23T18:55:26.691+08:00 DEBUG 21652 --- [           main] com.petshop.mapper.AdminMapper.insert    : <==    Updates: 1
2026-04-23T18:55:26.692+08:00 DEBUG 21652 --- [           main] o.s.security.web.FilterChainProxy        : Securing POST /api/auth/login
2026-04-23T18:55:26.692+08:00 DEBUG 21652 --- [           main] o.s.s.w.a.AnonymousAuthenticationFilter  : Set SecurityContextHolder to anonymous SecurityContext
2026-04-23T18:55:26.692+08:00 DEBUG 21652 --- [           main] o.s.security.web.FilterChainProxy        : Secured POST /api/auth/login
2026-04-23T18:55:26.693+08:00 DEBUG 21652 --- [           main] c.p.mapper.UserMapper.selectByPhone      : ==>  Preparing: SELECT * FROM `user` WHERE phone = ?
2026-04-23T18:55:26.693+08:00 DEBUG 21652 --- [           main] c.p.mapper.UserMapper.selectByPhone      : ==> Parameters: 13800138001(String)
2026-04-23T18:55:26.694+08:00 DEBUG 21652 --- [           main] c.p.mapper.UserMapper.selectByPhone      : <==      Total: 3
2026-04-23T18:55:26.694+08:00 DEBUG 21652 --- [           main] .s.a.DefaultAuthenticationEventPublisher : No event was found for the exception org.springframework.security.authentication.InternalAuthenticationServiceException

MockHttpServletRequest:
      HTTP Method = POST
      Request URI = /api/auth/login
       Parameters = {}
          Headers = [Content-Type:"application/json;charset=UTF-8", Content-Length:"108"]
             Body = {"username":null,"phone":"13800138001","password":"password123","role":null,"loginIdentifier":"13800138001"}
    Session Attrs = {}

Handler:
             Type = com.petshop.controller.api.AuthApiController
           Method = com.petshop.controller.api.AuthApiController#login(LoginRequest)

Async:
    Async started = false
     Async result = null

Resolved Exception:
             Type = null

ModelAndView:
        View name = null
             View = null
            Model = null

FlashMap:
       Attributes = null

MockHttpServletResponse:
           Status = 401
    Error message = null
          Headers = [Vary:"Origin", "Access-Control-Request-Method", "Access-Control-Request-Headers", Content-Type:"application/json", X-Content-Type-Options:"nosniff", X-XSS-Protection:"0", Cache-Control:"no-cache, no-store, max-age=0, must-revalidate", Pragma:"no-cache", Expires:"0", X-Frame-Options:"DENY"]
     Content type = application/json
             Body = {"code":401,"message":null,"data":null}
    Forwarded URL = null
   Redirected URL = null
          Cookies = []
2026-04-23T18:55:26.787+08:00 DEBUG 21652 --- [           main] com.petshop.mapper.UserMapper.insert     : ==>  Preparing: INSERT INTO "user" ( username, email, password, phone, status, created_at, updated_at ) VALUES ( ?, ?, ?, ?, ?, ?, ? )
2026-04-23T18:55:26.788+08:00 DEBUG 21652 --- [           main] com.petshop.mapper.UserMapper.insert     : ==> Parameters: testuser(String), testuser@example.com(String), $2a$10$KNSu3zgqwAoIwDCqLISHVuunvI7S4xqFIRd.Oe4kaXdr2Go10oqxi(String), 13800138001(String), active(String), null, null
2026-04-23T18:55:26.788+08:00 DEBUG 21652 --- [           main] com.petshop.mapper.UserMapper.insert     : <==    Updates: 1
2026-04-23T18:55:26.788+08:00 DEBUG 21652 --- [           main] c.petshop.mapper.MerchantMapper.insert   : ==>  Preparing: INSERT INTO "merchant" ( name, contact_person, phone, email, password, address, status, created_at, updated_at ) VALUES ( ?, ?, ?, ?, ?, ?, ?, ?, ? )
2026-04-23T18:55:26.788+08:00 DEBUG 21652 --- [           main] c.petshop.mapper.MerchantMapper.insert   : ==> Parameters: Test Merchant(String), Contact Person(String), 13800138002(String), merchant@example.com(String), $2a$10$KNSu3zgqwAoIwDCqLISHVuunvI7S4xqFIRd.Oe4kaXdr2Go10oqxi(String), Test Address(String), approved(String), null, null
2026-04-23T18:55:26.789+08:00 DEBUG 21652 --- [           main] c.petshop.mapper.MerchantMapper.insert   : <==    Updates: 1
2026-04-23T18:55:26.789+08:00 DEBUG 21652 --- [           main] com.petshop.mapper.AdminMapper.insert    : ==>  Preparing: INSERT INTO "admin" ( username, password, created_at, updated_at ) VALUES ( ?, ?, ?, ? )
2026-04-23T18:55:26.789+08:00 DEBUG 21652 --- [           main] com.petshop.mapper.AdminMapper.insert    : ==> Parameters: testadmin(String), $2a$10$KNSu3zgqwAoIwDCqLISHVuunvI7S4xqFIRd.Oe4kaXdr2Go10oqxi(String), null, null
2026-04-23T18:55:26.789+08:00 DEBUG 21652 --- [           main] com.petshop.mapper.AdminMapper.insert    : <==    Updates: 1
2026-04-23T18:55:26.790+08:00 DEBUG 21652 --- [           main] o.s.security.web.FilterChainProxy        : Securing GET /api/services
2026-04-23T18:55:26.790+08:00 DEBUG 21652 --- [           main] o.s.s.w.a.AnonymousAuthenticationFilter  : Set SecurityContextHolder to anonymous SecurityContext
2026-04-23T18:55:26.790+08:00 DEBUG 21652 --- [           main] o.s.security.web.FilterChainProxy        : Secured GET /api/services
2026-04-23T18:55:26.792+08:00 DEBUG 21652 --- [           main] c.p.mapper.ServiceMapper.selectList      : ==>  Preparing: SELECT id,merchant_id,name,description,price,duration,category,image,status,created_at,updated_at FROM "service"
2026-04-23T18:55:26.793+08:00 DEBUG 21652 --- [           main] c.p.mapper.ServiceMapper.selectList      : ==> Parameters: 
2026-04-23T18:55:26.794+08:00 DEBUG 21652 --- [           main] c.p.mapper.ServiceMapper.selectList      : <==      Total: 2
2026-04-23T18:55:26.890+08:00 DEBUG 21652 --- [           main] com.petshop.mapper.UserMapper.insert     : ==>  Preparing: INSERT INTO "user" ( username, email, password, phone, status, created_at, updated_at ) VALUES ( ?, ?, ?, ?, ?, ?, ? )
2026-04-23T18:55:26.891+08:00 DEBUG 21652 --- [           main] com.petshop.mapper.UserMapper.insert     : ==> Parameters: testuser(String), testuser@example.com(String), $2a$10$zokq3R2OHao41I1kD6N71eNAIDifNFN3LhSarLinhlqPuNX8gOqzu(String), 13800138001(String), active(String), null, null
2026-04-23T18:55:26.891+08:00 DEBUG 21652 --- [           main] com.petshop.mapper.UserMapper.insert     : <==    Updates: 1
2026-04-23T18:55:26.891+08:00 DEBUG 21652 --- [           main] c.petshop.mapper.MerchantMapper.insert   : ==>  Preparing: INSERT INTO "merchant" ( name, contact_person, phone, email, password, address, status, created_at, updated_at ) VALUES ( ?, ?, ?, ?, ?, ?, ?, ?, ? )
2026-04-23T18:55:26.891+08:00 DEBUG 21652 --- [           main] c.petshop.mapper.MerchantMapper.insert   : ==> Parameters: Test Merchant(String), Contact Person(String), 13800138002(String), merchant@example.com(String), $2a$10$zokq3R2OHao41I1kD6N71eNAIDifNFN3LhSarLinhlqPuNX8gOqzu(String), Test Address(String), approved(String), null, null
2026-04-23T18:55:26.892+08:00 DEBUG 21652 --- [           main] c.petshop.mapper.MerchantMapper.insert   : <==    Updates: 1
2026-04-23T18:55:26.892+08:00 DEBUG 21652 --- [           main] com.petshop.mapper.AdminMapper.insert    : ==>  Preparing: INSERT INTO "admin" ( username, password, created_at, updated_at ) VALUES ( ?, ?, ?, ? )
2026-04-23T18:55:26.892+08:00 DEBUG 21652 --- [           main] com.petshop.mapper.AdminMapper.insert    : ==> Parameters: testadmin(String), $2a$10$zokq3R2OHao41I1kD6N71eNAIDifNFN3LhSarLinhlqPuNX8gOqzu(String), null, null
2026-04-23T18:55:26.892+08:00 DEBUG 21652 --- [           main] com.petshop.mapper.AdminMapper.insert    : <==    Updates: 1
2026-04-23T18:55:26.893+08:00 DEBUG 21652 --- [           main] o.s.security.web.FilterChainProxy        : Securing POST /api/auth/merchant/login
2026-04-23T18:55:26.893+08:00 DEBUG 21652 --- [           main] o.s.s.w.a.AnonymousAuthenticationFilter  : Set SecurityContextHolder to anonymous SecurityContext
2026-04-23T18:55:26.894+08:00 DEBUG 21652 --- [           main] o.s.security.web.FilterChainProxy        : Secured POST /api/auth/merchant/login
2026-04-23T18:55:26.894+08:00 DEBUG 21652 --- [           main] c.p.mapper.UserMapper.selectByPhone      : ==>  Preparing: SELECT * FROM `user` WHERE phone = ?
2026-04-23T18:55:26.895+08:00 DEBUG 21652 --- [           main] c.p.mapper.UserMapper.selectByPhone      : ==> Parameters: 13800138002(String)
2026-04-23T18:55:26.895+08:00 DEBUG 21652 --- [           main] c.p.mapper.UserMapper.selectByPhone      : <==      Total: 0
2026-04-23T18:55:26.895+08:00 DEBUG 21652 --- [           main] c.p.mapper.MerchantMapper.selectByPhone  : ==>  Preparing: SELECT * FROM `merchant` WHERE phone = ?
2026-04-23T18:55:26.895+08:00 DEBUG 21652 --- [           main] c.p.mapper.MerchantMapper.selectByPhone  : ==> Parameters: 13800138002(String)
2026-04-23T18:55:26.895+08:00 DEBUG 21652 --- [           main] c.p.mapper.MerchantMapper.selectByPhone  : <==      Total: 1
2026-04-23T18:55:26.977+08:00 DEBUG 21652 --- [           main] o.s.s.a.dao.DaoAuthenticationProvider    : Authenticated user
2026-04-23T18:55:26.980+08:00 DEBUG 21652 --- [           main] o.s.security.web.FilterChainProxy        : Securing GET /api/merchant/services
2026-04-23T18:55:26.982+08:00 DEBUG 21652 --- [           main] o.s.security.web.FilterChainProxy        : Secured GET /api/merchant/services
2026-04-23T18:55:26.983+08:00 DEBUG 21652 --- [           main] c.p.mapper.MerchantMapper.selectList     : ==>  Preparing: SELECT id,name,contact_person,phone,email,password,address,logo,status,created_at,updated_at FROM "merchant" WHERE (phone = ?)
2026-04-23T18:55:26.984+08:00 DEBUG 21652 --- [           main] c.p.mapper.MerchantMapper.selectList     : ==> Parameters: 13800138002(String)
2026-04-23T18:55:26.984+08:00 DEBUG 21652 --- [           main] c.p.mapper.MerchantMapper.selectList     : <==      Total: 1
2026-04-23T18:55:26.985+08:00 DEBUG 21652 --- [           main] c.p.mapper.ServiceMapper.selectList      : ==>  Preparing: SELECT id,merchant_id,name,description,price,duration,category,image,status,created_at,updated_at FROM "service" WHERE (merchant_id = ?)
2026-04-23T18:55:26.986+08:00 DEBUG 21652 --- [           main] c.p.mapper.ServiceMapper.selectList      : ==> Parameters: 225(Integer)
2026-04-23T18:55:26.986+08:00 DEBUG 21652 --- [           main] c.p.mapper.ServiceMapper.selectList      : <==      Total: 0
2026-04-23T18:55:27.076+08:00 DEBUG 21652 --- [           main] com.petshop.mapper.UserMapper.insert     : ==>  Preparing: INSERT INTO "user" ( username, email, password, phone, status, created_at, updated_at ) VALUES ( ?, ?, ?, ?, ?, ?, ? )
2026-04-23T18:55:27.076+08:00 DEBUG 21652 --- [           main] com.petshop.mapper.UserMapper.insert     : ==> Parameters: testuser(String), testuser@example.com(String), $2a$10$w4cKsNnNlDveeKf3fXm6Ne/sz7ZAeu7kGopmyOkHtE3afOsY5ttba(String), 13800138001(String), active(String), null, null
2026-04-23T18:55:27.076+08:00 DEBUG 21652 --- [           main] com.petshop.mapper.UserMapper.insert     : <==    Updates: 1
2026-04-23T18:55:27.077+08:00 DEBUG 21652 --- [           main] c.petshop.mapper.MerchantMapper.insert   : ==>  Preparing: INSERT INTO "merchant" ( name, contact_person, phone, email, password, address, status, created_at, updated_at ) VALUES ( ?, ?, ?, ?, ?, ?, ?, ?, ? )
2026-04-23T18:55:27.077+08:00 DEBUG 21652 --- [           main] c.petshop.mapper.MerchantMapper.insert   : ==> Parameters: Test Merchant(String), Contact Person(String), 13800138002(String), merchant@example.com(String), $2a$10$w4cKsNnNlDveeKf3fXm6Ne/sz7ZAeu7kGopmyOkHtE3afOsY5ttba(String), Test Address(String), approved(String), null, null
2026-04-23T18:55:27.077+08:00 DEBUG 21652 --- [           main] c.petshop.mapper.MerchantMapper.insert   : <==    Updates: 1
2026-04-23T18:55:27.077+08:00 DEBUG 21652 --- [           main] com.petshop.mapper.AdminMapper.insert    : ==>  Preparing: INSERT INTO "admin" ( username, password, created_at, updated_at ) VALUES ( ?, ?, ?, ? )
2026-04-23T18:55:27.077+08:00 DEBUG 21652 --- [           main] com.petshop.mapper.AdminMapper.insert    : ==> Parameters: testadmin(String), $2a$10$w4cKsNnNlDveeKf3fXm6Ne/sz7ZAeu7kGopmyOkHtE3afOsY5ttba(String), null, null
2026-04-23T18:55:27.077+08:00 DEBUG 21652 --- [           main] com.petshop.mapper.AdminMapper.insert    : <==    Updates: 1
2026-04-23T18:55:27.078+08:00 DEBUG 21652 --- [           main] o.s.security.web.FilterChainProxy        : Securing POST /api/auth/login
2026-04-23T18:55:27.078+08:00 DEBUG 21652 --- [           main] o.s.s.w.a.AnonymousAuthenticationFilter  : Set SecurityContextHolder to anonymous SecurityContext
2026-04-23T18:55:27.079+08:00 DEBUG 21652 --- [           main] o.s.security.web.FilterChainProxy        : Secured POST /api/auth/login
2026-04-23T18:55:27.079+08:00 DEBUG 21652 --- [           main] c.p.mapper.UserMapper.selectByPhone      : ==>  Preparing: SELECT * FROM `user` WHERE phone = ?
2026-04-23T18:55:27.080+08:00 DEBUG 21652 --- [           main] c.p.mapper.UserMapper.selectByPhone      : ==> Parameters: 13800138001(String)
2026-04-23T18:55:27.080+08:00 DEBUG 21652 --- [           main] c.p.mapper.UserMapper.selectByPhone      : <==      Total: 3
2026-04-23T18:55:27.081+08:00 DEBUG 21652 --- [           main] .s.a.DefaultAuthenticationEventPublisher : No event was found for the exception org.springframework.security.authentication.InternalAuthenticationServiceException
2026-04-23T18:55:27.171+08:00 DEBUG 21652 --- [           main] com.petshop.mapper.UserMapper.insert     : ==>  Preparing: INSERT INTO "user" ( username, email, password, phone, status, created_at, updated_at ) VALUES ( ?, ?, ?, ?, ?, ?, ? )
2026-04-23T18:55:27.171+08:00 DEBUG 21652 --- [           main] com.petshop.mapper.UserMapper.insert     : ==> Parameters: testuser(String), testuser@example.com(String), $2a$10$epVI6G.Kiynb88Y06.GBtukb2r67Z2wszPldTLiwtmyhIliDOeQqi(String), 13800138001(String), active(String), null, null
2026-04-23T18:55:27.171+08:00 DEBUG 21652 --- [           main] com.petshop.mapper.UserMapper.insert     : <==    Updates: 1
2026-04-23T18:55:27.172+08:00 DEBUG 21652 --- [           main] c.petshop.mapper.MerchantMapper.insert   : ==>  Preparing: INSERT INTO "merchant" ( name, contact_person, phone, email, password, address, status, created_at, updated_at ) VALUES ( ?, ?, ?, ?, ?, ?, ?, ?, ? )
2026-04-23T18:55:27.172+08:00 DEBUG 21652 --- [           main] c.petshop.mapper.MerchantMapper.insert   : ==> Parameters: Test Merchant(String), Contact Person(String), 13800138002(String), merchant@example.com(String), $2a$10$epVI6G.Kiynb88Y06.GBtukb2r67Z2wszPldTLiwtmyhIliDOeQqi(String), Test Address(String), approved(String), null, null
2026-04-23T18:55:27.172+08:00 DEBUG 21652 --- [           main] c.petshop.mapper.MerchantMapper.insert   : <==    Updates: 1
2026-04-23T18:55:27.172+08:00 DEBUG 21652 --- [           main] com.petshop.mapper.AdminMapper.insert    : ==>  Preparing: INSERT INTO "admin" ( username, password, created_at, updated_at ) VALUES ( ?, ?, ?, ? )
2026-04-23T18:55:27.172+08:00 DEBUG 21652 --- [           main] com.petshop.mapper.AdminMapper.insert    : ==> Parameters: testadmin(String), $2a$10$epVI6G.Kiynb88Y06.GBtukb2r67Z2wszPldTLiwtmyhIliDOeQqi(String), null, null
2026-04-23T18:55:27.172+08:00 DEBUG 21652 --- [           main] com.petshop.mapper.AdminMapper.insert    : <==    Updates: 1
2026-04-23T18:55:27.173+08:00 DEBUG 21652 --- [           main] o.s.security.web.FilterChainProxy        : Securing GET /api/auth/userinfo
2026-04-23T18:55:27.173+08:00 DEBUG 21652 --- [           main] o.s.s.w.a.AnonymousAuthenticationFilter  : Set SecurityContextHolder to anonymous SecurityContext
2026-04-23T18:55:27.174+08:00 DEBUG 21652 --- [           main] o.s.security.web.FilterChainProxy        : Secured GET /api/auth/userinfo
2026-04-23T18:55:27.265+08:00 DEBUG 21652 --- [           main] com.petshop.mapper.UserMapper.insert     : ==>  Preparing: INSERT INTO "user" ( username, email, password, phone, status, created_at, updated_at ) VALUES ( ?, ?, ?, ?, ?, ?, ? )
2026-04-23T18:55:27.265+08:00 DEBUG 21652 --- [           main] com.petshop.mapper.UserMapper.insert     : ==> Parameters: testuser(String), testuser@example.com(String), $2a$10$IVL2khHImWXlFSHhl4sDbONnuoL.M9FzFOeqvQjDADnZYvlKT6Abi(String), 13800138001(String), active(String), null, null
2026-04-23T18:55:27.266+08:00 DEBUG 21652 --- [           main] com.petshop.mapper.UserMapper.insert     : <==    Updates: 1
2026-04-23T18:55:27.266+08:00 DEBUG 21652 --- [           main] c.petshop.mapper.MerchantMapper.insert   : ==>  Preparing: INSERT INTO "merchant" ( name, contact_person, phone, email, password, address, status, created_at, updated_at ) VALUES ( ?, ?, ?, ?, ?, ?, ?, ?, ? )
2026-04-23T18:55:27.266+08:00 DEBUG 21652 --- [           main] c.petshop.mapper.MerchantMapper.insert   : ==> Parameters: Test Merchant(String), Contact Person(String), 13800138002(String), merchant@example.com(String), $2a$10$IVL2khHImWXlFSHhl4sDbONnuoL.M9FzFOeqvQjDADnZYvlKT6Abi(String), Test Address(String), approved(String), null, null
2026-04-23T18:55:27.266+08:00 DEBUG 21652 --- [           main] c.petshop.mapper.MerchantMapper.insert   : <==    Updates: 1
2026-04-23T18:55:27.266+08:00 DEBUG 21652 --- [           main] com.petshop.mapper.AdminMapper.insert    : ==>  Preparing: INSERT INTO "admin" ( username, password, created_at, updated_at ) VALUES ( ?, ?, ?, ? )
2026-04-23T18:55:27.266+08:00 DEBUG 21652 --- [           main] com.petshop.mapper.AdminMapper.insert    : ==> Parameters: testadmin(String), $2a$10$IVL2khHImWXlFSHhl4sDbONnuoL.M9FzFOeqvQjDADnZYvlKT6Abi(String), null, null
2026-04-23T18:55:27.267+08:00 DEBUG 21652 --- [           main] com.petshop.mapper.AdminMapper.insert    : <==    Updates: 1
2026-04-23T18:55:27.268+08:00 DEBUG 21652 --- [           main] o.s.security.web.FilterChainProxy        : Securing POST /api/auth/login
2026-04-23T18:55:27.268+08:00 DEBUG 21652 --- [           main] o.s.s.w.a.AnonymousAuthenticationFilter  : Set SecurityContextHolder to anonymous SecurityContext
2026-04-23T18:55:27.269+08:00 DEBUG 21652 --- [           main] o.s.security.web.FilterChainProxy        : Secured POST /api/auth/login
2026-04-23T18:55:27.270+08:00 DEBUG 21652 --- [           main] c.p.mapper.UserMapper.selectByPhone      : ==>  Preparing: SELECT * FROM `user` WHERE phone = ?
2026-04-23T18:55:27.270+08:00 DEBUG 21652 --- [           main] c.p.mapper.UserMapper.selectByPhone      : ==> Parameters: 13800138001(String)
2026-04-23T18:55:27.270+08:00 DEBUG 21652 --- [           main] c.p.mapper.UserMapper.selectByPhone      : <==      Total: 3
2026-04-23T18:55:27.271+08:00 DEBUG 21652 --- [           main] .s.a.DefaultAuthenticationEventPublisher : No event was found for the exception org.springframework.security.authentication.InternalAuthenticationServiceException

MockHttpServletRequest:
      HTTP Method = POST
      Request URI = /api/auth/login
       Parameters = {}
          Headers = [Content-Type:"application/json;charset=UTF-8", Content-Length:"108"]
             Body = {"username":null,"phone":"13800138001","password":"password123","role":null,"loginIdentifier":"13800138001"}
    Session Attrs = {}

Handler:
             Type = com.petshop.controller.api.AuthApiController
           Method = com.petshop.controller.api.AuthApiController#login(LoginRequest)

Async:
    Async started = false
     Async result = null

Resolved Exception:
             Type = null

ModelAndView:
        View name = null
             View = null
            Model = null

FlashMap:
       Attributes = null

MockHttpServletResponse:
           Status = 401
    Error message = null
          Headers = [Vary:"Origin", "Access-Control-Request-Method", "Access-Control-Request-Headers", Content-Type:"application/json", X-Content-Type-Options:"nosniff", X-XSS-Protection:"0", Cache-Control:"no-cache, no-store, max-age=0, must-revalidate", Pragma:"no-cache", Expires:"0", X-Frame-Options:"DENY"]
     Content type = application/json
             Body = {"code":401,"message":null,"data":null}
    Forwarded URL = null
   Redirected URL = null
          Cookies = []
2026-04-23T18:55:27.362+08:00 DEBUG 21652 --- [           main] com.petshop.mapper.UserMapper.insert     : ==>  Preparing: INSERT INTO "user" ( username, email, password, phone, status, created_at, updated_at ) VALUES ( ?, ?, ?, ?, ?, ?, ? )
2026-04-23T18:55:27.363+08:00 DEBUG 21652 --- [           main] com.petshop.mapper.UserMapper.insert     : ==> Parameters: testuser(String), testuser@example.com(String), $2a$10$qw.lVsDe.UOivBB.MrRFkOi35bnLewqGDJwDJwWZnlHU9rkEC1aZO(String), 13800138001(String), active(String), null, null
2026-04-23T18:55:27.363+08:00 DEBUG 21652 --- [           main] com.petshop.mapper.UserMapper.insert     : <==    Updates: 1
2026-04-23T18:55:27.364+08:00 DEBUG 21652 --- [           main] c.petshop.mapper.MerchantMapper.insert   : ==>  Preparing: INSERT INTO "merchant" ( name, contact_person, phone, email, password, address, status, created_at, updated_at ) VALUES ( ?, ?, ?, ?, ?, ?, ?, ?, ? )
2026-04-23T18:55:27.364+08:00 DEBUG 21652 --- [           main] c.petshop.mapper.MerchantMapper.insert   : ==> Parameters: Test Merchant(String), Contact Person(String), 13800138002(String), merchant@example.com(String), $2a$10$qw.lVsDe.UOivBB.MrRFkOi35bnLewqGDJwDJwWZnlHU9rkEC1aZO(String), Test Address(String), approved(String), null, null
2026-04-23T18:55:27.364+08:00 DEBUG 21652 --- [           main] c.petshop.mapper.MerchantMapper.insert   : <==    Updates: 1
2026-04-23T18:55:27.364+08:00 DEBUG 21652 --- [           main] com.petshop.mapper.AdminMapper.insert    : ==>  Preparing: INSERT INTO "admin" ( username, password, created_at, updated_at ) VALUES ( ?, ?, ?, ? )
2026-04-23T18:55:27.364+08:00 DEBUG 21652 --- [           main] com.petshop.mapper.AdminMapper.insert    : ==> Parameters: testadmin(String), $2a$10$qw.lVsDe.UOivBB.MrRFkOi35bnLewqGDJwDJwWZnlHU9rkEC1aZO(String), null, null
2026-04-23T18:55:27.365+08:00 DEBUG 21652 --- [           main] com.petshop.mapper.AdminMapper.insert    : <==    Updates: 1
2026-04-23T18:55:27.365+08:00 DEBUG 21652 --- [           main] o.s.security.web.FilterChainProxy        : Securing POST /api/auth/admin/login
2026-04-23T18:55:27.366+08:00 DEBUG 21652 --- [           main] o.s.s.w.a.AnonymousAuthenticationFilter  : Set SecurityContextHolder to anonymous SecurityContext
2026-04-23T18:55:27.366+08:00 DEBUG 21652 --- [           main] o.s.security.web.FilterChainProxy        : Secured POST /api/auth/admin/login
2026-04-23T18:55:27.367+08:00 DEBUG 21652 --- [           main] c.p.mapper.UserMapper.selectByPhone      : ==>  Preparing: SELECT * FROM `user` WHERE phone = ?
2026-04-23T18:55:27.368+08:00 DEBUG 21652 --- [           main] c.p.mapper.UserMapper.selectByPhone      : ==> Parameters: testadmin(String)
2026-04-23T18:55:27.368+08:00 DEBUG 21652 --- [           main] c.p.mapper.UserMapper.selectByPhone      : <==      Total: 0
2026-04-23T18:55:27.369+08:00 DEBUG 21652 --- [           main] c.p.mapper.MerchantMapper.selectByPhone  : ==>  Preparing: SELECT * FROM `merchant` WHERE phone = ?
2026-04-23T18:55:27.369+08:00 DEBUG 21652 --- [           main] c.p.mapper.MerchantMapper.selectByPhone  : ==> Parameters: testadmin(String)
2026-04-23T18:55:27.369+08:00 DEBUG 21652 --- [           main] c.p.mapper.MerchantMapper.selectByPhone  : <==      Total: 0
2026-04-23T18:55:27.369+08:00 DEBUG 21652 --- [           main] c.p.mapper.MerchantMapper.selectByEmail  : ==>  Preparing: SELECT * FROM `merchant` WHERE email = ?
2026-04-23T18:55:27.369+08:00 DEBUG 21652 --- [           main] c.p.mapper.MerchantMapper.selectByEmail  : ==> Parameters: testadmin(String)
2026-04-23T18:55:27.370+08:00 DEBUG 21652 --- [           main] c.p.mapper.MerchantMapper.selectByEmail  : <==      Total: 0
2026-04-23T18:55:27.370+08:00 DEBUG 21652 --- [           main] c.p.mapper.AdminMapper.selectByUsername  : ==>  Preparing: SELECT * FROM `admin` WHERE username = ?
2026-04-23T18:55:27.370+08:00 DEBUG 21652 --- [           main] c.p.mapper.AdminMapper.selectByUsername  : ==> Parameters: testadmin(String)
2026-04-23T18:55:27.371+08:00 DEBUG 21652 --- [           main] c.p.mapper.AdminMapper.selectByUsername  : <==      Total: 3
2026-04-23T18:55:27.371+08:00 DEBUG 21652 --- [           main] .s.a.DefaultAuthenticationEventPublisher : No event was found for the exception org.springframework.security.authentication.InternalAuthenticationServiceException

MockHttpServletRequest:
      HTTP Method = POST
      Request URI = /api/auth/admin/login
       Parameters = {}
          Headers = [Content-Type:"application/json;charset=UTF-8", Content-Length:"104"]
             Body = {"username":"testadmin","phone":null,"password":"password123","role":null,"loginIdentifier":"testadmin"}
    Session Attrs = {}

Handler:
             Type = com.petshop.controller.api.AuthApiController
           Method = com.petshop.controller.api.AuthApiController#adminLogin(LoginRequest)

Async:
    Async started = false
     Async result = null

Resolved Exception:
             Type = null

ModelAndView:
        View name = null
             View = null
            Model = null

FlashMap:
       Attributes = null

MockHttpServletResponse:
           Status = 401
    Error message = null
          Headers = [Vary:"Origin", "Access-Control-Request-Method", "Access-Control-Request-Headers", Content-Type:"application/json", X-Content-Type-Options:"nosniff", X-XSS-Protection:"0", Cache-Control:"no-cache, no-store, max-age=0, must-revalidate", Pragma:"no-cache", Expires:"0", X-Frame-Options:"DENY"]
     Content type = application/json
             Body = {"code":401,"message":null,"data":null}
    Forwarded URL = null
   Redirected URL = null
          Cookies = []
2026-04-23T18:55:27.464+08:00 DEBUG 21652 --- [           main] com.petshop.mapper.UserMapper.insert     : ==>  Preparing: INSERT INTO "user" ( username, email, password, phone, status, created_at, updated_at ) VALUES ( ?, ?, ?, ?, ?, ?, ? )
2026-04-23T18:55:27.464+08:00 DEBUG 21652 --- [           main] com.petshop.mapper.UserMapper.insert     : ==> Parameters: testuser(String), testuser@example.com(String), $2a$10$x2ya8KJBJLXIdM7wMsNUA./IvSoULpkCVM/RJKbmjdLGRtKhQNIbe(String), 13800138001(String), active(String), null, null
2026-04-23T18:55:27.465+08:00 DEBUG 21652 --- [           main] com.petshop.mapper.UserMapper.insert     : <==    Updates: 1
2026-04-23T18:55:27.465+08:00 DEBUG 21652 --- [           main] c.petshop.mapper.MerchantMapper.insert   : ==>  Preparing: INSERT INTO "merchant" ( name, contact_person, phone, email, password, address, status, created_at, updated_at ) VALUES ( ?, ?, ?, ?, ?, ?, ?, ?, ? )
2026-04-23T18:55:27.465+08:00 DEBUG 21652 --- [           main] c.petshop.mapper.MerchantMapper.insert   : ==> Parameters: Test Merchant(String), Contact Person(String), 13800138002(String), merchant@example.com(String), $2a$10$x2ya8KJBJLXIdM7wMsNUA./IvSoULpkCVM/RJKbmjdLGRtKhQNIbe(String), Test Address(String), approved(String), null, null
2026-04-23T18:55:27.465+08:00 DEBUG 21652 --- [           main] c.petshop.mapper.MerchantMapper.insert   : <==    Updates: 1
2026-04-23T18:55:27.465+08:00 DEBUG 21652 --- [           main] com.petshop.mapper.AdminMapper.insert    : ==>  Preparing: INSERT INTO "admin" ( username, password, created_at, updated_at ) VALUES ( ?, ?, ?, ? )
2026-04-23T18:55:27.465+08:00 DEBUG 21652 --- [           main] com.petshop.mapper.AdminMapper.insert    : ==> Parameters: testadmin(String), $2a$10$x2ya8KJBJLXIdM7wMsNUA./IvSoULpkCVM/RJKbmjdLGRtKhQNIbe(String), null, null
2026-04-23T18:55:27.465+08:00 DEBUG 21652 --- [           main] com.petshop.mapper.AdminMapper.insert    : <==    Updates: 1
2026-04-23T18:55:27.466+08:00 DEBUG 21652 --- [           main] o.s.security.web.FilterChainProxy        : Securing GET /api/merchant/profile
2026-04-23T18:55:27.466+08:00 DEBUG 21652 --- [           main] o.s.s.w.a.AnonymousAuthenticationFilter  : Set SecurityContextHolder to anonymous SecurityContext
2026-04-23T18:55:27.467+08:00 DEBUG 21652 --- [           main] o.s.security.web.FilterChainProxy        : Secured GET /api/merchant/profile
2026-04-23T18:55:27.558+08:00 DEBUG 21652 --- [           main] com.petshop.mapper.UserMapper.insert     : ==>  Preparing: INSERT INTO "user" ( username, email, password, phone, status, created_at, updated_at ) VALUES ( ?, ?, ?, ?, ?, ?, ? )
2026-04-23T18:55:27.558+08:00 DEBUG 21652 --- [           main] com.petshop.mapper.UserMapper.insert     : ==> Parameters: testuser(String), testuser@example.com(String), $2a$10$dASkSzuDAjoHJEQ7Lw/dMO/.rm/2pEU26EKWYJqkmGMhjpH61BttO(String), 13800138001(String), active(String), null, null
2026-04-23T18:55:27.558+08:00 DEBUG 21652 --- [           main] com.petshop.mapper.UserMapper.insert     : <==    Updates: 1
2026-04-23T18:55:27.558+08:00 DEBUG 21652 --- [           main] c.petshop.mapper.MerchantMapper.insert   : ==>  Preparing: INSERT INTO "merchant" ( name, contact_person, phone, email, password, address, status, created_at, updated_at ) VALUES ( ?, ?, ?, ?, ?, ?, ?, ?, ? )
2026-04-23T18:55:27.559+08:00 DEBUG 21652 --- [           main] c.petshop.mapper.MerchantMapper.insert   : ==> Parameters: Test Merchant(String), Contact Person(String), 13800138002(String), merchant@example.com(String), $2a$10$dASkSzuDAjoHJEQ7Lw/dMO/.rm/2pEU26EKWYJqkmGMhjpH61BttO(String), Test Address(String), approved(String), null, null
2026-04-23T18:55:27.559+08:00 DEBUG 21652 --- [           main] c.petshop.mapper.MerchantMapper.insert   : <==    Updates: 1
2026-04-23T18:55:27.559+08:00 DEBUG 21652 --- [           main] com.petshop.mapper.AdminMapper.insert    : ==>  Preparing: INSERT INTO "admin" ( username, password, created_at, updated_at ) VALUES ( ?, ?, ?, ? )
2026-04-23T18:55:27.559+08:00 DEBUG 21652 --- [           main] com.petshop.mapper.AdminMapper.insert    : ==> Parameters: testadmin(String), $2a$10$dASkSzuDAjoHJEQ7Lw/dMO/.rm/2pEU26EKWYJqkmGMhjpH61BttO(String), null, null
2026-04-23T18:55:27.559+08:00 DEBUG 21652 --- [           main] com.petshop.mapper.AdminMapper.insert    : <==    Updates: 1
2026-04-23T18:55:27.560+08:00 DEBUG 21652 --- [           main] o.s.security.web.FilterChainProxy        : Securing GET /api/user/profile
2026-04-23T18:55:27.561+08:00 DEBUG 21652 --- [           main] o.s.s.w.a.AnonymousAuthenticationFilter  : Set SecurityContextHolder to anonymous SecurityContext
2026-04-23T18:55:27.561+08:00 DEBUG 21652 --- [           main] o.s.s.w.a.Http403ForbiddenEntryPoint     : Pre-authenticated entry point called. Rejecting access
2026-04-23T18:55:27.648+08:00 DEBUG 21652 --- [           main] com.petshop.mapper.UserMapper.insert     : ==>  Preparing: INSERT INTO "user" ( username, email, password, phone, status, created_at, updated_at ) VALUES ( ?, ?, ?, ?, ?, ?, ? )
2026-04-23T18:55:27.648+08:00 DEBUG 21652 --- [           main] com.petshop.mapper.UserMapper.insert     : ==> Parameters: testuser(String), testuser@example.com(String), $2a$10$ljYV4G/j8UU0qo5P5fFy8uJETrTHdeTDKF8MAVNatkmqjUYSbyZfW(String), 13800138001(String), active(String), null, null
2026-04-23T18:55:27.649+08:00 DEBUG 21652 --- [           main] com.petshop.mapper.UserMapper.insert     : <==    Updates: 1
2026-04-23T18:55:27.649+08:00 DEBUG 21652 --- [           main] c.petshop.mapper.MerchantMapper.insert   : ==>  Preparing: INSERT INTO "merchant" ( name, contact_person, phone, email, password, address, status, created_at, updated_at ) VALUES ( ?, ?, ?, ?, ?, ?, ?, ?, ? )
2026-04-23T18:55:27.649+08:00 DEBUG 21652 --- [           main] c.petshop.mapper.MerchantMapper.insert   : ==> Parameters: Test Merchant(String), Contact Person(String), 13800138002(String), merchant@example.com(String), $2a$10$ljYV4G/j8UU0qo5P5fFy8uJETrTHdeTDKF8MAVNatkmqjUYSbyZfW(String), Test Address(String), approved(String), null, null
2026-04-23T18:55:27.650+08:00 DEBUG 21652 --- [           main] c.petshop.mapper.MerchantMapper.insert   : <==    Updates: 1
2026-04-23T18:55:27.650+08:00 DEBUG 21652 --- [           main] com.petshop.mapper.AdminMapper.insert    : ==>  Preparing: INSERT INTO "admin" ( username, password, created_at, updated_at ) VALUES ( ?, ?, ?, ? )
2026-04-23T18:55:27.651+08:00 DEBUG 21652 --- [           main] com.petshop.mapper.AdminMapper.insert    : ==> Parameters: testadmin(String), $2a$10$ljYV4G/j8UU0qo5P5fFy8uJETrTHdeTDKF8MAVNatkmqjUYSbyZfW(String), null, null
2026-04-23T18:55:27.651+08:00 DEBUG 21652 --- [           main] com.petshop.mapper.AdminMapper.insert    : <==    Updates: 1
2026-04-23T18:55:27.651+08:00 DEBUG 21652 --- [           main] o.s.security.web.FilterChainProxy        : Securing GET /api/user/profile
2026-04-23T18:55:27.652+08:00 DEBUG 21652 --- [           main] o.s.s.w.a.AnonymousAuthenticationFilter  : Set SecurityContextHolder to anonymous SecurityContext
2026-04-23T18:55:27.653+08:00 DEBUG 21652 --- [           main] o.s.s.w.a.Http403ForbiddenEntryPoint     : Pre-authenticated entry point called. Rejecting access
2026-04-23T18:55:27.739+08:00 DEBUG 21652 --- [           main] com.petshop.mapper.UserMapper.insert     : ==>  Preparing: INSERT INTO "user" ( username, email, password, phone, status, created_at, updated_at ) VALUES ( ?, ?, ?, ?, ?, ?, ? )
2026-04-23T18:55:27.740+08:00 DEBUG 21652 --- [           main] com.petshop.mapper.UserMapper.insert     : ==> Parameters: testuser(String), testuser@example.com(String), $2a$10$LxYrTU5F4AwaJ7uy1YbVauuPGDKclWRUs7rQLnpyXbRg3Q70yKGn2(String), 13800138001(String), active(String), null, null
2026-04-23T18:55:27.741+08:00 DEBUG 21652 --- [           main] com.petshop.mapper.UserMapper.insert     : <==    Updates: 1
2026-04-23T18:55:27.741+08:00 DEBUG 21652 --- [           main] c.petshop.mapper.MerchantMapper.insert   : ==>  Preparing: INSERT INTO "merchant" ( name, contact_person, phone, email, password, address, status, created_at, updated_at ) VALUES ( ?, ?, ?, ?, ?, ?, ?, ?, ? )
2026-04-23T18:55:27.742+08:00 DEBUG 21652 --- [           main] c.petshop.mapper.MerchantMapper.insert   : ==> Parameters: Test Merchant(String), Contact Person(String), 13800138002(String), merchant@example.com(String), $2a$10$LxYrTU5F4AwaJ7uy1YbVauuPGDKclWRUs7rQLnpyXbRg3Q70yKGn2(String), Test Address(String), approved(String), null, null
2026-04-23T18:55:27.742+08:00 DEBUG 21652 --- [           main] c.petshop.mapper.MerchantMapper.insert   : <==    Updates: 1
2026-04-23T18:55:27.742+08:00 DEBUG 21652 --- [           main] com.petshop.mapper.AdminMapper.insert    : ==>  Preparing: INSERT INTO "admin" ( username, password, created_at, updated_at ) VALUES ( ?, ?, ?, ? )
2026-04-23T18:55:27.742+08:00 DEBUG 21652 --- [           main] com.petshop.mapper.AdminMapper.insert    : ==> Parameters: testadmin(String), $2a$10$LxYrTU5F4AwaJ7uy1YbVauuPGDKclWRUs7rQLnpyXbRg3Q70yKGn2(String), null, null
2026-04-23T18:55:27.743+08:00 DEBUG 21652 --- [           main] com.petshop.mapper.AdminMapper.insert    : <==    Updates: 1
2026-04-23T18:55:27.743+08:00 DEBUG 21652 --- [           main] o.s.security.web.FilterChainProxy        : Securing GET /api/user/profile
2026-04-23T18:55:27.744+08:00 DEBUG 21652 --- [           main] o.s.s.w.a.AnonymousAuthenticationFilter  : Set SecurityContextHolder to anonymous SecurityContext
2026-04-23T18:55:27.744+08:00 DEBUG 21652 --- [           main] o.s.s.w.a.Http403ForbiddenEntryPoint     : Pre-authenticated entry point called. Rejecting access
[ERROR] Tests run: 24, Failures: 10, Errors: 0, Skipped: 0, Time elapsed: 6.115 s <<< FAILURE! -- in com.petshop.integration.SecurityIntegrationTest$AuthorizationTests
[ERROR] com.petshop.integration.SecurityIntegrationTest$AuthorizationTests.testAuthenticatedAccess_UserApi_GetAppointments -- Time elapsed: 0.157 s <<< FAILURE!
java.lang.AssertionError: Status expected:<200> but was:<401>
	at org.springframework.test.util.AssertionErrors.fail(AssertionErrors.java:59)
	at org.springframework.test.util.AssertionErrors.assertEquals(AssertionErrors.java:122)
	at org.springframework.test.web.servlet.result.StatusResultMatchers.lambda$matcher$9(StatusResultMatchers.java:637)
	at org.springframework.test.web.servlet.MockMvc$1.andExpect(MockMvc.java:214)
	at com.petshop.integration.SecurityIntegrationTest.loginUser(SecurityIntegrationTest.java:715)
	at com.petshop.integration.SecurityIntegrationTest$AuthorizationTests.testAuthenticatedAccess_UserApi_GetAppointments(SecurityIntegrationTest.java:255)
	at java.base/java.lang.reflect.Method.invoke(Method.java:569)
	at java.base/java.util.ArrayList.forEach(ArrayList.java:1511)
	at java.base/java.util.ArrayList.forEach(ArrayList.java:1511)
	at java.base/java.util.ArrayList.forEach(ArrayList.java:1511)

[ERROR] com.petshop.integration.SecurityIntegrationTest$AuthorizationTests.testAuthenticatedAccess_AdminRole -- Time elapsed: 0.137 s <<< FAILURE!
java.lang.AssertionError: Status expected:<200> but was:<401>
	at org.springframework.test.util.AssertionErrors.fail(AssertionErrors.java:59)
	at org.springframework.test.util.AssertionErrors.assertEquals(AssertionErrors.java:122)
	at org.springframework.test.web.servlet.result.StatusResultMatchers.lambda$matcher$9(StatusResultMatchers.java:637)
	at org.springframework.test.web.servlet.MockMvc$1.andExpect(MockMvc.java:214)
	at com.petshop.integration.SecurityIntegrationTest.loginAdmin(SecurityIntegrationTest.java:751)
	at com.petshop.integration.SecurityIntegrationTest$AuthorizationTests.testAuthenticatedAccess_AdminRole(SecurityIntegrationTest.java:308)
	at java.base/java.lang.reflect.Method.invoke(Method.java:569)
	at java.base/java.util.ArrayList.forEach(ArrayList.java:1511)
	at java.base/java.util.ArrayList.forEach(ArrayList.java:1511)
	at java.base/java.util.ArrayList.forEach(ArrayList.java:1511)

[ERROR] com.petshop.integration.SecurityIntegrationTest$AuthorizationTests.testMerchantLogin_WithEmail -- Time elapsed: 0.113 s <<< FAILURE!
java.lang.AssertionError: Status expected:<200> but was:<401>
	at org.springframework.test.util.AssertionErrors.fail(AssertionErrors.java:59)
	at org.springframework.test.util.AssertionErrors.assertEquals(AssertionErrors.java:122)
	at org.springframework.test.web.servlet.result.StatusResultMatchers.lambda$matcher$9(StatusResultMatchers.java:637)
	at org.springframework.test.web.servlet.MockMvc$1.andExpect(MockMvc.java:214)
	at com.petshop.integration.SecurityIntegrationTest$AuthorizationTests.testMerchantLogin_WithEmail(SecurityIntegrationTest.java:427)
	at java.base/java.lang.reflect.Method.invoke(Method.java:569)
	at java.base/java.util.ArrayList.forEach(ArrayList.java:1511)
	at java.base/java.util.ArrayList.forEach(ArrayList.java:1511)
	at java.base/java.util.ArrayList.forEach(ArrayList.java:1511)

[ERROR] com.petshop.integration.SecurityIntegrationTest$AuthorizationTests.testAuthenticatedAccess_UserApi_GetPets -- Time elapsed: 0.102 s <<< FAILURE!
java.lang.AssertionError: Status expected:<200> but was:<401>
	at org.springframework.test.util.AssertionErrors.fail(AssertionErrors.java:59)
	at org.springframework.test.util.AssertionErrors.assertEquals(AssertionErrors.java:122)
	at org.springframework.test.web.servlet.result.StatusResultMatchers.lambda$matcher$9(StatusResultMatchers.java:637)
	at org.springframework.test.web.servlet.MockMvc$1.andExpect(MockMvc.java:214)
	at com.petshop.integration.SecurityIntegrationTest.loginUser(SecurityIntegrationTest.java:715)
	at com.petshop.integration.SecurityIntegrationTest$AuthorizationTests.testAuthenticatedAccess_UserApi_GetPets(SecurityIntegrationTest.java:245)
	at java.base/java.lang.reflect.Method.invoke(Method.java:569)
	at java.base/java.util.ArrayList.forEach(ArrayList.java:1511)
	at java.base/java.util.ArrayList.forEach(ArrayList.java:1511)
	at java.base/java.util.ArrayList.forEach(ArrayList.java:1511)

[ERROR] com.petshop.integration.SecurityIntegrationTest$AuthorizationTests.testAuthenticatedAccess_UserRole -- Time elapsed: 0.102 s <<< FAILURE!
java.lang.AssertionError: Status expected:<200> but was:<401>
	at org.springframework.test.util.AssertionErrors.fail(AssertionErrors.java:59)
	at org.springframework.test.util.AssertionErrors.assertEquals(AssertionErrors.java:122)
	at org.springframework.test.web.servlet.result.StatusResultMatchers.lambda$matcher$9(StatusResultMatchers.java:637)
	at org.springframework.test.web.servlet.MockMvc$1.andExpect(MockMvc.java:214)
	at com.petshop.integration.SecurityIntegrationTest.loginUser(SecurityIntegrationTest.java:715)
	at com.petshop.integration.SecurityIntegrationTest$AuthorizationTests.testAuthenticatedAccess_UserRole(SecurityIntegrationTest.java:234)
	at java.base/java.lang.reflect.Method.invoke(Method.java:569)
	at java.base/java.util.ArrayList.forEach(ArrayList.java:1511)
	at java.base/java.util.ArrayList.forEach(ArrayList.java:1511)
	at java.base/java.util.ArrayList.forEach(ArrayList.java:1511)

[ERROR] com.petshop.integration.SecurityIntegrationTest$AuthorizationTests.testGetCurrentUserInfo -- Time elapsed: 0.096 s <<< FAILURE!
java.lang.AssertionError: Status expected:<200> but was:<401>
	at org.springframework.test.util.AssertionErrors.fail(AssertionErrors.java:59)
	at org.springframework.test.util.AssertionErrors.assertEquals(AssertionErrors.java:122)
	at org.springframework.test.web.servlet.result.StatusResultMatchers.lambda$matcher$9(StatusResultMatchers.java:637)
	at org.springframework.test.web.servlet.MockMvc$1.andExpect(MockMvc.java:214)
	at com.petshop.integration.SecurityIntegrationTest.loginUser(SecurityIntegrationTest.java:715)
	at com.petshop.integration.SecurityIntegrationTest$AuthorizationTests.testGetCurrentUserInfo(SecurityIntegrationTest.java:451)
	at java.base/java.lang.reflect.Method.invoke(Method.java:569)
	at java.base/java.util.ArrayList.forEach(ArrayList.java:1511)
	at java.base/java.util.ArrayList.forEach(ArrayList.java:1511)
	at java.base/java.util.ArrayList.forEach(ArrayList.java:1511)

[ERROR] com.petshop.integration.SecurityIntegrationTest$AuthorizationTests.testAdminLogin -- Time elapsed: 0.099 s <<< FAILURE!
java.lang.AssertionError: Status expected:<200> but was:<401>
	at org.springframework.test.util.AssertionErrors.fail(AssertionErrors.java:59)
	at org.springframework.test.util.AssertionErrors.assertEquals(AssertionErrors.java:122)
	at org.springframework.test.web.servlet.result.StatusResultMatchers.lambda$matcher$9(StatusResultMatchers.java:637)
	at org.springframework.test.web.servlet.MockMvc$1.andExpect(MockMvc.java:214)
	at com.petshop.integration.SecurityIntegrationTest$AuthorizationTests.testAdminLogin(SecurityIntegrationTest.java:442)
	at java.base/java.lang.reflect.Method.invoke(Method.java:569)
	at java.base/java.util.ArrayList.forEach(ArrayList.java:1511)
	at java.base/java.util.ArrayList.forEach(ArrayList.java:1511)
	at java.base/java.util.ArrayList.forEach(ArrayList.java:1511)

[ERROR] com.petshop.integration.SecurityIntegrationTest$AuthorizationTests.testAuthenticatedAccess_UserApi_GetOrders -- Time elapsed: 0.096 s <<< FAILURE!
java.lang.AssertionError: Status expected:<200> but was:<401>
	at org.springframework.test.util.AssertionErrors.fail(AssertionErrors.java:59)
	at org.springframework.test.util.AssertionErrors.assertEquals(AssertionErrors.java:122)
	at org.springframework.test.web.servlet.result.StatusResultMatchers.lambda$matcher$9(StatusResultMatchers.java:637)
	at org.springframework.test.web.servlet.MockMvc$1.andExpect(MockMvc.java:214)
	at com.petshop.integration.SecurityIntegrationTest.loginUser(SecurityIntegrationTest.java:715)
	at com.petshop.integration.SecurityIntegrationTest$AuthorizationTests.testAuthenticatedAccess_UserApi_GetOrders(SecurityIntegrationTest.java:265)
	at java.base/java.lang.reflect.Method.invoke(Method.java:569)
	at java.base/java.util.ArrayList.forEach(ArrayList.java:1511)
	at java.base/java.util.ArrayList.forEach(ArrayList.java:1511)
	at java.base/java.util.ArrayList.forEach(ArrayList.java:1511)

[ERROR] com.petshop.integration.SecurityIntegrationTest$AuthorizationTests.testUserLogin -- Time elapsed: 0.097 s <<< FAILURE!
java.lang.AssertionError: Status expected:<200> but was:<401>
	at org.springframework.test.util.AssertionErrors.fail(AssertionErrors.java:59)
	at org.springframework.test.util.AssertionErrors.assertEquals(AssertionErrors.java:122)
	at org.springframework.test.web.servlet.result.StatusResultMatchers.lambda$matcher$9(StatusResultMatchers.java:637)
	at org.springframework.test.web.servlet.MockMvc$1.andExpect(MockMvc.java:214)
	at com.petshop.integration.SecurityIntegrationTest$AuthorizationTests.testUserLogin(SecurityIntegrationTest.java:367)
	at java.base/java.lang.reflect.Method.invoke(Method.java:569)
	at java.base/java.util.ArrayList.forEach(ArrayList.java:1511)
	at java.base/java.util.ArrayList.forEach(ArrayList.java:1511)
	at java.base/java.util.ArrayList.forEach(ArrayList.java:1511)

[ERROR] com.petshop.integration.SecurityIntegrationTest$AuthorizationTests.testAuthenticatedAccess_AdminApi_GetMerchants -- Time elapsed: 0.099 s <<< FAILURE!
java.lang.AssertionError: Status expected:<200> but was:<401>
	at org.springframework.test.util.AssertionErrors.fail(AssertionErrors.java:59)
	at org.springframework.test.util.AssertionErrors.assertEquals(AssertionErrors.java:122)
	at org.springframework.test.web.servlet.result.StatusResultMatchers.lambda$matcher$9(StatusResultMatchers.java:637)
	at org.springframework.test.web.servlet.MockMvc$1.andExpect(MockMvc.java:214)
	at com.petshop.integration.SecurityIntegrationTest.loginAdmin(SecurityIntegrationTest.java:751)
	at com.petshop.integration.SecurityIntegrationTest$AuthorizationTests.testAuthenticatedAccess_AdminApi_GetMerchants(SecurityIntegrationTest.java:321)
	at java.base/java.lang.reflect.Method.invoke(Method.java:569)
	at java.base/java.util.ArrayList.forEach(ArrayList.java:1511)
	at java.base/java.util.ArrayList.forEach(ArrayList.java:1511)
	at java.base/java.util.ArrayList.forEach(ArrayList.java:1511)

[INFO] Running com.petshop.integration.SecurityIntegrationTest$JwtAuthenticationTests
2026-04-23T18:55:27.753+08:00  INFO 21652 --- [           main] t.c.s.AnnotationConfigContextLoaderUtils : Could not detect default configuration classes for test class [com.petshop.integration.SecurityIntegrationTest$JwtAuthenticationTests]: JwtAuthenticationTests does not declare any static, non-private, non-final, nested classes annotated with @Configuration.
2026-04-23T18:55:27.758+08:00  INFO 21652 --- [           main] .b.t.c.SpringBootTestContextBootstrapper : Found @SpringBootConfiguration com.petshop.PetManagementSystemApplication for test class com.petshop.integration.SecurityIntegrationTest$JwtAuthenticationTests
2026-04-23T18:55:27.851+08:00 DEBUG 21652 --- [           main] com.petshop.mapper.UserMapper.insert     : ==>  Preparing: INSERT INTO "user" ( username, email, password, phone, status, created_at, updated_at ) VALUES ( ?, ?, ?, ?, ?, ?, ? )
2026-04-23T18:55:27.851+08:00 DEBUG 21652 --- [           main] com.petshop.mapper.UserMapper.insert     : ==> Parameters: testuser(String), testuser@example.com(String), $2a$10$W6X7nOL1JvOD.WLBjmmMKOOod08KHXcOCw3ZXSxRGotV4Bfpezsii(String), 13800138001(String), active(String), null, null
2026-04-23T18:55:27.851+08:00 DEBUG 21652 --- [           main] com.petshop.mapper.UserMapper.insert     : <==    Updates: 1
2026-04-23T18:55:27.851+08:00 DEBUG 21652 --- [           main] c.petshop.mapper.MerchantMapper.insert   : ==>  Preparing: INSERT INTO "merchant" ( name, contact_person, phone, email, password, address, status, created_at, updated_at ) VALUES ( ?, ?, ?, ?, ?, ?, ?, ?, ? )
2026-04-23T18:55:27.852+08:00 DEBUG 21652 --- [           main] c.petshop.mapper.MerchantMapper.insert   : ==> Parameters: Test Merchant(String), Contact Person(String), 13800138002(String), merchant@example.com(String), $2a$10$W6X7nOL1JvOD.WLBjmmMKOOod08KHXcOCw3ZXSxRGotV4Bfpezsii(String), Test Address(String), approved(String), null, null
2026-04-23T18:55:27.852+08:00 DEBUG 21652 --- [           main] c.petshop.mapper.MerchantMapper.insert   : <==    Updates: 1
2026-04-23T18:55:27.852+08:00 DEBUG 21652 --- [           main] com.petshop.mapper.AdminMapper.insert    : ==>  Preparing: INSERT INTO "admin" ( username, password, created_at, updated_at ) VALUES ( ?, ?, ?, ? )
2026-04-23T18:55:27.852+08:00 DEBUG 21652 --- [           main] com.petshop.mapper.AdminMapper.insert    : ==> Parameters: testadmin(String), $2a$10$W6X7nOL1JvOD.WLBjmmMKOOod08KHXcOCw3ZXSxRGotV4Bfpezsii(String), null, null
2026-04-23T18:55:27.852+08:00 DEBUG 21652 --- [           main] com.petshop.mapper.AdminMapper.insert    : <==    Updates: 1
2026-04-23T18:55:27.939+08:00 DEBUG 21652 --- [           main] com.petshop.mapper.UserMapper.insert     : ==>  Preparing: INSERT INTO "user" ( username, email, password, phone, status, created_at, updated_at ) VALUES ( ?, ?, ?, ?, ?, ?, ? )
2026-04-23T18:55:27.939+08:00 DEBUG 21652 --- [           main] com.petshop.mapper.UserMapper.insert     : ==> Parameters: testuser(String), testuser@example.com(String), $2a$10$EHrQXjFtz859DmiwNyX/L.EgIYNYPr6Z6E/0USqtqVc0QHq8zE7vi(String), 13800138001(String), active(String), null, null
2026-04-23T18:55:27.941+08:00 DEBUG 21652 --- [           main] com.petshop.mapper.UserMapper.insert     : <==    Updates: 1
2026-04-23T18:55:27.941+08:00 DEBUG 21652 --- [           main] c.petshop.mapper.MerchantMapper.insert   : ==>  Preparing: INSERT INTO "merchant" ( name, contact_person, phone, email, password, address, status, created_at, updated_at ) VALUES ( ?, ?, ?, ?, ?, ?, ?, ?, ? )
2026-04-23T18:55:27.941+08:00 DEBUG 21652 --- [           main] c.petshop.mapper.MerchantMapper.insert   : ==> Parameters: Test Merchant(String), Contact Person(String), 13800138002(String), merchant@example.com(String), $2a$10$EHrQXjFtz859DmiwNyX/L.EgIYNYPr6Z6E/0USqtqVc0QHq8zE7vi(String), Test Address(String), approved(String), null, null
2026-04-23T18:55:27.941+08:00 DEBUG 21652 --- [           main] c.petshop.mapper.MerchantMapper.insert   : <==    Updates: 1
2026-04-23T18:55:27.941+08:00 DEBUG 21652 --- [           main] com.petshop.mapper.AdminMapper.insert    : ==>  Preparing: INSERT INTO "admin" ( username, password, created_at, updated_at ) VALUES ( ?, ?, ?, ? )
2026-04-23T18:55:27.941+08:00 DEBUG 21652 --- [           main] com.petshop.mapper.AdminMapper.insert    : ==> Parameters: testadmin(String), $2a$10$EHrQXjFtz859DmiwNyX/L.EgIYNYPr6Z6E/0USqtqVc0QHq8zE7vi(String), null, null
2026-04-23T18:55:27.942+08:00 DEBUG 21652 --- [           main] com.petshop.mapper.AdminMapper.insert    : <==    Updates: 1
JWT claims string is empty: CharSequence cannot be null or empty.
2026-04-23T18:55:28.028+08:00 DEBUG 21652 --- [           main] com.petshop.mapper.UserMapper.insert     : ==>  Preparing: INSERT INTO "user" ( username, email, password, phone, status, created_at, updated_at ) VALUES ( ?, ?, ?, ?, ?, ?, ? )
2026-04-23T18:55:28.028+08:00 DEBUG 21652 --- [           main] com.petshop.mapper.UserMapper.insert     : ==> Parameters: testuser(String), testuser@example.com(String), $2a$10$SHOnuNhQZIPJ1Ou69a04AO6XR70eZuHoNZVJZQCpY83zksZgl6lQS(String), 13800138001(String), active(String), null, null
2026-04-23T18:55:28.029+08:00 DEBUG 21652 --- [           main] com.petshop.mapper.UserMapper.insert     : <==    Updates: 1
2026-04-23T18:55:28.029+08:00 DEBUG 21652 --- [           main] c.petshop.mapper.MerchantMapper.insert   : ==>  Preparing: INSERT INTO "merchant" ( name, contact_person, phone, email, password, address, status, created_at, updated_at ) VALUES ( ?, ?, ?, ?, ?, ?, ?, ?, ? )
2026-04-23T18:55:28.029+08:00 DEBUG 21652 --- [           main] c.petshop.mapper.MerchantMapper.insert   : ==> Parameters: Test Merchant(String), Contact Person(String), 13800138002(String), merchant@example.com(String), $2a$10$SHOnuNhQZIPJ1Ou69a04AO6XR70eZuHoNZVJZQCpY83zksZgl6lQS(String), Test Address(String), approved(String), null, null
2026-04-23T18:55:28.029+08:00 DEBUG 21652 --- [           main] c.petshop.mapper.MerchantMapper.insert   : <==    Updates: 1
2026-04-23T18:55:28.029+08:00 DEBUG 21652 --- [           main] com.petshop.mapper.AdminMapper.insert    : ==>  Preparing: INSERT INTO "admin" ( username, password, created_at, updated_at ) VALUES ( ?, ?, ?, ? )
2026-04-23T18:55:28.029+08:00 DEBUG 21652 --- [           main] com.petshop.mapper.AdminMapper.insert    : ==> Parameters: testadmin(String), $2a$10$SHOnuNhQZIPJ1Ou69a04AO6XR70eZuHoNZVJZQCpY83zksZgl6lQS(String), null, null
2026-04-23T18:55:28.029+08:00 DEBUG 21652 --- [           main] com.petshop.mapper.AdminMapper.insert    : <==    Updates: 1
Invalid JWT token: Invalid compact JWT string: Compact JWSs must contain exactly 2 period characters, and compact JWEs must contain exactly 4.  Found: 0
2026-04-23T18:55:28.116+08:00 DEBUG 21652 --- [           main] com.petshop.mapper.UserMapper.insert     : ==>  Preparing: INSERT INTO "user" ( username, email, password, phone, status, created_at, updated_at ) VALUES ( ?, ?, ?, ?, ?, ?, ? )
2026-04-23T18:55:28.117+08:00 DEBUG 21652 --- [           main] com.petshop.mapper.UserMapper.insert     : ==> Parameters: testuser(String), testuser@example.com(String), $2a$10$CYw6QocOe0AHMN4.CD1ETONftUUF7GdHj0MOLues9ZIgjM.F6kkFW(String), 13800138001(String), active(String), null, null
2026-04-23T18:55:28.117+08:00 DEBUG 21652 --- [           main] com.petshop.mapper.UserMapper.insert     : <==    Updates: 1
2026-04-23T18:55:28.117+08:00 DEBUG 21652 --- [           main] c.petshop.mapper.MerchantMapper.insert   : ==>  Preparing: INSERT INTO "merchant" ( name, contact_person, phone, email, password, address, status, created_at, updated_at ) VALUES ( ?, ?, ?, ?, ?, ?, ?, ?, ? )
2026-04-23T18:55:28.117+08:00 DEBUG 21652 --- [           main] c.petshop.mapper.MerchantMapper.insert   : ==> Parameters: Test Merchant(String), Contact Person(String), 13800138002(String), merchant@example.com(String), $2a$10$CYw6QocOe0AHMN4.CD1ETONftUUF7GdHj0MOLues9ZIgjM.F6kkFW(String), Test Address(String), approved(String), null, null
2026-04-23T18:55:28.118+08:00 DEBUG 21652 --- [           main] c.petshop.mapper.MerchantMapper.insert   : <==    Updates: 1
2026-04-23T18:55:28.118+08:00 DEBUG 21652 --- [           main] com.petshop.mapper.AdminMapper.insert    : ==>  Preparing: INSERT INTO "admin" ( username, password, created_at, updated_at ) VALUES ( ?, ?, ?, ? )
2026-04-23T18:55:28.118+08:00 DEBUG 21652 --- [           main] com.petshop.mapper.AdminMapper.insert    : ==> Parameters: testadmin(String), $2a$10$CYw6QocOe0AHMN4.CD1ETONftUUF7GdHj0MOLues9ZIgjM.F6kkFW(String), null, null
2026-04-23T18:55:28.118+08:00 DEBUG 21652 --- [           main] com.petshop.mapper.AdminMapper.insert    : <==    Updates: 1
2026-04-23T18:55:28.209+08:00 DEBUG 21652 --- [           main] com.petshop.mapper.UserMapper.insert     : ==>  Preparing: INSERT INTO "user" ( username, email, password, phone, status, created_at, updated_at ) VALUES ( ?, ?, ?, ?, ?, ?, ? )
2026-04-23T18:55:28.209+08:00 DEBUG 21652 --- [           main] com.petshop.mapper.UserMapper.insert     : ==> Parameters: testuser(String), testuser@example.com(String), $2a$10$oAZPAmUm1h/0vlfG1t6vOe/HXWA.E7ZND1TeO1RvMeUhJKgcqXKn2(String), 13800138001(String), active(String), null, null
2026-04-23T18:55:28.209+08:00 DEBUG 21652 --- [           main] com.petshop.mapper.UserMapper.insert     : <==    Updates: 1
2026-04-23T18:55:28.209+08:00 DEBUG 21652 --- [           main] c.petshop.mapper.MerchantMapper.insert   : ==>  Preparing: INSERT INTO "merchant" ( name, contact_person, phone, email, password, address, status, created_at, updated_at ) VALUES ( ?, ?, ?, ?, ?, ?, ?, ?, ? )
2026-04-23T18:55:28.209+08:00 DEBUG 21652 --- [           main] c.petshop.mapper.MerchantMapper.insert   : ==> Parameters: Test Merchant(String), Contact Person(String), 13800138002(String), merchant@example.com(String), $2a$10$oAZPAmUm1h/0vlfG1t6vOe/HXWA.E7ZND1TeO1RvMeUhJKgcqXKn2(String), Test Address(String), approved(String), null, null
2026-04-23T18:55:28.210+08:00 DEBUG 21652 --- [           main] c.petshop.mapper.MerchantMapper.insert   : <==    Updates: 1
2026-04-23T18:55:28.210+08:00 DEBUG 21652 --- [           main] com.petshop.mapper.AdminMapper.insert    : ==>  Preparing: INSERT INTO "admin" ( username, password, created_at, updated_at ) VALUES ( ?, ?, ?, ? )
2026-04-23T18:55:28.210+08:00 DEBUG 21652 --- [           main] com.petshop.mapper.AdminMapper.insert    : ==> Parameters: testadmin(String), $2a$10$oAZPAmUm1h/0vlfG1t6vOe/HXWA.E7ZND1TeO1RvMeUhJKgcqXKn2(String), null, null
2026-04-23T18:55:28.210+08:00 DEBUG 21652 --- [           main] com.petshop.mapper.AdminMapper.insert    : <==    Updates: 1
Invalid JWT token: Malformed protected header JSON: Unable to deserialize: Unexpected character ('?' (code 65533 / 0xfffd)): expected a valid value (JSON String, Number, Array, Object or token 'null', 'true' or 'false')
 at [Source: (InputStreamReader); line: 1, column: 2]
2026-04-23T18:55:28.296+08:00 DEBUG 21652 --- [           main] com.petshop.mapper.UserMapper.insert     : ==>  Preparing: INSERT INTO "user" ( username, email, password, phone, status, created_at, updated_at ) VALUES ( ?, ?, ?, ?, ?, ?, ? )
2026-04-23T18:55:28.296+08:00 DEBUG 21652 --- [           main] com.petshop.mapper.UserMapper.insert     : ==> Parameters: testuser(String), testuser@example.com(String), $2a$10$WJGE5/86yrGy/7ByJLRw.uMVTC5VNlIYIV9gdvZfp.3xb3GJZz3mC(String), 13800138001(String), active(String), null, null
2026-04-23T18:55:28.297+08:00 DEBUG 21652 --- [           main] com.petshop.mapper.UserMapper.insert     : <==    Updates: 1
2026-04-23T18:55:28.297+08:00 DEBUG 21652 --- [           main] c.petshop.mapper.MerchantMapper.insert   : ==>  Preparing: INSERT INTO "merchant" ( name, contact_person, phone, email, password, address, status, created_at, updated_at ) VALUES ( ?, ?, ?, ?, ?, ?, ?, ?, ? )
2026-04-23T18:55:28.297+08:00 DEBUG 21652 --- [           main] c.petshop.mapper.MerchantMapper.insert   : ==> Parameters: Test Merchant(String), Contact Person(String), 13800138002(String), merchant@example.com(String), $2a$10$WJGE5/86yrGy/7ByJLRw.uMVTC5VNlIYIV9gdvZfp.3xb3GJZz3mC(String), Test Address(String), approved(String), null, null
2026-04-23T18:55:28.297+08:00 DEBUG 21652 --- [           main] c.petshop.mapper.MerchantMapper.insert   : <==    Updates: 1
2026-04-23T18:55:28.297+08:00 DEBUG 21652 --- [           main] com.petshop.mapper.AdminMapper.insert    : ==>  Preparing: INSERT INTO "admin" ( username, password, created_at, updated_at ) VALUES ( ?, ?, ?, ? )
2026-04-23T18:55:28.298+08:00 DEBUG 21652 --- [           main] com.petshop.mapper.AdminMapper.insert    : ==> Parameters: testadmin(String), $2a$10$WJGE5/86yrGy/7ByJLRw.uMVTC5VNlIYIV9gdvZfp.3xb3GJZz3mC(String), null, null
2026-04-23T18:55:28.298+08:00 DEBUG 21652 --- [           main] com.petshop.mapper.AdminMapper.insert    : <==    Updates: 1
JWT claims string is empty: CharSequence cannot be null or empty.
2026-04-23T18:55:28.388+08:00 DEBUG 21652 --- [           main] com.petshop.mapper.UserMapper.insert     : ==>  Preparing: INSERT INTO "user" ( username, email, password, phone, status, created_at, updated_at ) VALUES ( ?, ?, ?, ?, ?, ?, ? )
2026-04-23T18:55:28.389+08:00 DEBUG 21652 --- [           main] com.petshop.mapper.UserMapper.insert     : ==> Parameters: testuser(String), testuser@example.com(String), $2a$10$VZMOFAaN3rDsj/TcNv.zMelAKakULJmUrm0tWM1Th6f59pAFT/B/.(String), 13800138001(String), active(String), null, null
2026-04-23T18:55:28.389+08:00 DEBUG 21652 --- [           main] com.petshop.mapper.UserMapper.insert     : <==    Updates: 1
2026-04-23T18:55:28.389+08:00 DEBUG 21652 --- [           main] c.petshop.mapper.MerchantMapper.insert   : ==>  Preparing: INSERT INTO "merchant" ( name, contact_person, phone, email, password, address, status, created_at, updated_at ) VALUES ( ?, ?, ?, ?, ?, ?, ?, ?, ? )
2026-04-23T18:55:28.389+08:00 DEBUG 21652 --- [           main] c.petshop.mapper.MerchantMapper.insert   : ==> Parameters: Test Merchant(String), Contact Person(String), 13800138002(String), merchant@example.com(String), $2a$10$VZMOFAaN3rDsj/TcNv.zMelAKakULJmUrm0tWM1Th6f59pAFT/B/.(String), Test Address(String), approved(String), null, null
2026-04-23T18:55:28.389+08:00 DEBUG 21652 --- [           main] c.petshop.mapper.MerchantMapper.insert   : <==    Updates: 1
2026-04-23T18:55:28.389+08:00 DEBUG 21652 --- [           main] com.petshop.mapper.AdminMapper.insert    : ==>  Preparing: INSERT INTO "admin" ( username, password, created_at, updated_at ) VALUES ( ?, ?, ?, ? )
2026-04-23T18:55:28.390+08:00 DEBUG 21652 --- [           main] com.petshop.mapper.AdminMapper.insert    : ==> Parameters: testadmin(String), $2a$10$VZMOFAaN3rDsj/TcNv.zMelAKakULJmUrm0tWM1Th6f59pAFT/B/.(String), null, null
2026-04-23T18:55:28.390+08:00 DEBUG 21652 --- [           main] com.petshop.mapper.AdminMapper.insert    : <==    Updates: 1
2026-04-23T18:55:28.477+08:00 DEBUG 21652 --- [           main] com.petshop.mapper.UserMapper.insert     : ==>  Preparing: INSERT INTO "user" ( username, email, password, phone, status, created_at, updated_at ) VALUES ( ?, ?, ?, ?, ?, ?, ? )
2026-04-23T18:55:28.477+08:00 DEBUG 21652 --- [           main] com.petshop.mapper.UserMapper.insert     : ==> Parameters: testuser(String), testuser@example.com(String), $2a$10$a2qZQvc4Iho5TMUJonz3Duo2qaUikNonXtiZXzFoiELEpPbojl.u2(String), 13800138001(String), active(String), null, null
2026-04-23T18:55:28.478+08:00 DEBUG 21652 --- [           main] com.petshop.mapper.UserMapper.insert     : <==    Updates: 1
2026-04-23T18:55:28.478+08:00 DEBUG 21652 --- [           main] c.petshop.mapper.MerchantMapper.insert   : ==>  Preparing: INSERT INTO "merchant" ( name, contact_person, phone, email, password, address, status, created_at, updated_at ) VALUES ( ?, ?, ?, ?, ?, ?, ?, ?, ? )
2026-04-23T18:55:28.479+08:00 DEBUG 21652 --- [           main] c.petshop.mapper.MerchantMapper.insert   : ==> Parameters: Test Merchant(String), Contact Person(String), 13800138002(String), merchant@example.com(String), $2a$10$a2qZQvc4Iho5TMUJonz3Duo2qaUikNonXtiZXzFoiELEpPbojl.u2(String), Test Address(String), approved(String), null, null
2026-04-23T18:55:28.479+08:00 DEBUG 21652 --- [           main] c.petshop.mapper.MerchantMapper.insert   : <==    Updates: 1
2026-04-23T18:55:28.479+08:00 DEBUG 21652 --- [           main] com.petshop.mapper.AdminMapper.insert    : ==>  Preparing: INSERT INTO "admin" ( username, password, created_at, updated_at ) VALUES ( ?, ?, ?, ? )
2026-04-23T18:55:28.479+08:00 DEBUG 21652 --- [           main] com.petshop.mapper.AdminMapper.insert    : ==> Parameters: testadmin(String), $2a$10$a2qZQvc4Iho5TMUJonz3Duo2qaUikNonXtiZXzFoiELEpPbojl.u2(String), null, null
2026-04-23T18:55:28.479+08:00 DEBUG 21652 --- [           main] com.petshop.mapper.AdminMapper.insert    : <==    Updates: 1
2026-04-23T18:55:28.480+08:00 DEBUG 21652 --- [           main] c.p.mapper.UserMapper.selectByPhone      : ==>  Preparing: SELECT * FROM `user` WHERE phone = ?
2026-04-23T18:55:28.480+08:00 DEBUG 21652 --- [           main] c.p.mapper.UserMapper.selectByPhone      : ==> Parameters: 13800138001(String)
2026-04-23T18:55:28.480+08:00 DEBUG 21652 --- [           main] c.p.mapper.UserMapper.selectByPhone      : <==      Total: 3
2026-04-23T18:55:28.481+08:00 DEBUG 21652 --- [           main] .s.a.DefaultAuthenticationEventPublisher : No event was found for the exception org.springframework.security.authentication.InternalAuthenticationServiceException
2026-04-23T18:55:28.572+08:00 DEBUG 21652 --- [           main] com.petshop.mapper.UserMapper.insert     : ==>  Preparing: INSERT INTO "user" ( username, email, password, phone, status, created_at, updated_at ) VALUES ( ?, ?, ?, ?, ?, ?, ? )
2026-04-23T18:55:28.573+08:00 DEBUG 21652 --- [           main] com.petshop.mapper.UserMapper.insert     : ==> Parameters: testuser(String), testuser@example.com(String), $2a$10$v5mbXkqKeha.mWge1VJBWun1uCu6nPP3THndNOYV7X0qJ6Abi41Ca(String), 13800138001(String), active(String), null, null
2026-04-23T18:55:28.574+08:00 DEBUG 21652 --- [           main] com.petshop.mapper.UserMapper.insert     : <==    Updates: 1
2026-04-23T18:55:28.574+08:00 DEBUG 21652 --- [           main] c.petshop.mapper.MerchantMapper.insert   : ==>  Preparing: INSERT INTO "merchant" ( name, contact_person, phone, email, password, address, status, created_at, updated_at ) VALUES ( ?, ?, ?, ?, ?, ?, ?, ?, ? )
2026-04-23T18:55:28.574+08:00 DEBUG 21652 --- [           main] c.petshop.mapper.MerchantMapper.insert   : ==> Parameters: Test Merchant(String), Contact Person(String), 13800138002(String), merchant@example.com(String), $2a$10$v5mbXkqKeha.mWge1VJBWun1uCu6nPP3THndNOYV7X0qJ6Abi41Ca(String), Test Address(String), approved(String), null, null
2026-04-23T18:55:28.574+08:00 DEBUG 21652 --- [           main] c.petshop.mapper.MerchantMapper.insert   : <==    Updates: 1
2026-04-23T18:55:28.574+08:00 DEBUG 21652 --- [           main] com.petshop.mapper.AdminMapper.insert    : ==>  Preparing: INSERT INTO "admin" ( username, password, created_at, updated_at ) VALUES ( ?, ?, ?, ? )
2026-04-23T18:55:28.574+08:00 DEBUG 21652 --- [           main] com.petshop.mapper.AdminMapper.insert    : ==> Parameters: testadmin(String), $2a$10$v5mbXkqKeha.mWge1VJBWun1uCu6nPP3THndNOYV7X0qJ6Abi41Ca(String), null, null
2026-04-23T18:55:28.575+08:00 DEBUG 21652 --- [           main] com.petshop.mapper.AdminMapper.insert    : <==    Updates: 1
[ERROR] Tests run: 9, Failures: 0, Errors: 1, Skipped: 0, Time elapsed: 0.830 s <<< FAILURE! -- in com.petshop.integration.SecurityIntegrationTest$JwtAuthenticationTests
[ERROR] com.petshop.integration.SecurityIntegrationTest$JwtAuthenticationTests.testJwtTokenGeneration -- Time elapsed: 0.091 s <<< ERROR!
org.springframework.security.authentication.InternalAuthenticationServiceException
	at org.springframework.security.authentication.dao.DaoAuthenticationProvider.retrieveUser(DaoAuthenticationProvider.java:118)
	at org.springframework.security.authentication.dao.AbstractUserDetailsAuthenticationProvider.authenticate(AbstractUserDetailsAuthenticationProvider.java:133)
	at org.springframework.security.authentication.ProviderManager.authenticate(ProviderManager.java:182)
	at com.petshop.integration.SecurityIntegrationTest$JwtAuthenticationTests.testJwtTokenGeneration(SecurityIntegrationTest.java:111)
	at java.base/java.lang.reflect.Method.invoke(Method.java:569)
	at java.base/java.util.ArrayList.forEach(ArrayList.java:1511)
	at java.base/java.util.ArrayList.forEach(ArrayList.java:1511)
	at java.base/java.util.ArrayList.forEach(ArrayList.java:1511)
Caused by: org.mybatis.spring.MyBatisSystemException
	at org.mybatis.spring.MyBatisExceptionTranslator.translateExceptionIfPossible(MyBatisExceptionTranslator.java:97)
	at org.mybatis.spring.SqlSessionTemplate$SqlSessionInterceptor.invoke(SqlSessionTemplate.java:439)
	at jdk.proxy2/jdk.proxy2.$Proxy116.selectOne(Unknown Source)
	at org.mybatis.spring.SqlSessionTemplate.selectOne(SqlSessionTemplate.java:160)
	at com.baomidou.mybatisplus.core.override.MybatisMapperMethod.execute(MybatisMapperMethod.java:87)
	at com.baomidou.mybatisplus.core.override.MybatisMapperProxy$PlainMethodInvoker.invoke(MybatisMapperProxy.java:152)
	at com.baomidou.mybatisplus.core.override.MybatisMapperProxy.invoke(MybatisMapperProxy.java:89)
	at jdk.proxy2/jdk.proxy2.$Proxy118.selectByPhone(Unknown Source)
	at com.petshop.security.UserDetailsServiceImpl.loadUserByUsername(UserDetailsServiceImpl.java:34)
	at jdk.internal.reflect.GeneratedMethodAccessor146.invoke(Unknown Source)
	at java.base/jdk.internal.reflect.DelegatingMethodAccessorImpl.invoke(DelegatingMethodAccessorImpl.java:43)
	at java.base/java.lang.reflect.Method.invoke(Method.java:569)
	at org.springframework.aop.support.AopUtils.invokeJoinpointUsingReflection(AopUtils.java:352)
	at org.springframework.aop.framework.ReflectiveMethodInvocation.invokeJoinpoint(ReflectiveMethodInvocation.java:196)
	at org.springframework.aop.framework.ReflectiveMethodInvocation.proceed(ReflectiveMethodInvocation.java:163)
	at org.springframework.aop.framework.CglibAopProxy$CglibMethodInvocation.proceed(CglibAopProxy.java:765)
	at org.springframework.transaction.interceptor.TransactionInterceptor$1.proceedWithInvocation(TransactionInterceptor.java:123)
	at org.springframework.transaction.interceptor.TransactionAspectSupport.invokeWithinTransaction(TransactionAspectSupport.java:385)
	at org.springframework.transaction.interceptor.TransactionInterceptor.invoke(TransactionInterceptor.java:119)
	at org.springframework.aop.framework.ReflectiveMethodInvocation.proceed(ReflectiveMethodInvocation.java:184)
	at org.springframework.aop.framework.CglibAopProxy$CglibMethodInvocation.proceed(CglibAopProxy.java:765)
	at org.springframework.aop.framework.CglibAopProxy$DynamicAdvisedInterceptor.intercept(CglibAopProxy.java:717)
	at com.petshop.security.UserDetailsServiceImpl$$SpringCGLIB$$0.loadUserByUsername(<generated>)
	at org.springframework.security.authentication.dao.DaoAuthenticationProvider.retrieveUser(DaoAuthenticationProvider.java:103)
	... 7 more
Caused by: org.apache.ibatis.exceptions.TooManyResultsException: Expected one result (or null) to be returned by selectOne(), but found: 3
	at org.apache.ibatis.session.defaults.DefaultSqlSession.selectOne(DefaultSqlSession.java:81)
	at jdk.internal.reflect.GeneratedMethodAccessor59.invoke(Unknown Source)
	at java.base/jdk.internal.reflect.DelegatingMethodAccessorImpl.invoke(DelegatingMethodAccessorImpl.java:43)
	at java.base/java.lang.reflect.Method.invoke(Method.java:569)
	at org.mybatis.spring.SqlSessionTemplate$SqlSessionInterceptor.invoke(SqlSessionTemplate.java:425)
	... 29 more

[INFO] Running com.petshop.integration.SecurityIntegrationTest$LogoutTests
2026-04-23T18:55:28.583+08:00  INFO 21652 --- [           main] t.c.s.AnnotationConfigContextLoaderUtils : Could not detect default configuration classes for test class [com.petshop.integration.SecurityIntegrationTest$LogoutTests]: LogoutTests does not declare any static, non-private, non-final, nested classes annotated with @Configuration.
2026-04-23T18:55:28.588+08:00  INFO 21652 --- [           main] .b.t.c.SpringBootTestContextBootstrapper : Found @SpringBootConfiguration com.petshop.PetManagementSystemApplication for test class com.petshop.integration.SecurityIntegrationTest$LogoutTests
2026-04-23T18:55:28.678+08:00 DEBUG 21652 --- [           main] com.petshop.mapper.UserMapper.insert     : ==>  Preparing: INSERT INTO "user" ( username, email, password, phone, status, created_at, updated_at ) VALUES ( ?, ?, ?, ?, ?, ?, ? )
2026-04-23T18:55:28.678+08:00 DEBUG 21652 --- [           main] com.petshop.mapper.UserMapper.insert     : ==> Parameters: testuser(String), testuser@example.com(String), $2a$10$Oc0yJzW76tycsF0wbp7xQOrBb/vZZIVMoIJarDOtSfwBkrvG3pXVm(String), 13800138001(String), active(String), null, null
2026-04-23T18:55:28.679+08:00 DEBUG 21652 --- [           main] com.petshop.mapper.UserMapper.insert     : <==    Updates: 1
2026-04-23T18:55:28.679+08:00 DEBUG 21652 --- [           main] c.petshop.mapper.MerchantMapper.insert   : ==>  Preparing: INSERT INTO "merchant" ( name, contact_person, phone, email, password, address, status, created_at, updated_at ) VALUES ( ?, ?, ?, ?, ?, ?, ?, ?, ? )
2026-04-23T18:55:28.679+08:00 DEBUG 21652 --- [           main] c.petshop.mapper.MerchantMapper.insert   : ==> Parameters: Test Merchant(String), Contact Person(String), 13800138002(String), merchant@example.com(String), $2a$10$Oc0yJzW76tycsF0wbp7xQOrBb/vZZIVMoIJarDOtSfwBkrvG3pXVm(String), Test Address(String), approved(String), null, null
2026-04-23T18:55:28.679+08:00 DEBUG 21652 --- [           main] c.petshop.mapper.MerchantMapper.insert   : <==    Updates: 1
2026-04-23T18:55:28.680+08:00 DEBUG 21652 --- [           main] com.petshop.mapper.AdminMapper.insert    : ==>  Preparing: INSERT INTO "admin" ( username, password, created_at, updated_at ) VALUES ( ?, ?, ?, ? )
2026-04-23T18:55:28.680+08:00 DEBUG 21652 --- [           main] com.petshop.mapper.AdminMapper.insert    : ==> Parameters: testadmin(String), $2a$10$Oc0yJzW76tycsF0wbp7xQOrBb/vZZIVMoIJarDOtSfwBkrvG3pXVm(String), null, null
2026-04-23T18:55:28.680+08:00 DEBUG 21652 --- [           main] com.petshop.mapper.AdminMapper.insert    : <==    Updates: 1
2026-04-23T18:55:28.681+08:00 DEBUG 21652 --- [           main] o.s.security.web.FilterChainProxy        : Securing POST /api/auth/login
2026-04-23T18:55:28.681+08:00 DEBUG 21652 --- [           main] o.s.s.w.a.AnonymousAuthenticationFilter  : Set SecurityContextHolder to anonymous SecurityContext
2026-04-23T18:55:28.681+08:00 DEBUG 21652 --- [           main] o.s.security.web.FilterChainProxy        : Secured POST /api/auth/login
2026-04-23T18:55:28.682+08:00 DEBUG 21652 --- [           main] c.p.mapper.UserMapper.selectByPhone      : ==>  Preparing: SELECT * FROM `user` WHERE phone = ?
2026-04-23T18:55:28.682+08:00 DEBUG 21652 --- [           main] c.p.mapper.UserMapper.selectByPhone      : ==> Parameters: 13800138001(String)
2026-04-23T18:55:28.683+08:00 DEBUG 21652 --- [           main] c.p.mapper.UserMapper.selectByPhone      : <==      Total: 3
2026-04-23T18:55:28.683+08:00 DEBUG 21652 --- [           main] .s.a.DefaultAuthenticationEventPublisher : No event was found for the exception org.springframework.security.authentication.InternalAuthenticationServiceException

MockHttpServletRequest:
      HTTP Method = POST
      Request URI = /api/auth/login
       Parameters = {}
          Headers = [Content-Type:"application/json;charset=UTF-8", Content-Length:"108"]
             Body = {"username":null,"phone":"13800138001","password":"password123","role":null,"loginIdentifier":"13800138001"}
    Session Attrs = {}

Handler:
             Type = com.petshop.controller.api.AuthApiController
           Method = com.petshop.controller.api.AuthApiController#login(LoginRequest)

Async:
    Async started = false
     Async result = null

Resolved Exception:
             Type = null

ModelAndView:
        View name = null
             View = null
            Model = null

FlashMap:
       Attributes = null

MockHttpServletResponse:
           Status = 401
    Error message = null
          Headers = [Vary:"Origin", "Access-Control-Request-Method", "Access-Control-Request-Headers", Content-Type:"application/json", X-Content-Type-Options:"nosniff", X-XSS-Protection:"0", Cache-Control:"no-cache, no-store, max-age=0, must-revalidate", Pragma:"no-cache", Expires:"0", X-Frame-Options:"DENY"]
     Content type = application/json
             Body = {"code":401,"message":null,"data":null}
    Forwarded URL = null
   Redirected URL = null
          Cookies = []
[ERROR] Tests run: 1, Failures: 1, Errors: 0, Skipped: 0, Time elapsed: 0.108 s <<< FAILURE! -- in com.petshop.integration.SecurityIntegrationTest$LogoutTests
[ERROR] com.petshop.integration.SecurityIntegrationTest$LogoutTests.testLogout -- Time elapsed: 0.096 s <<< FAILURE!
java.lang.AssertionError: Status expected:<200> but was:<401>
	at org.springframework.test.util.AssertionErrors.fail(AssertionErrors.java:59)
	at org.springframework.test.util.AssertionErrors.assertEquals(AssertionErrors.java:122)
	at org.springframework.test.web.servlet.result.StatusResultMatchers.lambda$matcher$9(StatusResultMatchers.java:637)
	at org.springframework.test.web.servlet.MockMvc$1.andExpect(MockMvc.java:214)
	at com.petshop.integration.SecurityIntegrationTest.loginUser(SecurityIntegrationTest.java:715)
	at com.petshop.integration.SecurityIntegrationTest$LogoutTests.testLogout(SecurityIntegrationTest.java:698)
	at java.base/java.lang.reflect.Method.invoke(Method.java:569)
	at java.base/java.util.ArrayList.forEach(ArrayList.java:1511)
	at java.base/java.util.ArrayList.forEach(ArrayList.java:1511)
	at java.base/java.util.ArrayList.forEach(ArrayList.java:1511)

[INFO] Running com.petshop.integration.SecurityIntegrationTest$PasswordEncryptionTests
2026-04-23T18:55:28.695+08:00  INFO 21652 --- [           main] t.c.s.AnnotationConfigContextLoaderUtils : Could not detect default configuration classes for test class [com.petshop.integration.SecurityIntegrationTest$PasswordEncryptionTests]: PasswordEncryptionTests does not declare any static, non-private, non-final, nested classes annotated with @Configuration.
2026-04-23T18:55:28.700+08:00  INFO 21652 --- [           main] .b.t.c.SpringBootTestContextBootstrapper : Found @SpringBootConfiguration com.petshop.PetManagementSystemApplication for test class com.petshop.integration.SecurityIntegrationTest$PasswordEncryptionTests
2026-04-23T18:55:28.788+08:00 DEBUG 21652 --- [           main] com.petshop.mapper.UserMapper.insert     : ==>  Preparing: INSERT INTO "user" ( username, email, password, phone, status, created_at, updated_at ) VALUES ( ?, ?, ?, ?, ?, ?, ? )
2026-04-23T18:55:28.788+08:00 DEBUG 21652 --- [           main] com.petshop.mapper.UserMapper.insert     : ==> Parameters: testuser(String), testuser@example.com(String), $2a$10$FID79uIv/9OsB3wk9xNFYubC1zLy0jpEAIZamj3g0sNeJm6x755Mu(String), 13800138001(String), active(String), null, null
2026-04-23T18:55:28.789+08:00 DEBUG 21652 --- [           main] com.petshop.mapper.UserMapper.insert     : <==    Updates: 1
2026-04-23T18:55:28.789+08:00 DEBUG 21652 --- [           main] c.petshop.mapper.MerchantMapper.insert   : ==>  Preparing: INSERT INTO "merchant" ( name, contact_person, phone, email, password, address, status, created_at, updated_at ) VALUES ( ?, ?, ?, ?, ?, ?, ?, ?, ? )
2026-04-23T18:55:28.789+08:00 DEBUG 21652 --- [           main] c.petshop.mapper.MerchantMapper.insert   : ==> Parameters: Test Merchant(String), Contact Person(String), 13800138002(String), merchant@example.com(String), $2a$10$FID79uIv/9OsB3wk9xNFYubC1zLy0jpEAIZamj3g0sNeJm6x755Mu(String), Test Address(String), approved(String), null, null
2026-04-23T18:55:28.789+08:00 DEBUG 21652 --- [           main] c.petshop.mapper.MerchantMapper.insert   : <==    Updates: 1
2026-04-23T18:55:28.789+08:00 DEBUG 21652 --- [           main] com.petshop.mapper.AdminMapper.insert    : ==>  Preparing: INSERT INTO "admin" ( username, password, created_at, updated_at ) VALUES ( ?, ?, ?, ? )
2026-04-23T18:55:28.789+08:00 DEBUG 21652 --- [           main] com.petshop.mapper.AdminMapper.insert    : ==> Parameters: testadmin(String), $2a$10$FID79uIv/9OsB3wk9xNFYubC1zLy0jpEAIZamj3g0sNeJm6x755Mu(String), null, null
2026-04-23T18:55:28.790+08:00 DEBUG 21652 --- [           main] com.petshop.mapper.AdminMapper.insert    : <==    Updates: 1
2026-04-23T18:55:29.228+08:00 DEBUG 21652 --- [           main] com.petshop.mapper.UserMapper.insert     : ==>  Preparing: INSERT INTO "user" ( username, email, password, phone, status, created_at, updated_at ) VALUES ( ?, ?, ?, ?, ?, ?, ? )
2026-04-23T18:55:29.228+08:00 DEBUG 21652 --- [           main] com.petshop.mapper.UserMapper.insert     : ==> Parameters: testuser(String), testuser@example.com(String), $2a$10$ud7x8nua9phH9ePEdTfZHu7a.kDoupn.p9EVhrMW6uma61SOTY./W(String), 13800138001(String), active(String), null, null
2026-04-23T18:55:29.229+08:00 DEBUG 21652 --- [           main] com.petshop.mapper.UserMapper.insert     : <==    Updates: 1
2026-04-23T18:55:29.229+08:00 DEBUG 21652 --- [           main] c.petshop.mapper.MerchantMapper.insert   : ==>  Preparing: INSERT INTO "merchant" ( name, contact_person, phone, email, password, address, status, created_at, updated_at ) VALUES ( ?, ?, ?, ?, ?, ?, ?, ?, ? )
2026-04-23T18:55:29.229+08:00 DEBUG 21652 --- [           main] c.petshop.mapper.MerchantMapper.insert   : ==> Parameters: Test Merchant(String), Contact Person(String), 13800138002(String), merchant@example.com(String), $2a$10$ud7x8nua9phH9ePEdTfZHu7a.kDoupn.p9EVhrMW6uma61SOTY./W(String), Test Address(String), approved(String), null, null
2026-04-23T18:55:29.229+08:00 DEBUG 21652 --- [           main] c.petshop.mapper.MerchantMapper.insert   : <==    Updates: 1
2026-04-23T18:55:29.229+08:00 DEBUG 21652 --- [           main] com.petshop.mapper.AdminMapper.insert    : ==>  Preparing: INSERT INTO "admin" ( username, password, created_at, updated_at ) VALUES ( ?, ?, ?, ? )
2026-04-23T18:55:29.229+08:00 DEBUG 21652 --- [           main] com.petshop.mapper.AdminMapper.insert    : ==> Parameters: testadmin(String), $2a$10$ud7x8nua9phH9ePEdTfZHu7a.kDoupn.p9EVhrMW6uma61SOTY./W(String), null, null
2026-04-23T18:55:29.230+08:00 DEBUG 21652 --- [           main] com.petshop.mapper.AdminMapper.insert    : <==    Updates: 1
2026-04-23T18:55:29.411+08:00 DEBUG 21652 --- [           main] com.petshop.mapper.UserMapper.insert     : ==>  Preparing: INSERT INTO "user" ( username, email, password, phone, status, created_at, updated_at ) VALUES ( ?, ?, ?, ?, ?, ?, ? )
2026-04-23T18:55:29.411+08:00 DEBUG 21652 --- [           main] com.petshop.mapper.UserMapper.insert     : ==> Parameters: testuser(String), testuser@example.com(String), $2a$10$Zdfx4J6yJTAKMuzx.i8ZYeipmlmfj/on5P3A2GPczMZg8lHRlD9a6(String), 13800138001(String), active(String), null, null
2026-04-23T18:55:29.411+08:00 DEBUG 21652 --- [           main] com.petshop.mapper.UserMapper.insert     : <==    Updates: 1
2026-04-23T18:55:29.411+08:00 DEBUG 21652 --- [           main] c.petshop.mapper.MerchantMapper.insert   : ==>  Preparing: INSERT INTO "merchant" ( name, contact_person, phone, email, password, address, status, created_at, updated_at ) VALUES ( ?, ?, ?, ?, ?, ?, ?, ?, ? )
2026-04-23T18:55:29.411+08:00 DEBUG 21652 --- [           main] c.petshop.mapper.MerchantMapper.insert   : ==> Parameters: Test Merchant(String), Contact Person(String), 13800138002(String), merchant@example.com(String), $2a$10$Zdfx4J6yJTAKMuzx.i8ZYeipmlmfj/on5P3A2GPczMZg8lHRlD9a6(String), Test Address(String), approved(String), null, null
2026-04-23T18:55:29.411+08:00 DEBUG 21652 --- [           main] c.petshop.mapper.MerchantMapper.insert   : <==    Updates: 1
2026-04-23T18:55:29.412+08:00 DEBUG 21652 --- [           main] com.petshop.mapper.AdminMapper.insert    : ==>  Preparing: INSERT INTO "admin" ( username, password, created_at, updated_at ) VALUES ( ?, ?, ?, ? )
2026-04-23T18:55:29.412+08:00 DEBUG 21652 --- [           main] com.petshop.mapper.AdminMapper.insert    : ==> Parameters: testadmin(String), $2a$10$Zdfx4J6yJTAKMuzx.i8ZYeipmlmfj/on5P3A2GPczMZg8lHRlD9a6(String), null, null
2026-04-23T18:55:29.412+08:00 DEBUG 21652 --- [           main] com.petshop.mapper.AdminMapper.insert    : <==    Updates: 1
2026-04-23T18:55:29.668+08:00 DEBUG 21652 --- [           main] com.petshop.mapper.UserMapper.insert     : ==>  Preparing: INSERT INTO "user" ( username, email, password, phone, status, created_at, updated_at ) VALUES ( ?, ?, ?, ?, ?, ?, ? )
2026-04-23T18:55:29.668+08:00 DEBUG 21652 --- [           main] com.petshop.mapper.UserMapper.insert     : ==> Parameters: testuser(String), testuser@example.com(String), $2a$10$ush5qMTRu4UF2XHFZzId4.pNQrWElBE.4C1wIoBMoioXmcPG/jaPi(String), 13800138001(String), active(String), null, null
2026-04-23T18:55:29.668+08:00 DEBUG 21652 --- [           main] com.petshop.mapper.UserMapper.insert     : <==    Updates: 1
2026-04-23T18:55:29.668+08:00 DEBUG 21652 --- [           main] c.petshop.mapper.MerchantMapper.insert   : ==>  Preparing: INSERT INTO "merchant" ( name, contact_person, phone, email, password, address, status, created_at, updated_at ) VALUES ( ?, ?, ?, ?, ?, ?, ?, ?, ? )
2026-04-23T18:55:29.669+08:00 DEBUG 21652 --- [           main] c.petshop.mapper.MerchantMapper.insert   : ==> Parameters: Test Merchant(String), Contact Person(String), 13800138002(String), merchant@example.com(String), $2a$10$ush5qMTRu4UF2XHFZzId4.pNQrWElBE.4C1wIoBMoioXmcPG/jaPi(String), Test Address(String), approved(String), null, null
2026-04-23T18:55:29.669+08:00 DEBUG 21652 --- [           main] c.petshop.mapper.MerchantMapper.insert   : <==    Updates: 1
2026-04-23T18:55:29.669+08:00 DEBUG 21652 --- [           main] com.petshop.mapper.AdminMapper.insert    : ==>  Preparing: INSERT INTO "admin" ( username, password, created_at, updated_at ) VALUES ( ?, ?, ?, ? )
2026-04-23T18:55:29.669+08:00 DEBUG 21652 --- [           main] com.petshop.mapper.AdminMapper.insert    : ==> Parameters: testadmin(String), $2a$10$ush5qMTRu4UF2XHFZzId4.pNQrWElBE.4C1wIoBMoioXmcPG/jaPi(String), null, null
2026-04-23T18:55:29.669+08:00 DEBUG 21652 --- [           main] com.petshop.mapper.AdminMapper.insert    : <==    Updates: 1
2026-04-23T18:55:29.927+08:00 DEBUG 21652 --- [           main] com.petshop.mapper.UserMapper.insert     : ==>  Preparing: INSERT INTO "user" ( username, email, password, phone, status, created_at, updated_at ) VALUES ( ?, ?, ?, ?, ?, ?, ? )
2026-04-23T18:55:29.927+08:00 DEBUG 21652 --- [           main] com.petshop.mapper.UserMapper.insert     : ==> Parameters: testuser(String), testuser@example.com(String), $2a$10$dB6nVYP5R6cuA8eapIgaO.fEEkk7Wp0vP3RfcKHYBdOrmGhnLTuLK(String), 13800138001(String), active(String), null, null
2026-04-23T18:55:29.927+08:00 DEBUG 21652 --- [           main] com.petshop.mapper.UserMapper.insert     : <==    Updates: 1
2026-04-23T18:55:29.928+08:00 DEBUG 21652 --- [           main] c.petshop.mapper.MerchantMapper.insert   : ==>  Preparing: INSERT INTO "merchant" ( name, contact_person, phone, email, password, address, status, created_at, updated_at ) VALUES ( ?, ?, ?, ?, ?, ?, ?, ?, ? )
2026-04-23T18:55:29.928+08:00 DEBUG 21652 --- [           main] c.petshop.mapper.MerchantMapper.insert   : ==> Parameters: Test Merchant(String), Contact Person(String), 13800138002(String), merchant@example.com(String), $2a$10$dB6nVYP5R6cuA8eapIgaO.fEEkk7Wp0vP3RfcKHYBdOrmGhnLTuLK(String), Test Address(String), approved(String), null, null
2026-04-23T18:55:29.928+08:00 DEBUG 21652 --- [           main] c.petshop.mapper.MerchantMapper.insert   : <==    Updates: 1
2026-04-23T18:55:29.928+08:00 DEBUG 21652 --- [           main] com.petshop.mapper.AdminMapper.insert    : ==>  Preparing: INSERT INTO "admin" ( username, password, created_at, updated_at ) VALUES ( ?, ?, ?, ? )
2026-04-23T18:55:29.928+08:00 DEBUG 21652 --- [           main] com.petshop.mapper.AdminMapper.insert    : ==> Parameters: testadmin(String), $2a$10$dB6nVYP5R6cuA8eapIgaO.fEEkk7Wp0vP3RfcKHYBdOrmGhnLTuLK(String), null, null
2026-04-23T18:55:29.928+08:00 DEBUG 21652 --- [           main] com.petshop.mapper.AdminMapper.insert    : <==    Updates: 1
2026-04-23T18:55:29.929+08:00  WARN 21652 --- [           main] o.s.s.c.bcrypt.BCryptPasswordEncoder     : Empty encoded password
2026-04-23T18:55:30.059+08:00 DEBUG 21652 --- [           main] com.petshop.mapper.UserMapper.insert     : ==>  Preparing: INSERT INTO "user" ( username, email, password, phone, status, created_at, updated_at ) VALUES ( ?, ?, ?, ?, ?, ?, ? )
2026-04-23T18:55:30.060+08:00 DEBUG 21652 --- [           main] com.petshop.mapper.UserMapper.insert     : ==> Parameters: testuser(String), testuser@example.com(String), $2a$10$q6szKNPUWypkLNuq575ZeevYQadZe6hfSO8WXjJUKYdwykGi0lYnG(String), 13800138001(String), active(String), null, null
2026-04-23T18:55:30.060+08:00 DEBUG 21652 --- [           main] com.petshop.mapper.UserMapper.insert     : <==    Updates: 1
2026-04-23T18:55:30.060+08:00 DEBUG 21652 --- [           main] c.petshop.mapper.MerchantMapper.insert   : ==>  Preparing: INSERT INTO "merchant" ( name, contact_person, phone, email, password, address, status, created_at, updated_at ) VALUES ( ?, ?, ?, ?, ?, ?, ?, ?, ? )
2026-04-23T18:55:30.060+08:00 DEBUG 21652 --- [           main] c.petshop.mapper.MerchantMapper.insert   : ==> Parameters: Test Merchant(String), Contact Person(String), 13800138002(String), merchant@example.com(String), $2a$10$q6szKNPUWypkLNuq575ZeevYQadZe6hfSO8WXjJUKYdwykGi0lYnG(String), Test Address(String), approved(String), null, null
2026-04-23T18:55:30.060+08:00 DEBUG 21652 --- [           main] c.petshop.mapper.MerchantMapper.insert   : <==    Updates: 1
2026-04-23T18:55:30.061+08:00 DEBUG 21652 --- [           main] com.petshop.mapper.AdminMapper.insert    : ==>  Preparing: INSERT INTO "admin" ( username, password, created_at, updated_at ) VALUES ( ?, ?, ?, ? )
2026-04-23T18:55:30.061+08:00 DEBUG 21652 --- [           main] com.petshop.mapper.AdminMapper.insert    : ==> Parameters: testadmin(String), $2a$10$q6szKNPUWypkLNuq575ZeevYQadZe6hfSO8WXjJUKYdwykGi0lYnG(String), null, null
2026-04-23T18:55:30.061+08:00 DEBUG 21652 --- [           main] com.petshop.mapper.AdminMapper.insert    : <==    Updates: 1
2026-04-23T18:55:30.373+08:00 DEBUG 21652 --- [           main] com.petshop.mapper.UserMapper.insert     : ==>  Preparing: INSERT INTO "user" ( username, email, password, phone, status, created_at, updated_at ) VALUES ( ?, ?, ?, ?, ?, ?, ? )
2026-04-23T18:55:30.374+08:00 DEBUG 21652 --- [           main] com.petshop.mapper.UserMapper.insert     : ==> Parameters: testuser(String), testuser@example.com(String), $2a$10$O8dToUkm630JGOiGyoYr8.rZSI5orpqTMPmwzNWIw1bClQjg5fYCS(String), 13800138001(String), active(String), null, null
2026-04-23T18:55:30.374+08:00 DEBUG 21652 --- [           main] com.petshop.mapper.UserMapper.insert     : <==    Updates: 1
2026-04-23T18:55:30.374+08:00 DEBUG 21652 --- [           main] c.petshop.mapper.MerchantMapper.insert   : ==>  Preparing: INSERT INTO "merchant" ( name, contact_person, phone, email, password, address, status, created_at, updated_at ) VALUES ( ?, ?, ?, ?, ?, ?, ?, ?, ? )
2026-04-23T18:55:30.374+08:00 DEBUG 21652 --- [           main] c.petshop.mapper.MerchantMapper.insert   : ==> Parameters: Test Merchant(String), Contact Person(String), 13800138002(String), merchant@example.com(String), $2a$10$O8dToUkm630JGOiGyoYr8.rZSI5orpqTMPmwzNWIw1bClQjg5fYCS(String), Test Address(String), approved(String), null, null
2026-04-23T18:55:30.375+08:00 DEBUG 21652 --- [           main] c.petshop.mapper.MerchantMapper.insert   : <==    Updates: 1
2026-04-23T18:55:30.375+08:00 DEBUG 21652 --- [           main] com.petshop.mapper.AdminMapper.insert    : ==>  Preparing: INSERT INTO "admin" ( username, password, created_at, updated_at ) VALUES ( ?, ?, ?, ? )
2026-04-23T18:55:30.375+08:00 DEBUG 21652 --- [           main] com.petshop.mapper.AdminMapper.insert    : ==> Parameters: testadmin(String), $2a$10$O8dToUkm630JGOiGyoYr8.rZSI5orpqTMPmwzNWIw1bClQjg5fYCS(String), null, null
2026-04-23T18:55:30.375+08:00 DEBUG 21652 --- [           main] com.petshop.mapper.AdminMapper.insert    : <==    Updates: 1
2026-04-23T18:55:30.638+08:00 DEBUG 21652 --- [           main] com.petshop.mapper.UserMapper.insert     : ==>  Preparing: INSERT INTO "user" ( username, email, password, phone, status, created_at, updated_at ) VALUES ( ?, ?, ?, ?, ?, ?, ? )
2026-04-23T18:55:30.638+08:00 DEBUG 21652 --- [           main] com.petshop.mapper.UserMapper.insert     : ==> Parameters: testuser(String), testuser@example.com(String), $2a$10$fM81mZAjvQ7FuOQn2TO3jOrAdbHTNzdLNXienGQz/cAbXm6kjsoNG(String), 13800138001(String), active(String), null, null
2026-04-23T18:55:30.638+08:00 DEBUG 21652 --- [           main] com.petshop.mapper.UserMapper.insert     : <==    Updates: 1
2026-04-23T18:55:30.638+08:00 DEBUG 21652 --- [           main] c.petshop.mapper.MerchantMapper.insert   : ==>  Preparing: INSERT INTO "merchant" ( name, contact_person, phone, email, password, address, status, created_at, updated_at ) VALUES ( ?, ?, ?, ?, ?, ?, ?, ?, ? )
2026-04-23T18:55:30.638+08:00 DEBUG 21652 --- [           main] c.petshop.mapper.MerchantMapper.insert   : ==> Parameters: Test Merchant(String), Contact Person(String), 13800138002(String), merchant@example.com(String), $2a$10$fM81mZAjvQ7FuOQn2TO3jOrAdbHTNzdLNXienGQz/cAbXm6kjsoNG(String), Test Address(String), approved(String), null, null
2026-04-23T18:55:30.639+08:00 DEBUG 21652 --- [           main] c.petshop.mapper.MerchantMapper.insert   : <==    Updates: 1
2026-04-23T18:55:30.639+08:00 DEBUG 21652 --- [           main] com.petshop.mapper.AdminMapper.insert    : ==>  Preparing: INSERT INTO "admin" ( username, password, created_at, updated_at ) VALUES ( ?, ?, ?, ? )
2026-04-23T18:55:30.639+08:00 DEBUG 21652 --- [           main] com.petshop.mapper.AdminMapper.insert    : ==> Parameters: testadmin(String), $2a$10$fM81mZAjvQ7FuOQn2TO3jOrAdbHTNzdLNXienGQz/cAbXm6kjsoNG(String), null, null
2026-04-23T18:55:30.639+08:00 DEBUG 21652 --- [           main] com.petshop.mapper.AdminMapper.insert    : <==    Updates: 1
2026-04-23T18:55:30.911+08:00 DEBUG 21652 --- [           main] com.petshop.mapper.UserMapper.insert     : ==>  Preparing: INSERT INTO "user" ( username, email, password, phone, status, created_at, updated_at ) VALUES ( ?, ?, ?, ?, ?, ?, ? )
2026-04-23T18:55:30.911+08:00 DEBUG 21652 --- [           main] com.petshop.mapper.UserMapper.insert     : ==> Parameters: testuser(String), testuser@example.com(String), $2a$10$FxLVuVNka45yKTTF2tKenuMS3BdvPOQbWOA64O.F99GGcjub9rbaW(String), 13800138001(String), active(String), null, null
2026-04-23T18:55:30.911+08:00 DEBUG 21652 --- [           main] com.petshop.mapper.UserMapper.insert     : <==    Updates: 1
2026-04-23T18:55:30.911+08:00 DEBUG 21652 --- [           main] c.petshop.mapper.MerchantMapper.insert   : ==>  Preparing: INSERT INTO "merchant" ( name, contact_person, phone, email, password, address, status, created_at, updated_at ) VALUES ( ?, ?, ?, ?, ?, ?, ?, ?, ? )
2026-04-23T18:55:30.911+08:00 DEBUG 21652 --- [           main] c.petshop.mapper.MerchantMapper.insert   : ==> Parameters: Test Merchant(String), Contact Person(String), 13800138002(String), merchant@example.com(String), $2a$10$FxLVuVNka45yKTTF2tKenuMS3BdvPOQbWOA64O.F99GGcjub9rbaW(String), Test Address(String), approved(String), null, null
2026-04-23T18:55:30.912+08:00 DEBUG 21652 --- [           main] c.petshop.mapper.MerchantMapper.insert   : <==    Updates: 1
2026-04-23T18:55:30.912+08:00 DEBUG 21652 --- [           main] com.petshop.mapper.AdminMapper.insert    : ==>  Preparing: INSERT INTO "admin" ( username, password, created_at, updated_at ) VALUES ( ?, ?, ?, ? )
2026-04-23T18:55:30.912+08:00 DEBUG 21652 --- [           main] com.petshop.mapper.AdminMapper.insert    : ==> Parameters: testadmin(String), $2a$10$FxLVuVNka45yKTTF2tKenuMS3BdvPOQbWOA64O.F99GGcjub9rbaW(String), null, null
2026-04-23T18:55:30.912+08:00 DEBUG 21652 --- [           main] com.petshop.mapper.AdminMapper.insert    : <==    Updates: 1
2026-04-23T18:55:31.001+08:00 DEBUG 21652 --- [           main] com.petshop.mapper.UserMapper.insert     : ==>  Preparing: INSERT INTO "user" ( username, email, password, phone, status, created_at, updated_at ) VALUES ( ?, ?, ?, ?, ?, ?, ? )
2026-04-23T18:55:31.001+08:00 DEBUG 21652 --- [           main] com.petshop.mapper.UserMapper.insert     : ==> Parameters: newuser(String), newuser@example.com(String), $2a$10$1io9yRfNu3r0kBAzI1yK0eHK1GDkYq/ApgLlDEPtB2yrTnCLHjn5u(String), 13900139000(String), active(String), null, null
2026-04-23T18:55:31.001+08:00 DEBUG 21652 --- [           main] com.petshop.mapper.UserMapper.insert     : <==    Updates: 1
2026-04-23T18:55:31.001+08:00 DEBUG 21652 --- [           main] c.petshop.mapper.UserMapper.selectById   : ==>  Preparing: SELECT id,username,email,password,phone,avatar,status,created_at,updated_at FROM "user" WHERE id=?
2026-04-23T18:55:31.002+08:00 DEBUG 21652 --- [           main] c.petshop.mapper.UserMapper.selectById   : ==> Parameters: 226(Integer)
2026-04-23T18:55:31.003+08:00 DEBUG 21652 --- [           main] c.petshop.mapper.UserMapper.selectById   : <==      Total: 1
2026-04-23T18:55:31.177+08:00 DEBUG 21652 --- [           main] com.petshop.mapper.UserMapper.insert     : ==>  Preparing: INSERT INTO "user" ( username, email, password, phone, status, created_at, updated_at ) VALUES ( ?, ?, ?, ?, ?, ?, ? )
2026-04-23T18:55:31.177+08:00 DEBUG 21652 --- [           main] com.petshop.mapper.UserMapper.insert     : ==> Parameters: testuser(String), testuser@example.com(String), $2a$10$WoE0vKyWlZkDTGCALAPFYuOohdNxwTlNjhE04/p/.7xFDXqfINPIW(String), 13800138001(String), active(String), null, null
2026-04-23T18:55:31.178+08:00 DEBUG 21652 --- [           main] com.petshop.mapper.UserMapper.insert     : <==    Updates: 1
2026-04-23T18:55:31.178+08:00 DEBUG 21652 --- [           main] c.petshop.mapper.MerchantMapper.insert   : ==>  Preparing: INSERT INTO "merchant" ( name, contact_person, phone, email, password, address, status, created_at, updated_at ) VALUES ( ?, ?, ?, ?, ?, ?, ?, ?, ? )
2026-04-23T18:55:31.178+08:00 DEBUG 21652 --- [           main] c.petshop.mapper.MerchantMapper.insert   : ==> Parameters: Test Merchant(String), Contact Person(String), 13800138002(String), merchant@example.com(String), $2a$10$WoE0vKyWlZkDTGCALAPFYuOohdNxwTlNjhE04/p/.7xFDXqfINPIW(String), Test Address(String), approved(String), null, null
2026-04-23T18:55:31.178+08:00 DEBUG 21652 --- [           main] c.petshop.mapper.MerchantMapper.insert   : <==    Updates: 1
2026-04-23T18:55:31.178+08:00 DEBUG 21652 --- [           main] com.petshop.mapper.AdminMapper.insert    : ==>  Preparing: INSERT INTO "admin" ( username, password, created_at, updated_at ) VALUES ( ?, ?, ?, ? )
2026-04-23T18:55:31.178+08:00 DEBUG 21652 --- [           main] com.petshop.mapper.AdminMapper.insert    : ==> Parameters: testadmin(String), $2a$10$WoE0vKyWlZkDTGCALAPFYuOohdNxwTlNjhE04/p/.7xFDXqfINPIW(String), null, null
2026-04-23T18:55:31.178+08:00 DEBUG 21652 --- [           main] com.petshop.mapper.AdminMapper.insert    : <==    Updates: 1
2026-04-23T18:55:31.610+08:00 DEBUG 21652 --- [           main] com.petshop.mapper.UserMapper.insert     : ==>  Preparing: INSERT INTO "user" ( username, email, password, phone, status, created_at, updated_at ) VALUES ( ?, ?, ?, ?, ?, ?, ? )
2026-04-23T18:55:31.610+08:00 DEBUG 21652 --- [           main] com.petshop.mapper.UserMapper.insert     : ==> Parameters: testuser(String), testuser@example.com(String), $2a$10$CZe8onFkQ.Zn/ckqfEB1AOeAKxl4JRPok3dP8UvwGDYwUzUJzSu.a(String), 13800138001(String), active(String), null, null
2026-04-23T18:55:31.610+08:00 DEBUG 21652 --- [           main] com.petshop.mapper.UserMapper.insert     : <==    Updates: 1
2026-04-23T18:55:31.611+08:00 DEBUG 21652 --- [           main] c.petshop.mapper.MerchantMapper.insert   : ==>  Preparing: INSERT INTO "merchant" ( name, contact_person, phone, email, password, address, status, created_at, updated_at ) VALUES ( ?, ?, ?, ?, ?, ?, ?, ?, ? )
2026-04-23T18:55:31.611+08:00 DEBUG 21652 --- [           main] c.petshop.mapper.MerchantMapper.insert   : ==> Parameters: Test Merchant(String), Contact Person(String), 13800138002(String), merchant@example.com(String), $2a$10$CZe8onFkQ.Zn/ckqfEB1AOeAKxl4JRPok3dP8UvwGDYwUzUJzSu.a(String), Test Address(String), approved(String), null, null
2026-04-23T18:55:31.611+08:00 DEBUG 21652 --- [           main] c.petshop.mapper.MerchantMapper.insert   : <==    Updates: 1
2026-04-23T18:55:31.611+08:00 DEBUG 21652 --- [           main] com.petshop.mapper.AdminMapper.insert    : ==>  Preparing: INSERT INTO "admin" ( username, password, created_at, updated_at ) VALUES ( ?, ?, ?, ? )
2026-04-23T18:55:31.611+08:00 DEBUG 21652 --- [           main] com.petshop.mapper.AdminMapper.insert    : ==> Parameters: testadmin(String), $2a$10$CZe8onFkQ.Zn/ckqfEB1AOeAKxl4JRPok3dP8UvwGDYwUzUJzSu.a(String), null, null
2026-04-23T18:55:31.611+08:00 DEBUG 21652 --- [           main] com.petshop.mapper.AdminMapper.insert    : <==    Updates: 1
2026-04-23T18:55:31.786+08:00 DEBUG 21652 --- [           main] com.petshop.mapper.UserMapper.insert     : ==>  Preparing: INSERT INTO "user" ( username, email, password, phone, status, created_at, updated_at ) VALUES ( ?, ?, ?, ?, ?, ?, ? )
2026-04-23T18:55:31.786+08:00 DEBUG 21652 --- [           main] com.petshop.mapper.UserMapper.insert     : ==> Parameters: testuser(String), testuser@example.com(String), $2a$10$FETMCdoUvm.XTIQo43j2l.ii/wxOih86a.61/YIR3RUBUBbVGaQGu(String), 13800138001(String), active(String), null, null
2026-04-23T18:55:31.787+08:00 DEBUG 21652 --- [           main] com.petshop.mapper.UserMapper.insert     : <==    Updates: 1
2026-04-23T18:55:31.787+08:00 DEBUG 21652 --- [           main] c.petshop.mapper.MerchantMapper.insert   : ==>  Preparing: INSERT INTO "merchant" ( name, contact_person, phone, email, password, address, status, created_at, updated_at ) VALUES ( ?, ?, ?, ?, ?, ?, ?, ?, ? )
2026-04-23T18:55:31.787+08:00 DEBUG 21652 --- [           main] c.petshop.mapper.MerchantMapper.insert   : ==> Parameters: Test Merchant(String), Contact Person(String), 13800138002(String), merchant@example.com(String), $2a$10$FETMCdoUvm.XTIQo43j2l.ii/wxOih86a.61/YIR3RUBUBbVGaQGu(String), Test Address(String), approved(String), null, null
2026-04-23T18:55:31.787+08:00 DEBUG 21652 --- [           main] c.petshop.mapper.MerchantMapper.insert   : <==    Updates: 1
2026-04-23T18:55:31.787+08:00 DEBUG 21652 --- [           main] com.petshop.mapper.AdminMapper.insert    : ==>  Preparing: INSERT INTO "admin" ( username, password, created_at, updated_at ) VALUES ( ?, ?, ?, ? )
2026-04-23T18:55:31.787+08:00 DEBUG 21652 --- [           main] com.petshop.mapper.AdminMapper.insert    : ==> Parameters: testadmin(String), $2a$10$FETMCdoUvm.XTIQo43j2l.ii/wxOih86a.61/YIR3RUBUBbVGaQGu(String), null, null
2026-04-23T18:55:31.787+08:00 DEBUG 21652 --- [           main] com.petshop.mapper.AdminMapper.insert    : <==    Updates: 1
[INFO] Tests run: 12, Failures: 0, Errors: 0, Skipped: 0, Time elapsed: 3.263 s -- in com.petshop.integration.SecurityIntegrationTest$PasswordEncryptionTests
[INFO] Running com.petshop.integration.SecurityIntegrationTest$UserRegistrationTests
2026-04-23T18:55:31.958+08:00  INFO 21652 --- [           main] t.c.s.AnnotationConfigContextLoaderUtils : Could not detect default configuration classes for test class [com.petshop.integration.SecurityIntegrationTest$UserRegistrationTests]: UserRegistrationTests does not declare any static, non-private, non-final, nested classes annotated with @Configuration.
2026-04-23T18:55:31.961+08:00  INFO 21652 --- [           main] .b.t.c.SpringBootTestContextBootstrapper : Found @SpringBootConfiguration com.petshop.PetManagementSystemApplication for test class com.petshop.integration.SecurityIntegrationTest$UserRegistrationTests
2026-04-23T18:55:32.051+08:00 DEBUG 21652 --- [           main] com.petshop.mapper.UserMapper.insert     : ==>  Preparing: INSERT INTO "user" ( username, email, password, phone, status, created_at, updated_at ) VALUES ( ?, ?, ?, ?, ?, ?, ? )
2026-04-23T18:55:32.052+08:00 DEBUG 21652 --- [           main] com.petshop.mapper.UserMapper.insert     : ==> Parameters: testuser(String), testuser@example.com(String), $2a$10$teGhR9fy5Y0PFpwrThXSLuUIYBxykgAPKQD9cyL3caHCaw8ejlMWe(String), 13800138001(String), active(String), null, null
2026-04-23T18:55:32.052+08:00 DEBUG 21652 --- [           main] com.petshop.mapper.UserMapper.insert     : <==    Updates: 1
2026-04-23T18:55:32.052+08:00 DEBUG 21652 --- [           main] c.petshop.mapper.MerchantMapper.insert   : ==>  Preparing: INSERT INTO "merchant" ( name, contact_person, phone, email, password, address, status, created_at, updated_at ) VALUES ( ?, ?, ?, ?, ?, ?, ?, ?, ? )
2026-04-23T18:55:32.052+08:00 DEBUG 21652 --- [           main] c.petshop.mapper.MerchantMapper.insert   : ==> Parameters: Test Merchant(String), Contact Person(String), 13800138002(String), merchant@example.com(String), $2a$10$teGhR9fy5Y0PFpwrThXSLuUIYBxykgAPKQD9cyL3caHCaw8ejlMWe(String), Test Address(String), approved(String), null, null
2026-04-23T18:55:32.053+08:00 DEBUG 21652 --- [           main] c.petshop.mapper.MerchantMapper.insert   : <==    Updates: 1
2026-04-23T18:55:32.053+08:00 DEBUG 21652 --- [           main] com.petshop.mapper.AdminMapper.insert    : ==>  Preparing: INSERT INTO "admin" ( username, password, created_at, updated_at ) VALUES ( ?, ?, ?, ? )
2026-04-23T18:55:32.053+08:00 DEBUG 21652 --- [           main] com.petshop.mapper.AdminMapper.insert    : ==> Parameters: testadmin(String), $2a$10$teGhR9fy5Y0PFpwrThXSLuUIYBxykgAPKQD9cyL3caHCaw8ejlMWe(String), null, null
2026-04-23T18:55:32.053+08:00 DEBUG 21652 --- [           main] com.petshop.mapper.AdminMapper.insert    : <==    Updates: 1
2026-04-23T18:55:32.054+08:00 DEBUG 21652 --- [           main] o.s.security.web.FilterChainProxy        : Securing POST /api/auth/register
2026-04-23T18:55:32.054+08:00 DEBUG 21652 --- [           main] o.s.s.w.a.AnonymousAuthenticationFilter  : Set SecurityContextHolder to anonymous SecurityContext
2026-04-23T18:55:32.055+08:00 DEBUG 21652 --- [           main] o.s.security.web.FilterChainProxy        : Secured POST /api/auth/register
2026-04-23T18:55:32.149+08:00 DEBUG 21652 --- [           main] com.petshop.mapper.UserMapper.insert     : ==>  Preparing: INSERT INTO "user" ( username, email, password, phone, status, created_at, updated_at ) VALUES ( ?, ?, ?, ?, ?, ?, ? )
2026-04-23T18:55:32.149+08:00 DEBUG 21652 --- [           main] com.petshop.mapper.UserMapper.insert     : ==> Parameters: testuser(String), testuser@example.com(String), $2a$10$CnW/v9fHqA1ddYWG5yzEG.pby1xFXcliTWQfScI4DKxK8TPiRbD2C(String), 13800138001(String), active(String), null, null
2026-04-23T18:55:32.149+08:00 DEBUG 21652 --- [           main] com.petshop.mapper.UserMapper.insert     : <==    Updates: 1
2026-04-23T18:55:32.149+08:00 DEBUG 21652 --- [           main] c.petshop.mapper.MerchantMapper.insert   : ==>  Preparing: INSERT INTO "merchant" ( name, contact_person, phone, email, password, address, status, created_at, updated_at ) VALUES ( ?, ?, ?, ?, ?, ?, ?, ?, ? )
2026-04-23T18:55:32.150+08:00 DEBUG 21652 --- [           main] c.petshop.mapper.MerchantMapper.insert   : ==> Parameters: Test Merchant(String), Contact Person(String), 13800138002(String), merchant@example.com(String), $2a$10$CnW/v9fHqA1ddYWG5yzEG.pby1xFXcliTWQfScI4DKxK8TPiRbD2C(String), Test Address(String), approved(String), null, null
2026-04-23T18:55:32.150+08:00 DEBUG 21652 --- [           main] c.petshop.mapper.MerchantMapper.insert   : <==    Updates: 1
2026-04-23T18:55:32.150+08:00 DEBUG 21652 --- [           main] com.petshop.mapper.AdminMapper.insert    : ==>  Preparing: INSERT INTO "admin" ( username, password, created_at, updated_at ) VALUES ( ?, ?, ?, ? )
2026-04-23T18:55:32.150+08:00 DEBUG 21652 --- [           main] com.petshop.mapper.AdminMapper.insert    : ==> Parameters: testadmin(String), $2a$10$CnW/v9fHqA1ddYWG5yzEG.pby1xFXcliTWQfScI4DKxK8TPiRbD2C(String), null, null
2026-04-23T18:55:32.150+08:00 DEBUG 21652 --- [           main] com.petshop.mapper.AdminMapper.insert    : <==    Updates: 1
2026-04-23T18:55:32.151+08:00 DEBUG 21652 --- [           main] o.s.security.web.FilterChainProxy        : Securing POST /api/auth/register
2026-04-23T18:55:32.151+08:00 DEBUG 21652 --- [           main] o.s.s.w.a.AnonymousAuthenticationFilter  : Set SecurityContextHolder to anonymous SecurityContext
2026-04-23T18:55:32.151+08:00 DEBUG 21652 --- [           main] o.s.security.web.FilterChainProxy        : Secured POST /api/auth/register
2026-04-23T18:55:32.240+08:00 DEBUG 21652 --- [           main] com.petshop.mapper.UserMapper.insert     : ==>  Preparing: INSERT INTO "user" ( username, email, password, phone, status, created_at, updated_at ) VALUES ( ?, ?, ?, ?, ?, ?, ? )
2026-04-23T18:55:32.240+08:00 DEBUG 21652 --- [           main] com.petshop.mapper.UserMapper.insert     : ==> Parameters: testuser(String), testuser@example.com(String), $2a$10$Rcq44/AEm50HuZ/QGEK3feFAbsEBGcxAptqGDCpK3XUtC0s8unXiS(String), 13800138001(String), active(String), null, null
2026-04-23T18:55:32.240+08:00 DEBUG 21652 --- [           main] com.petshop.mapper.UserMapper.insert     : <==    Updates: 1
2026-04-23T18:55:32.240+08:00 DEBUG 21652 --- [           main] c.petshop.mapper.MerchantMapper.insert   : ==>  Preparing: INSERT INTO "merchant" ( name, contact_person, phone, email, password, address, status, created_at, updated_at ) VALUES ( ?, ?, ?, ?, ?, ?, ?, ?, ? )
2026-04-23T18:55:32.241+08:00 DEBUG 21652 --- [           main] c.petshop.mapper.MerchantMapper.insert   : ==> Parameters: Test Merchant(String), Contact Person(String), 13800138002(String), merchant@example.com(String), $2a$10$Rcq44/AEm50HuZ/QGEK3feFAbsEBGcxAptqGDCpK3XUtC0s8unXiS(String), Test Address(String), approved(String), null, null
2026-04-23T18:55:32.241+08:00 DEBUG 21652 --- [           main] c.petshop.mapper.MerchantMapper.insert   : <==    Updates: 1
2026-04-23T18:55:32.241+08:00 DEBUG 21652 --- [           main] com.petshop.mapper.AdminMapper.insert    : ==>  Preparing: INSERT INTO "admin" ( username, password, created_at, updated_at ) VALUES ( ?, ?, ?, ? )
2026-04-23T18:55:32.241+08:00 DEBUG 21652 --- [           main] com.petshop.mapper.AdminMapper.insert    : ==> Parameters: testadmin(String), $2a$10$Rcq44/AEm50HuZ/QGEK3feFAbsEBGcxAptqGDCpK3XUtC0s8unXiS(String), null, null
2026-04-23T18:55:32.241+08:00 DEBUG 21652 --- [           main] com.petshop.mapper.AdminMapper.insert    : <==    Updates: 1
2026-04-23T18:55:32.242+08:00 DEBUG 21652 --- [           main] o.s.security.web.FilterChainProxy        : Securing POST /api/auth/register
2026-04-23T18:55:32.242+08:00 DEBUG 21652 --- [           main] o.s.s.w.a.AnonymousAuthenticationFilter  : Set SecurityContextHolder to anonymous SecurityContext
2026-04-23T18:55:32.242+08:00 DEBUG 21652 --- [           main] o.s.security.web.FilterChainProxy        : Secured POST /api/auth/register
2026-04-23T18:55:32.243+08:00 DEBUG 21652 --- [           main] c.petshop.mapper.UserMapper.selectCount  : ==>  Preparing: SELECT COUNT( * ) AS total FROM "user" WHERE (phone = ?)
2026-04-23T18:55:32.243+08:00 DEBUG 21652 --- [           main] c.petshop.mapper.UserMapper.selectCount  : ==> Parameters: 13800138001(String)
2026-04-23T18:55:32.244+08:00 DEBUG 21652 --- [           main] c.petshop.mapper.UserMapper.selectCount  : <==      Total: 1
2026-04-23T18:55:32.331+08:00 DEBUG 21652 --- [           main] com.petshop.mapper.UserMapper.insert     : ==>  Preparing: INSERT INTO "user" ( username, email, password, phone, status, created_at, updated_at ) VALUES ( ?, ?, ?, ?, ?, ?, ? )
2026-04-23T18:55:32.331+08:00 DEBUG 21652 --- [           main] com.petshop.mapper.UserMapper.insert     : ==> Parameters: testuser(String), testuser@example.com(String), $2a$10$ch94TDU944dvUO6vZzOmhOS/UwgcNp7/neN45yNkQnF413F7zCjI2(String), 13800138001(String), active(String), null, null
2026-04-23T18:55:32.331+08:00 DEBUG 21652 --- [           main] com.petshop.mapper.UserMapper.insert     : <==    Updates: 1
2026-04-23T18:55:32.332+08:00 DEBUG 21652 --- [           main] c.petshop.mapper.MerchantMapper.insert   : ==>  Preparing: INSERT INTO "merchant" ( name, contact_person, phone, email, password, address, status, created_at, updated_at ) VALUES ( ?, ?, ?, ?, ?, ?, ?, ?, ? )
2026-04-23T18:55:32.332+08:00 DEBUG 21652 --- [           main] c.petshop.mapper.MerchantMapper.insert   : ==> Parameters: Test Merchant(String), Contact Person(String), 13800138002(String), merchant@example.com(String), $2a$10$ch94TDU944dvUO6vZzOmhOS/UwgcNp7/neN45yNkQnF413F7zCjI2(String), Test Address(String), approved(String), null, null
2026-04-23T18:55:32.332+08:00 DEBUG 21652 --- [           main] c.petshop.mapper.MerchantMapper.insert   : <==    Updates: 1
2026-04-23T18:55:32.332+08:00 DEBUG 21652 --- [           main] com.petshop.mapper.AdminMapper.insert    : ==>  Preparing: INSERT INTO "admin" ( username, password, created_at, updated_at ) VALUES ( ?, ?, ?, ? )
2026-04-23T18:55:32.332+08:00 DEBUG 21652 --- [           main] com.petshop.mapper.AdminMapper.insert    : ==> Parameters: testadmin(String), $2a$10$ch94TDU944dvUO6vZzOmhOS/UwgcNp7/neN45yNkQnF413F7zCjI2(String), null, null
2026-04-23T18:55:32.332+08:00 DEBUG 21652 --- [           main] com.petshop.mapper.AdminMapper.insert    : <==    Updates: 1
2026-04-23T18:55:32.333+08:00 DEBUG 21652 --- [           main] o.s.security.web.FilterChainProxy        : Securing POST /api/auth/register
2026-04-23T18:55:32.333+08:00 DEBUG 21652 --- [           main] o.s.s.w.a.AnonymousAuthenticationFilter  : Set SecurityContextHolder to anonymous SecurityContext
2026-04-23T18:55:32.333+08:00 DEBUG 21652 --- [           main] o.s.security.web.FilterChainProxy        : Secured POST /api/auth/register
2026-04-23T18:55:32.334+08:00 DEBUG 21652 --- [           main] c.petshop.mapper.UserMapper.selectCount  : ==>  Preparing: SELECT COUNT( * ) AS total FROM "user" WHERE (phone = ?)
2026-04-23T18:55:32.334+08:00 DEBUG 21652 --- [           main] c.petshop.mapper.UserMapper.selectCount  : ==> Parameters: 13900139001(String)
2026-04-23T18:55:32.335+08:00 DEBUG 21652 --- [           main] c.petshop.mapper.UserMapper.selectCount  : <==      Total: 1
2026-04-23T18:55:32.417+08:00 DEBUG 21652 --- [           main] com.petshop.mapper.UserMapper.insert     : ==>  Preparing: INSERT INTO "user" ( username, email, password, phone, status, created_at, updated_at ) VALUES ( ?, ?, ?, ?, ?, ?, ? )
2026-04-23T18:55:32.418+08:00 DEBUG 21652 --- [           main] com.petshop.mapper.UserMapper.insert     : ==> Parameters: newuser(String), newuser@example.com(String), $2a$10$K/Jd/d0NIzhLeGaza3LtLO6S16wBZju7E0ftskCfBZw/hpiViEmb.(String), 13900139001(String), active(String), 2026-04-23T18:55:32.417445500(LocalDateTime), 2026-04-23T18:55:32.417445500(LocalDateTime)
2026-04-23T18:55:32.418+08:00 DEBUG 21652 --- [           main] com.petshop.mapper.UserMapper.insert     : <==    Updates: 1
2026-04-23T18:55:32.418+08:00 DEBUG 21652 --- [           main] c.p.mapper.UserMapper.selectByPhone      : ==>  Preparing: SELECT * FROM `user` WHERE phone = ?
2026-04-23T18:55:32.418+08:00 DEBUG 21652 --- [           main] c.p.mapper.UserMapper.selectByPhone      : ==> Parameters: 13900139001(String)
2026-04-23T18:55:32.419+08:00 DEBUG 21652 --- [           main] c.p.mapper.UserMapper.selectByPhone      : <==      Total: 1
2026-04-23T18:55:32.499+08:00 DEBUG 21652 --- [           main] o.s.s.a.dao.DaoAuthenticationProvider    : Authenticated user
[INFO] Tests run: 4, Failures: 0, Errors: 0, Skipped: 0, Time elapsed: 0.547 s -- in com.petshop.integration.SecurityIntegrationTest$UserRegistrationTests
[INFO] Tests run: 0, Failures: 0, Errors: 0, Skipped: 0, Time elapsed: 10.89 s -- in com.petshop.integration.SecurityIntegrationTest
[INFO] Running com.petshop.performance.PerformanceTest
2026-04-23T18:55:32.512+08:00  INFO 21652 --- [           main] t.c.s.AnnotationConfigContextLoaderUtils : Could not detect default configuration classes for test class [com.petshop.performance.PerformanceTest]: PerformanceTest does not declare any static, non-private, non-final, nested classes annotated with @Configuration.
2026-04-23T18:55:32.525+08:00  INFO 21652 --- [           main] .b.t.c.SpringBootTestContextBootstrapper : Found @SpringBootConfiguration com.petshop.PetManagementSystemApplication for test class com.petshop.performance.PerformanceTest
========================================
性能测试开始
========================================
预热迭代次数: 5
测量迭代次数: 10
并发用户数: 50
========================================


>>> 测试用户登录接口性能 <<<
2026-04-23T18:55:32.535+08:00 DEBUG 21652 --- [           main] o.s.security.web.FilterChainProxy        : Securing POST /api/auth/login
2026-04-23T18:55:32.536+08:00 DEBUG 21652 --- [           main] o.s.s.w.a.AnonymousAuthenticationFilter  : Set SecurityContextHolder to anonymous SecurityContext
2026-04-23T18:55:32.536+08:00 DEBUG 21652 --- [           main] o.s.security.web.FilterChainProxy        : Secured POST /api/auth/login
2026-04-23T18:55:32.537+08:00 DEBUG 21652 --- [           main] c.p.mapper.UserMapper.selectByPhone      : ==>  Preparing: SELECT * FROM `user` WHERE phone = ?
2026-04-23T18:55:32.538+08:00 DEBUG 21652 --- [           main] c.p.mapper.UserMapper.selectByPhone      : ==> Parameters: 13800138000(String)
2026-04-23T18:55:32.538+08:00 DEBUG 21652 --- [           main] c.p.mapper.UserMapper.selectByPhone      : <==      Total: 0
2026-04-23T18:55:32.538+08:00 DEBUG 21652 --- [           main] c.p.mapper.MerchantMapper.selectByPhone  : ==>  Preparing: SELECT * FROM `merchant` WHERE phone = ?
2026-04-23T18:55:32.538+08:00 DEBUG 21652 --- [           main] c.p.mapper.MerchantMapper.selectByPhone  : ==> Parameters: 13800138000(String)
2026-04-23T18:55:32.539+08:00 DEBUG 21652 --- [           main] c.p.mapper.MerchantMapper.selectByPhone  : <==      Total: 0
2026-04-23T18:55:32.539+08:00 DEBUG 21652 --- [           main] c.p.mapper.MerchantMapper.selectByEmail  : ==>  Preparing: SELECT * FROM `merchant` WHERE email = ?
2026-04-23T18:55:32.539+08:00 DEBUG 21652 --- [           main] c.p.mapper.MerchantMapper.selectByEmail  : ==> Parameters: 13800138000(String)
2026-04-23T18:55:32.539+08:00 DEBUG 21652 --- [           main] c.p.mapper.MerchantMapper.selectByEmail  : <==      Total: 0
2026-04-23T18:55:32.539+08:00 DEBUG 21652 --- [           main] c.p.mapper.AdminMapper.selectByUsername  : ==>  Preparing: SELECT * FROM `admin` WHERE username = ?
2026-04-23T18:55:32.539+08:00 DEBUG 21652 --- [           main] c.p.mapper.AdminMapper.selectByUsername  : ==> Parameters: 13800138000(String)
2026-04-23T18:55:32.539+08:00 DEBUG 21652 --- [           main] c.p.mapper.AdminMapper.selectByUsername  : <==      Total: 0
2026-04-23T18:55:32.621+08:00 DEBUG 21652 --- [           main] o.s.s.a.dao.DaoAuthenticationProvider    : Failed to find user '13800138000'
2026-04-23T18:55:32.623+08:00 DEBUG 21652 --- [           main] o.s.security.web.FilterChainProxy        : Securing POST /api/auth/login
2026-04-23T18:55:32.623+08:00 DEBUG 21652 --- [           main] o.s.s.w.a.AnonymousAuthenticationFilter  : Set SecurityContextHolder to anonymous SecurityContext
2026-04-23T18:55:32.623+08:00 DEBUG 21652 --- [           main] o.s.security.web.FilterChainProxy        : Secured POST /api/auth/login
2026-04-23T18:55:32.624+08:00 DEBUG 21652 --- [           main] c.p.mapper.UserMapper.selectByPhone      : ==>  Preparing: SELECT * FROM `user` WHERE phone = ?
2026-04-23T18:55:32.625+08:00 DEBUG 21652 --- [           main] c.p.mapper.UserMapper.selectByPhone      : ==> Parameters: 13800138000(String)
2026-04-23T18:55:32.625+08:00 DEBUG 21652 --- [           main] c.p.mapper.UserMapper.selectByPhone      : <==      Total: 0
2026-04-23T18:55:32.625+08:00 DEBUG 21652 --- [           main] c.p.mapper.MerchantMapper.selectByPhone  : ==>  Preparing: SELECT * FROM `merchant` WHERE phone = ?
2026-04-23T18:55:32.625+08:00 DEBUG 21652 --- [           main] c.p.mapper.MerchantMapper.selectByPhone  : ==> Parameters: 13800138000(String)
2026-04-23T18:55:32.625+08:00 DEBUG 21652 --- [           main] c.p.mapper.MerchantMapper.selectByPhone  : <==      Total: 0
2026-04-23T18:55:32.625+08:00 DEBUG 21652 --- [           main] c.p.mapper.MerchantMapper.selectByEmail  : ==>  Preparing: SELECT * FROM `merchant` WHERE email = ?
2026-04-23T18:55:32.625+08:00 DEBUG 21652 --- [           main] c.p.mapper.MerchantMapper.selectByEmail  : ==> Parameters: 13800138000(String)
2026-04-23T18:55:32.625+08:00 DEBUG 21652 --- [           main] c.p.mapper.MerchantMapper.selectByEmail  : <==      Total: 0
2026-04-23T18:55:32.625+08:00 DEBUG 21652 --- [           main] c.p.mapper.AdminMapper.selectByUsername  : ==>  Preparing: SELECT * FROM `admin` WHERE username = ?
2026-04-23T18:55:32.625+08:00 DEBUG 21652 --- [           main] c.p.mapper.AdminMapper.selectByUsername  : ==> Parameters: 13800138000(String)
2026-04-23T18:55:32.626+08:00 DEBUG 21652 --- [           main] c.p.mapper.AdminMapper.selectByUsername  : <==      Total: 0
2026-04-23T18:55:32.706+08:00 DEBUG 21652 --- [           main] o.s.s.a.dao.DaoAuthenticationProvider    : Failed to find user '13800138000'
2026-04-23T18:55:32.707+08:00 DEBUG 21652 --- [           main] o.s.security.web.FilterChainProxy        : Securing POST /api/auth/login
2026-04-23T18:55:32.708+08:00 DEBUG 21652 --- [           main] o.s.s.w.a.AnonymousAuthenticationFilter  : Set SecurityContextHolder to anonymous SecurityContext
2026-04-23T18:55:32.708+08:00 DEBUG 21652 --- [           main] o.s.security.web.FilterChainProxy        : Secured POST /api/auth/login
2026-04-23T18:55:32.709+08:00 DEBUG 21652 --- [           main] c.p.mapper.UserMapper.selectByPhone      : ==>  Preparing: SELECT * FROM `user` WHERE phone = ?
2026-04-23T18:55:32.709+08:00 DEBUG 21652 --- [           main] c.p.mapper.UserMapper.selectByPhone      : ==> Parameters: 13800138000(String)
2026-04-23T18:55:32.709+08:00 DEBUG 21652 --- [           main] c.p.mapper.UserMapper.selectByPhone      : <==      Total: 0
2026-04-23T18:55:32.709+08:00 DEBUG 21652 --- [           main] c.p.mapper.MerchantMapper.selectByPhone  : ==>  Preparing: SELECT * FROM `merchant` WHERE phone = ?
2026-04-23T18:55:32.709+08:00 DEBUG 21652 --- [           main] c.p.mapper.MerchantMapper.selectByPhone  : ==> Parameters: 13800138000(String)
2026-04-23T18:55:32.709+08:00 DEBUG 21652 --- [           main] c.p.mapper.MerchantMapper.selectByPhone  : <==      Total: 0
2026-04-23T18:55:32.709+08:00 DEBUG 21652 --- [           main] c.p.mapper.MerchantMapper.selectByEmail  : ==>  Preparing: SELECT * FROM `merchant` WHERE email = ?
2026-04-23T18:55:32.709+08:00 DEBUG 21652 --- [           main] c.p.mapper.MerchantMapper.selectByEmail  : ==> Parameters: 13800138000(String)
2026-04-23T18:55:32.711+08:00 DEBUG 21652 --- [           main] c.p.mapper.MerchantMapper.selectByEmail  : <==      Total: 0
2026-04-23T18:55:32.711+08:00 DEBUG 21652 --- [           main] c.p.mapper.AdminMapper.selectByUsername  : ==>  Preparing: SELECT * FROM `admin` WHERE username = ?
2026-04-23T18:55:32.711+08:00 DEBUG 21652 --- [           main] c.p.mapper.AdminMapper.selectByUsername  : ==> Parameters: 13800138000(String)
2026-04-23T18:55:32.711+08:00 DEBUG 21652 --- [           main] c.p.mapper.AdminMapper.selectByUsername  : <==      Total: 0
2026-04-23T18:55:32.792+08:00 DEBUG 21652 --- [           main] o.s.s.a.dao.DaoAuthenticationProvider    : Failed to find user '13800138000'
2026-04-23T18:55:32.793+08:00 DEBUG 21652 --- [           main] o.s.security.web.FilterChainProxy        : Securing POST /api/auth/login
2026-04-23T18:55:32.793+08:00 DEBUG 21652 --- [           main] o.s.s.w.a.AnonymousAuthenticationFilter  : Set SecurityContextHolder to anonymous SecurityContext
2026-04-23T18:55:32.794+08:00 DEBUG 21652 --- [           main] o.s.security.web.FilterChainProxy        : Secured POST /api/auth/login
2026-04-23T18:55:32.796+08:00 DEBUG 21652 --- [           main] c.p.mapper.UserMapper.selectByPhone      : ==>  Preparing: SELECT * FROM `user` WHERE phone = ?
2026-04-23T18:55:32.796+08:00 DEBUG 21652 --- [           main] c.p.mapper.UserMapper.selectByPhone      : ==> Parameters: 13800138000(String)
2026-04-23T18:55:32.797+08:00 DEBUG 21652 --- [           main] c.p.mapper.UserMapper.selectByPhone      : <==      Total: 0
2026-04-23T18:55:32.797+08:00 DEBUG 21652 --- [           main] c.p.mapper.MerchantMapper.selectByPhone  : ==>  Preparing: SELECT * FROM `merchant` WHERE phone = ?
2026-04-23T18:55:32.797+08:00 DEBUG 21652 --- [           main] c.p.mapper.MerchantMapper.selectByPhone  : ==> Parameters: 13800138000(String)
2026-04-23T18:55:32.797+08:00 DEBUG 21652 --- [           main] c.p.mapper.MerchantMapper.selectByPhone  : <==      Total: 0
2026-04-23T18:55:32.797+08:00 DEBUG 21652 --- [           main] c.p.mapper.MerchantMapper.selectByEmail  : ==>  Preparing: SELECT * FROM `merchant` WHERE email = ?
2026-04-23T18:55:32.797+08:00 DEBUG 21652 --- [           main] c.p.mapper.MerchantMapper.selectByEmail  : ==> Parameters: 13800138000(String)
2026-04-23T18:55:32.797+08:00 DEBUG 21652 --- [           main] c.p.mapper.MerchantMapper.selectByEmail  : <==      Total: 0
2026-04-23T18:55:32.797+08:00 DEBUG 21652 --- [           main] c.p.mapper.AdminMapper.selectByUsername  : ==>  Preparing: SELECT * FROM `admin` WHERE username = ?
2026-04-23T18:55:32.798+08:00 DEBUG 21652 --- [           main] c.p.mapper.AdminMapper.selectByUsername  : ==> Parameters: 13800138000(String)
2026-04-23T18:55:32.798+08:00 DEBUG 21652 --- [           main] c.p.mapper.AdminMapper.selectByUsername  : <==      Total: 0
2026-04-23T18:55:32.879+08:00 DEBUG 21652 --- [           main] o.s.s.a.dao.DaoAuthenticationProvider    : Failed to find user '13800138000'
2026-04-23T18:55:32.880+08:00 DEBUG 21652 --- [           main] o.s.security.web.FilterChainProxy        : Securing POST /api/auth/login
2026-04-23T18:55:32.880+08:00 DEBUG 21652 --- [           main] o.s.s.w.a.AnonymousAuthenticationFilter  : Set SecurityContextHolder to anonymous SecurityContext
2026-04-23T18:55:32.882+08:00 DEBUG 21652 --- [           main] o.s.security.web.FilterChainProxy        : Secured POST /api/auth/login
2026-04-23T18:55:32.882+08:00 DEBUG 21652 --- [           main] c.p.mapper.UserMapper.selectByPhone      : ==>  Preparing: SELECT * FROM `user` WHERE phone = ?
2026-04-23T18:55:32.883+08:00 DEBUG 21652 --- [           main] c.p.mapper.UserMapper.selectByPhone      : ==> Parameters: 13800138000(String)
2026-04-23T18:55:32.883+08:00 DEBUG 21652 --- [           main] c.p.mapper.UserMapper.selectByPhone      : <==      Total: 0
2026-04-23T18:55:32.883+08:00 DEBUG 21652 --- [           main] c.p.mapper.MerchantMapper.selectByPhone  : ==>  Preparing: SELECT * FROM `merchant` WHERE phone = ?
2026-04-23T18:55:32.883+08:00 DEBUG 21652 --- [           main] c.p.mapper.MerchantMapper.selectByPhone  : ==> Parameters: 13800138000(String)
2026-04-23T18:55:32.883+08:00 DEBUG 21652 --- [           main] c.p.mapper.MerchantMapper.selectByPhone  : <==      Total: 0
2026-04-23T18:55:32.883+08:00 DEBUG 21652 --- [           main] c.p.mapper.MerchantMapper.selectByEmail  : ==>  Preparing: SELECT * FROM `merchant` WHERE email = ?
2026-04-23T18:55:32.883+08:00 DEBUG 21652 --- [           main] c.p.mapper.MerchantMapper.selectByEmail  : ==> Parameters: 13800138000(String)
2026-04-23T18:55:32.883+08:00 DEBUG 21652 --- [           main] c.p.mapper.MerchantMapper.selectByEmail  : <==      Total: 0
2026-04-23T18:55:32.883+08:00 DEBUG 21652 --- [           main] c.p.mapper.AdminMapper.selectByUsername  : ==>  Preparing: SELECT * FROM `admin` WHERE username = ?
2026-04-23T18:55:32.883+08:00 DEBUG 21652 --- [           main] c.p.mapper.AdminMapper.selectByUsername  : ==> Parameters: 13800138000(String)
2026-04-23T18:55:32.884+08:00 DEBUG 21652 --- [           main] c.p.mapper.AdminMapper.selectByUsername  : <==      Total: 0
2026-04-23T18:55:32.964+08:00 DEBUG 21652 --- [           main] o.s.s.a.dao.DaoAuthenticationProvider    : Failed to find user '13800138000'
2026-04-23T18:55:32.966+08:00 DEBUG 21652 --- [           main] o.s.security.web.FilterChainProxy        : Securing POST /api/auth/login
2026-04-23T18:55:32.966+08:00 DEBUG 21652 --- [           main] o.s.s.w.a.AnonymousAuthenticationFilter  : Set SecurityContextHolder to anonymous SecurityContext
2026-04-23T18:55:32.967+08:00 DEBUG 21652 --- [           main] o.s.security.web.FilterChainProxy        : Secured POST /api/auth/login
2026-04-23T18:55:32.968+08:00 DEBUG 21652 --- [           main] c.p.mapper.UserMapper.selectByPhone      : ==>  Preparing: SELECT * FROM `user` WHERE phone = ?
2026-04-23T18:55:32.969+08:00 DEBUG 21652 --- [           main] c.p.mapper.UserMapper.selectByPhone      : ==> Parameters: 13800138000(String)
2026-04-23T18:55:32.969+08:00 DEBUG 21652 --- [           main] c.p.mapper.UserMapper.selectByPhone      : <==      Total: 0
2026-04-23T18:55:32.969+08:00 DEBUG 21652 --- [           main] c.p.mapper.MerchantMapper.selectByPhone  : ==>  Preparing: SELECT * FROM `merchant` WHERE phone = ?
2026-04-23T18:55:32.969+08:00 DEBUG 21652 --- [           main] c.p.mapper.MerchantMapper.selectByPhone  : ==> Parameters: 13800138000(String)
2026-04-23T18:55:32.969+08:00 DEBUG 21652 --- [           main] c.p.mapper.MerchantMapper.selectByPhone  : <==      Total: 0
2026-04-23T18:55:32.969+08:00 DEBUG 21652 --- [           main] c.p.mapper.MerchantMapper.selectByEmail  : ==>  Preparing: SELECT * FROM `merchant` WHERE email = ?
2026-04-23T18:55:32.969+08:00 DEBUG 21652 --- [           main] c.p.mapper.MerchantMapper.selectByEmail  : ==> Parameters: 13800138000(String)
2026-04-23T18:55:32.969+08:00 DEBUG 21652 --- [           main] c.p.mapper.MerchantMapper.selectByEmail  : <==      Total: 0
2026-04-23T18:55:32.969+08:00 DEBUG 21652 --- [           main] c.p.mapper.AdminMapper.selectByUsername  : ==>  Preparing: SELECT * FROM `admin` WHERE username = ?
2026-04-23T18:55:32.969+08:00 DEBUG 21652 --- [           main] c.p.mapper.AdminMapper.selectByUsername  : ==> Parameters: 13800138000(String)
2026-04-23T18:55:32.969+08:00 DEBUG 21652 --- [           main] c.p.mapper.AdminMapper.selectByUsername  : <==      Total: 0
2026-04-23T18:55:33.056+08:00 DEBUG 21652 --- [           main] o.s.s.a.dao.DaoAuthenticationProvider    : Failed to find user '13800138000'
迭代  1: 响应时间 =   91 ms, 状态码 = 401
2026-04-23T18:55:33.058+08:00 DEBUG 21652 --- [           main] o.s.security.web.FilterChainProxy        : Securing POST /api/auth/login
2026-04-23T18:55:33.059+08:00 DEBUG 21652 --- [           main] o.s.s.w.a.AnonymousAuthenticationFilter  : Set SecurityContextHolder to anonymous SecurityContext
2026-04-23T18:55:33.059+08:00 DEBUG 21652 --- [           main] o.s.security.web.FilterChainProxy        : Secured POST /api/auth/login
2026-04-23T18:55:33.059+08:00 DEBUG 21652 --- [           main] c.p.mapper.UserMapper.selectByPhone      : ==>  Preparing: SELECT * FROM `user` WHERE phone = ?
2026-04-23T18:55:33.060+08:00 DEBUG 21652 --- [           main] c.p.mapper.UserMapper.selectByPhone      : ==> Parameters: 13800138000(String)
2026-04-23T18:55:33.060+08:00 DEBUG 21652 --- [           main] c.p.mapper.UserMapper.selectByPhone      : <==      Total: 0
2026-04-23T18:55:33.060+08:00 DEBUG 21652 --- [           main] c.p.mapper.MerchantMapper.selectByPhone  : ==>  Preparing: SELECT * FROM `merchant` WHERE phone = ?
2026-04-23T18:55:33.060+08:00 DEBUG 21652 --- [           main] c.p.mapper.MerchantMapper.selectByPhone  : ==> Parameters: 13800138000(String)
2026-04-23T18:55:33.060+08:00 DEBUG 21652 --- [           main] c.p.mapper.MerchantMapper.selectByPhone  : <==      Total: 0
2026-04-23T18:55:33.060+08:00 DEBUG 21652 --- [           main] c.p.mapper.MerchantMapper.selectByEmail  : ==>  Preparing: SELECT * FROM `merchant` WHERE email = ?
2026-04-23T18:55:33.060+08:00 DEBUG 21652 --- [           main] c.p.mapper.MerchantMapper.selectByEmail  : ==> Parameters: 13800138000(String)
2026-04-23T18:55:33.060+08:00 DEBUG 21652 --- [           main] c.p.mapper.MerchantMapper.selectByEmail  : <==      Total: 0
2026-04-23T18:55:33.060+08:00 DEBUG 21652 --- [           main] c.p.mapper.AdminMapper.selectByUsername  : ==>  Preparing: SELECT * FROM `admin` WHERE username = ?
2026-04-23T18:55:33.061+08:00 DEBUG 21652 --- [           main] c.p.mapper.AdminMapper.selectByUsername  : ==> Parameters: 13800138000(String)
2026-04-23T18:55:33.061+08:00 DEBUG 21652 --- [           main] c.p.mapper.AdminMapper.selectByUsername  : <==      Total: 0
2026-04-23T18:55:33.151+08:00 DEBUG 21652 --- [           main] o.s.s.a.dao.DaoAuthenticationProvider    : Failed to find user '13800138000'
迭代  2: 响应时间 =   94 ms, 状态码 = 401
2026-04-23T18:55:33.153+08:00 DEBUG 21652 --- [           main] o.s.security.web.FilterChainProxy        : Securing POST /api/auth/login
2026-04-23T18:55:33.154+08:00 DEBUG 21652 --- [           main] o.s.s.w.a.AnonymousAuthenticationFilter  : Set SecurityContextHolder to anonymous SecurityContext
2026-04-23T18:55:33.154+08:00 DEBUG 21652 --- [           main] o.s.security.web.FilterChainProxy        : Secured POST /api/auth/login
2026-04-23T18:55:33.155+08:00 DEBUG 21652 --- [           main] c.p.mapper.UserMapper.selectByPhone      : ==>  Preparing: SELECT * FROM `user` WHERE phone = ?
2026-04-23T18:55:33.155+08:00 DEBUG 21652 --- [           main] c.p.mapper.UserMapper.selectByPhone      : ==> Parameters: 13800138000(String)
2026-04-23T18:55:33.155+08:00 DEBUG 21652 --- [           main] c.p.mapper.UserMapper.selectByPhone      : <==      Total: 0
2026-04-23T18:55:33.155+08:00 DEBUG 21652 --- [           main] c.p.mapper.MerchantMapper.selectByPhone  : ==>  Preparing: SELECT * FROM `merchant` WHERE phone = ?
2026-04-23T18:55:33.155+08:00 DEBUG 21652 --- [           main] c.p.mapper.MerchantMapper.selectByPhone  : ==> Parameters: 13800138000(String)
2026-04-23T18:55:33.155+08:00 DEBUG 21652 --- [           main] c.p.mapper.MerchantMapper.selectByPhone  : <==      Total: 0
2026-04-23T18:55:33.155+08:00 DEBUG 21652 --- [           main] c.p.mapper.MerchantMapper.selectByEmail  : ==>  Preparing: SELECT * FROM `merchant` WHERE email = ?
2026-04-23T18:55:33.155+08:00 DEBUG 21652 --- [           main] c.p.mapper.MerchantMapper.selectByEmail  : ==> Parameters: 13800138000(String)
2026-04-23T18:55:33.155+08:00 DEBUG 21652 --- [           main] c.p.mapper.MerchantMapper.selectByEmail  : <==      Total: 0
2026-04-23T18:55:33.155+08:00 DEBUG 21652 --- [           main] c.p.mapper.AdminMapper.selectByUsername  : ==>  Preparing: SELECT * FROM `admin` WHERE username = ?
2026-04-23T18:55:33.156+08:00 DEBUG 21652 --- [           main] c.p.mapper.AdminMapper.selectByUsername  : ==> Parameters: 13800138000(String)
2026-04-23T18:55:33.156+08:00 DEBUG 21652 --- [           main] c.p.mapper.AdminMapper.selectByUsername  : <==      Total: 0
2026-04-23T18:55:33.237+08:00 DEBUG 21652 --- [           main] o.s.s.a.dao.DaoAuthenticationProvider    : Failed to find user '13800138000'
迭代  3: 响应时间 =   85 ms, 状态码 = 401
2026-04-23T18:55:33.239+08:00 DEBUG 21652 --- [           main] o.s.security.web.FilterChainProxy        : Securing POST /api/auth/login
2026-04-23T18:55:33.239+08:00 DEBUG 21652 --- [           main] o.s.s.w.a.AnonymousAuthenticationFilter  : Set SecurityContextHolder to anonymous SecurityContext
2026-04-23T18:55:33.239+08:00 DEBUG 21652 --- [           main] o.s.security.web.FilterChainProxy        : Secured POST /api/auth/login
2026-04-23T18:55:33.240+08:00 DEBUG 21652 --- [           main] c.p.mapper.UserMapper.selectByPhone      : ==>  Preparing: SELECT * FROM `user` WHERE phone = ?
2026-04-23T18:55:33.240+08:00 DEBUG 21652 --- [           main] c.p.mapper.UserMapper.selectByPhone      : ==> Parameters: 13800138000(String)
2026-04-23T18:55:33.240+08:00 DEBUG 21652 --- [           main] c.p.mapper.UserMapper.selectByPhone      : <==      Total: 0
2026-04-23T18:55:33.240+08:00 DEBUG 21652 --- [           main] c.p.mapper.MerchantMapper.selectByPhone  : ==>  Preparing: SELECT * FROM `merchant` WHERE phone = ?
2026-04-23T18:55:33.240+08:00 DEBUG 21652 --- [           main] c.p.mapper.MerchantMapper.selectByPhone  : ==> Parameters: 13800138000(String)
2026-04-23T18:55:33.240+08:00 DEBUG 21652 --- [           main] c.p.mapper.MerchantMapper.selectByPhone  : <==      Total: 0
2026-04-23T18:55:33.240+08:00 DEBUG 21652 --- [           main] c.p.mapper.MerchantMapper.selectByEmail  : ==>  Preparing: SELECT * FROM `merchant` WHERE email = ?
2026-04-23T18:55:33.240+08:00 DEBUG 21652 --- [           main] c.p.mapper.MerchantMapper.selectByEmail  : ==> Parameters: 13800138000(String)
2026-04-23T18:55:33.240+08:00 DEBUG 21652 --- [           main] c.p.mapper.MerchantMapper.selectByEmail  : <==      Total: 0
2026-04-23T18:55:33.240+08:00 DEBUG 21652 --- [           main] c.p.mapper.AdminMapper.selectByUsername  : ==>  Preparing: SELECT * FROM `admin` WHERE username = ?
2026-04-23T18:55:33.240+08:00 DEBUG 21652 --- [           main] c.p.mapper.AdminMapper.selectByUsername  : ==> Parameters: 13800138000(String)
2026-04-23T18:55:33.241+08:00 DEBUG 21652 --- [           main] c.p.mapper.AdminMapper.selectByUsername  : <==      Total: 0
2026-04-23T18:55:33.324+08:00 DEBUG 21652 --- [           main] o.s.s.a.dao.DaoAuthenticationProvider    : Failed to find user '13800138000'
迭代  4: 响应时间 =   88 ms, 状态码 = 401
2026-04-23T18:55:33.327+08:00 DEBUG 21652 --- [           main] o.s.security.web.FilterChainProxy        : Securing POST /api/auth/login
2026-04-23T18:55:33.328+08:00 DEBUG 21652 --- [           main] o.s.s.w.a.AnonymousAuthenticationFilter  : Set SecurityContextHolder to anonymous SecurityContext
2026-04-23T18:55:33.328+08:00 DEBUG 21652 --- [           main] o.s.security.web.FilterChainProxy        : Secured POST /api/auth/login
2026-04-23T18:55:33.328+08:00 DEBUG 21652 --- [           main] c.p.mapper.UserMapper.selectByPhone      : ==>  Preparing: SELECT * FROM `user` WHERE phone = ?
2026-04-23T18:55:33.328+08:00 DEBUG 21652 --- [           main] c.p.mapper.UserMapper.selectByPhone      : ==> Parameters: 13800138000(String)
2026-04-23T18:55:33.329+08:00 DEBUG 21652 --- [           main] c.p.mapper.UserMapper.selectByPhone      : <==      Total: 0
2026-04-23T18:55:33.329+08:00 DEBUG 21652 --- [           main] c.p.mapper.MerchantMapper.selectByPhone  : ==>  Preparing: SELECT * FROM `merchant` WHERE phone = ?
2026-04-23T18:55:33.329+08:00 DEBUG 21652 --- [           main] c.p.mapper.MerchantMapper.selectByPhone  : ==> Parameters: 13800138000(String)
2026-04-23T18:55:33.329+08:00 DEBUG 21652 --- [           main] c.p.mapper.MerchantMapper.selectByPhone  : <==      Total: 0
2026-04-23T18:55:33.329+08:00 DEBUG 21652 --- [           main] c.p.mapper.MerchantMapper.selectByEmail  : ==>  Preparing: SELECT * FROM `merchant` WHERE email = ?
2026-04-23T18:55:33.329+08:00 DEBUG 21652 --- [           main] c.p.mapper.MerchantMapper.selectByEmail  : ==> Parameters: 13800138000(String)
2026-04-23T18:55:33.329+08:00 DEBUG 21652 --- [           main] c.p.mapper.MerchantMapper.selectByEmail  : <==      Total: 0
2026-04-23T18:55:33.329+08:00 DEBUG 21652 --- [           main] c.p.mapper.AdminMapper.selectByUsername  : ==>  Preparing: SELECT * FROM `admin` WHERE username = ?
2026-04-23T18:55:33.329+08:00 DEBUG 21652 --- [           main] c.p.mapper.AdminMapper.selectByUsername  : ==> Parameters: 13800138000(String)
2026-04-23T18:55:33.329+08:00 DEBUG 21652 --- [           main] c.p.mapper.AdminMapper.selectByUsername  : <==      Total: 0
2026-04-23T18:55:33.415+08:00 DEBUG 21652 --- [           main] o.s.s.a.dao.DaoAuthenticationProvider    : Failed to find user '13800138000'
迭代  5: 响应时间 =   88 ms, 状态码 = 401
2026-04-23T18:55:33.417+08:00 DEBUG 21652 --- [           main] o.s.security.web.FilterChainProxy        : Securing POST /api/auth/login
2026-04-23T18:55:33.417+08:00 DEBUG 21652 --- [           main] o.s.s.w.a.AnonymousAuthenticationFilter  : Set SecurityContextHolder to anonymous SecurityContext
2026-04-23T18:55:33.417+08:00 DEBUG 21652 --- [           main] o.s.security.web.FilterChainProxy        : Secured POST /api/auth/login
2026-04-23T18:55:33.418+08:00 DEBUG 21652 --- [           main] c.p.mapper.UserMapper.selectByPhone      : ==>  Preparing: SELECT * FROM `user` WHERE phone = ?
2026-04-23T18:55:33.418+08:00 DEBUG 21652 --- [           main] c.p.mapper.UserMapper.selectByPhone      : ==> Parameters: 13800138000(String)
2026-04-23T18:55:33.418+08:00 DEBUG 21652 --- [           main] c.p.mapper.UserMapper.selectByPhone      : <==      Total: 0
2026-04-23T18:55:33.418+08:00 DEBUG 21652 --- [           main] c.p.mapper.MerchantMapper.selectByPhone  : ==>  Preparing: SELECT * FROM `merchant` WHERE phone = ?
2026-04-23T18:55:33.419+08:00 DEBUG 21652 --- [           main] c.p.mapper.MerchantMapper.selectByPhone  : ==> Parameters: 13800138000(String)
2026-04-23T18:55:33.419+08:00 DEBUG 21652 --- [           main] c.p.mapper.MerchantMapper.selectByPhone  : <==      Total: 0
2026-04-23T18:55:33.419+08:00 DEBUG 21652 --- [           main] c.p.mapper.MerchantMapper.selectByEmail  : ==>  Preparing: SELECT * FROM `merchant` WHERE email = ?
2026-04-23T18:55:33.419+08:00 DEBUG 21652 --- [           main] c.p.mapper.MerchantMapper.selectByEmail  : ==> Parameters: 13800138000(String)
2026-04-23T18:55:33.419+08:00 DEBUG 21652 --- [           main] c.p.mapper.MerchantMapper.selectByEmail  : <==      Total: 0
2026-04-23T18:55:33.419+08:00 DEBUG 21652 --- [           main] c.p.mapper.AdminMapper.selectByUsername  : ==>  Preparing: SELECT * FROM `admin` WHERE username = ?
2026-04-23T18:55:33.419+08:00 DEBUG 21652 --- [           main] c.p.mapper.AdminMapper.selectByUsername  : ==> Parameters: 13800138000(String)
2026-04-23T18:55:33.420+08:00 DEBUG 21652 --- [           main] c.p.mapper.AdminMapper.selectByUsername  : <==      Total: 0
2026-04-23T18:55:33.505+08:00 DEBUG 21652 --- [           main] o.s.s.a.dao.DaoAuthenticationProvider    : Failed to find user '13800138000'
迭代  6: 响应时间 =   91 ms, 状态码 = 401
2026-04-23T18:55:33.507+08:00 DEBUG 21652 --- [           main] o.s.security.web.FilterChainProxy        : Securing POST /api/auth/login
2026-04-23T18:55:33.507+08:00 DEBUG 21652 --- [           main] o.s.s.w.a.AnonymousAuthenticationFilter  : Set SecurityContextHolder to anonymous SecurityContext
2026-04-23T18:55:33.507+08:00 DEBUG 21652 --- [           main] o.s.security.web.FilterChainProxy        : Secured POST /api/auth/login
2026-04-23T18:55:33.508+08:00 DEBUG 21652 --- [           main] c.p.mapper.UserMapper.selectByPhone      : ==>  Preparing: SELECT * FROM `user` WHERE phone = ?
2026-04-23T18:55:33.508+08:00 DEBUG 21652 --- [           main] c.p.mapper.UserMapper.selectByPhone      : ==> Parameters: 13800138000(String)
2026-04-23T18:55:33.508+08:00 DEBUG 21652 --- [           main] c.p.mapper.UserMapper.selectByPhone      : <==      Total: 0
2026-04-23T18:55:33.508+08:00 DEBUG 21652 --- [           main] c.p.mapper.MerchantMapper.selectByPhone  : ==>  Preparing: SELECT * FROM `merchant` WHERE phone = ?
2026-04-23T18:55:33.509+08:00 DEBUG 21652 --- [           main] c.p.mapper.MerchantMapper.selectByPhone  : ==> Parameters: 13800138000(String)
2026-04-23T18:55:33.509+08:00 DEBUG 21652 --- [           main] c.p.mapper.MerchantMapper.selectByPhone  : <==      Total: 0
2026-04-23T18:55:33.509+08:00 DEBUG 21652 --- [           main] c.p.mapper.MerchantMapper.selectByEmail  : ==>  Preparing: SELECT * FROM `merchant` WHERE email = ?
2026-04-23T18:55:33.509+08:00 DEBUG 21652 --- [           main] c.p.mapper.MerchantMapper.selectByEmail  : ==> Parameters: 13800138000(String)
2026-04-23T18:55:33.509+08:00 DEBUG 21652 --- [           main] c.p.mapper.MerchantMapper.selectByEmail  : <==      Total: 0
2026-04-23T18:55:33.509+08:00 DEBUG 21652 --- [           main] c.p.mapper.AdminMapper.selectByUsername  : ==>  Preparing: SELECT * FROM `admin` WHERE username = ?
2026-04-23T18:55:33.509+08:00 DEBUG 21652 --- [           main] c.p.mapper.AdminMapper.selectByUsername  : ==> Parameters: 13800138000(String)
2026-04-23T18:55:33.509+08:00 DEBUG 21652 --- [           main] c.p.mapper.AdminMapper.selectByUsername  : <==      Total: 0
2026-04-23T18:55:33.592+08:00 DEBUG 21652 --- [           main] o.s.s.a.dao.DaoAuthenticationProvider    : Failed to find user '13800138000'
迭代  7: 响应时间 =   87 ms, 状态码 = 401
2026-04-23T18:55:33.594+08:00 DEBUG 21652 --- [           main] o.s.security.web.FilterChainProxy        : Securing POST /api/auth/login
2026-04-23T18:55:33.594+08:00 DEBUG 21652 --- [           main] o.s.s.w.a.AnonymousAuthenticationFilter  : Set SecurityContextHolder to anonymous SecurityContext
2026-04-23T18:55:33.594+08:00 DEBUG 21652 --- [           main] o.s.security.web.FilterChainProxy        : Secured POST /api/auth/login
2026-04-23T18:55:33.595+08:00 DEBUG 21652 --- [           main] c.p.mapper.UserMapper.selectByPhone      : ==>  Preparing: SELECT * FROM `user` WHERE phone = ?
2026-04-23T18:55:33.595+08:00 DEBUG 21652 --- [           main] c.p.mapper.UserMapper.selectByPhone      : ==> Parameters: 13800138000(String)
2026-04-23T18:55:33.595+08:00 DEBUG 21652 --- [           main] c.p.mapper.UserMapper.selectByPhone      : <==      Total: 0
2026-04-23T18:55:33.595+08:00 DEBUG 21652 --- [           main] c.p.mapper.MerchantMapper.selectByPhone  : ==>  Preparing: SELECT * FROM `merchant` WHERE phone = ?
2026-04-23T18:55:33.596+08:00 DEBUG 21652 --- [           main] c.p.mapper.MerchantMapper.selectByPhone  : ==> Parameters: 13800138000(String)
2026-04-23T18:55:33.596+08:00 DEBUG 21652 --- [           main] c.p.mapper.MerchantMapper.selectByPhone  : <==      Total: 0
2026-04-23T18:55:33.596+08:00 DEBUG 21652 --- [           main] c.p.mapper.MerchantMapper.selectByEmail  : ==>  Preparing: SELECT * FROM `merchant` WHERE email = ?
2026-04-23T18:55:33.596+08:00 DEBUG 21652 --- [           main] c.p.mapper.MerchantMapper.selectByEmail  : ==> Parameters: 13800138000(String)
2026-04-23T18:55:33.596+08:00 DEBUG 21652 --- [           main] c.p.mapper.MerchantMapper.selectByEmail  : <==      Total: 0
2026-04-23T18:55:33.596+08:00 DEBUG 21652 --- [           main] c.p.mapper.AdminMapper.selectByUsername  : ==>  Preparing: SELECT * FROM `admin` WHERE username = ?
2026-04-23T18:55:33.596+08:00 DEBUG 21652 --- [           main] c.p.mapper.AdminMapper.selectByUsername  : ==> Parameters: 13800138000(String)
2026-04-23T18:55:33.596+08:00 DEBUG 21652 --- [           main] c.p.mapper.AdminMapper.selectByUsername  : <==      Total: 0
2026-04-23T18:55:33.679+08:00 DEBUG 21652 --- [           main] o.s.s.a.dao.DaoAuthenticationProvider    : Failed to find user '13800138000'
迭代  8: 响应时间 =   86 ms, 状态码 = 401
2026-04-23T18:55:33.681+08:00 DEBUG 21652 --- [           main] o.s.security.web.FilterChainProxy        : Securing POST /api/auth/login
2026-04-23T18:55:33.681+08:00 DEBUG 21652 --- [           main] o.s.s.w.a.AnonymousAuthenticationFilter  : Set SecurityContextHolder to anonymous SecurityContext
2026-04-23T18:55:33.682+08:00 DEBUG 21652 --- [           main] o.s.security.web.FilterChainProxy        : Secured POST /api/auth/login
2026-04-23T18:55:33.682+08:00 DEBUG 21652 --- [           main] c.p.mapper.UserMapper.selectByPhone      : ==>  Preparing: SELECT * FROM `user` WHERE phone = ?
2026-04-23T18:55:33.682+08:00 DEBUG 21652 --- [           main] c.p.mapper.UserMapper.selectByPhone      : ==> Parameters: 13800138000(String)
2026-04-23T18:55:33.683+08:00 DEBUG 21652 --- [           main] c.p.mapper.UserMapper.selectByPhone      : <==      Total: 0
2026-04-23T18:55:33.683+08:00 DEBUG 21652 --- [           main] c.p.mapper.MerchantMapper.selectByPhone  : ==>  Preparing: SELECT * FROM `merchant` WHERE phone = ?
2026-04-23T18:55:33.683+08:00 DEBUG 21652 --- [           main] c.p.mapper.MerchantMapper.selectByPhone  : ==> Parameters: 13800138000(String)
2026-04-23T18:55:33.683+08:00 DEBUG 21652 --- [           main] c.p.mapper.MerchantMapper.selectByPhone  : <==      Total: 0
2026-04-23T18:55:33.683+08:00 DEBUG 21652 --- [           main] c.p.mapper.MerchantMapper.selectByEmail  : ==>  Preparing: SELECT * FROM `merchant` WHERE email = ?
2026-04-23T18:55:33.683+08:00 DEBUG 21652 --- [           main] c.p.mapper.MerchantMapper.selectByEmail  : ==> Parameters: 13800138000(String)
2026-04-23T18:55:33.683+08:00 DEBUG 21652 --- [           main] c.p.mapper.MerchantMapper.selectByEmail  : <==      Total: 0
2026-04-23T18:55:33.683+08:00 DEBUG 21652 --- [           main] c.p.mapper.AdminMapper.selectByUsername  : ==>  Preparing: SELECT * FROM `admin` WHERE username = ?
2026-04-23T18:55:33.683+08:00 DEBUG 21652 --- [           main] c.p.mapper.AdminMapper.selectByUsername  : ==> Parameters: 13800138000(String)
2026-04-23T18:55:33.683+08:00 DEBUG 21652 --- [           main] c.p.mapper.AdminMapper.selectByUsername  : <==      Total: 0
2026-04-23T18:55:33.766+08:00 DEBUG 21652 --- [           main] o.s.s.a.dao.DaoAuthenticationProvider    : Failed to find user '13800138000'
迭代  9: 响应时间 =   86 ms, 状态码 = 401
2026-04-23T18:55:33.767+08:00 DEBUG 21652 --- [           main] o.s.security.web.FilterChainProxy        : Securing POST /api/auth/login
2026-04-23T18:55:33.768+08:00 DEBUG 21652 --- [           main] o.s.s.w.a.AnonymousAuthenticationFilter  : Set SecurityContextHolder to anonymous SecurityContext
2026-04-23T18:55:33.768+08:00 DEBUG 21652 --- [           main] o.s.security.web.FilterChainProxy        : Secured POST /api/auth/login
2026-04-23T18:55:33.769+08:00 DEBUG 21652 --- [           main] c.p.mapper.UserMapper.selectByPhone      : ==>  Preparing: SELECT * FROM `user` WHERE phone = ?
2026-04-23T18:55:33.770+08:00 DEBUG 21652 --- [           main] c.p.mapper.UserMapper.selectByPhone      : ==> Parameters: 13800138000(String)
2026-04-23T18:55:33.770+08:00 DEBUG 21652 --- [           main] c.p.mapper.UserMapper.selectByPhone      : <==      Total: 0
2026-04-23T18:55:33.770+08:00 DEBUG 21652 --- [           main] c.p.mapper.MerchantMapper.selectByPhone  : ==>  Preparing: SELECT * FROM `merchant` WHERE phone = ?
2026-04-23T18:55:33.770+08:00 DEBUG 21652 --- [           main] c.p.mapper.MerchantMapper.selectByPhone  : ==> Parameters: 13800138000(String)
2026-04-23T18:55:33.770+08:00 DEBUG 21652 --- [           main] c.p.mapper.MerchantMapper.selectByPhone  : <==      Total: 0
2026-04-23T18:55:33.770+08:00 DEBUG 21652 --- [           main] c.p.mapper.MerchantMapper.selectByEmail  : ==>  Preparing: SELECT * FROM `merchant` WHERE email = ?
2026-04-23T18:55:33.770+08:00 DEBUG 21652 --- [           main] c.p.mapper.MerchantMapper.selectByEmail  : ==> Parameters: 13800138000(String)
2026-04-23T18:55:33.770+08:00 DEBUG 21652 --- [           main] c.p.mapper.MerchantMapper.selectByEmail  : <==      Total: 0
2026-04-23T18:55:33.770+08:00 DEBUG 21652 --- [           main] c.p.mapper.AdminMapper.selectByUsername  : ==>  Preparing: SELECT * FROM `admin` WHERE username = ?
2026-04-23T18:55:33.770+08:00 DEBUG 21652 --- [           main] c.p.mapper.AdminMapper.selectByUsername  : ==> Parameters: 13800138000(String)
2026-04-23T18:55:33.770+08:00 DEBUG 21652 --- [           main] c.p.mapper.AdminMapper.selectByUsername  : <==      Total: 0
2026-04-23T18:55:33.854+08:00 DEBUG 21652 --- [           main] o.s.s.a.dao.DaoAuthenticationProvider    : Failed to find user '13800138000'
迭代 10: 响应时间 =   88 ms, 状态码 = 401

登录接口 性能统计:
----------------------------------------
最小响应时间: 85 ms
最大响应时间: 94 ms
平均响应时间: 88.40 ms
中位数响应时间: 88 ms
P90 响应时间: 94 ms
P95 响应时间: 94 ms
P99 响应时间: 94 ms
总耗时: 890 ms
吞吐量: 11.24 请求/秒
----------------------------------------

>>> 测试商品查询接口性能 <<<
2026-04-23T18:55:33.865+08:00 DEBUG 21652 --- [           main] o.s.security.web.FilterChainProxy        : Securing GET /api/products
2026-04-23T18:55:33.866+08:00 DEBUG 21652 --- [           main] o.s.s.w.a.AnonymousAuthenticationFilter  : Set SecurityContextHolder to anonymous SecurityContext
2026-04-23T18:55:33.866+08:00 DEBUG 21652 --- [           main] o.s.security.web.FilterChainProxy        : Secured GET /api/products
2026-04-23T18:55:33.868+08:00 DEBUG 21652 --- [           main] c.p.mapper.ProductMapper.selectList      : ==>  Preparing: SELECT id,merchant_id,name,description,price,stock,image,status,low_stock_threshold,category,created_at,updated_at FROM "product"
2026-04-23T18:55:33.868+08:00 DEBUG 21652 --- [           main] c.p.mapper.ProductMapper.selectList      : ==> Parameters: 
2026-04-23T18:55:33.868+08:00 DEBUG 21652 --- [           main] c.p.mapper.ProductMapper.selectList      : <==      Total: 0
2026-04-23T18:55:33.870+08:00 DEBUG 21652 --- [           main] o.s.security.web.FilterChainProxy        : Securing GET /api/products
2026-04-23T18:55:33.871+08:00 DEBUG 21652 --- [           main] o.s.s.w.a.AnonymousAuthenticationFilter  : Set SecurityContextHolder to anonymous SecurityContext
2026-04-23T18:55:33.871+08:00 DEBUG 21652 --- [           main] o.s.security.web.FilterChainProxy        : Secured GET /api/products
2026-04-23T18:55:33.873+08:00 DEBUG 21652 --- [           main] c.p.mapper.ProductMapper.selectList      : ==>  Preparing: SELECT id,merchant_id,name,description,price,stock,image,status,low_stock_threshold,category,created_at,updated_at FROM "product"
2026-04-23T18:55:33.873+08:00 DEBUG 21652 --- [           main] c.p.mapper.ProductMapper.selectList      : ==> Parameters: 
2026-04-23T18:55:33.873+08:00 DEBUG 21652 --- [           main] c.p.mapper.ProductMapper.selectList      : <==      Total: 0
2026-04-23T18:55:33.874+08:00 DEBUG 21652 --- [           main] o.s.security.web.FilterChainProxy        : Securing GET /api/products
2026-04-23T18:55:33.874+08:00 DEBUG 21652 --- [           main] o.s.s.w.a.AnonymousAuthenticationFilter  : Set SecurityContextHolder to anonymous SecurityContext
2026-04-23T18:55:33.874+08:00 DEBUG 21652 --- [           main] o.s.security.web.FilterChainProxy        : Secured GET /api/products
2026-04-23T18:55:33.875+08:00 DEBUG 21652 --- [           main] c.p.mapper.ProductMapper.selectList      : ==>  Preparing: SELECT id,merchant_id,name,description,price,stock,image,status,low_stock_threshold,category,created_at,updated_at FROM "product"
2026-04-23T18:55:33.875+08:00 DEBUG 21652 --- [           main] c.p.mapper.ProductMapper.selectList      : ==> Parameters: 
2026-04-23T18:55:33.876+08:00 DEBUG 21652 --- [           main] c.p.mapper.ProductMapper.selectList      : <==      Total: 0
2026-04-23T18:55:33.877+08:00 DEBUG 21652 --- [           main] o.s.security.web.FilterChainProxy        : Securing GET /api/products
2026-04-23T18:55:33.877+08:00 DEBUG 21652 --- [           main] o.s.s.w.a.AnonymousAuthenticationFilter  : Set SecurityContextHolder to anonymous SecurityContext
2026-04-23T18:55:33.877+08:00 DEBUG 21652 --- [           main] o.s.security.web.FilterChainProxy        : Secured GET /api/products
2026-04-23T18:55:33.878+08:00 DEBUG 21652 --- [           main] c.p.mapper.ProductMapper.selectList      : ==>  Preparing: SELECT id,merchant_id,name,description,price,stock,image,status,low_stock_threshold,category,created_at,updated_at FROM "product"
2026-04-23T18:55:33.878+08:00 DEBUG 21652 --- [           main] c.p.mapper.ProductMapper.selectList      : ==> Parameters: 
2026-04-23T18:55:33.878+08:00 DEBUG 21652 --- [           main] c.p.mapper.ProductMapper.selectList      : <==      Total: 0
2026-04-23T18:55:33.879+08:00 DEBUG 21652 --- [           main] o.s.security.web.FilterChainProxy        : Securing GET /api/products
2026-04-23T18:55:33.879+08:00 DEBUG 21652 --- [           main] o.s.s.w.a.AnonymousAuthenticationFilter  : Set SecurityContextHolder to anonymous SecurityContext
2026-04-23T18:55:33.880+08:00 DEBUG 21652 --- [           main] o.s.security.web.FilterChainProxy        : Secured GET /api/products
2026-04-23T18:55:33.881+08:00 DEBUG 21652 --- [           main] c.p.mapper.ProductMapper.selectList      : ==>  Preparing: SELECT id,merchant_id,name,description,price,stock,image,status,low_stock_threshold,category,created_at,updated_at FROM "product"
2026-04-23T18:55:33.881+08:00 DEBUG 21652 --- [           main] c.p.mapper.ProductMapper.selectList      : ==> Parameters: 
2026-04-23T18:55:33.881+08:00 DEBUG 21652 --- [           main] c.p.mapper.ProductMapper.selectList      : <==      Total: 0
2026-04-23T18:55:33.882+08:00 DEBUG 21652 --- [           main] o.s.security.web.FilterChainProxy        : Securing GET /api/products
2026-04-23T18:55:33.883+08:00 DEBUG 21652 --- [           main] o.s.s.w.a.AnonymousAuthenticationFilter  : Set SecurityContextHolder to anonymous SecurityContext
2026-04-23T18:55:33.883+08:00 DEBUG 21652 --- [           main] o.s.security.web.FilterChainProxy        : Secured GET /api/products
2026-04-23T18:55:33.885+08:00 DEBUG 21652 --- [           main] c.p.mapper.ProductMapper.selectList      : ==>  Preparing: SELECT id,merchant_id,name,description,price,stock,image,status,low_stock_threshold,category,created_at,updated_at FROM "product"
2026-04-23T18:55:33.885+08:00 DEBUG 21652 --- [           main] c.p.mapper.ProductMapper.selectList      : ==> Parameters: 
2026-04-23T18:55:33.885+08:00 DEBUG 21652 --- [           main] c.p.mapper.ProductMapper.selectList      : <==      Total: 0
迭代  1: 响应时间 =    3 ms, 状态码 = 200
2026-04-23T18:55:33.886+08:00 DEBUG 21652 --- [           main] o.s.security.web.FilterChainProxy        : Securing GET /api/products
2026-04-23T18:55:33.887+08:00 DEBUG 21652 --- [           main] o.s.s.w.a.AnonymousAuthenticationFilter  : Set SecurityContextHolder to anonymous SecurityContext
2026-04-23T18:55:33.887+08:00 DEBUG 21652 --- [           main] o.s.security.web.FilterChainProxy        : Secured GET /api/products
2026-04-23T18:55:33.888+08:00 DEBUG 21652 --- [           main] c.p.mapper.ProductMapper.selectList      : ==>  Preparing: SELECT id,merchant_id,name,description,price,stock,image,status,low_stock_threshold,category,created_at,updated_at FROM "product"
2026-04-23T18:55:33.888+08:00 DEBUG 21652 --- [           main] c.p.mapper.ProductMapper.selectList      : ==> Parameters: 
2026-04-23T18:55:33.888+08:00 DEBUG 21652 --- [           main] c.p.mapper.ProductMapper.selectList      : <==      Total: 0
迭代  2: 响应时间 =    3 ms, 状态码 = 200
2026-04-23T18:55:33.889+08:00 DEBUG 21652 --- [           main] o.s.security.web.FilterChainProxy        : Securing GET /api/products
2026-04-23T18:55:33.890+08:00 DEBUG 21652 --- [           main] o.s.s.w.a.AnonymousAuthenticationFilter  : Set SecurityContextHolder to anonymous SecurityContext
2026-04-23T18:55:33.890+08:00 DEBUG 21652 --- [           main] o.s.security.web.FilterChainProxy        : Secured GET /api/products
2026-04-23T18:55:33.891+08:00 DEBUG 21652 --- [           main] c.p.mapper.ProductMapper.selectList      : ==>  Preparing: SELECT id,merchant_id,name,description,price,stock,image,status,low_stock_threshold,category,created_at,updated_at FROM "product"
2026-04-23T18:55:33.891+08:00 DEBUG 21652 --- [           main] c.p.mapper.ProductMapper.selectList      : ==> Parameters: 
2026-04-23T18:55:33.891+08:00 DEBUG 21652 --- [           main] c.p.mapper.ProductMapper.selectList      : <==      Total: 0
迭代  3: 响应时间 =    3 ms, 状态码 = 200
2026-04-23T18:55:33.892+08:00 DEBUG 21652 --- [           main] o.s.security.web.FilterChainProxy        : Securing GET /api/products
2026-04-23T18:55:33.893+08:00 DEBUG 21652 --- [           main] o.s.s.w.a.AnonymousAuthenticationFilter  : Set SecurityContextHolder to anonymous SecurityContext
2026-04-23T18:55:33.893+08:00 DEBUG 21652 --- [           main] o.s.security.web.FilterChainProxy        : Secured GET /api/products
2026-04-23T18:55:33.894+08:00 DEBUG 21652 --- [           main] c.p.mapper.ProductMapper.selectList      : ==>  Preparing: SELECT id,merchant_id,name,description,price,stock,image,status,low_stock_threshold,category,created_at,updated_at FROM "product"
2026-04-23T18:55:33.894+08:00 DEBUG 21652 --- [           main] c.p.mapper.ProductMapper.selectList      : ==> Parameters: 
2026-04-23T18:55:33.894+08:00 DEBUG 21652 --- [           main] c.p.mapper.ProductMapper.selectList      : <==      Total: 0
迭代  4: 响应时间 =    2 ms, 状态码 = 200
2026-04-23T18:55:33.895+08:00 DEBUG 21652 --- [           main] o.s.security.web.FilterChainProxy        : Securing GET /api/products
2026-04-23T18:55:33.895+08:00 DEBUG 21652 --- [           main] o.s.s.w.a.AnonymousAuthenticationFilter  : Set SecurityContextHolder to anonymous SecurityContext
2026-04-23T18:55:33.895+08:00 DEBUG 21652 --- [           main] o.s.security.web.FilterChainProxy        : Secured GET /api/products
2026-04-23T18:55:33.897+08:00 DEBUG 21652 --- [           main] c.p.mapper.ProductMapper.selectList      : ==>  Preparing: SELECT id,merchant_id,name,description,price,stock,image,status,low_stock_threshold,category,created_at,updated_at FROM "product"
2026-04-23T18:55:33.897+08:00 DEBUG 21652 --- [           main] c.p.mapper.ProductMapper.selectList      : ==> Parameters: 
2026-04-23T18:55:33.897+08:00 DEBUG 21652 --- [           main] c.p.mapper.ProductMapper.selectList      : <==      Total: 0
迭代  5: 响应时间 =    2 ms, 状态码 = 200
2026-04-23T18:55:33.898+08:00 DEBUG 21652 --- [           main] o.s.security.web.FilterChainProxy        : Securing GET /api/products
2026-04-23T18:55:33.898+08:00 DEBUG 21652 --- [           main] o.s.s.w.a.AnonymousAuthenticationFilter  : Set SecurityContextHolder to anonymous SecurityContext
2026-04-23T18:55:33.898+08:00 DEBUG 21652 --- [           main] o.s.security.web.FilterChainProxy        : Secured GET /api/products
2026-04-23T18:55:33.899+08:00 DEBUG 21652 --- [           main] c.p.mapper.ProductMapper.selectList      : ==>  Preparing: SELECT id,merchant_id,name,description,price,stock,image,status,low_stock_threshold,category,created_at,updated_at FROM "product"
2026-04-23T18:55:33.899+08:00 DEBUG 21652 --- [           main] c.p.mapper.ProductMapper.selectList      : ==> Parameters: 
2026-04-23T18:55:33.899+08:00 DEBUG 21652 --- [           main] c.p.mapper.ProductMapper.selectList      : <==      Total: 0
迭代  6: 响应时间 =    2 ms, 状态码 = 200
2026-04-23T18:55:33.900+08:00 DEBUG 21652 --- [           main] o.s.security.web.FilterChainProxy        : Securing GET /api/products
2026-04-23T18:55:33.901+08:00 DEBUG 21652 --- [           main] o.s.s.w.a.AnonymousAuthenticationFilter  : Set SecurityContextHolder to anonymous SecurityContext
2026-04-23T18:55:33.901+08:00 DEBUG 21652 --- [           main] o.s.security.web.FilterChainProxy        : Secured GET /api/products
2026-04-23T18:55:33.902+08:00 DEBUG 21652 --- [           main] c.p.mapper.ProductMapper.selectList      : ==>  Preparing: SELECT id,merchant_id,name,description,price,stock,image,status,low_stock_threshold,category,created_at,updated_at FROM "product"
2026-04-23T18:55:33.902+08:00 DEBUG 21652 --- [           main] c.p.mapper.ProductMapper.selectList      : ==> Parameters: 
2026-04-23T18:55:33.902+08:00 DEBUG 21652 --- [           main] c.p.mapper.ProductMapper.selectList      : <==      Total: 0
迭代  7: 响应时间 =    3 ms, 状态码 = 200
2026-04-23T18:55:33.904+08:00 DEBUG 21652 --- [           main] o.s.security.web.FilterChainProxy        : Securing GET /api/products
2026-04-23T18:55:33.904+08:00 DEBUG 21652 --- [           main] o.s.s.w.a.AnonymousAuthenticationFilter  : Set SecurityContextHolder to anonymous SecurityContext
2026-04-23T18:55:33.904+08:00 DEBUG 21652 --- [           main] o.s.security.web.FilterChainProxy        : Secured GET /api/products
2026-04-23T18:55:33.905+08:00 DEBUG 21652 --- [           main] c.p.mapper.ProductMapper.selectList      : ==>  Preparing: SELECT id,merchant_id,name,description,price,stock,image,status,low_stock_threshold,category,created_at,updated_at FROM "product"
2026-04-23T18:55:33.905+08:00 DEBUG 21652 --- [           main] c.p.mapper.ProductMapper.selectList      : ==> Parameters: 
2026-04-23T18:55:33.905+08:00 DEBUG 21652 --- [           main] c.p.mapper.ProductMapper.selectList      : <==      Total: 0
迭代  8: 响应时间 =    2 ms, 状态码 = 200
2026-04-23T18:55:33.906+08:00 DEBUG 21652 --- [           main] o.s.security.web.FilterChainProxy        : Securing GET /api/products
2026-04-23T18:55:33.906+08:00 DEBUG 21652 --- [           main] o.s.s.w.a.AnonymousAuthenticationFilter  : Set SecurityContextHolder to anonymous SecurityContext
2026-04-23T18:55:33.907+08:00 DEBUG 21652 --- [           main] o.s.security.web.FilterChainProxy        : Secured GET /api/products
2026-04-23T18:55:33.907+08:00 DEBUG 21652 --- [           main] c.p.mapper.ProductMapper.selectList      : ==>  Preparing: SELECT id,merchant_id,name,description,price,stock,image,status,low_stock_threshold,category,created_at,updated_at FROM "product"
2026-04-23T18:55:33.907+08:00 DEBUG 21652 --- [           main] c.p.mapper.ProductMapper.selectList      : ==> Parameters: 
2026-04-23T18:55:33.907+08:00 DEBUG 21652 --- [           main] c.p.mapper.ProductMapper.selectList      : <==      Total: 0
迭代  9: 响应时间 =    2 ms, 状态码 = 200
2026-04-23T18:55:33.909+08:00 DEBUG 21652 --- [           main] o.s.security.web.FilterChainProxy        : Securing GET /api/products
2026-04-23T18:55:33.909+08:00 DEBUG 21652 --- [           main] o.s.s.w.a.AnonymousAuthenticationFilter  : Set SecurityContextHolder to anonymous SecurityContext
2026-04-23T18:55:33.909+08:00 DEBUG 21652 --- [           main] o.s.security.web.FilterChainProxy        : Secured GET /api/products
2026-04-23T18:55:33.910+08:00 DEBUG 21652 --- [           main] c.p.mapper.ProductMapper.selectList      : ==>  Preparing: SELECT id,merchant_id,name,description,price,stock,image,status,low_stock_threshold,category,created_at,updated_at FROM "product"
2026-04-23T18:55:33.910+08:00 DEBUG 21652 --- [           main] c.p.mapper.ProductMapper.selectList      : ==> Parameters: 
2026-04-23T18:55:33.910+08:00 DEBUG 21652 --- [           main] c.p.mapper.ProductMapper.selectList      : <==      Total: 0
迭代 10: 响应时间 =    2 ms, 状态码 = 200

商品查询接口 性能统计:
----------------------------------------
最小响应时间: 2 ms
最大响应时间: 3 ms
平均响应时间: 2.40 ms
中位数响应时间: 2 ms
P90 响应时间: 3 ms
P95 响应时间: 3 ms
P99 响应时间: 3 ms
总耗时: 29 ms
吞吐量: 344.83 请求/秒
----------------------------------------

>>> 测试订单创建接口性能 <<<
2026-04-23T18:55:33.916+08:00 DEBUG 21652 --- [           main] o.s.security.web.FilterChainProxy        : Securing POST /api/auth/login
2026-04-23T18:55:33.916+08:00 DEBUG 21652 --- [           main] o.s.s.w.a.AnonymousAuthenticationFilter  : Set SecurityContextHolder to anonymous SecurityContext
2026-04-23T18:55:33.916+08:00 DEBUG 21652 --- [           main] o.s.security.web.FilterChainProxy        : Secured POST /api/auth/login
2026-04-23T18:55:33.917+08:00 DEBUG 21652 --- [           main] c.p.mapper.UserMapper.selectByPhone      : ==>  Preparing: SELECT * FROM `user` WHERE phone = ?
2026-04-23T18:55:33.918+08:00 DEBUG 21652 --- [           main] c.p.mapper.UserMapper.selectByPhone      : ==> Parameters: 13800138000(String)
2026-04-23T18:55:33.918+08:00 DEBUG 21652 --- [           main] c.p.mapper.UserMapper.selectByPhone      : <==      Total: 0
2026-04-23T18:55:33.918+08:00 DEBUG 21652 --- [           main] c.p.mapper.MerchantMapper.selectByPhone  : ==>  Preparing: SELECT * FROM `merchant` WHERE phone = ?
2026-04-23T18:55:33.918+08:00 DEBUG 21652 --- [           main] c.p.mapper.MerchantMapper.selectByPhone  : ==> Parameters: 13800138000(String)
2026-04-23T18:55:33.918+08:00 DEBUG 21652 --- [           main] c.p.mapper.MerchantMapper.selectByPhone  : <==      Total: 0
2026-04-23T18:55:33.918+08:00 DEBUG 21652 --- [           main] c.p.mapper.MerchantMapper.selectByEmail  : ==>  Preparing: SELECT * FROM `merchant` WHERE email = ?
2026-04-23T18:55:33.918+08:00 DEBUG 21652 --- [           main] c.p.mapper.MerchantMapper.selectByEmail  : ==> Parameters: 13800138000(String)
2026-04-23T18:55:33.919+08:00 DEBUG 21652 --- [           main] c.p.mapper.MerchantMapper.selectByEmail  : <==      Total: 0
2026-04-23T18:55:33.919+08:00 DEBUG 21652 --- [           main] c.p.mapper.AdminMapper.selectByUsername  : ==>  Preparing: SELECT * FROM `admin` WHERE username = ?
2026-04-23T18:55:33.919+08:00 DEBUG 21652 --- [           main] c.p.mapper.AdminMapper.selectByUsername  : ==> Parameters: 13800138000(String)
2026-04-23T18:55:33.919+08:00 DEBUG 21652 --- [           main] c.p.mapper.AdminMapper.selectByUsername  : <==      Total: 0
2026-04-23T18:55:34.008+08:00 DEBUG 21652 --- [           main] o.s.s.a.dao.DaoAuthenticationProvider    : Failed to find user '13800138000'

MockHttpServletRequest:
      HTTP Method = POST
      Request URI = /api/auth/login
       Parameters = {}
          Headers = [Content-Type:"application/json;charset=UTF-8", Content-Length:"108"]
             Body = {"username":null,"phone":"13800138000","password":"password123","role":null,"loginIdentifier":"13800138000"}
    Session Attrs = {}

Handler:
             Type = com.petshop.controller.api.AuthApiController
           Method = com.petshop.controller.api.AuthApiController#login(LoginRequest)

Async:
    Async started = false
     Async result = null

Resolved Exception:
             Type = null

ModelAndView:
        View name = null
             View = null
            Model = null

FlashMap:
       Attributes = null

MockHttpServletResponse:
           Status = 401
    Error message = null
          Headers = [Vary:"Origin", "Access-Control-Request-Method", "Access-Control-Request-Headers", Content-Type:"application/json", X-Content-Type-Options:"nosniff", X-XSS-Protection:"0", Cache-Control:"no-cache, no-store, max-age=0, must-revalidate", Pragma:"no-cache", Expires:"0", X-Frame-Options:"DENY"]
     Content type = application/json
             Body = {"code":401,"message":"Bad credentials","data":null}
    Forwarded URL = null
   Redirected URL = null
          Cookies = []

>>> 测试并发访问性能 <<<
并发用户数: 50
2026-04-23T18:55:34.015+08:00 DEBUG 21652 --- [pool-4-thread-1] o.s.security.web.FilterChainProxy        : Securing POST /api/auth/login
2026-04-23T18:55:34.015+08:00 DEBUG 21652 --- [pool-4-thread-5] o.s.security.web.FilterChainProxy        : Securing POST /api/auth/login
2026-04-23T18:55:34.015+08:00 DEBUG 21652 --- [pool-4-thread-6] o.s.security.web.FilterChainProxy        : Securing POST /api/auth/login
2026-04-23T18:55:34.015+08:00 DEBUG 21652 --- [pool-4-thread-3] o.s.security.web.FilterChainProxy        : Securing POST /api/auth/login
2026-04-23T18:55:34.015+08:00 DEBUG 21652 --- [pool-4-thread-5] o.s.s.w.a.AnonymousAuthenticationFilter  : Set SecurityContextHolder to anonymous SecurityContext
2026-04-23T18:55:34.015+08:00 DEBUG 21652 --- [pool-4-thread-2] o.s.security.web.FilterChainProxy        : Securing POST /api/auth/login
2026-04-23T18:55:34.015+08:00 DEBUG 21652 --- [pool-4-thread-7] o.s.security.web.FilterChainProxy        : Securing POST /api/auth/login
2026-04-23T18:55:34.015+08:00 DEBUG 21652 --- [pool-4-thread-1] o.s.s.w.a.AnonymousAuthenticationFilter  : Set SecurityContextHolder to anonymous SecurityContext
2026-04-23T18:55:34.015+08:00 DEBUG 21652 --- [pool-4-thread-7] o.s.s.w.a.AnonymousAuthenticationFilter  : Set SecurityContextHolder to anonymous SecurityContext
2026-04-23T18:55:34.015+08:00 DEBUG 21652 --- [pool-4-thread-5] o.s.security.web.FilterChainProxy        : Secured POST /api/auth/login
2026-04-23T18:55:34.015+08:00 DEBUG 21652 --- [pool-4-thread-7] o.s.security.web.FilterChainProxy        : Secured POST /api/auth/login
2026-04-23T18:55:34.015+08:00 DEBUG 21652 --- [pool-4-thread-6] o.s.s.w.a.AnonymousAuthenticationFilter  : Set SecurityContextHolder to anonymous SecurityContext
2026-04-23T18:55:34.015+08:00 DEBUG 21652 --- [pool-4-thread-2] o.s.s.w.a.AnonymousAuthenticationFilter  : Set SecurityContextHolder to anonymous SecurityContext
2026-04-23T18:55:34.015+08:00 DEBUG 21652 --- [pool-4-thread-1] o.s.security.web.FilterChainProxy        : Secured POST /api/auth/login
2026-04-23T18:55:34.016+08:00 DEBUG 21652 --- [pool-4-thread-8] o.s.security.web.FilterChainProxy        : Securing POST /api/auth/login
2026-04-23T18:55:34.016+08:00 DEBUG 21652 --- [pool-4-thread-2] o.s.security.web.FilterChainProxy        : Secured POST /api/auth/login
2026-04-23T18:55:34.016+08:00 DEBUG 21652 --- [pool-4-thread-8] o.s.s.w.a.AnonymousAuthenticationFilter  : Set SecurityContextHolder to anonymous SecurityContext
2026-04-23T18:55:34.016+08:00 DEBUG 21652 --- [pool-4-thread-6] o.s.security.web.FilterChainProxy        : Secured POST /api/auth/login
2026-04-23T18:55:34.015+08:00 DEBUG 21652 --- [pool-4-thread-4] o.s.security.web.FilterChainProxy        : Securing POST /api/auth/login
2026-04-23T18:55:34.016+08:00 DEBUG 21652 --- [pool-4-thread-8] o.s.security.web.FilterChainProxy        : Secured POST /api/auth/login
2026-04-23T18:55:34.016+08:00 DEBUG 21652 --- [pool-4-thread-5] c.p.mapper.UserMapper.selectByPhone      : ==>  Preparing: SELECT * FROM `user` WHERE phone = ?
2026-04-23T18:55:34.016+08:00 DEBUG 21652 --- [pool-4-thread-7] c.p.mapper.UserMapper.selectByPhone      : ==>  Preparing: SELECT * FROM `user` WHERE phone = ?
2026-04-23T18:55:34.016+08:00 DEBUG 21652 --- [pool-4-thread-4] o.s.s.w.a.AnonymousAuthenticationFilter  : Set SecurityContextHolder to anonymous SecurityContext
2026-04-23T18:55:34.016+08:00 DEBUG 21652 --- [pool-4-thread-2] c.p.mapper.UserMapper.selectByPhone      : ==>  Preparing: SELECT * FROM `user` WHERE phone = ?
2026-04-23T18:55:34.016+08:00 DEBUG 21652 --- [pool-4-thread-3] o.s.s.w.a.AnonymousAuthenticationFilter  : Set SecurityContextHolder to anonymous SecurityContext
2026-04-23T18:55:34.016+08:00 DEBUG 21652 --- [pool-4-thread-5] c.p.mapper.UserMapper.selectByPhone      : ==> Parameters: 13800138000(String)
2026-04-23T18:55:34.017+08:00 DEBUG 21652 --- [pool-4-thread-4] o.s.security.web.FilterChainProxy        : Secured POST /api/auth/login
2026-04-23T18:55:34.017+08:00 DEBUG 21652 --- [pool-4-thread-2] c.p.mapper.UserMapper.selectByPhone      : ==> Parameters: 13800138000(String)
2026-04-23T18:55:34.017+08:00 DEBUG 21652 --- [pool-4-thread-6] c.p.mapper.UserMapper.selectByPhone      : ==>  Preparing: SELECT * FROM `user` WHERE phone = ?
2026-04-23T18:55:34.017+08:00 DEBUG 21652 --- [pool-4-thread-9] o.s.security.web.FilterChainProxy        : Securing POST /api/auth/login
2026-04-23T18:55:34.017+08:00 DEBUG 21652 --- [pool-4-thread-9] o.s.s.w.a.AnonymousAuthenticationFilter  : Set SecurityContextHolder to anonymous SecurityContext
2026-04-23T18:55:34.017+08:00 DEBUG 21652 --- [pool-4-thread-8] c.p.mapper.UserMapper.selectByPhone      : ==>  Preparing: SELECT * FROM `user` WHERE phone = ?
2026-04-23T18:55:34.017+08:00 DEBUG 21652 --- [pool-4-thread-3] o.s.security.web.FilterChainProxy        : Secured POST /api/auth/login
2026-04-23T18:55:34.017+08:00 DEBUG 21652 --- [pool-4-thread-5] c.p.mapper.UserMapper.selectByPhone      : <==      Total: 0
2026-04-23T18:55:34.017+08:00 DEBUG 21652 --- [pool-4-thread-9] o.s.security.web.FilterChainProxy        : Secured POST /api/auth/login
2026-04-23T18:55:34.017+08:00 DEBUG 21652 --- [pool-4-thread-2] c.p.mapper.UserMapper.selectByPhone      : <==      Total: 0
2026-04-23T18:55:34.017+08:00 DEBUG 21652 --- [pool-4-thread-8] c.p.mapper.UserMapper.selectByPhone      : ==> Parameters: 13800138000(String)
2026-04-23T18:55:34.017+08:00 DEBUG 21652 --- [pool-4-thread-2] c.p.mapper.MerchantMapper.selectByPhone  : ==>  Preparing: SELECT * FROM `merchant` WHERE phone = ?
2026-04-23T18:55:34.017+08:00 DEBUG 21652 --- [pool-4-thread-5] c.p.mapper.MerchantMapper.selectByPhone  : ==>  Preparing: SELECT * FROM `merchant` WHERE phone = ?
2026-04-23T18:55:34.017+08:00 DEBUG 21652 --- [pool-4-thread-2] c.p.mapper.MerchantMapper.selectByPhone  : ==> Parameters: 13800138000(String)
2026-04-23T18:55:34.018+08:00 DEBUG 21652 --- [pool-4-thread-6] c.p.mapper.UserMapper.selectByPhone      : ==> Parameters: 13800138000(String)
2026-04-23T18:55:34.018+08:00 DEBUG 21652 --- [ool-4-thread-14] o.s.security.web.FilterChainProxy        : Securing POST /api/auth/login
2026-04-23T18:55:34.017+08:00 DEBUG 21652 --- [pool-4-thread-1] c.p.mapper.UserMapper.selectByPhone      : ==>  Preparing: SELECT * FROM `user` WHERE phone = ?
2026-04-23T18:55:34.018+08:00 DEBUG 21652 --- [pool-4-thread-2] c.p.mapper.MerchantMapper.selectByPhone  : <==      Total: 0
2026-04-23T18:55:34.018+08:00 DEBUG 21652 --- [pool-4-thread-3] c.p.mapper.UserMapper.selectByPhone      : ==>  Preparing: SELECT * FROM `user` WHERE phone = ?
2026-04-23T18:55:34.018+08:00 DEBUG 21652 --- [pool-4-thread-5] c.p.mapper.MerchantMapper.selectByPhone  : ==> Parameters: 13800138000(String)
2026-04-23T18:55:34.018+08:00 DEBUG 21652 --- [pool-4-thread-2] c.p.mapper.MerchantMapper.selectByEmail  : ==>  Preparing: SELECT * FROM `merchant` WHERE email = ?
2026-04-23T18:55:34.018+08:00 DEBUG 21652 --- [pool-4-thread-4] c.p.mapper.UserMapper.selectByPhone      : ==>  Preparing: SELECT * FROM `user` WHERE phone = ?
2026-04-23T18:55:34.017+08:00 DEBUG 21652 --- [ool-4-thread-12] o.s.security.web.FilterChainProxy        : Securing POST /api/auth/login
2026-04-23T18:55:34.018+08:00 DEBUG 21652 --- [pool-4-thread-1] c.p.mapper.UserMapper.selectByPhone      : ==> Parameters: 13800138000(String)
2026-04-23T18:55:34.018+08:00 DEBUG 21652 --- [pool-4-thread-3] c.p.mapper.UserMapper.selectByPhone      : ==> Parameters: 13800138000(String)
2026-04-23T18:55:34.018+08:00 DEBUG 21652 --- [pool-4-thread-2] c.p.mapper.MerchantMapper.selectByEmail  : ==> Parameters: 13800138000(String)
2026-04-23T18:55:34.018+08:00 DEBUG 21652 --- [pool-4-thread-9] c.p.mapper.UserMapper.selectByPhone      : ==>  Preparing: SELECT * FROM `user` WHERE phone = ?
2026-04-23T18:55:34.018+08:00 DEBUG 21652 --- [pool-4-thread-4] c.p.mapper.UserMapper.selectByPhone      : ==> Parameters: 13800138000(String)
2026-04-23T18:55:34.018+08:00 DEBUG 21652 --- [pool-4-thread-5] c.p.mapper.MerchantMapper.selectByPhone  : <==      Total: 0
2026-04-23T18:55:34.018+08:00 DEBUG 21652 --- [pool-4-thread-2] c.p.mapper.MerchantMapper.selectByEmail  : <==      Total: 0
2026-04-23T18:55:34.018+08:00 DEBUG 21652 --- [pool-4-thread-5] c.p.mapper.MerchantMapper.selectByEmail  : ==>  Preparing: SELECT * FROM `merchant` WHERE email = ?
2026-04-23T18:55:34.018+08:00 DEBUG 21652 --- [pool-4-thread-2] c.p.mapper.AdminMapper.selectByUsername  : ==>  Preparing: SELECT * FROM `admin` WHERE username = ?
2026-04-23T18:55:34.018+08:00 DEBUG 21652 --- [pool-4-thread-9] c.p.mapper.UserMapper.selectByPhone      : ==> Parameters: 13800138000(String)
2026-04-23T18:55:34.018+08:00 DEBUG 21652 --- [pool-4-thread-4] c.p.mapper.UserMapper.selectByPhone      : <==      Total: 0
2026-04-23T18:55:34.018+08:00 DEBUG 21652 --- [ool-4-thread-12] o.s.s.w.a.AnonymousAuthenticationFilter  : Set SecurityContextHolder to anonymous SecurityContext
2026-04-23T18:55:34.018+08:00 DEBUG 21652 --- [pool-4-thread-5] c.p.mapper.MerchantMapper.selectByEmail  : ==> Parameters: 13800138000(String)
2026-04-23T18:55:34.018+08:00 DEBUG 21652 --- [pool-4-thread-4] c.p.mapper.MerchantMapper.selectByPhone  : ==>  Preparing: SELECT * FROM `merchant` WHERE phone = ?
2026-04-23T18:55:34.018+08:00 DEBUG 21652 --- [pool-4-thread-2] c.p.mapper.AdminMapper.selectByUsername  : ==> Parameters: 13800138000(String)
2026-04-23T18:55:34.018+08:00 DEBUG 21652 --- [pool-4-thread-5] c.p.mapper.MerchantMapper.selectByEmail  : <==      Total: 0
2026-04-23T18:55:34.018+08:00 DEBUG 21652 --- [pool-4-thread-9] c.p.mapper.UserMapper.selectByPhone      : <==      Total: 0
2026-04-23T18:55:34.018+08:00 DEBUG 21652 --- [pool-4-thread-2] c.p.mapper.AdminMapper.selectByUsername  : <==      Total: 0
2026-04-23T18:55:34.018+08:00 DEBUG 21652 --- [pool-4-thread-4] c.p.mapper.MerchantMapper.selectByPhone  : ==> Parameters: 13800138000(String)
2026-04-23T18:55:34.018+08:00 DEBUG 21652 --- [pool-4-thread-9] c.p.mapper.MerchantMapper.selectByPhone  : ==>  Preparing: SELECT * FROM `merchant` WHERE phone = ?
2026-04-23T18:55:34.018+08:00 DEBUG 21652 --- [ool-4-thread-14] o.s.s.w.a.AnonymousAuthenticationFilter  : Set SecurityContextHolder to anonymous SecurityContext
2026-04-23T18:55:34.018+08:00 DEBUG 21652 --- [ool-4-thread-12] o.s.security.web.FilterChainProxy        : Secured POST /api/auth/login
2026-04-23T18:55:34.018+08:00 DEBUG 21652 --- [pool-4-thread-5] c.p.mapper.AdminMapper.selectByUsername  : ==>  Preparing: SELECT * FROM `admin` WHERE username = ?
2026-04-23T18:55:34.019+08:00 DEBUG 21652 --- [ool-4-thread-18] o.s.security.web.FilterChainProxy        : Securing POST /api/auth/login
2026-04-23T18:55:34.019+08:00 DEBUG 21652 --- [pool-4-thread-9] c.p.mapper.MerchantMapper.selectByPhone  : ==> Parameters: 13800138000(String)
2026-04-23T18:55:34.019+08:00 DEBUG 21652 --- [ool-4-thread-19] o.s.security.web.FilterChainProxy        : Securing POST /api/auth/login
2026-04-23T18:55:34.019+08:00 DEBUG 21652 --- [pool-4-thread-8] c.p.mapper.UserMapper.selectByPhone      : <==      Total: 0
2026-04-23T18:55:34.019+08:00 DEBUG 21652 --- [pool-4-thread-4] c.p.mapper.MerchantMapper.selectByPhone  : <==      Total: 0
2026-04-23T18:55:34.019+08:00 DEBUG 21652 --- [pool-4-thread-9] c.p.mapper.MerchantMapper.selectByPhone  : <==      Total: 0
2026-04-23T18:55:34.019+08:00 DEBUG 21652 --- [pool-4-thread-6] c.p.mapper.UserMapper.selectByPhone      : <==      Total: 0
2026-04-23T18:55:34.019+08:00 DEBUG 21652 --- [pool-4-thread-8] c.p.mapper.MerchantMapper.selectByPhone  : ==>  Preparing: SELECT * FROM `merchant` WHERE phone = ?
2026-04-23T18:55:34.019+08:00 DEBUG 21652 --- [pool-4-thread-5] c.p.mapper.AdminMapper.selectByUsername  : ==> Parameters: 13800138000(String)
2026-04-23T18:55:34.019+08:00 DEBUG 21652 --- [pool-4-thread-9] c.p.mapper.MerchantMapper.selectByEmail  : ==>  Preparing: SELECT * FROM `merchant` WHERE email = ?
2026-04-23T18:55:34.019+08:00 DEBUG 21652 --- [pool-4-thread-6] c.p.mapper.MerchantMapper.selectByPhone  : ==>  Preparing: SELECT * FROM `merchant` WHERE phone = ?
2026-04-23T18:55:34.019+08:00 DEBUG 21652 --- [pool-4-thread-4] c.p.mapper.MerchantMapper.selectByEmail  : ==>  Preparing: SELECT * FROM `merchant` WHERE email = ?
2026-04-23T18:55:34.019+08:00 DEBUG 21652 --- [ool-4-thread-18] o.s.s.w.a.AnonymousAuthenticationFilter  : Set SecurityContextHolder to anonymous SecurityContext
2026-04-23T18:55:34.019+08:00 DEBUG 21652 --- [ool-4-thread-19] o.s.s.w.a.AnonymousAuthenticationFilter  : Set SecurityContextHolder to anonymous SecurityContext
2026-04-23T18:55:34.019+08:00 DEBUG 21652 --- [pool-4-thread-8] c.p.mapper.MerchantMapper.selectByPhone  : ==> Parameters: 13800138000(String)
2026-04-23T18:55:34.019+08:00 DEBUG 21652 --- [pool-4-thread-5] c.p.mapper.AdminMapper.selectByUsername  : <==      Total: 0
2026-04-23T18:55:34.019+08:00 DEBUG 21652 --- [pool-4-thread-9] c.p.mapper.MerchantMapper.selectByEmail  : ==> Parameters: 13800138000(String)
2026-04-23T18:55:34.019+08:00 DEBUG 21652 --- [pool-4-thread-6] c.p.mapper.MerchantMapper.selectByPhone  : ==> Parameters: 13800138000(String)
2026-04-23T18:55:34.019+08:00 DEBUG 21652 --- [pool-4-thread-4] c.p.mapper.MerchantMapper.selectByEmail  : ==> Parameters: 13800138000(String)
2026-04-23T18:55:34.019+08:00 DEBUG 21652 --- [pool-4-thread-8] c.p.mapper.MerchantMapper.selectByPhone  : <==      Total: 0
2026-04-23T18:55:34.019+08:00 DEBUG 21652 --- [pool-4-thread-9] c.p.mapper.MerchantMapper.selectByEmail  : <==      Total: 0
2026-04-23T18:55:34.019+08:00 DEBUG 21652 --- [pool-4-thread-6] c.p.mapper.MerchantMapper.selectByPhone  : <==      Total: 0
2026-04-23T18:55:34.019+08:00 DEBUG 21652 --- [pool-4-thread-8] c.p.mapper.MerchantMapper.selectByEmail  : ==>  Preparing: SELECT * FROM `merchant` WHERE email = ?
2026-04-23T18:55:34.019+08:00 DEBUG 21652 --- [pool-4-thread-4] c.p.mapper.MerchantMapper.selectByEmail  : <==      Total: 0
2026-04-23T18:55:34.019+08:00 DEBUG 21652 --- [ool-4-thread-19] o.s.security.web.FilterChainProxy        : Secured POST /api/auth/login
2026-04-23T18:55:34.019+08:00 DEBUG 21652 --- [pool-4-thread-9] c.p.mapper.AdminMapper.selectByUsername  : ==>  Preparing: SELECT * FROM `admin` WHERE username = ?
2026-04-23T18:55:34.019+08:00 DEBUG 21652 --- [pool-4-thread-6] c.p.mapper.MerchantMapper.selectByEmail  : ==>  Preparing: SELECT * FROM `merchant` WHERE email = ?
2026-04-23T18:55:34.019+08:00 DEBUG 21652 --- [ool-4-thread-12] c.p.mapper.UserMapper.selectByPhone      : ==>  Preparing: SELECT * FROM `user` WHERE phone = ?
2026-04-23T18:55:34.019+08:00 DEBUG 21652 --- [pool-4-thread-8] c.p.mapper.MerchantMapper.selectByEmail  : ==> Parameters: 13800138000(String)
2026-04-23T18:55:34.019+08:00 DEBUG 21652 --- [pool-4-thread-4] c.p.mapper.AdminMapper.selectByUsername  : ==>  Preparing: SELECT * FROM `admin` WHERE username = ?
2026-04-23T18:55:34.019+08:00 DEBUG 21652 --- [pool-4-thread-9] c.p.mapper.AdminMapper.selectByUsername  : ==> Parameters: 13800138000(String)
2026-04-23T18:55:34.019+08:00 DEBUG 21652 --- [pool-4-thread-6] c.p.mapper.MerchantMapper.selectByEmail  : ==> Parameters: 13800138000(String)
2026-04-23T18:55:34.019+08:00 DEBUG 21652 --- [pool-4-thread-8] c.p.mapper.MerchantMapper.selectByEmail  : <==      Total: 0
2026-04-23T18:55:34.020+08:00 DEBUG 21652 --- [ool-4-thread-12] c.p.mapper.UserMapper.selectByPhone      : ==> Parameters: 13800138000(String)
2026-04-23T18:55:34.020+08:00 DEBUG 21652 --- [pool-4-thread-9] c.p.mapper.AdminMapper.selectByUsername  : <==      Total: 0
2026-04-23T18:55:34.020+08:00 DEBUG 21652 --- [pool-4-thread-4] c.p.mapper.AdminMapper.selectByUsername  : ==> Parameters: 13800138000(String)
2026-04-23T18:55:34.020+08:00 DEBUG 21652 --- [pool-4-thread-6] c.p.mapper.MerchantMapper.selectByEmail  : <==      Total: 0
2026-04-23T18:55:34.020+08:00 DEBUG 21652 --- [pool-4-thread-8] c.p.mapper.AdminMapper.selectByUsername  : ==>  Preparing: SELECT * FROM `admin` WHERE username = ?
2026-04-23T18:55:34.020+08:00 DEBUG 21652 --- [pool-4-thread-6] c.p.mapper.AdminMapper.selectByUsername  : ==>  Preparing: SELECT * FROM `admin` WHERE username = ?
2026-04-23T18:55:34.020+08:00 DEBUG 21652 --- [pool-4-thread-1] c.p.mapper.UserMapper.selectByPhone      : <==      Total: 0
2026-04-23T18:55:34.020+08:00 DEBUG 21652 --- [pool-4-thread-4] c.p.mapper.AdminMapper.selectByUsername  : <==      Total: 0
2026-04-23T18:55:34.020+08:00 DEBUG 21652 --- [ool-4-thread-14] o.s.security.web.FilterChainProxy        : Secured POST /api/auth/login
2026-04-23T18:55:34.020+08:00 DEBUG 21652 --- [pool-4-thread-8] c.p.mapper.AdminMapper.selectByUsername  : ==> Parameters: 13800138000(String)
2026-04-23T18:55:34.020+08:00 DEBUG 21652 --- [ool-4-thread-12] c.p.mapper.UserMapper.selectByPhone      : <==      Total: 0
2026-04-23T18:55:34.020+08:00 DEBUG 21652 --- [pool-4-thread-1] c.p.mapper.MerchantMapper.selectByPhone  : ==>  Preparing: SELECT * FROM `merchant` WHERE phone = ?
2026-04-23T18:55:34.020+08:00 DEBUG 21652 --- [pool-4-thread-3] c.p.mapper.UserMapper.selectByPhone      : <==      Total: 0
2026-04-23T18:55:34.020+08:00 DEBUG 21652 --- [pool-4-thread-6] c.p.mapper.AdminMapper.selectByUsername  : ==> Parameters: 13800138000(String)
2026-04-23T18:55:34.020+08:00 DEBUG 21652 --- [ool-4-thread-12] c.p.mapper.MerchantMapper.selectByPhone  : ==>  Preparing: SELECT * FROM `merchant` WHERE phone = ?
2026-04-23T18:55:34.020+08:00 DEBUG 21652 --- [pool-4-thread-8] c.p.mapper.AdminMapper.selectByUsername  : <==      Total: 0
2026-04-23T18:55:34.020+08:00 DEBUG 21652 --- [pool-4-thread-3] c.p.mapper.MerchantMapper.selectByPhone  : ==>  Preparing: SELECT * FROM `merchant` WHERE phone = ?
2026-04-23T18:55:34.020+08:00 DEBUG 21652 --- [pool-4-thread-6] c.p.mapper.AdminMapper.selectByUsername  : <==      Total: 0
2026-04-23T18:55:34.020+08:00 DEBUG 21652 --- [pool-4-thread-1] c.p.mapper.MerchantMapper.selectByPhone  : ==> Parameters: 13800138000(String)
2026-04-23T18:55:34.020+08:00 DEBUG 21652 --- [ool-4-thread-12] c.p.mapper.MerchantMapper.selectByPhone  : ==> Parameters: 13800138000(String)
2026-04-23T18:55:34.020+08:00 DEBUG 21652 --- [pool-4-thread-3] c.p.mapper.MerchantMapper.selectByPhone  : ==> Parameters: 13800138000(String)
2026-04-23T18:55:34.020+08:00 DEBUG 21652 --- [pool-4-thread-1] c.p.mapper.MerchantMapper.selectByPhone  : <==      Total: 0
2026-04-23T18:55:34.020+08:00 DEBUG 21652 --- [ool-4-thread-15] o.s.security.web.FilterChainProxy        : Securing POST /api/auth/login
2026-04-23T18:55:34.020+08:00 DEBUG 21652 --- [pool-4-thread-1] c.p.mapper.MerchantMapper.selectByEmail  : ==>  Preparing: SELECT * FROM `merchant` WHERE email = ?
2026-04-23T18:55:34.020+08:00 DEBUG 21652 --- [pool-4-thread-3] c.p.mapper.MerchantMapper.selectByPhone  : <==      Total: 0
2026-04-23T18:55:34.020+08:00 DEBUG 21652 --- [ool-4-thread-12] c.p.mapper.MerchantMapper.selectByPhone  : <==      Total: 0
2026-04-23T18:55:34.020+08:00 DEBUG 21652 --- [ool-4-thread-20] o.s.security.web.FilterChainProxy        : Securing POST /api/auth/login
2026-04-23T18:55:34.020+08:00 DEBUG 21652 --- [pool-4-thread-3] c.p.mapper.MerchantMapper.selectByEmail  : ==>  Preparing: SELECT * FROM `merchant` WHERE email = ?
2026-04-23T18:55:34.020+08:00 DEBUG 21652 --- [ool-4-thread-12] c.p.mapper.MerchantMapper.selectByEmail  : ==>  Preparing: SELECT * FROM `merchant` WHERE email = ?
2026-04-23T18:55:34.020+08:00 DEBUG 21652 --- [pool-4-thread-1] c.p.mapper.MerchantMapper.selectByEmail  : ==> Parameters: 13800138000(String)
2026-04-23T18:55:34.020+08:00 DEBUG 21652 --- [pool-4-thread-3] c.p.mapper.MerchantMapper.selectByEmail  : ==> Parameters: 13800138000(String)
2026-04-23T18:55:34.020+08:00 DEBUG 21652 --- [pool-4-thread-1] c.p.mapper.MerchantMapper.selectByEmail  : <==      Total: 0
2026-04-23T18:55:34.020+08:00 DEBUG 21652 --- [ool-4-thread-15] o.s.s.w.a.AnonymousAuthenticationFilter  : Set SecurityContextHolder to anonymous SecurityContext
2026-04-23T18:55:34.020+08:00 DEBUG 21652 --- [ool-4-thread-12] c.p.mapper.MerchantMapper.selectByEmail  : ==> Parameters: 13800138000(String)
2026-04-23T18:55:34.020+08:00 DEBUG 21652 --- [ool-4-thread-21] o.s.security.web.FilterChainProxy        : Securing POST /api/auth/login
2026-04-23T18:55:34.020+08:00 DEBUG 21652 --- [pool-4-thread-1] c.p.mapper.AdminMapper.selectByUsername  : ==>  Preparing: SELECT * FROM `admin` WHERE username = ?
2026-04-23T18:55:34.021+08:00 DEBUG 21652 --- [ool-4-thread-20] o.s.s.w.a.AnonymousAuthenticationFilter  : Set SecurityContextHolder to anonymous SecurityContext
2026-04-23T18:55:34.021+08:00 DEBUG 21652 --- [pool-4-thread-3] c.p.mapper.MerchantMapper.selectByEmail  : <==      Total: 0
2026-04-23T18:55:34.021+08:00 DEBUG 21652 --- [ool-4-thread-12] c.p.mapper.MerchantMapper.selectByEmail  : <==      Total: 0
2026-04-23T18:55:34.021+08:00 DEBUG 21652 --- [ool-4-thread-12] c.p.mapper.AdminMapper.selectByUsername  : ==>  Preparing: SELECT * FROM `admin` WHERE username = ?
2026-04-23T18:55:34.021+08:00 DEBUG 21652 --- [pool-4-thread-1] c.p.mapper.AdminMapper.selectByUsername  : ==> Parameters: 13800138000(String)
2026-04-23T18:55:34.021+08:00 DEBUG 21652 --- [ool-4-thread-15] o.s.security.web.FilterChainProxy        : Secured POST /api/auth/login
2026-04-23T18:55:34.021+08:00 DEBUG 21652 --- [ool-4-thread-13] o.s.security.web.FilterChainProxy        : Securing POST /api/auth/login
2026-04-23T18:55:34.021+08:00 DEBUG 21652 --- [ool-4-thread-21] o.s.s.w.a.AnonymousAuthenticationFilter  : Set SecurityContextHolder to anonymous SecurityContext
2026-04-23T18:55:34.021+08:00 DEBUG 21652 --- [ool-4-thread-12] c.p.mapper.AdminMapper.selectByUsername  : ==> Parameters: 13800138000(String)
2026-04-23T18:55:34.021+08:00 DEBUG 21652 --- [ool-4-thread-20] o.s.security.web.FilterChainProxy        : Secured POST /api/auth/login
2026-04-23T18:55:34.021+08:00 DEBUG 21652 --- [ool-4-thread-11] o.s.security.web.FilterChainProxy        : Securing POST /api/auth/login
2026-04-23T18:55:34.021+08:00 DEBUG 21652 --- [ool-4-thread-12] c.p.mapper.AdminMapper.selectByUsername  : <==      Total: 0
2026-04-23T18:55:34.021+08:00 DEBUG 21652 --- [ool-4-thread-10] o.s.security.web.FilterChainProxy        : Securing POST /api/auth/login
2026-04-23T18:55:34.021+08:00 DEBUG 21652 --- [ool-4-thread-16] o.s.security.web.FilterChainProxy        : Securing POST /api/auth/login
2026-04-23T18:55:34.021+08:00 DEBUG 21652 --- [ool-4-thread-21] o.s.security.web.FilterChainProxy        : Secured POST /api/auth/login
2026-04-23T18:55:34.021+08:00 DEBUG 21652 --- [ool-4-thread-11] o.s.s.w.a.AnonymousAuthenticationFilter  : Set SecurityContextHolder to anonymous SecurityContext
2026-04-23T18:55:34.021+08:00 DEBUG 21652 --- [ool-4-thread-10] o.s.s.w.a.AnonymousAuthenticationFilter  : Set SecurityContextHolder to anonymous SecurityContext
2026-04-23T18:55:34.021+08:00 DEBUG 21652 --- [pool-4-thread-1] c.p.mapper.AdminMapper.selectByUsername  : <==      Total: 0
2026-04-23T18:55:34.021+08:00 DEBUG 21652 --- [ool-4-thread-16] o.s.s.w.a.AnonymousAuthenticationFilter  : Set SecurityContextHolder to anonymous SecurityContext
2026-04-23T18:55:34.021+08:00 DEBUG 21652 --- [ool-4-thread-11] o.s.security.web.FilterChainProxy        : Secured POST /api/auth/login
2026-04-23T18:55:34.021+08:00 DEBUG 21652 --- [ool-4-thread-13] o.s.s.w.a.AnonymousAuthenticationFilter  : Set SecurityContextHolder to anonymous SecurityContext
2026-04-23T18:55:34.021+08:00 DEBUG 21652 --- [ool-4-thread-18] o.s.security.web.FilterChainProxy        : Secured POST /api/auth/login
2026-04-23T18:55:34.021+08:00 DEBUG 21652 --- [ool-4-thread-16] o.s.security.web.FilterChainProxy        : Secured POST /api/auth/login
2026-04-23T18:55:34.023+08:00 DEBUG 21652 --- [pool-4-thread-7] c.p.mapper.UserMapper.selectByPhone      : ==> Parameters: 13800138000(String)
2026-04-23T18:55:34.021+08:00 DEBUG 21652 --- [ool-4-thread-10] o.s.security.web.FilterChainProxy        : Secured POST /api/auth/login
2026-04-23T18:55:34.023+08:00 DEBUG 21652 --- [ool-4-thread-13] o.s.security.web.FilterChainProxy        : Secured POST /api/auth/login
2026-04-23T18:55:34.023+08:00 DEBUG 21652 --- [ool-4-thread-17] o.s.security.web.FilterChainProxy        : Securing POST /api/auth/login
2026-04-23T18:55:34.023+08:00 DEBUG 21652 --- [ool-4-thread-17] o.s.s.w.a.AnonymousAuthenticationFilter  : Set SecurityContextHolder to anonymous SecurityContext
2026-04-23T18:55:34.023+08:00 DEBUG 21652 --- [ool-4-thread-22] o.s.security.web.FilterChainProxy        : Securing POST /api/auth/login
2026-04-23T18:55:34.023+08:00 DEBUG 21652 --- [ool-4-thread-23] o.s.security.web.FilterChainProxy        : Securing POST /api/auth/login
2026-04-23T18:55:34.023+08:00 DEBUG 21652 --- [ool-4-thread-17] o.s.security.web.FilterChainProxy        : Secured POST /api/auth/login
2026-04-23T18:55:34.024+08:00 DEBUG 21652 --- [ool-4-thread-22] o.s.s.w.a.AnonymousAuthenticationFilter  : Set SecurityContextHolder to anonymous SecurityContext
2026-04-23T18:55:34.024+08:00 DEBUG 21652 --- [ool-4-thread-23] o.s.s.w.a.AnonymousAuthenticationFilter  : Set SecurityContextHolder to anonymous SecurityContext
2026-04-23T18:55:34.024+08:00 DEBUG 21652 --- [ool-4-thread-23] o.s.security.web.FilterChainProxy        : Secured POST /api/auth/login
2026-04-23T18:55:34.024+08:00 DEBUG 21652 --- [ool-4-thread-22] o.s.security.web.FilterChainProxy        : Secured POST /api/auth/login
2026-04-23T18:55:34.024+08:00 DEBUG 21652 --- [pool-4-thread-7] c.p.mapper.UserMapper.selectByPhone      : <==      Total: 0
2026-04-23T18:55:34.024+08:00 DEBUG 21652 --- [ool-4-thread-24] o.s.security.web.FilterChainProxy        : Securing POST /api/auth/login
2026-04-23T18:55:34.024+08:00 DEBUG 21652 --- [pool-4-thread-7] c.p.mapper.MerchantMapper.selectByPhone  : ==>  Preparing: SELECT * FROM `merchant` WHERE phone = ?
2026-04-23T18:55:34.024+08:00 DEBUG 21652 --- [ool-4-thread-24] o.s.s.w.a.AnonymousAuthenticationFilter  : Set SecurityContextHolder to anonymous SecurityContext
2026-04-23T18:55:34.024+08:00 DEBUG 21652 --- [ool-4-thread-25] o.s.security.web.FilterChainProxy        : Securing POST /api/auth/login
2026-04-23T18:55:34.024+08:00 DEBUG 21652 --- [pool-4-thread-7] c.p.mapper.MerchantMapper.selectByPhone  : ==> Parameters: 13800138000(String)
2026-04-23T18:55:34.024+08:00 DEBUG 21652 --- [ool-4-thread-24] o.s.security.web.FilterChainProxy        : Secured POST /api/auth/login
2026-04-23T18:55:34.024+08:00 DEBUG 21652 --- [pool-4-thread-7] c.p.mapper.MerchantMapper.selectByPhone  : <==      Total: 0
2026-04-23T18:55:34.024+08:00 DEBUG 21652 --- [ool-4-thread-27] o.s.security.web.FilterChainProxy        : Securing POST /api/auth/login
2026-04-23T18:55:34.024+08:00 DEBUG 21652 --- [ool-4-thread-25] o.s.s.w.a.AnonymousAuthenticationFilter  : Set SecurityContextHolder to anonymous SecurityContext
2026-04-23T18:55:34.024+08:00 DEBUG 21652 --- [pool-4-thread-7] c.p.mapper.MerchantMapper.selectByEmail  : ==>  Preparing: SELECT * FROM `merchant` WHERE email = ?
2026-04-23T18:55:34.024+08:00 DEBUG 21652 --- [pool-4-thread-7] c.p.mapper.MerchantMapper.selectByEmail  : ==> Parameters: 13800138000(String)
2026-04-23T18:55:34.025+08:00 DEBUG 21652 --- [ool-4-thread-25] o.s.security.web.FilterChainProxy        : Secured POST /api/auth/login
2026-04-23T18:55:34.025+08:00 DEBUG 21652 --- [ool-4-thread-27] o.s.s.w.a.AnonymousAuthenticationFilter  : Set SecurityContextHolder to anonymous SecurityContext
2026-04-23T18:55:34.025+08:00 DEBUG 21652 --- [pool-4-thread-7] c.p.mapper.MerchantMapper.selectByEmail  : <==      Total: 0
2026-04-23T18:55:34.024+08:00 DEBUG 21652 --- [pool-4-thread-3] c.p.mapper.AdminMapper.selectByUsername  : ==>  Preparing: SELECT * FROM `admin` WHERE username = ?
2026-04-23T18:55:34.025+08:00 DEBUG 21652 --- [pool-4-thread-7] c.p.mapper.AdminMapper.selectByUsername  : ==>  Preparing: SELECT * FROM `admin` WHERE username = ?
2026-04-23T18:55:34.025+08:00 DEBUG 21652 --- [ool-4-thread-26] o.s.security.web.FilterChainProxy        : Securing POST /api/auth/login
2026-04-23T18:55:34.025+08:00 DEBUG 21652 --- [pool-4-thread-3] c.p.mapper.AdminMapper.selectByUsername  : ==> Parameters: 13800138000(String)
2026-04-23T18:55:34.025+08:00 DEBUG 21652 --- [ool-4-thread-27] o.s.security.web.FilterChainProxy        : Secured POST /api/auth/login
2026-04-23T18:55:34.025+08:00 DEBUG 21652 --- [pool-4-thread-7] c.p.mapper.AdminMapper.selectByUsername  : ==> Parameters: 13800138000(String)
2026-04-23T18:55:34.025+08:00 DEBUG 21652 --- [pool-4-thread-3] c.p.mapper.AdminMapper.selectByUsername  : <==      Total: 0
2026-04-23T18:55:34.025+08:00 DEBUG 21652 --- [pool-4-thread-7] c.p.mapper.AdminMapper.selectByUsername  : <==      Total: 0
2026-04-23T18:55:34.025+08:00 DEBUG 21652 --- [ool-4-thread-26] o.s.s.w.a.AnonymousAuthenticationFilter  : Set SecurityContextHolder to anonymous SecurityContext
2026-04-23T18:55:34.025+08:00 DEBUG 21652 --- [ool-4-thread-26] o.s.security.web.FilterChainProxy        : Secured POST /api/auth/login
2026-04-23T18:55:34.025+08:00 DEBUG 21652 --- [ool-4-thread-28] o.s.security.web.FilterChainProxy        : Securing POST /api/auth/login
2026-04-23T18:55:34.026+08:00 DEBUG 21652 --- [ool-4-thread-28] o.s.s.w.a.AnonymousAuthenticationFilter  : Set SecurityContextHolder to anonymous SecurityContext
2026-04-23T18:55:34.027+08:00 DEBUG 21652 --- [ool-4-thread-28] o.s.security.web.FilterChainProxy        : Secured POST /api/auth/login
2026-04-23T18:55:34.051+08:00 DEBUG 21652 --- [ool-4-thread-29] o.s.security.web.FilterChainProxy        : Securing POST /api/auth/login
2026-04-23T18:55:34.052+08:00 DEBUG 21652 --- [ool-4-thread-29] o.s.s.w.a.AnonymousAuthenticationFilter  : Set SecurityContextHolder to anonymous SecurityContext
2026-04-23T18:55:34.052+08:00 DEBUG 21652 --- [ool-4-thread-29] o.s.security.web.FilterChainProxy        : Secured POST /api/auth/login
2026-04-23T18:55:34.067+08:00 DEBUG 21652 --- [ool-4-thread-30] o.s.security.web.FilterChainProxy        : Securing POST /api/auth/login
2026-04-23T18:55:34.068+08:00 DEBUG 21652 --- [ool-4-thread-30] o.s.s.w.a.AnonymousAuthenticationFilter  : Set SecurityContextHolder to anonymous SecurityContext
2026-04-23T18:55:34.068+08:00 DEBUG 21652 --- [ool-4-thread-30] o.s.security.web.FilterChainProxy        : Secured POST /api/auth/login
2026-04-23T18:55:34.068+08:00 DEBUG 21652 --- [ool-4-thread-31] o.s.security.web.FilterChainProxy        : Securing POST /api/auth/login
2026-04-23T18:55:34.068+08:00 DEBUG 21652 --- [ool-4-thread-31] o.s.s.w.a.AnonymousAuthenticationFilter  : Set SecurityContextHolder to anonymous SecurityContext
2026-04-23T18:55:34.069+08:00 DEBUG 21652 --- [ool-4-thread-31] o.s.security.web.FilterChainProxy        : Secured POST /api/auth/login
2026-04-23T18:55:34.070+08:00 DEBUG 21652 --- [ool-4-thread-35] o.s.security.web.FilterChainProxy        : Securing POST /api/auth/login
2026-04-23T18:55:34.071+08:00 DEBUG 21652 --- [ool-4-thread-35] o.s.s.w.a.AnonymousAuthenticationFilter  : Set SecurityContextHolder to anonymous SecurityContext
2026-04-23T18:55:34.071+08:00 DEBUG 21652 --- [ool-4-thread-35] o.s.security.web.FilterChainProxy        : Secured POST /api/auth/login
2026-04-23T18:55:34.071+08:00 DEBUG 21652 --- [ool-4-thread-36] o.s.security.web.FilterChainProxy        : Securing POST /api/auth/login
2026-04-23T18:55:34.071+08:00 DEBUG 21652 --- [ool-4-thread-36] o.s.s.w.a.AnonymousAuthenticationFilter  : Set SecurityContextHolder to anonymous SecurityContext
2026-04-23T18:55:34.072+08:00 DEBUG 21652 --- [ool-4-thread-36] o.s.security.web.FilterChainProxy        : Secured POST /api/auth/login
2026-04-23T18:55:34.072+08:00 DEBUG 21652 --- [ool-4-thread-41] o.s.security.web.FilterChainProxy        : Securing POST /api/auth/login
2026-04-23T18:55:34.073+08:00 DEBUG 21652 --- [ool-4-thread-41] o.s.s.w.a.AnonymousAuthenticationFilter  : Set SecurityContextHolder to anonymous SecurityContext
2026-04-23T18:55:34.073+08:00 DEBUG 21652 --- [ool-4-thread-41] o.s.security.web.FilterChainProxy        : Secured POST /api/auth/login
2026-04-23T18:55:34.073+08:00 DEBUG 21652 --- [ool-4-thread-42] o.s.security.web.FilterChainProxy        : Securing POST /api/auth/login
2026-04-23T18:55:34.073+08:00 DEBUG 21652 --- [ool-4-thread-42] o.s.s.w.a.AnonymousAuthenticationFilter  : Set SecurityContextHolder to anonymous SecurityContext
2026-04-23T18:55:34.073+08:00 DEBUG 21652 --- [ool-4-thread-42] o.s.security.web.FilterChainProxy        : Secured POST /api/auth/login
2026-04-23T18:55:34.075+08:00 DEBUG 21652 --- [ool-4-thread-47] o.s.security.web.FilterChainProxy        : Securing POST /api/auth/login
2026-04-23T18:55:34.075+08:00 DEBUG 21652 --- [ool-4-thread-47] o.s.s.w.a.AnonymousAuthenticationFilter  : Set SecurityContextHolder to anonymous SecurityContext
2026-04-23T18:55:34.076+08:00 DEBUG 21652 --- [ool-4-thread-47] o.s.security.web.FilterChainProxy        : Secured POST /api/auth/login
2026-04-23T18:55:34.076+08:00 DEBUG 21652 --- [ool-4-thread-48] o.s.security.web.FilterChainProxy        : Securing POST /api/auth/login
2026-04-23T18:55:34.076+08:00 DEBUG 21652 --- [ool-4-thread-48] o.s.s.w.a.AnonymousAuthenticationFilter  : Set SecurityContextHolder to anonymous SecurityContext
2026-04-23T18:55:34.076+08:00 DEBUG 21652 --- [ool-4-thread-48] o.s.security.web.FilterChainProxy        : Secured POST /api/auth/login
2026-04-23T18:55:34.076+08:00 DEBUG 21652 --- [ool-4-thread-32] o.s.security.web.FilterChainProxy        : Securing POST /api/auth/login
2026-04-23T18:55:34.077+08:00 DEBUG 21652 --- [ool-4-thread-32] o.s.s.w.a.AnonymousAuthenticationFilter  : Set SecurityContextHolder to anonymous SecurityContext
2026-04-23T18:55:34.077+08:00 DEBUG 21652 --- [ool-4-thread-32] o.s.security.web.FilterChainProxy        : Secured POST /api/auth/login
2026-04-23T18:55:34.077+08:00 DEBUG 21652 --- [ool-4-thread-37] o.s.security.web.FilterChainProxy        : Securing POST /api/auth/login
2026-04-23T18:55:34.077+08:00 DEBUG 21652 --- [ool-4-thread-37] o.s.s.w.a.AnonymousAuthenticationFilter  : Set SecurityContextHolder to anonymous SecurityContext
2026-04-23T18:55:34.078+08:00 DEBUG 21652 --- [ool-4-thread-37] o.s.security.web.FilterChainProxy        : Secured POST /api/auth/login
2026-04-23T18:55:34.078+08:00 DEBUG 21652 --- [ool-4-thread-38] o.s.security.web.FilterChainProxy        : Securing POST /api/auth/login
2026-04-23T18:55:34.079+08:00 DEBUG 21652 --- [ool-4-thread-38] o.s.s.w.a.AnonymousAuthenticationFilter  : Set SecurityContextHolder to anonymous SecurityContext
2026-04-23T18:55:34.079+08:00 DEBUG 21652 --- [ool-4-thread-38] o.s.security.web.FilterChainProxy        : Secured POST /api/auth/login
2026-04-23T18:55:34.079+08:00 DEBUG 21652 --- [ool-4-thread-43] o.s.security.web.FilterChainProxy        : Securing POST /api/auth/login
2026-04-23T18:55:34.079+08:00 DEBUG 21652 --- [ool-4-thread-43] o.s.s.w.a.AnonymousAuthenticationFilter  : Set SecurityContextHolder to anonymous SecurityContext
2026-04-23T18:55:34.079+08:00 DEBUG 21652 --- [ool-4-thread-43] o.s.security.web.FilterChainProxy        : Secured POST /api/auth/login
2026-04-23T18:55:34.080+08:00 DEBUG 21652 --- [ool-4-thread-49] o.s.security.web.FilterChainProxy        : Securing POST /api/auth/login
2026-04-23T18:55:34.080+08:00 DEBUG 21652 --- [ool-4-thread-49] o.s.s.w.a.AnonymousAuthenticationFilter  : Set SecurityContextHolder to anonymous SecurityContext
2026-04-23T18:55:34.081+08:00 DEBUG 21652 --- [ool-4-thread-49] o.s.security.web.FilterChainProxy        : Secured POST /api/auth/login
2026-04-23T18:55:34.082+08:00 DEBUG 21652 --- [ool-4-thread-44] o.s.security.web.FilterChainProxy        : Securing POST /api/auth/login
2026-04-23T18:55:34.082+08:00 DEBUG 21652 --- [ool-4-thread-44] o.s.s.w.a.AnonymousAuthenticationFilter  : Set SecurityContextHolder to anonymous SecurityContext
2026-04-23T18:55:34.082+08:00 DEBUG 21652 --- [ool-4-thread-44] o.s.security.web.FilterChainProxy        : Secured POST /api/auth/login
2026-04-23T18:55:34.085+08:00 DEBUG 21652 --- [ool-4-thread-50] o.s.security.web.FilterChainProxy        : Securing POST /api/auth/login
2026-04-23T18:55:34.085+08:00 DEBUG 21652 --- [ool-4-thread-50] o.s.s.w.a.AnonymousAuthenticationFilter  : Set SecurityContextHolder to anonymous SecurityContext
2026-04-23T18:55:34.086+08:00 DEBUG 21652 --- [ool-4-thread-50] o.s.security.web.FilterChainProxy        : Secured POST /api/auth/login
2026-04-23T18:55:34.087+08:00 DEBUG 21652 --- [ool-4-thread-33] o.s.security.web.FilterChainProxy        : Securing POST /api/auth/login
2026-04-23T18:55:34.088+08:00 DEBUG 21652 --- [ool-4-thread-33] o.s.s.w.a.AnonymousAuthenticationFilter  : Set SecurityContextHolder to anonymous SecurityContext
2026-04-23T18:55:34.088+08:00 DEBUG 21652 --- [ool-4-thread-33] o.s.security.web.FilterChainProxy        : Secured POST /api/auth/login
2026-04-23T18:55:34.088+08:00 DEBUG 21652 --- [ool-4-thread-34] o.s.security.web.FilterChainProxy        : Securing POST /api/auth/login
2026-04-23T18:55:34.089+08:00 DEBUG 21652 --- [ool-4-thread-34] o.s.s.w.a.AnonymousAuthenticationFilter  : Set SecurityContextHolder to anonymous SecurityContext
2026-04-23T18:55:34.089+08:00 DEBUG 21652 --- [ool-4-thread-34] o.s.security.web.FilterChainProxy        : Secured POST /api/auth/login
2026-04-23T18:55:34.090+08:00 DEBUG 21652 --- [ool-4-thread-39] o.s.security.web.FilterChainProxy        : Securing POST /api/auth/login
2026-04-23T18:55:34.090+08:00 DEBUG 21652 --- [ool-4-thread-40] o.s.security.web.FilterChainProxy        : Securing POST /api/auth/login
2026-04-23T18:55:34.090+08:00 DEBUG 21652 --- [ool-4-thread-39] o.s.s.w.a.AnonymousAuthenticationFilter  : Set SecurityContextHolder to anonymous SecurityContext
2026-04-23T18:55:34.090+08:00 DEBUG 21652 --- [ool-4-thread-40] o.s.s.w.a.AnonymousAuthenticationFilter  : Set SecurityContextHolder to anonymous SecurityContext
2026-04-23T18:55:34.090+08:00 DEBUG 21652 --- [ool-4-thread-39] o.s.security.web.FilterChainProxy        : Secured POST /api/auth/login
2026-04-23T18:55:34.090+08:00 DEBUG 21652 --- [ool-4-thread-40] o.s.security.web.FilterChainProxy        : Secured POST /api/auth/login
2026-04-23T18:55:34.092+08:00 DEBUG 21652 --- [ool-4-thread-45] o.s.security.web.FilterChainProxy        : Securing POST /api/auth/login
2026-04-23T18:55:34.092+08:00 DEBUG 21652 --- [ool-4-thread-45] o.s.s.w.a.AnonymousAuthenticationFilter  : Set SecurityContextHolder to anonymous SecurityContext
2026-04-23T18:55:34.092+08:00 DEBUG 21652 --- [ool-4-thread-45] o.s.security.web.FilterChainProxy        : Secured POST /api/auth/login
2026-04-23T18:55:34.093+08:00 DEBUG 21652 --- [ool-4-thread-46] o.s.security.web.FilterChainProxy        : Securing POST /api/auth/login
2026-04-23T18:55:34.093+08:00 DEBUG 21652 --- [ool-4-thread-46] o.s.s.w.a.AnonymousAuthenticationFilter  : Set SecurityContextHolder to anonymous SecurityContext
2026-04-23T18:55:34.093+08:00 DEBUG 21652 --- [ool-4-thread-46] o.s.security.web.FilterChainProxy        : Secured POST /api/auth/login
2026-04-23T18:55:34.131+08:00 DEBUG 21652 --- [pool-4-thread-8] o.s.s.a.dao.DaoAuthenticationProvider    : Failed to find user '13800138000'
2026-04-23T18:55:34.133+08:00 DEBUG 21652 --- [ool-4-thread-19] c.p.mapper.UserMapper.selectByPhone      : ==>  Preparing: SELECT * FROM `user` WHERE phone = ?
2026-04-23T18:55:34.133+08:00 DEBUG 21652 --- [ool-4-thread-19] c.p.mapper.UserMapper.selectByPhone      : ==> Parameters: 13800138000(String)
2026-04-23T18:55:34.134+08:00 DEBUG 21652 --- [ool-4-thread-19] c.p.mapper.UserMapper.selectByPhone      : <==      Total: 0
2026-04-23T18:55:34.134+08:00 DEBUG 21652 --- [ool-4-thread-19] c.p.mapper.MerchantMapper.selectByPhone  : ==>  Preparing: SELECT * FROM `merchant` WHERE phone = ?
2026-04-23T18:55:34.134+08:00 DEBUG 21652 --- [pool-4-thread-8] o.s.security.web.FilterChainProxy        : Securing GET /api/products
2026-04-23T18:55:34.134+08:00 DEBUG 21652 --- [ool-4-thread-19] c.p.mapper.MerchantMapper.selectByPhone  : ==> Parameters: 13800138000(String)
2026-04-23T18:55:34.134+08:00 DEBUG 21652 --- [ool-4-thread-19] c.p.mapper.MerchantMapper.selectByPhone  : <==      Total: 0
2026-04-23T18:55:34.134+08:00 DEBUG 21652 --- [pool-4-thread-8] o.s.s.w.a.AnonymousAuthenticationFilter  : Set SecurityContextHolder to anonymous SecurityContext
2026-04-23T18:55:34.134+08:00 DEBUG 21652 --- [ool-4-thread-19] c.p.mapper.MerchantMapper.selectByEmail  : ==>  Preparing: SELECT * FROM `merchant` WHERE email = ?
2026-04-23T18:55:34.134+08:00 DEBUG 21652 --- [ool-4-thread-19] c.p.mapper.MerchantMapper.selectByEmail  : ==> Parameters: 13800138000(String)
2026-04-23T18:55:34.134+08:00 DEBUG 21652 --- [pool-4-thread-8] o.s.security.web.FilterChainProxy        : Secured GET /api/products
2026-04-23T18:55:34.134+08:00 DEBUG 21652 --- [ool-4-thread-19] c.p.mapper.MerchantMapper.selectByEmail  : <==      Total: 0
2026-04-23T18:55:34.134+08:00 DEBUG 21652 --- [ool-4-thread-19] c.p.mapper.AdminMapper.selectByUsername  : ==>  Preparing: SELECT * FROM `admin` WHERE username = ?
2026-04-23T18:55:34.134+08:00 DEBUG 21652 --- [ool-4-thread-19] c.p.mapper.AdminMapper.selectByUsername  : ==> Parameters: 13800138000(String)
2026-04-23T18:55:34.135+08:00 DEBUG 21652 --- [ool-4-thread-19] c.p.mapper.AdminMapper.selectByUsername  : <==      Total: 0
2026-04-23T18:55:34.136+08:00 DEBUG 21652 --- [pool-4-thread-1] o.s.s.a.dao.DaoAuthenticationProvider    : Failed to find user '13800138000'
2026-04-23T18:55:34.137+08:00 DEBUG 21652 --- [ool-4-thread-14] c.p.mapper.UserMapper.selectByPhone      : ==>  Preparing: SELECT * FROM `user` WHERE phone = ?
2026-04-23T18:55:34.137+08:00 DEBUG 21652 --- [ool-4-thread-14] c.p.mapper.UserMapper.selectByPhone      : ==> Parameters: 13800138000(String)
2026-04-23T18:55:34.137+08:00 DEBUG 21652 --- [ool-4-thread-14] c.p.mapper.UserMapper.selectByPhone      : <==      Total: 0
2026-04-23T18:55:34.137+08:00 DEBUG 21652 --- [ool-4-thread-14] c.p.mapper.MerchantMapper.selectByPhone  : ==>  Preparing: SELECT * FROM `merchant` WHERE phone = ?
2026-04-23T18:55:34.137+08:00 DEBUG 21652 --- [ool-4-thread-14] c.p.mapper.MerchantMapper.selectByPhone  : ==> Parameters: 13800138000(String)
2026-04-23T18:55:34.137+08:00 DEBUG 21652 --- [ool-4-thread-14] c.p.mapper.MerchantMapper.selectByPhone  : <==      Total: 0
2026-04-23T18:55:34.138+08:00 DEBUG 21652 --- [pool-4-thread-1] o.s.security.web.FilterChainProxy        : Securing GET /api/products
2026-04-23T18:55:34.138+08:00 DEBUG 21652 --- [ool-4-thread-14] c.p.mapper.MerchantMapper.selectByEmail  : ==>  Preparing: SELECT * FROM `merchant` WHERE email = ?
2026-04-23T18:55:34.138+08:00 DEBUG 21652 --- [pool-4-thread-1] o.s.s.w.a.AnonymousAuthenticationFilter  : Set SecurityContextHolder to anonymous SecurityContext
2026-04-23T18:55:34.138+08:00 DEBUG 21652 --- [ool-4-thread-14] c.p.mapper.MerchantMapper.selectByEmail  : ==> Parameters: 13800138000(String)
2026-04-23T18:55:34.138+08:00 DEBUG 21652 --- [ool-4-thread-14] c.p.mapper.MerchantMapper.selectByEmail  : <==      Total: 0
2026-04-23T18:55:34.138+08:00 DEBUG 21652 --- [pool-4-thread-1] o.s.security.web.FilterChainProxy        : Secured GET /api/products
2026-04-23T18:55:34.138+08:00 DEBUG 21652 --- [ool-4-thread-14] c.p.mapper.AdminMapper.selectByUsername  : ==>  Preparing: SELECT * FROM `admin` WHERE username = ?
2026-04-23T18:55:34.138+08:00 DEBUG 21652 --- [ool-4-thread-14] c.p.mapper.AdminMapper.selectByUsername  : ==> Parameters: 13800138000(String)
2026-04-23T18:55:34.138+08:00 DEBUG 21652 --- [ool-4-thread-14] c.p.mapper.AdminMapper.selectByUsername  : <==      Total: 0
2026-04-23T18:55:34.139+08:00 DEBUG 21652 --- [pool-4-thread-9] o.s.s.a.dao.DaoAuthenticationProvider    : Failed to find user '13800138000'
2026-04-23T18:55:34.140+08:00 DEBUG 21652 --- [pool-4-thread-9] o.s.security.web.FilterChainProxy        : Securing GET /api/products
2026-04-23T18:55:34.141+08:00 DEBUG 21652 --- [pool-4-thread-9] o.s.s.w.a.AnonymousAuthenticationFilter  : Set SecurityContextHolder to anonymous SecurityContext
2026-04-23T18:55:34.141+08:00 DEBUG 21652 --- [pool-4-thread-9] o.s.security.web.FilterChainProxy        : Secured GET /api/products
2026-04-23T18:55:34.141+08:00 DEBUG 21652 --- [ool-4-thread-15] c.p.mapper.UserMapper.selectByPhone      : ==>  Preparing: SELECT * FROM `user` WHERE phone = ?
2026-04-23T18:55:34.143+08:00 DEBUG 21652 --- [ool-4-thread-15] c.p.mapper.UserMapper.selectByPhone      : ==> Parameters: 13800138000(String)
2026-04-23T18:55:34.143+08:00 DEBUG 21652 --- [ool-4-thread-15] c.p.mapper.UserMapper.selectByPhone      : <==      Total: 0
2026-04-23T18:55:34.143+08:00 DEBUG 21652 --- [ool-4-thread-15] c.p.mapper.MerchantMapper.selectByPhone  : ==>  Preparing: SELECT * FROM `merchant` WHERE phone = ?
2026-04-23T18:55:34.143+08:00 DEBUG 21652 --- [ool-4-thread-15] c.p.mapper.MerchantMapper.selectByPhone  : ==> Parameters: 13800138000(String)
2026-04-23T18:55:34.143+08:00 DEBUG 21652 --- [ool-4-thread-15] c.p.mapper.MerchantMapper.selectByPhone  : <==      Total: 0
2026-04-23T18:55:34.143+08:00 DEBUG 21652 --- [ool-4-thread-15] c.p.mapper.MerchantMapper.selectByEmail  : ==>  Preparing: SELECT * FROM `merchant` WHERE email = ?
2026-04-23T18:55:34.144+08:00 DEBUG 21652 --- [ool-4-thread-15] c.p.mapper.MerchantMapper.selectByEmail  : ==> Parameters: 13800138000(String)
2026-04-23T18:55:34.144+08:00 DEBUG 21652 --- [ool-4-thread-15] c.p.mapper.MerchantMapper.selectByEmail  : <==      Total: 0
2026-04-23T18:55:34.144+08:00 DEBUG 21652 --- [ool-4-thread-15] c.p.mapper.AdminMapper.selectByUsername  : ==>  Preparing: SELECT * FROM `admin` WHERE username = ?
2026-04-23T18:55:34.144+08:00 DEBUG 21652 --- [ool-4-thread-15] c.p.mapper.AdminMapper.selectByUsername  : ==> Parameters: 13800138000(String)
2026-04-23T18:55:34.144+08:00 DEBUG 21652 --- [ool-4-thread-15] c.p.mapper.AdminMapper.selectByUsername  : <==      Total: 0
2026-04-23T18:55:34.156+08:00 DEBUG 21652 --- [ool-4-thread-12] o.s.s.a.dao.DaoAuthenticationProvider    : Failed to find user '13800138000'
2026-04-23T18:55:34.158+08:00 DEBUG 21652 --- [ool-4-thread-12] o.s.security.web.FilterChainProxy        : Securing GET /api/products
2026-04-23T18:55:34.158+08:00 DEBUG 21652 --- [ool-4-thread-12] o.s.s.w.a.AnonymousAuthenticationFilter  : Set SecurityContextHolder to anonymous SecurityContext
2026-04-23T18:55:34.158+08:00 DEBUG 21652 --- [ool-4-thread-12] o.s.security.web.FilterChainProxy        : Secured GET /api/products
2026-04-23T18:55:34.161+08:00 DEBUG 21652 --- [ool-4-thread-20] c.p.mapper.UserMapper.selectByPhone      : ==>  Preparing: SELECT * FROM `user` WHERE phone = ?
2026-04-23T18:55:34.162+08:00 DEBUG 21652 --- [ool-4-thread-20] c.p.mapper.UserMapper.selectByPhone      : ==> Parameters: 13800138000(String)
2026-04-23T18:55:34.162+08:00 DEBUG 21652 --- [ool-4-thread-20] c.p.mapper.UserMapper.selectByPhone      : <==      Total: 0
2026-04-23T18:55:34.162+08:00 DEBUG 21652 --- [ool-4-thread-20] c.p.mapper.MerchantMapper.selectByPhone  : ==>  Preparing: SELECT * FROM `merchant` WHERE phone = ?
2026-04-23T18:55:34.163+08:00 DEBUG 21652 --- [ool-4-thread-20] c.p.mapper.MerchantMapper.selectByPhone  : ==> Parameters: 13800138000(String)
2026-04-23T18:55:34.163+08:00 DEBUG 21652 --- [ool-4-thread-20] c.p.mapper.MerchantMapper.selectByPhone  : <==      Total: 0
2026-04-23T18:55:34.163+08:00 DEBUG 21652 --- [ool-4-thread-20] c.p.mapper.MerchantMapper.selectByEmail  : ==>  Preparing: SELECT * FROM `merchant` WHERE email = ?
2026-04-23T18:55:34.163+08:00 DEBUG 21652 --- [ool-4-thread-20] c.p.mapper.MerchantMapper.selectByEmail  : ==> Parameters: 13800138000(String)
2026-04-23T18:55:34.163+08:00 DEBUG 21652 --- [ool-4-thread-20] c.p.mapper.MerchantMapper.selectByEmail  : <==      Total: 0
2026-04-23T18:55:34.163+08:00 DEBUG 21652 --- [ool-4-thread-20] c.p.mapper.AdminMapper.selectByUsername  : ==>  Preparing: SELECT * FROM `admin` WHERE username = ?
2026-04-23T18:55:34.163+08:00 DEBUG 21652 --- [ool-4-thread-20] c.p.mapper.AdminMapper.selectByUsername  : ==> Parameters: 13800138000(String)
2026-04-23T18:55:34.163+08:00 DEBUG 21652 --- [ool-4-thread-20] c.p.mapper.AdminMapper.selectByUsername  : <==      Total: 0
2026-04-23T18:55:34.174+08:00 DEBUG 21652 --- [pool-4-thread-6] o.s.s.a.dao.DaoAuthenticationProvider    : Failed to find user '13800138000'
2026-04-23T18:55:34.174+08:00 DEBUG 21652 --- [pool-4-thread-6] o.s.security.web.FilterChainProxy        : Securing GET /api/products
2026-04-23T18:55:34.174+08:00 DEBUG 21652 --- [pool-4-thread-6] o.s.s.w.a.AnonymousAuthenticationFilter  : Set SecurityContextHolder to anonymous SecurityContext
2026-04-23T18:55:34.174+08:00 DEBUG 21652 --- [pool-4-thread-6] o.s.security.web.FilterChainProxy        : Secured GET /api/products
2026-04-23T18:55:34.174+08:00 DEBUG 21652 --- [ool-4-thread-21] c.p.mapper.UserMapper.selectByPhone      : ==>  Preparing: SELECT * FROM `user` WHERE phone = ?
2026-04-23T18:55:34.174+08:00 DEBUG 21652 --- [ool-4-thread-21] c.p.mapper.UserMapper.selectByPhone      : ==> Parameters: 13800138000(String)
2026-04-23T18:55:34.174+08:00 DEBUG 21652 --- [ool-4-thread-21] c.p.mapper.UserMapper.selectByPhone      : <==      Total: 0
2026-04-23T18:55:34.174+08:00 DEBUG 21652 --- [ool-4-thread-21] c.p.mapper.MerchantMapper.selectByPhone  : ==>  Preparing: SELECT * FROM `merchant` WHERE phone = ?
2026-04-23T18:55:34.174+08:00 DEBUG 21652 --- [ool-4-thread-21] c.p.mapper.MerchantMapper.selectByPhone  : ==> Parameters: 13800138000(String)
2026-04-23T18:55:34.174+08:00 DEBUG 21652 --- [ool-4-thread-21] c.p.mapper.MerchantMapper.selectByPhone  : <==      Total: 0
2026-04-23T18:55:34.174+08:00 DEBUG 21652 --- [ool-4-thread-21] c.p.mapper.MerchantMapper.selectByEmail  : ==>  Preparing: SELECT * FROM `merchant` WHERE email = ?
2026-04-23T18:55:34.174+08:00 DEBUG 21652 --- [ool-4-thread-21] c.p.mapper.MerchantMapper.selectByEmail  : ==> Parameters: 13800138000(String)
2026-04-23T18:55:34.174+08:00 DEBUG 21652 --- [ool-4-thread-21] c.p.mapper.MerchantMapper.selectByEmail  : <==      Total: 0
2026-04-23T18:55:34.174+08:00 DEBUG 21652 --- [ool-4-thread-21] c.p.mapper.AdminMapper.selectByUsername  : ==>  Preparing: SELECT * FROM `admin` WHERE username = ?
2026-04-23T18:55:34.174+08:00 DEBUG 21652 --- [ool-4-thread-21] c.p.mapper.AdminMapper.selectByUsername  : ==> Parameters: 13800138000(String)
2026-04-23T18:55:34.174+08:00 DEBUG 21652 --- [ool-4-thread-21] c.p.mapper.AdminMapper.selectByUsername  : <==      Total: 0
2026-04-23T18:55:34.205+08:00 DEBUG 21652 --- [pool-4-thread-5] o.s.s.a.dao.DaoAuthenticationProvider    : Failed to find user '13800138000'
2026-04-23T18:55:34.206+08:00 DEBUG 21652 --- [ool-4-thread-18] c.p.mapper.UserMapper.selectByPhone      : ==>  Preparing: SELECT * FROM `user` WHERE phone = ?
2026-04-23T18:55:34.207+08:00 DEBUG 21652 --- [ool-4-thread-18] c.p.mapper.UserMapper.selectByPhone      : ==> Parameters: 13800138000(String)
2026-04-23T18:55:34.207+08:00 DEBUG 21652 --- [ool-4-thread-18] c.p.mapper.UserMapper.selectByPhone      : <==      Total: 0
2026-04-23T18:55:34.207+08:00 DEBUG 21652 --- [ool-4-thread-18] c.p.mapper.MerchantMapper.selectByPhone  : ==>  Preparing: SELECT * FROM `merchant` WHERE phone = ?
2026-04-23T18:55:34.207+08:00 DEBUG 21652 --- [ool-4-thread-18] c.p.mapper.MerchantMapper.selectByPhone  : ==> Parameters: 13800138000(String)
2026-04-23T18:55:34.207+08:00 DEBUG 21652 --- [ool-4-thread-18] c.p.mapper.MerchantMapper.selectByPhone  : <==      Total: 0
2026-04-23T18:55:34.207+08:00 DEBUG 21652 --- [ool-4-thread-18] c.p.mapper.MerchantMapper.selectByEmail  : ==>  Preparing: SELECT * FROM `merchant` WHERE email = ?
2026-04-23T18:55:34.207+08:00 DEBUG 21652 --- [ool-4-thread-18] c.p.mapper.MerchantMapper.selectByEmail  : ==> Parameters: 13800138000(String)
2026-04-23T18:55:34.208+08:00 DEBUG 21652 --- [ool-4-thread-18] c.p.mapper.MerchantMapper.selectByEmail  : <==      Total: 0
2026-04-23T18:55:34.208+08:00 DEBUG 21652 --- [ool-4-thread-18] c.p.mapper.AdminMapper.selectByUsername  : ==>  Preparing: SELECT * FROM `admin` WHERE username = ?
2026-04-23T18:55:34.208+08:00 DEBUG 21652 --- [ool-4-thread-18] c.p.mapper.AdminMapper.selectByUsername  : ==> Parameters: 13800138000(String)
2026-04-23T18:55:34.208+08:00 DEBUG 21652 --- [ool-4-thread-18] c.p.mapper.AdminMapper.selectByUsername  : <==      Total: 0
2026-04-23T18:55:34.209+08:00 DEBUG 21652 --- [pool-4-thread-5] o.s.security.web.FilterChainProxy        : Securing GET /api/products
2026-04-23T18:55:34.210+08:00 DEBUG 21652 --- [pool-4-thread-5] o.s.s.w.a.AnonymousAuthenticationFilter  : Set SecurityContextHolder to anonymous SecurityContext
2026-04-23T18:55:34.210+08:00 DEBUG 21652 --- [pool-4-thread-5] o.s.security.web.FilterChainProxy        : Secured GET /api/products
2026-04-23T18:55:34.215+08:00 DEBUG 21652 --- [pool-4-thread-7] o.s.s.a.dao.DaoAuthenticationProvider    : Failed to find user '13800138000'
2026-04-23T18:55:34.215+08:00 DEBUG 21652 --- [ool-4-thread-11] c.p.mapper.UserMapper.selectByPhone      : ==>  Preparing: SELECT * FROM `user` WHERE phone = ?
2026-04-23T18:55:34.215+08:00 DEBUG 21652 --- [ool-4-thread-11] c.p.mapper.UserMapper.selectByPhone      : ==> Parameters: 13800138000(String)
2026-04-23T18:55:34.216+08:00 DEBUG 21652 --- [ool-4-thread-11] c.p.mapper.UserMapper.selectByPhone      : <==      Total: 0
2026-04-23T18:55:34.216+08:00 DEBUG 21652 --- [ool-4-thread-11] c.p.mapper.MerchantMapper.selectByPhone  : ==>  Preparing: SELECT * FROM `merchant` WHERE phone = ?
2026-04-23T18:55:34.216+08:00 DEBUG 21652 --- [ool-4-thread-11] c.p.mapper.MerchantMapper.selectByPhone  : ==> Parameters: 13800138000(String)
2026-04-23T18:55:34.216+08:00 DEBUG 21652 --- [ool-4-thread-11] c.p.mapper.MerchantMapper.selectByPhone  : <==      Total: 0
2026-04-23T18:55:34.216+08:00 DEBUG 21652 --- [ool-4-thread-11] c.p.mapper.MerchantMapper.selectByEmail  : ==>  Preparing: SELECT * FROM `merchant` WHERE email = ?
2026-04-23T18:55:34.216+08:00 DEBUG 21652 --- [ool-4-thread-11] c.p.mapper.MerchantMapper.selectByEmail  : ==> Parameters: 13800138000(String)
2026-04-23T18:55:34.216+08:00 DEBUG 21652 --- [ool-4-thread-11] c.p.mapper.MerchantMapper.selectByEmail  : <==      Total: 0
2026-04-23T18:55:34.216+08:00 DEBUG 21652 --- [ool-4-thread-11] c.p.mapper.AdminMapper.selectByUsername  : ==>  Preparing: SELECT * FROM `admin` WHERE username = ?
2026-04-23T18:55:34.217+08:00 DEBUG 21652 --- [ool-4-thread-11] c.p.mapper.AdminMapper.selectByUsername  : ==> Parameters: 13800138000(String)
2026-04-23T18:55:34.217+08:00 DEBUG 21652 --- [ool-4-thread-11] c.p.mapper.AdminMapper.selectByUsername  : <==      Total: 0
2026-04-23T18:55:34.217+08:00 DEBUG 21652 --- [pool-4-thread-2] o.s.s.a.dao.DaoAuthenticationProvider    : Failed to find user '13800138000'
2026-04-23T18:55:34.218+08:00 DEBUG 21652 --- [ool-4-thread-28] c.p.mapper.UserMapper.selectByPhone      : ==>  Preparing: SELECT * FROM `user` WHERE phone = ?
2026-04-23T18:55:34.219+08:00 DEBUG 21652 --- [ool-4-thread-28] c.p.mapper.UserMapper.selectByPhone      : ==> Parameters: 13800138000(String)
2026-04-23T18:55:34.219+08:00 DEBUG 21652 --- [ool-4-thread-28] c.p.mapper.UserMapper.selectByPhone      : <==      Total: 0
2026-04-23T18:55:34.219+08:00 DEBUG 21652 --- [ool-4-thread-28] c.p.mapper.MerchantMapper.selectByPhone  : ==>  Preparing: SELECT * FROM `merchant` WHERE phone = ?
2026-04-23T18:55:34.219+08:00 DEBUG 21652 --- [pool-4-thread-2] o.s.security.web.FilterChainProxy        : Securing GET /api/products
2026-04-23T18:55:34.219+08:00 DEBUG 21652 --- [ool-4-thread-28] c.p.mapper.MerchantMapper.selectByPhone  : ==> Parameters: 13800138000(String)
2026-04-23T18:55:34.219+08:00 DEBUG 21652 --- [pool-4-thread-2] o.s.s.w.a.AnonymousAuthenticationFilter  : Set SecurityContextHolder to anonymous SecurityContext
2026-04-23T18:55:34.219+08:00 DEBUG 21652 --- [ool-4-thread-28] c.p.mapper.MerchantMapper.selectByPhone  : <==      Total: 0
2026-04-23T18:55:34.220+08:00 DEBUG 21652 --- [ool-4-thread-28] c.p.mapper.MerchantMapper.selectByEmail  : ==>  Preparing: SELECT * FROM `merchant` WHERE email = ?
2026-04-23T18:55:34.220+08:00 DEBUG 21652 --- [pool-4-thread-2] o.s.security.web.FilterChainProxy        : Secured GET /api/products
2026-04-23T18:55:34.220+08:00 DEBUG 21652 --- [ool-4-thread-28] c.p.mapper.MerchantMapper.selectByEmail  : ==> Parameters: 13800138000(String)
2026-04-23T18:55:34.220+08:00 DEBUG 21652 --- [ool-4-thread-28] c.p.mapper.MerchantMapper.selectByEmail  : <==      Total: 0
2026-04-23T18:55:34.220+08:00 DEBUG 21652 --- [ool-4-thread-28] c.p.mapper.AdminMapper.selectByUsername  : ==>  Preparing: SELECT * FROM `admin` WHERE username = ?
2026-04-23T18:55:34.220+08:00 DEBUG 21652 --- [ool-4-thread-28] c.p.mapper.AdminMapper.selectByUsername  : ==> Parameters: 13800138000(String)
2026-04-23T18:55:34.220+08:00 DEBUG 21652 --- [ool-4-thread-28] c.p.mapper.AdminMapper.selectByUsername  : <==      Total: 0
2026-04-23T18:55:34.230+08:00 DEBUG 21652 --- [pool-4-thread-3] o.s.s.a.dao.DaoAuthenticationProvider    : Failed to find user '13800138000'
2026-04-23T18:55:34.231+08:00 DEBUG 21652 --- [pool-4-thread-3] o.s.security.web.FilterChainProxy        : Securing GET /api/products
2026-04-23T18:55:34.231+08:00 DEBUG 21652 --- [pool-4-thread-3] o.s.s.w.a.AnonymousAuthenticationFilter  : Set SecurityContextHolder to anonymous SecurityContext
2026-04-23T18:55:34.231+08:00 DEBUG 21652 --- [pool-4-thread-3] o.s.security.web.FilterChainProxy        : Secured GET /api/products
2026-04-23T18:55:34.231+08:00 DEBUG 21652 --- [ool-4-thread-16] c.p.mapper.UserMapper.selectByPhone      : ==>  Preparing: SELECT * FROM `user` WHERE phone = ?
2026-04-23T18:55:34.231+08:00 DEBUG 21652 --- [ool-4-thread-16] c.p.mapper.UserMapper.selectByPhone      : ==> Parameters: 13800138000(String)
2026-04-23T18:55:34.231+08:00 DEBUG 21652 --- [ool-4-thread-16] c.p.mapper.UserMapper.selectByPhone      : <==      Total: 0
2026-04-23T18:55:34.231+08:00 DEBUG 21652 --- [ool-4-thread-16] c.p.mapper.MerchantMapper.selectByPhone  : ==>  Preparing: SELECT * FROM `merchant` WHERE phone = ?
2026-04-23T18:55:34.231+08:00 DEBUG 21652 --- [ool-4-thread-16] c.p.mapper.MerchantMapper.selectByPhone  : ==> Parameters: 13800138000(String)
2026-04-23T18:55:34.236+08:00 DEBUG 21652 --- [ool-4-thread-16] c.p.mapper.MerchantMapper.selectByPhone  : <==      Total: 0
2026-04-23T18:55:34.236+08:00 DEBUG 21652 --- [ool-4-thread-16] c.p.mapper.MerchantMapper.selectByEmail  : ==>  Preparing: SELECT * FROM `merchant` WHERE email = ?
2026-04-23T18:55:34.236+08:00 DEBUG 21652 --- [ool-4-thread-16] c.p.mapper.MerchantMapper.selectByEmail  : ==> Parameters: 13800138000(String)
2026-04-23T18:55:34.236+08:00 DEBUG 21652 --- [ool-4-thread-16] c.p.mapper.MerchantMapper.selectByEmail  : <==      Total: 0
2026-04-23T18:55:34.236+08:00 DEBUG 21652 --- [ool-4-thread-16] c.p.mapper.AdminMapper.selectByUsername  : ==>  Preparing: SELECT * FROM `admin` WHERE username = ?
2026-04-23T18:55:34.236+08:00 DEBUG 21652 --- [ool-4-thread-16] c.p.mapper.AdminMapper.selectByUsername  : ==> Parameters: 13800138000(String)
2026-04-23T18:55:34.236+08:00 DEBUG 21652 --- [ool-4-thread-16] c.p.mapper.AdminMapper.selectByUsername  : <==      Total: 0
2026-04-23T18:55:34.242+08:00 DEBUG 21652 --- [ool-4-thread-14] o.s.s.a.dao.DaoAuthenticationProvider    : Failed to find user '13800138000'
2026-04-23T18:55:34.243+08:00 DEBUG 21652 --- [ool-4-thread-26] c.p.mapper.UserMapper.selectByPhone      : ==>  Preparing: SELECT * FROM `user` WHERE phone = ?
2026-04-23T18:55:34.243+08:00 DEBUG 21652 --- [ool-4-thread-26] c.p.mapper.UserMapper.selectByPhone      : ==> Parameters: 13800138000(String)
2026-04-23T18:55:34.243+08:00 DEBUG 21652 --- [ool-4-thread-26] c.p.mapper.UserMapper.selectByPhone      : <==      Total: 0
2026-04-23T18:55:34.243+08:00 DEBUG 21652 --- [ool-4-thread-26] c.p.mapper.MerchantMapper.selectByPhone  : ==>  Preparing: SELECT * FROM `merchant` WHERE phone = ?
2026-04-23T18:55:34.243+08:00 DEBUG 21652 --- [ool-4-thread-26] c.p.mapper.MerchantMapper.selectByPhone  : ==> Parameters: 13800138000(String)
2026-04-23T18:55:34.243+08:00 DEBUG 21652 --- [ool-4-thread-26] c.p.mapper.MerchantMapper.selectByPhone  : <==      Total: 0
2026-04-23T18:55:34.243+08:00 DEBUG 21652 --- [ool-4-thread-26] c.p.mapper.MerchantMapper.selectByEmail  : ==>  Preparing: SELECT * FROM `merchant` WHERE email = ?
2026-04-23T18:55:34.243+08:00 DEBUG 21652 --- [ool-4-thread-26] c.p.mapper.MerchantMapper.selectByEmail  : ==> Parameters: 13800138000(String)
2026-04-23T18:55:34.244+08:00 DEBUG 21652 --- [ool-4-thread-26] c.p.mapper.MerchantMapper.selectByEmail  : <==      Total: 0
2026-04-23T18:55:34.244+08:00 DEBUG 21652 --- [ool-4-thread-26] c.p.mapper.AdminMapper.selectByUsername  : ==>  Preparing: SELECT * FROM `admin` WHERE username = ?
2026-04-23T18:55:34.244+08:00 DEBUG 21652 --- [ool-4-thread-14] o.s.security.web.FilterChainProxy        : Securing GET /api/products
2026-04-23T18:55:34.244+08:00 DEBUG 21652 --- [ool-4-thread-26] c.p.mapper.AdminMapper.selectByUsername  : ==> Parameters: 13800138000(String)
2026-04-23T18:55:34.244+08:00 DEBUG 21652 --- [ool-4-thread-14] o.s.s.w.a.AnonymousAuthenticationFilter  : Set SecurityContextHolder to anonymous SecurityContext
2026-04-23T18:55:34.244+08:00 DEBUG 21652 --- [ool-4-thread-26] c.p.mapper.AdminMapper.selectByUsername  : <==      Total: 0
2026-04-23T18:55:34.244+08:00 DEBUG 21652 --- [ool-4-thread-14] o.s.security.web.FilterChainProxy        : Secured GET /api/products
2026-04-23T18:55:34.252+08:00 DEBUG 21652 --- [pool-4-thread-4] o.s.s.a.dao.DaoAuthenticationProvider    : Failed to find user '13800138000'
2026-04-23T18:55:34.252+08:00 DEBUG 21652 --- [pool-4-thread-7] o.s.security.web.FilterChainProxy        : Securing GET /api/products
2026-04-23T18:55:34.252+08:00 DEBUG 21652 --- [ool-4-thread-13] c.p.mapper.UserMapper.selectByPhone      : ==>  Preparing: SELECT * FROM `user` WHERE phone = ?
2026-04-23T18:55:34.253+08:00 DEBUG 21652 --- [pool-4-thread-7] o.s.s.w.a.AnonymousAuthenticationFilter  : Set SecurityContextHolder to anonymous SecurityContext
2026-04-23T18:55:34.253+08:00 DEBUG 21652 --- [ool-4-thread-13] c.p.mapper.UserMapper.selectByPhone      : ==> Parameters: 13800138000(String)
2026-04-23T18:55:34.253+08:00 DEBUG 21652 --- [ool-4-thread-13] c.p.mapper.UserMapper.selectByPhone      : <==      Total: 0
2026-04-23T18:55:34.253+08:00 DEBUG 21652 --- [pool-4-thread-7] o.s.security.web.FilterChainProxy        : Secured GET /api/products
2026-04-23T18:55:34.253+08:00 DEBUG 21652 --- [ool-4-thread-13] c.p.mapper.MerchantMapper.selectByPhone  : ==>  Preparing: SELECT * FROM `merchant` WHERE phone = ?
2026-04-23T18:55:34.253+08:00 DEBUG 21652 --- [ool-4-thread-13] c.p.mapper.MerchantMapper.selectByPhone  : ==> Parameters: 13800138000(String)
2026-04-23T18:55:34.253+08:00 DEBUG 21652 --- [pool-4-thread-4] o.s.security.web.FilterChainProxy        : Securing GET /api/products
2026-04-23T18:55:34.253+08:00 DEBUG 21652 --- [ool-4-thread-13] c.p.mapper.MerchantMapper.selectByPhone  : <==      Total: 0
2026-04-23T18:55:34.253+08:00 DEBUG 21652 --- [ool-4-thread-13] c.p.mapper.MerchantMapper.selectByEmail  : ==>  Preparing: SELECT * FROM `merchant` WHERE email = ?
2026-04-23T18:55:34.253+08:00 DEBUG 21652 --- [pool-4-thread-4] o.s.s.w.a.AnonymousAuthenticationFilter  : Set SecurityContextHolder to anonymous SecurityContext
2026-04-23T18:55:34.253+08:00 DEBUG 21652 --- [ool-4-thread-13] c.p.mapper.MerchantMapper.selectByEmail  : ==> Parameters: 13800138000(String)
2026-04-23T18:55:34.254+08:00 DEBUG 21652 --- [pool-4-thread-4] o.s.security.web.FilterChainProxy        : Secured GET /api/products
2026-04-23T18:55:34.254+08:00 DEBUG 21652 --- [ool-4-thread-13] c.p.mapper.MerchantMapper.selectByEmail  : <==      Total: 0
2026-04-23T18:55:34.254+08:00 DEBUG 21652 --- [ool-4-thread-13] c.p.mapper.AdminMapper.selectByUsername  : ==>  Preparing: SELECT * FROM `admin` WHERE username = ?
2026-04-23T18:55:34.254+08:00 DEBUG 21652 --- [ool-4-thread-13] c.p.mapper.AdminMapper.selectByUsername  : ==> Parameters: 13800138000(String)
2026-04-23T18:55:34.254+08:00 DEBUG 21652 --- [ool-4-thread-13] c.p.mapper.AdminMapper.selectByUsername  : <==      Total: 0
2026-04-23T18:55:34.282+08:00 DEBUG 21652 --- [ool-4-thread-20] o.s.s.a.dao.DaoAuthenticationProvider    : Failed to find user '13800138000'
2026-04-23T18:55:34.283+08:00 DEBUG 21652 --- [ool-4-thread-27] c.p.mapper.UserMapper.selectByPhone      : ==>  Preparing: SELECT * FROM `user` WHERE phone = ?
2026-04-23T18:55:34.284+08:00 DEBUG 21652 --- [ool-4-thread-27] c.p.mapper.UserMapper.selectByPhone      : ==> Parameters: 13800138000(String)
2026-04-23T18:55:34.284+08:00 DEBUG 21652 --- [ool-4-thread-27] c.p.mapper.UserMapper.selectByPhone      : <==      Total: 0
2026-04-23T18:55:34.284+08:00 DEBUG 21652 --- [ool-4-thread-27] c.p.mapper.MerchantMapper.selectByPhone  : ==>  Preparing: SELECT * FROM `merchant` WHERE phone = ?
2026-04-23T18:55:34.285+08:00 DEBUG 21652 --- [ool-4-thread-27] c.p.mapper.MerchantMapper.selectByPhone  : ==> Parameters: 13800138000(String)
2026-04-23T18:55:34.285+08:00 DEBUG 21652 --- [ool-4-thread-27] c.p.mapper.MerchantMapper.selectByPhone  : <==      Total: 0
2026-04-23T18:55:34.285+08:00 DEBUG 21652 --- [ool-4-thread-27] c.p.mapper.MerchantMapper.selectByEmail  : ==>  Preparing: SELECT * FROM `merchant` WHERE email = ?
2026-04-23T18:55:34.285+08:00 DEBUG 21652 --- [ool-4-thread-27] c.p.mapper.MerchantMapper.selectByEmail  : ==> Parameters: 13800138000(String)
2026-04-23T18:55:34.285+08:00 DEBUG 21652 --- [ool-4-thread-27] c.p.mapper.MerchantMapper.selectByEmail  : <==      Total: 0
2026-04-23T18:55:34.285+08:00 DEBUG 21652 --- [ool-4-thread-27] c.p.mapper.AdminMapper.selectByUsername  : ==>  Preparing: SELECT * FROM `admin` WHERE username = ?
2026-04-23T18:55:34.285+08:00 DEBUG 21652 --- [ool-4-thread-27] c.p.mapper.AdminMapper.selectByUsername  : ==> Parameters: 13800138000(String)
2026-04-23T18:55:34.285+08:00 DEBUG 21652 --- [ool-4-thread-27] c.p.mapper.AdminMapper.selectByUsername  : <==      Total: 0
2026-04-23T18:55:34.286+08:00 DEBUG 21652 --- [ool-4-thread-20] o.s.security.web.FilterChainProxy        : Securing GET /api/products
2026-04-23T18:55:34.286+08:00 DEBUG 21652 --- [ool-4-thread-20] o.s.s.w.a.AnonymousAuthenticationFilter  : Set SecurityContextHolder to anonymous SecurityContext
2026-04-23T18:55:34.287+08:00 DEBUG 21652 --- [ool-4-thread-20] o.s.security.web.FilterChainProxy        : Secured GET /api/products
2026-04-23T18:55:34.288+08:00 DEBUG 21652 --- [ool-4-thread-21] o.s.s.a.dao.DaoAuthenticationProvider    : Failed to find user '13800138000'
2026-04-23T18:55:34.289+08:00 DEBUG 21652 --- [ool-4-thread-25] c.p.mapper.UserMapper.selectByPhone      : ==>  Preparing: SELECT * FROM `user` WHERE phone = ?
2026-04-23T18:55:34.289+08:00 DEBUG 21652 --- [ool-4-thread-25] c.p.mapper.UserMapper.selectByPhone      : ==> Parameters: 13800138000(String)
2026-04-23T18:55:34.289+08:00 DEBUG 21652 --- [ool-4-thread-25] c.p.mapper.UserMapper.selectByPhone      : <==      Total: 0
2026-04-23T18:55:34.289+08:00 DEBUG 21652 --- [ool-4-thread-25] c.p.mapper.MerchantMapper.selectByPhone  : ==>  Preparing: SELECT * FROM `merchant` WHERE phone = ?
2026-04-23T18:55:34.289+08:00 DEBUG 21652 --- [ool-4-thread-25] c.p.mapper.MerchantMapper.selectByPhone  : ==> Parameters: 13800138000(String)
2026-04-23T18:55:34.289+08:00 DEBUG 21652 --- [ool-4-thread-25] c.p.mapper.MerchantMapper.selectByPhone  : <==      Total: 0
2026-04-23T18:55:34.289+08:00 DEBUG 21652 --- [ool-4-thread-25] c.p.mapper.MerchantMapper.selectByEmail  : ==>  Preparing: SELECT * FROM `merchant` WHERE email = ?
2026-04-23T18:55:34.289+08:00 DEBUG 21652 --- [ool-4-thread-25] c.p.mapper.MerchantMapper.selectByEmail  : ==> Parameters: 13800138000(String)
2026-04-23T18:55:34.289+08:00 DEBUG 21652 --- [ool-4-thread-21] o.s.security.web.FilterChainProxy        : Securing GET /api/products
2026-04-23T18:55:34.290+08:00 DEBUG 21652 --- [ool-4-thread-25] c.p.mapper.MerchantMapper.selectByEmail  : <==      Total: 0
2026-04-23T18:55:34.290+08:00 DEBUG 21652 --- [ool-4-thread-25] c.p.mapper.AdminMapper.selectByUsername  : ==>  Preparing: SELECT * FROM `admin` WHERE username = ?
2026-04-23T18:55:34.290+08:00 DEBUG 21652 --- [ool-4-thread-21] o.s.s.w.a.AnonymousAuthenticationFilter  : Set SecurityContextHolder to anonymous SecurityContext
2026-04-23T18:55:34.290+08:00 DEBUG 21652 --- [ool-4-thread-25] c.p.mapper.AdminMapper.selectByUsername  : ==> Parameters: 13800138000(String)
2026-04-23T18:55:34.290+08:00 DEBUG 21652 --- [ool-4-thread-21] o.s.security.web.FilterChainProxy        : Secured GET /api/products
2026-04-23T18:55:34.290+08:00 DEBUG 21652 --- [ool-4-thread-25] c.p.mapper.AdminMapper.selectByUsername  : <==      Total: 0
2026-04-23T18:55:34.293+08:00 DEBUG 21652 --- [ool-4-thread-15] o.s.s.a.dao.DaoAuthenticationProvider    : Failed to find user '13800138000'
2026-04-23T18:55:34.293+08:00 DEBUG 21652 --- [ool-4-thread-24] c.p.mapper.UserMapper.selectByPhone      : ==>  Preparing: SELECT * FROM `user` WHERE phone = ?
2026-04-23T18:55:34.293+08:00 DEBUG 21652 --- [ool-4-thread-24] c.p.mapper.UserMapper.selectByPhone      : ==> Parameters: 13800138000(String)
2026-04-23T18:55:34.294+08:00 DEBUG 21652 --- [ool-4-thread-24] c.p.mapper.UserMapper.selectByPhone      : <==      Total: 0
2026-04-23T18:55:34.294+08:00 DEBUG 21652 --- [ool-4-thread-24] c.p.mapper.MerchantMapper.selectByPhone  : ==>  Preparing: SELECT * FROM `merchant` WHERE phone = ?
2026-04-23T18:55:34.294+08:00 DEBUG 21652 --- [ool-4-thread-24] c.p.mapper.MerchantMapper.selectByPhone  : ==> Parameters: 13800138000(String)
2026-04-23T18:55:34.294+08:00 DEBUG 21652 --- [ool-4-thread-24] c.p.mapper.MerchantMapper.selectByPhone  : <==      Total: 0
2026-04-23T18:55:34.294+08:00 DEBUG 21652 --- [ool-4-thread-24] c.p.mapper.MerchantMapper.selectByEmail  : ==>  Preparing: SELECT * FROM `merchant` WHERE email = ?
2026-04-23T18:55:34.294+08:00 DEBUG 21652 --- [ool-4-thread-24] c.p.mapper.MerchantMapper.selectByEmail  : ==> Parameters: 13800138000(String)
2026-04-23T18:55:34.294+08:00 DEBUG 21652 --- [ool-4-thread-15] o.s.security.web.FilterChainProxy        : Securing GET /api/products
2026-04-23T18:55:34.294+08:00 DEBUG 21652 --- [ool-4-thread-24] c.p.mapper.MerchantMapper.selectByEmail  : <==      Total: 0
2026-04-23T18:55:34.294+08:00 DEBUG 21652 --- [ool-4-thread-24] c.p.mapper.AdminMapper.selectByUsername  : ==>  Preparing: SELECT * FROM `admin` WHERE username = ?
2026-04-23T18:55:34.294+08:00 DEBUG 21652 --- [ool-4-thread-15] o.s.s.w.a.AnonymousAuthenticationFilter  : Set SecurityContextHolder to anonymous SecurityContext
2026-04-23T18:55:34.294+08:00 DEBUG 21652 --- [ool-4-thread-24] c.p.mapper.AdminMapper.selectByUsername  : ==> Parameters: 13800138000(String)
2026-04-23T18:55:34.294+08:00 DEBUG 21652 --- [ool-4-thread-24] c.p.mapper.AdminMapper.selectByUsername  : <==      Total: 0
2026-04-23T18:55:34.295+08:00 DEBUG 21652 --- [ool-4-thread-15] o.s.security.web.FilterChainProxy        : Secured GET /api/products
2026-04-23T18:55:34.305+08:00 DEBUG 21652 --- [ool-4-thread-19] o.s.s.a.dao.DaoAuthenticationProvider    : Failed to find user '13800138000'
2026-04-23T18:55:34.306+08:00 DEBUG 21652 --- [ool-4-thread-10] c.p.mapper.UserMapper.selectByPhone      : ==>  Preparing: SELECT * FROM `user` WHERE phone = ?
2026-04-23T18:55:34.306+08:00 DEBUG 21652 --- [ool-4-thread-10] c.p.mapper.UserMapper.selectByPhone      : ==> Parameters: 13800138000(String)
2026-04-23T18:55:34.306+08:00 DEBUG 21652 --- [ool-4-thread-10] c.p.mapper.UserMapper.selectByPhone      : <==      Total: 0
2026-04-23T18:55:34.306+08:00 DEBUG 21652 --- [ool-4-thread-10] c.p.mapper.MerchantMapper.selectByPhone  : ==>  Preparing: SELECT * FROM `merchant` WHERE phone = ?
2026-04-23T18:55:34.307+08:00 DEBUG 21652 --- [ool-4-thread-10] c.p.mapper.MerchantMapper.selectByPhone  : ==> Parameters: 13800138000(String)
2026-04-23T18:55:34.307+08:00 DEBUG 21652 --- [ool-4-thread-10] c.p.mapper.MerchantMapper.selectByPhone  : <==      Total: 0
2026-04-23T18:55:34.307+08:00 DEBUG 21652 --- [ool-4-thread-10] c.p.mapper.MerchantMapper.selectByEmail  : ==>  Preparing: SELECT * FROM `merchant` WHERE email = ?
2026-04-23T18:55:34.307+08:00 DEBUG 21652 --- [ool-4-thread-10] c.p.mapper.MerchantMapper.selectByEmail  : ==> Parameters: 13800138000(String)
2026-04-23T18:55:34.307+08:00 DEBUG 21652 --- [ool-4-thread-19] o.s.security.web.FilterChainProxy        : Securing GET /api/products
2026-04-23T18:55:34.307+08:00 DEBUG 21652 --- [ool-4-thread-10] c.p.mapper.MerchantMapper.selectByEmail  : <==      Total: 0
2026-04-23T18:55:34.307+08:00 DEBUG 21652 --- [ool-4-thread-10] c.p.mapper.AdminMapper.selectByUsername  : ==>  Preparing: SELECT * FROM `admin` WHERE username = ?
2026-04-23T18:55:34.307+08:00 DEBUG 21652 --- [ool-4-thread-19] o.s.s.w.a.AnonymousAuthenticationFilter  : Set SecurityContextHolder to anonymous SecurityContext
2026-04-23T18:55:34.307+08:00 DEBUG 21652 --- [ool-4-thread-10] c.p.mapper.AdminMapper.selectByUsername  : ==> Parameters: 13800138000(String)
2026-04-23T18:55:34.307+08:00 DEBUG 21652 --- [ool-4-thread-10] c.p.mapper.AdminMapper.selectByUsername  : <==      Total: 0
2026-04-23T18:55:34.307+08:00 DEBUG 21652 --- [ool-4-thread-19] o.s.security.web.FilterChainProxy        : Secured GET /api/products
2026-04-23T18:55:34.325+08:00 DEBUG 21652 --- [ool-4-thread-18] o.s.s.a.dao.DaoAuthenticationProvider    : Failed to find user '13800138000'
2026-04-23T18:55:34.326+08:00 DEBUG 21652 --- [ool-4-thread-17] c.p.mapper.UserMapper.selectByPhone      : ==>  Preparing: SELECT * FROM `user` WHERE phone = ?
2026-04-23T18:55:34.326+08:00 DEBUG 21652 --- [ool-4-thread-17] c.p.mapper.UserMapper.selectByPhone      : ==> Parameters: 13800138000(String)
2026-04-23T18:55:34.326+08:00 DEBUG 21652 --- [ool-4-thread-17] c.p.mapper.UserMapper.selectByPhone      : <==      Total: 0
2026-04-23T18:55:34.326+08:00 DEBUG 21652 --- [ool-4-thread-17] c.p.mapper.MerchantMapper.selectByPhone  : ==>  Preparing: SELECT * FROM `merchant` WHERE phone = ?
2026-04-23T18:55:34.326+08:00 DEBUG 21652 --- [ool-4-thread-17] c.p.mapper.MerchantMapper.selectByPhone  : ==> Parameters: 13800138000(String)
2026-04-23T18:55:34.326+08:00 DEBUG 21652 --- [ool-4-thread-18] o.s.security.web.FilterChainProxy        : Securing GET /api/products
2026-04-23T18:55:34.326+08:00 DEBUG 21652 --- [ool-4-thread-17] c.p.mapper.MerchantMapper.selectByPhone  : <==      Total: 0
2026-04-23T18:55:34.326+08:00 DEBUG 21652 --- [ool-4-thread-17] c.p.mapper.MerchantMapper.selectByEmail  : ==>  Preparing: SELECT * FROM `merchant` WHERE email = ?
2026-04-23T18:55:34.326+08:00 DEBUG 21652 --- [ool-4-thread-18] o.s.s.w.a.AnonymousAuthenticationFilter  : Set SecurityContextHolder to anonymous SecurityContext
2026-04-23T18:55:34.326+08:00 DEBUG 21652 --- [ool-4-thread-17] c.p.mapper.MerchantMapper.selectByEmail  : ==> Parameters: 13800138000(String)
2026-04-23T18:55:34.327+08:00 DEBUG 21652 --- [ool-4-thread-17] c.p.mapper.MerchantMapper.selectByEmail  : <==      Total: 0
2026-04-23T18:55:34.327+08:00 DEBUG 21652 --- [ool-4-thread-18] o.s.security.web.FilterChainProxy        : Secured GET /api/products
2026-04-23T18:55:34.327+08:00 DEBUG 21652 --- [ool-4-thread-17] c.p.mapper.AdminMapper.selectByUsername  : ==>  Preparing: SELECT * FROM `admin` WHERE username = ?
2026-04-23T18:55:34.327+08:00 DEBUG 21652 --- [ool-4-thread-17] c.p.mapper.AdminMapper.selectByUsername  : ==> Parameters: 13800138000(String)
2026-04-23T18:55:34.327+08:00 DEBUG 21652 --- [ool-4-thread-17] c.p.mapper.AdminMapper.selectByUsername  : <==      Total: 0
2026-04-23T18:55:34.359+08:00 DEBUG 21652 --- [ool-4-thread-28] o.s.s.a.dao.DaoAuthenticationProvider    : Failed to find user '13800138000'
2026-04-23T18:55:34.359+08:00 DEBUG 21652 --- [ool-4-thread-23] c.p.mapper.UserMapper.selectByPhone      : ==>  Preparing: SELECT * FROM `user` WHERE phone = ?
2026-04-23T18:55:34.359+08:00 DEBUG 21652 --- [ool-4-thread-23] c.p.mapper.UserMapper.selectByPhone      : ==> Parameters: 13800138000(String)
2026-04-23T18:55:34.359+08:00 DEBUG 21652 --- [ool-4-thread-23] c.p.mapper.UserMapper.selectByPhone      : <==      Total: 0
2026-04-23T18:55:34.359+08:00 DEBUG 21652 --- [ool-4-thread-23] c.p.mapper.MerchantMapper.selectByPhone  : ==>  Preparing: SELECT * FROM `merchant` WHERE phone = ?
2026-04-23T18:55:34.359+08:00 DEBUG 21652 --- [ool-4-thread-23] c.p.mapper.MerchantMapper.selectByPhone  : ==> Parameters: 13800138000(String)
2026-04-23T18:55:34.359+08:00 DEBUG 21652 --- [ool-4-thread-23] c.p.mapper.MerchantMapper.selectByPhone  : <==      Total: 0
2026-04-23T18:55:34.359+08:00 DEBUG 21652 --- [ool-4-thread-23] c.p.mapper.MerchantMapper.selectByEmail  : ==>  Preparing: SELECT * FROM `merchant` WHERE email = ?
2026-04-23T18:55:34.359+08:00 DEBUG 21652 --- [ool-4-thread-28] o.s.security.web.FilterChainProxy        : Securing GET /api/products
2026-04-23T18:55:34.359+08:00 DEBUG 21652 --- [ool-4-thread-23] c.p.mapper.MerchantMapper.selectByEmail  : ==> Parameters: 13800138000(String)
2026-04-23T18:55:34.359+08:00 DEBUG 21652 --- [ool-4-thread-23] c.p.mapper.MerchantMapper.selectByEmail  : <==      Total: 0
2026-04-23T18:55:34.359+08:00 DEBUG 21652 --- [ool-4-thread-28] o.s.s.w.a.AnonymousAuthenticationFilter  : Set SecurityContextHolder to anonymous SecurityContext
2026-04-23T18:55:34.359+08:00 DEBUG 21652 --- [ool-4-thread-23] c.p.mapper.AdminMapper.selectByUsername  : ==>  Preparing: SELECT * FROM `admin` WHERE username = ?
2026-04-23T18:55:34.359+08:00 DEBUG 21652 --- [ool-4-thread-23] c.p.mapper.AdminMapper.selectByUsername  : ==> Parameters: 13800138000(String)
2026-04-23T18:55:34.359+08:00 DEBUG 21652 --- [ool-4-thread-28] o.s.security.web.FilterChainProxy        : Secured GET /api/products
2026-04-23T18:55:34.359+08:00 DEBUG 21652 --- [ool-4-thread-23] c.p.mapper.AdminMapper.selectByUsername  : <==      Total: 0
2026-04-23T18:55:34.363+08:00 DEBUG 21652 --- [ool-4-thread-13] o.s.s.a.dao.DaoAuthenticationProvider    : Failed to find user '13800138000'
2026-04-23T18:55:34.363+08:00 DEBUG 21652 --- [ool-4-thread-22] c.p.mapper.UserMapper.selectByPhone      : ==>  Preparing: SELECT * FROM `user` WHERE phone = ?
2026-04-23T18:55:34.363+08:00 DEBUG 21652 --- [ool-4-thread-22] c.p.mapper.UserMapper.selectByPhone      : ==> Parameters: 13800138000(String)
2026-04-23T18:55:34.363+08:00 DEBUG 21652 --- [ool-4-thread-22] c.p.mapper.UserMapper.selectByPhone      : <==      Total: 0
2026-04-23T18:55:34.363+08:00 DEBUG 21652 --- [ool-4-thread-22] c.p.mapper.MerchantMapper.selectByPhone  : ==>  Preparing: SELECT * FROM `merchant` WHERE phone = ?
2026-04-23T18:55:34.363+08:00 DEBUG 21652 --- [ool-4-thread-22] c.p.mapper.MerchantMapper.selectByPhone  : ==> Parameters: 13800138000(String)
2026-04-23T18:55:34.363+08:00 DEBUG 21652 --- [ool-4-thread-13] o.s.security.web.FilterChainProxy        : Securing GET /api/products
2026-04-23T18:55:34.363+08:00 DEBUG 21652 --- [ool-4-thread-22] c.p.mapper.MerchantMapper.selectByPhone  : <==      Total: 0
2026-04-23T18:55:34.363+08:00 DEBUG 21652 --- [ool-4-thread-22] c.p.mapper.MerchantMapper.selectByEmail  : ==>  Preparing: SELECT * FROM `merchant` WHERE email = ?
2026-04-23T18:55:34.363+08:00 DEBUG 21652 --- [ool-4-thread-13] o.s.s.w.a.AnonymousAuthenticationFilter  : Set SecurityContextHolder to anonymous SecurityContext
2026-04-23T18:55:34.363+08:00 DEBUG 21652 --- [ool-4-thread-22] c.p.mapper.MerchantMapper.selectByEmail  : ==> Parameters: 13800138000(String)
2026-04-23T18:55:34.363+08:00 DEBUG 21652 --- [ool-4-thread-13] o.s.security.web.FilterChainProxy        : Secured GET /api/products
2026-04-23T18:55:34.363+08:00 DEBUG 21652 --- [ool-4-thread-22] c.p.mapper.MerchantMapper.selectByEmail  : <==      Total: 0
2026-04-23T18:55:34.363+08:00 DEBUG 21652 --- [ool-4-thread-22] c.p.mapper.AdminMapper.selectByUsername  : ==>  Preparing: SELECT * FROM `admin` WHERE username = ?
2026-04-23T18:55:34.363+08:00 DEBUG 21652 --- [ool-4-thread-22] c.p.mapper.AdminMapper.selectByUsername  : ==> Parameters: 13800138000(String)
2026-04-23T18:55:34.363+08:00 DEBUG 21652 --- [ool-4-thread-22] c.p.mapper.AdminMapper.selectByUsername  : <==      Total: 0
2026-04-23T18:55:34.366+08:00 DEBUG 21652 --- [ool-4-thread-26] o.s.s.a.dao.DaoAuthenticationProvider    : Failed to find user '13800138000'
2026-04-23T18:55:34.366+08:00 DEBUG 21652 --- [ool-4-thread-29] c.p.mapper.UserMapper.selectByPhone      : ==>  Preparing: SELECT * FROM `user` WHERE phone = ?
2026-04-23T18:55:34.366+08:00 DEBUG 21652 --- [ool-4-thread-29] c.p.mapper.UserMapper.selectByPhone      : ==> Parameters: 13800138000(String)
2026-04-23T18:55:34.366+08:00 DEBUG 21652 --- [ool-4-thread-29] c.p.mapper.UserMapper.selectByPhone      : <==      Total: 0
2026-04-23T18:55:34.366+08:00 DEBUG 21652 --- [ool-4-thread-29] c.p.mapper.MerchantMapper.selectByPhone  : ==>  Preparing: SELECT * FROM `merchant` WHERE phone = ?
2026-04-23T18:55:34.366+08:00 DEBUG 21652 --- [ool-4-thread-29] c.p.mapper.MerchantMapper.selectByPhone  : ==> Parameters: 13800138000(String)
2026-04-23T18:55:34.366+08:00 DEBUG 21652 --- [ool-4-thread-29] c.p.mapper.MerchantMapper.selectByPhone  : <==      Total: 0
2026-04-23T18:55:34.366+08:00 DEBUG 21652 --- [ool-4-thread-29] c.p.mapper.MerchantMapper.selectByEmail  : ==>  Preparing: SELECT * FROM `merchant` WHERE email = ?
2026-04-23T18:55:34.366+08:00 DEBUG 21652 --- [ool-4-thread-29] c.p.mapper.MerchantMapper.selectByEmail  : ==> Parameters: 13800138000(String)
2026-04-23T18:55:34.366+08:00 DEBUG 21652 --- [ool-4-thread-26] o.s.security.web.FilterChainProxy        : Securing GET /api/products
2026-04-23T18:55:34.366+08:00 DEBUG 21652 --- [ool-4-thread-29] c.p.mapper.MerchantMapper.selectByEmail  : <==      Total: 0
2026-04-23T18:55:34.366+08:00 DEBUG 21652 --- [ool-4-thread-29] c.p.mapper.AdminMapper.selectByUsername  : ==>  Preparing: SELECT * FROM `admin` WHERE username = ?
2026-04-23T18:55:34.366+08:00 DEBUG 21652 --- [ool-4-thread-26] o.s.s.w.a.AnonymousAuthenticationFilter  : Set SecurityContextHolder to anonymous SecurityContext
2026-04-23T18:55:34.366+08:00 DEBUG 21652 --- [ool-4-thread-29] c.p.mapper.AdminMapper.selectByUsername  : ==> Parameters: 13800138000(String)
2026-04-23T18:55:34.366+08:00 DEBUG 21652 --- [ool-4-thread-29] c.p.mapper.AdminMapper.selectByUsername  : <==      Total: 0
2026-04-23T18:55:34.366+08:00 DEBUG 21652 --- [ool-4-thread-26] o.s.security.web.FilterChainProxy        : Secured GET /api/products
2026-04-23T18:55:34.397+08:00 DEBUG 21652 --- [ool-4-thread-24] o.s.s.a.dao.DaoAuthenticationProvider    : Failed to find user '13800138000'
2026-04-23T18:55:34.398+08:00 DEBUG 21652 --- [ool-4-thread-30] c.p.mapper.UserMapper.selectByPhone      : ==>  Preparing: SELECT * FROM `user` WHERE phone = ?
2026-04-23T18:55:34.398+08:00 DEBUG 21652 --- [ool-4-thread-30] c.p.mapper.UserMapper.selectByPhone      : ==> Parameters: 13800138000(String)
2026-04-23T18:55:34.398+08:00 DEBUG 21652 --- [ool-4-thread-30] c.p.mapper.UserMapper.selectByPhone      : <==      Total: 0
2026-04-23T18:55:34.399+08:00 DEBUG 21652 --- [ool-4-thread-30] c.p.mapper.MerchantMapper.selectByPhone  : ==>  Preparing: SELECT * FROM `merchant` WHERE phone = ?
2026-04-23T18:55:34.399+08:00 DEBUG 21652 --- [ool-4-thread-30] c.p.mapper.MerchantMapper.selectByPhone  : ==> Parameters: 13800138000(String)
2026-04-23T18:55:34.399+08:00 DEBUG 21652 --- [ool-4-thread-30] c.p.mapper.MerchantMapper.selectByPhone  : <==      Total: 0
2026-04-23T18:55:34.399+08:00 DEBUG 21652 --- [ool-4-thread-30] c.p.mapper.MerchantMapper.selectByEmail  : ==>  Preparing: SELECT * FROM `merchant` WHERE email = ?
2026-04-23T18:55:34.399+08:00 DEBUG 21652 --- [ool-4-thread-24] o.s.security.web.FilterChainProxy        : Securing GET /api/products
2026-04-23T18:55:34.399+08:00 DEBUG 21652 --- [ool-4-thread-30] c.p.mapper.MerchantMapper.selectByEmail  : ==> Parameters: 13800138000(String)
2026-04-23T18:55:34.399+08:00 DEBUG 21652 --- [ool-4-thread-30] c.p.mapper.MerchantMapper.selectByEmail  : <==      Total: 0
2026-04-23T18:55:34.399+08:00 DEBUG 21652 --- [ool-4-thread-30] c.p.mapper.AdminMapper.selectByUsername  : ==>  Preparing: SELECT * FROM `admin` WHERE username = ?
2026-04-23T18:55:34.399+08:00 DEBUG 21652 --- [ool-4-thread-24] o.s.s.w.a.AnonymousAuthenticationFilter  : Set SecurityContextHolder to anonymous SecurityContext
2026-04-23T18:55:34.399+08:00 DEBUG 21652 --- [ool-4-thread-30] c.p.mapper.AdminMapper.selectByUsername  : ==> Parameters: 13800138000(String)
2026-04-23T18:55:34.399+08:00 DEBUG 21652 --- [ool-4-thread-30] c.p.mapper.AdminMapper.selectByUsername  : <==      Total: 0
2026-04-23T18:55:34.399+08:00 DEBUG 21652 --- [ool-4-thread-24] o.s.security.web.FilterChainProxy        : Secured GET /api/products
2026-04-23T18:55:34.400+08:00 DEBUG 21652 --- [ool-4-thread-25] o.s.s.a.dao.DaoAuthenticationProvider    : Failed to find user '13800138000'
2026-04-23T18:55:34.401+08:00 DEBUG 21652 --- [ool-4-thread-31] c.p.mapper.UserMapper.selectByPhone      : ==>  Preparing: SELECT * FROM `user` WHERE phone = ?
2026-04-23T18:55:34.401+08:00 DEBUG 21652 --- [ool-4-thread-31] c.p.mapper.UserMapper.selectByPhone      : ==> Parameters: 13800138000(String)
2026-04-23T18:55:34.401+08:00 DEBUG 21652 --- [ool-4-thread-31] c.p.mapper.UserMapper.selectByPhone      : <==      Total: 0
2026-04-23T18:55:34.401+08:00 DEBUG 21652 --- [ool-4-thread-31] c.p.mapper.MerchantMapper.selectByPhone  : ==>  Preparing: SELECT * FROM `merchant` WHERE phone = ?
2026-04-23T18:55:34.402+08:00 DEBUG 21652 --- [ool-4-thread-31] c.p.mapper.MerchantMapper.selectByPhone  : ==> Parameters: 13800138000(String)
2026-04-23T18:55:34.402+08:00 DEBUG 21652 --- [ool-4-thread-31] c.p.mapper.MerchantMapper.selectByPhone  : <==      Total: 0
2026-04-23T18:55:34.402+08:00 DEBUG 21652 --- [ool-4-thread-31] c.p.mapper.MerchantMapper.selectByEmail  : ==>  Preparing: SELECT * FROM `merchant` WHERE email = ?
2026-04-23T18:55:34.402+08:00 DEBUG 21652 --- [ool-4-thread-25] o.s.security.web.FilterChainProxy        : Securing GET /api/products
2026-04-23T18:55:34.402+08:00 DEBUG 21652 --- [ool-4-thread-31] c.p.mapper.MerchantMapper.selectByEmail  : ==> Parameters: 13800138000(String)
2026-04-23T18:55:34.402+08:00 DEBUG 21652 --- [ool-4-thread-31] c.p.mapper.MerchantMapper.selectByEmail  : <==      Total: 0
2026-04-23T18:55:34.402+08:00 DEBUG 21652 --- [ool-4-thread-25] o.s.s.w.a.AnonymousAuthenticationFilter  : Set SecurityContextHolder to anonymous SecurityContext
2026-04-23T18:55:34.402+08:00 DEBUG 21652 --- [ool-4-thread-31] c.p.mapper.AdminMapper.selectByUsername  : ==>  Preparing: SELECT * FROM `admin` WHERE username = ?
2026-04-23T18:55:34.402+08:00 DEBUG 21652 --- [ool-4-thread-31] c.p.mapper.AdminMapper.selectByUsername  : ==> Parameters: 13800138000(String)
2026-04-23T18:55:34.402+08:00 DEBUG 21652 --- [ool-4-thread-25] o.s.security.web.FilterChainProxy        : Secured GET /api/products
2026-04-23T18:55:34.402+08:00 DEBUG 21652 --- [ool-4-thread-31] c.p.mapper.AdminMapper.selectByUsername  : <==      Total: 0
2026-04-23T18:55:34.404+08:00 DEBUG 21652 --- [ool-4-thread-11] o.s.s.a.dao.DaoAuthenticationProvider    : Failed to find user '13800138000'
2026-04-23T18:55:34.404+08:00 DEBUG 21652 --- [ool-4-thread-35] c.p.mapper.UserMapper.selectByPhone      : ==>  Preparing: SELECT * FROM `user` WHERE phone = ?
2026-04-23T18:55:34.404+08:00 DEBUG 21652 --- [ool-4-thread-35] c.p.mapper.UserMapper.selectByPhone      : ==> Parameters: 13800138000(String)
2026-04-23T18:55:34.404+08:00 DEBUG 21652 --- [ool-4-thread-35] c.p.mapper.UserMapper.selectByPhone      : <==      Total: 0
2026-04-23T18:55:34.404+08:00 DEBUG 21652 --- [ool-4-thread-35] c.p.mapper.MerchantMapper.selectByPhone  : ==>  Preparing: SELECT * FROM `merchant` WHERE phone = ?
2026-04-23T18:55:34.405+08:00 DEBUG 21652 --- [ool-4-thread-35] c.p.mapper.MerchantMapper.selectByPhone  : ==> Parameters: 13800138000(String)
2026-04-23T18:55:34.405+08:00 DEBUG 21652 --- [ool-4-thread-35] c.p.mapper.MerchantMapper.selectByPhone  : <==      Total: 0
2026-04-23T18:55:34.405+08:00 DEBUG 21652 --- [ool-4-thread-35] c.p.mapper.MerchantMapper.selectByEmail  : ==>  Preparing: SELECT * FROM `merchant` WHERE email = ?
2026-04-23T18:55:34.405+08:00 DEBUG 21652 --- [ool-4-thread-35] c.p.mapper.MerchantMapper.selectByEmail  : ==> Parameters: 13800138000(String)
2026-04-23T18:55:34.405+08:00 DEBUG 21652 --- [ool-4-thread-11] o.s.security.web.FilterChainProxy        : Securing GET /api/products
2026-04-23T18:55:34.405+08:00 DEBUG 21652 --- [ool-4-thread-35] c.p.mapper.MerchantMapper.selectByEmail  : <==      Total: 0
2026-04-23T18:55:34.405+08:00 DEBUG 21652 --- [ool-4-thread-35] c.p.mapper.AdminMapper.selectByUsername  : ==>  Preparing: SELECT * FROM `admin` WHERE username = ?
2026-04-23T18:55:34.405+08:00 DEBUG 21652 --- [ool-4-thread-11] o.s.s.w.a.AnonymousAuthenticationFilter  : Set SecurityContextHolder to anonymous SecurityContext
2026-04-23T18:55:34.405+08:00 DEBUG 21652 --- [ool-4-thread-35] c.p.mapper.AdminMapper.selectByUsername  : ==> Parameters: 13800138000(String)
2026-04-23T18:55:34.405+08:00 DEBUG 21652 --- [ool-4-thread-35] c.p.mapper.AdminMapper.selectByUsername  : <==      Total: 0
2026-04-23T18:55:34.405+08:00 DEBUG 21652 --- [ool-4-thread-11] o.s.security.web.FilterChainProxy        : Secured GET /api/products
2026-04-23T18:55:34.439+08:00 DEBUG 21652 --- [ool-4-thread-16] o.s.s.a.dao.DaoAuthenticationProvider    : Failed to find user '13800138000'
2026-04-23T18:55:34.439+08:00 DEBUG 21652 --- [ool-4-thread-36] c.p.mapper.UserMapper.selectByPhone      : ==>  Preparing: SELECT * FROM `user` WHERE phone = ?
2026-04-23T18:55:34.439+08:00 DEBUG 21652 --- [ool-4-thread-36] c.p.mapper.UserMapper.selectByPhone      : ==> Parameters: 13800138000(String)
2026-04-23T18:55:34.440+08:00 DEBUG 21652 --- [ool-4-thread-36] c.p.mapper.UserMapper.selectByPhone      : <==      Total: 0
2026-04-23T18:55:34.440+08:00 DEBUG 21652 --- [ool-4-thread-36] c.p.mapper.MerchantMapper.selectByPhone  : ==>  Preparing: SELECT * FROM `merchant` WHERE phone = ?
2026-04-23T18:55:34.440+08:00 DEBUG 21652 --- [ool-4-thread-36] c.p.mapper.MerchantMapper.selectByPhone  : ==> Parameters: 13800138000(String)
2026-04-23T18:55:34.440+08:00 DEBUG 21652 --- [ool-4-thread-36] c.p.mapper.MerchantMapper.selectByPhone  : <==      Total: 0
2026-04-23T18:55:34.440+08:00 DEBUG 21652 --- [ool-4-thread-36] c.p.mapper.MerchantMapper.selectByEmail  : ==>  Preparing: SELECT * FROM `merchant` WHERE email = ?
2026-04-23T18:55:34.440+08:00 DEBUG 21652 --- [ool-4-thread-36] c.p.mapper.MerchantMapper.selectByEmail  : ==> Parameters: 13800138000(String)
2026-04-23T18:55:34.440+08:00 DEBUG 21652 --- [ool-4-thread-36] c.p.mapper.MerchantMapper.selectByEmail  : <==      Total: 0
2026-04-23T18:55:34.440+08:00 DEBUG 21652 --- [ool-4-thread-36] c.p.mapper.AdminMapper.selectByUsername  : ==>  Preparing: SELECT * FROM `admin` WHERE username = ?
2026-04-23T18:55:34.440+08:00 DEBUG 21652 --- [ool-4-thread-36] c.p.mapper.AdminMapper.selectByUsername  : ==> Parameters: 13800138000(String)
2026-04-23T18:55:34.440+08:00 DEBUG 21652 --- [ool-4-thread-36] c.p.mapper.AdminMapper.selectByUsername  : <==      Total: 0
2026-04-23T18:55:34.463+08:00 DEBUG 21652 --- [ool-4-thread-16] o.s.security.web.FilterChainProxy        : Securing GET /api/products
2026-04-23T18:55:34.463+08:00 DEBUG 21652 --- [ool-4-thread-16] o.s.s.w.a.AnonymousAuthenticationFilter  : Set SecurityContextHolder to anonymous SecurityContext
2026-04-23T18:55:34.463+08:00 DEBUG 21652 --- [ool-4-thread-16] o.s.security.web.FilterChainProxy        : Secured GET /api/products
2026-04-23T18:55:34.466+08:00 DEBUG 21652 --- [ool-4-thread-17] o.s.s.a.dao.DaoAuthenticationProvider    : Failed to find user '13800138000'
2026-04-23T18:55:34.466+08:00 DEBUG 21652 --- [ool-4-thread-41] c.p.mapper.UserMapper.selectByPhone      : ==>  Preparing: SELECT * FROM `user` WHERE phone = ?
2026-04-23T18:55:34.466+08:00 DEBUG 21652 --- [ool-4-thread-41] c.p.mapper.UserMapper.selectByPhone      : ==> Parameters: 13800138000(String)
2026-04-23T18:55:34.466+08:00 DEBUG 21652 --- [ool-4-thread-41] c.p.mapper.UserMapper.selectByPhone      : <==      Total: 0
2026-04-23T18:55:34.466+08:00 DEBUG 21652 --- [ool-4-thread-41] c.p.mapper.MerchantMapper.selectByPhone  : ==>  Preparing: SELECT * FROM `merchant` WHERE phone = ?
2026-04-23T18:55:34.467+08:00 DEBUG 21652 --- [ool-4-thread-41] c.p.mapper.MerchantMapper.selectByPhone  : ==> Parameters: 13800138000(String)
2026-04-23T18:55:34.467+08:00 DEBUG 21652 --- [ool-4-thread-41] c.p.mapper.MerchantMapper.selectByPhone  : <==      Total: 0
2026-04-23T18:55:34.467+08:00 DEBUG 21652 --- [ool-4-thread-41] c.p.mapper.MerchantMapper.selectByEmail  : ==>  Preparing: SELECT * FROM `merchant` WHERE email = ?
2026-04-23T18:55:34.467+08:00 DEBUG 21652 --- [ool-4-thread-41] c.p.mapper.MerchantMapper.selectByEmail  : ==> Parameters: 13800138000(String)
2026-04-23T18:55:34.467+08:00 DEBUG 21652 --- [ool-4-thread-41] c.p.mapper.MerchantMapper.selectByEmail  : <==      Total: 0
2026-04-23T18:55:34.467+08:00 DEBUG 21652 --- [ool-4-thread-41] c.p.mapper.AdminMapper.selectByUsername  : ==>  Preparing: SELECT * FROM `admin` WHERE username = ?
2026-04-23T18:55:34.467+08:00 DEBUG 21652 --- [ool-4-thread-17] o.s.security.web.FilterChainProxy        : Securing GET /api/products
2026-04-23T18:55:34.467+08:00 DEBUG 21652 --- [ool-4-thread-41] c.p.mapper.AdminMapper.selectByUsername  : ==> Parameters: 13800138000(String)
2026-04-23T18:55:34.467+08:00 DEBUG 21652 --- [ool-4-thread-41] c.p.mapper.AdminMapper.selectByUsername  : <==      Total: 0
2026-04-23T18:55:34.469+08:00 DEBUG 21652 --- [ool-4-thread-17] o.s.s.w.a.AnonymousAuthenticationFilter  : Set SecurityContextHolder to anonymous SecurityContext
2026-04-23T18:55:34.470+08:00 DEBUG 21652 --- [ool-4-thread-17] o.s.security.web.FilterChainProxy        : Secured GET /api/products
2026-04-23T18:55:34.476+08:00 DEBUG 21652 --- [ool-4-thread-29] o.s.s.a.dao.DaoAuthenticationProvider    : Failed to find user '13800138000'
2026-04-23T18:55:34.477+08:00 DEBUG 21652 --- [ool-4-thread-42] c.p.mapper.UserMapper.selectByPhone      : ==>  Preparing: SELECT * FROM `user` WHERE phone = ?
2026-04-23T18:55:34.477+08:00 DEBUG 21652 --- [ool-4-thread-42] c.p.mapper.UserMapper.selectByPhone      : ==> Parameters: 13800138000(String)
2026-04-23T18:55:34.477+08:00 DEBUG 21652 --- [ool-4-thread-42] c.p.mapper.UserMapper.selectByPhone      : <==      Total: 0
2026-04-23T18:55:34.477+08:00 DEBUG 21652 --- [ool-4-thread-42] c.p.mapper.MerchantMapper.selectByPhone  : ==>  Preparing: SELECT * FROM `merchant` WHERE phone = ?
2026-04-23T18:55:34.477+08:00 DEBUG 21652 --- [ool-4-thread-42] c.p.mapper.MerchantMapper.selectByPhone  : ==> Parameters: 13800138000(String)
2026-04-23T18:55:34.477+08:00 DEBUG 21652 --- [ool-4-thread-42] c.p.mapper.MerchantMapper.selectByPhone  : <==      Total: 0
2026-04-23T18:55:34.478+08:00 DEBUG 21652 --- [ool-4-thread-42] c.p.mapper.MerchantMapper.selectByEmail  : ==>  Preparing: SELECT * FROM `merchant` WHERE email = ?
2026-04-23T18:55:34.478+08:00 DEBUG 21652 --- [ool-4-thread-29] o.s.security.web.FilterChainProxy        : Securing GET /api/products
2026-04-23T18:55:34.478+08:00 DEBUG 21652 --- [ool-4-thread-42] c.p.mapper.MerchantMapper.selectByEmail  : ==> Parameters: 13800138000(String)
2026-04-23T18:55:34.478+08:00 DEBUG 21652 --- [ool-4-thread-42] c.p.mapper.MerchantMapper.selectByEmail  : <==      Total: 0
2026-04-23T18:55:34.478+08:00 DEBUG 21652 --- [ool-4-thread-42] c.p.mapper.AdminMapper.selectByUsername  : ==>  Preparing: SELECT * FROM `admin` WHERE username = ?
2026-04-23T18:55:34.478+08:00 DEBUG 21652 --- [ool-4-thread-29] o.s.s.w.a.AnonymousAuthenticationFilter  : Set SecurityContextHolder to anonymous SecurityContext
2026-04-23T18:55:34.478+08:00 DEBUG 21652 --- [ool-4-thread-42] c.p.mapper.AdminMapper.selectByUsername  : ==> Parameters: 13800138000(String)
2026-04-23T18:55:34.478+08:00 DEBUG 21652 --- [ool-4-thread-42] c.p.mapper.AdminMapper.selectByUsername  : <==      Total: 0
2026-04-23T18:55:34.478+08:00 DEBUG 21652 --- [ool-4-thread-29] o.s.security.web.FilterChainProxy        : Secured GET /api/products
2026-04-23T18:55:34.478+08:00 DEBUG 21652 --- [ool-4-thread-10] o.s.s.a.dao.DaoAuthenticationProvider    : Failed to find user '13800138000'
2026-04-23T18:55:34.479+08:00 DEBUG 21652 --- [ool-4-thread-29] c.p.mapper.ProductMapper.selectList      : ==>  Preparing: SELECT id,merchant_id,name,description,price,stock,image,status,low_stock_threshold,category,created_at,updated_at FROM "product"
2026-04-23T18:55:34.479+08:00 DEBUG 21652 --- [ool-4-thread-29] c.p.mapper.ProductMapper.selectList      : ==> Parameters: 
2026-04-23T18:55:34.479+08:00 DEBUG 21652 --- [ool-4-thread-29] c.p.mapper.ProductMapper.selectList      : <==      Total: 0
2026-04-23T18:55:34.479+08:00 DEBUG 21652 --- [ool-4-thread-10] o.s.security.web.FilterChainProxy        : Securing GET /api/products
2026-04-23T18:55:34.479+08:00 DEBUG 21652 --- [ool-4-thread-10] o.s.s.w.a.AnonymousAuthenticationFilter  : Set SecurityContextHolder to anonymous SecurityContext
2026-04-23T18:55:34.480+08:00 DEBUG 21652 --- [ool-4-thread-10] o.s.security.web.FilterChainProxy        : Secured GET /api/products
2026-04-23T18:55:34.480+08:00 DEBUG 21652 --- [ool-4-thread-10] c.p.mapper.ProductMapper.selectList      : ==>  Preparing: SELECT id,merchant_id,name,description,price,stock,image,status,low_stock_threshold,category,created_at,updated_at FROM "product"
2026-04-23T18:55:34.480+08:00 DEBUG 21652 --- [ool-4-thread-10] c.p.mapper.ProductMapper.selectList      : ==> Parameters: 
2026-04-23T18:55:34.481+08:00 DEBUG 21652 --- [ool-4-thread-10] c.p.mapper.ProductMapper.selectList      : <==      Total: 0
2026-04-23T18:55:34.481+08:00 DEBUG 21652 --- [ool-4-thread-32] c.p.mapper.UserMapper.selectByPhone      : ==>  Preparing: SELECT * FROM `user` WHERE phone = ?
2026-04-23T18:55:34.481+08:00 DEBUG 21652 --- [ool-4-thread-32] c.p.mapper.UserMapper.selectByPhone      : ==> Parameters: 13800138000(String)
2026-04-23T18:55:34.481+08:00 DEBUG 21652 --- [ool-4-thread-32] c.p.mapper.UserMapper.selectByPhone      : <==      Total: 0
2026-04-23T18:55:34.482+08:00 DEBUG 21652 --- [ool-4-thread-32] c.p.mapper.MerchantMapper.selectByPhone  : ==>  Preparing: SELECT * FROM `merchant` WHERE phone = ?
2026-04-23T18:55:34.482+08:00 DEBUG 21652 --- [ool-4-thread-32] c.p.mapper.MerchantMapper.selectByPhone  : ==> Parameters: 13800138000(String)
2026-04-23T18:55:34.482+08:00 DEBUG 21652 --- [ool-4-thread-32] c.p.mapper.MerchantMapper.selectByPhone  : <==      Total: 0
2026-04-23T18:55:34.482+08:00 DEBUG 21652 --- [ool-4-thread-32] c.p.mapper.MerchantMapper.selectByEmail  : ==>  Preparing: SELECT * FROM `merchant` WHERE email = ?
2026-04-23T18:55:34.482+08:00 DEBUG 21652 --- [ool-4-thread-32] c.p.mapper.MerchantMapper.selectByEmail  : ==> Parameters: 13800138000(String)
2026-04-23T18:55:34.482+08:00 DEBUG 21652 --- [ool-4-thread-32] c.p.mapper.MerchantMapper.selectByEmail  : <==      Total: 0
2026-04-23T18:55:34.482+08:00 DEBUG 21652 --- [ool-4-thread-32] c.p.mapper.AdminMapper.selectByUsername  : ==>  Preparing: SELECT * FROM `admin` WHERE username = ?
2026-04-23T18:55:34.482+08:00 DEBUG 21652 --- [ool-4-thread-32] c.p.mapper.AdminMapper.selectByUsername  : ==> Parameters: 13800138000(String)
2026-04-23T18:55:34.482+08:00 DEBUG 21652 --- [ool-4-thread-32] c.p.mapper.AdminMapper.selectByUsername  : <==      Total: 0
2026-04-23T18:55:34.505+08:00 DEBUG 21652 --- [ool-4-thread-27] o.s.s.a.dao.DaoAuthenticationProvider    : Failed to find user '13800138000'
2026-04-23T18:55:34.506+08:00 DEBUG 21652 --- [ool-4-thread-37] c.p.mapper.UserMapper.selectByPhone      : ==>  Preparing: SELECT * FROM `user` WHERE phone = ?
2026-04-23T18:55:34.506+08:00 DEBUG 21652 --- [ool-4-thread-37] c.p.mapper.UserMapper.selectByPhone      : ==> Parameters: 13800138000(String)
2026-04-23T18:55:34.506+08:00 DEBUG 21652 --- [ool-4-thread-37] c.p.mapper.UserMapper.selectByPhone      : <==      Total: 0
2026-04-23T18:55:34.506+08:00 DEBUG 21652 --- [ool-4-thread-37] c.p.mapper.MerchantMapper.selectByPhone  : ==>  Preparing: SELECT * FROM `merchant` WHERE phone = ?
2026-04-23T18:55:34.506+08:00 DEBUG 21652 --- [ool-4-thread-37] c.p.mapper.MerchantMapper.selectByPhone  : ==> Parameters: 13800138000(String)
2026-04-23T18:55:34.506+08:00 DEBUG 21652 --- [ool-4-thread-37] c.p.mapper.MerchantMapper.selectByPhone  : <==      Total: 0
2026-04-23T18:55:34.506+08:00 DEBUG 21652 --- [ool-4-thread-37] c.p.mapper.MerchantMapper.selectByEmail  : ==>  Preparing: SELECT * FROM `merchant` WHERE email = ?
2026-04-23T18:55:34.507+08:00 DEBUG 21652 --- [ool-4-thread-37] c.p.mapper.MerchantMapper.selectByEmail  : ==> Parameters: 13800138000(String)
2026-04-23T18:55:34.507+08:00 DEBUG 21652 --- [ool-4-thread-27] o.s.security.web.FilterChainProxy        : Securing GET /api/products
2026-04-23T18:55:34.507+08:00 DEBUG 21652 --- [ool-4-thread-37] c.p.mapper.MerchantMapper.selectByEmail  : <==      Total: 0
2026-04-23T18:55:34.507+08:00 DEBUG 21652 --- [ool-4-thread-37] c.p.mapper.AdminMapper.selectByUsername  : ==>  Preparing: SELECT * FROM `admin` WHERE username = ?
2026-04-23T18:55:34.507+08:00 DEBUG 21652 --- [ool-4-thread-27] o.s.s.w.a.AnonymousAuthenticationFilter  : Set SecurityContextHolder to anonymous SecurityContext
2026-04-23T18:55:34.507+08:00 DEBUG 21652 --- [ool-4-thread-37] c.p.mapper.AdminMapper.selectByUsername  : ==> Parameters: 13800138000(String)
2026-04-23T18:55:34.507+08:00 DEBUG 21652 --- [ool-4-thread-37] c.p.mapper.AdminMapper.selectByUsername  : <==      Total: 0
2026-04-23T18:55:34.507+08:00 DEBUG 21652 --- [ool-4-thread-27] o.s.security.web.FilterChainProxy        : Secured GET /api/products
2026-04-23T18:55:34.520+08:00 DEBUG 21652 --- [ool-4-thread-35] o.s.s.a.dao.DaoAuthenticationProvider    : Failed to find user '13800138000'
2026-04-23T18:55:34.521+08:00 DEBUG 21652 --- [ool-4-thread-38] c.p.mapper.UserMapper.selectByPhone      : ==>  Preparing: SELECT * FROM `user` WHERE phone = ?
2026-04-23T18:55:34.521+08:00 DEBUG 21652 --- [ool-4-thread-38] c.p.mapper.UserMapper.selectByPhone      : ==> Parameters: 13800138000(String)
2026-04-23T18:55:34.521+08:00 DEBUG 21652 --- [ool-4-thread-38] c.p.mapper.UserMapper.selectByPhone      : <==      Total: 0
2026-04-23T18:55:34.521+08:00 DEBUG 21652 --- [ool-4-thread-38] c.p.mapper.MerchantMapper.selectByPhone  : ==>  Preparing: SELECT * FROM `merchant` WHERE phone = ?
2026-04-23T18:55:34.522+08:00 DEBUG 21652 --- [ool-4-thread-38] c.p.mapper.MerchantMapper.selectByPhone  : ==> Parameters: 13800138000(String)
2026-04-23T18:55:34.522+08:00 DEBUG 21652 --- [ool-4-thread-38] c.p.mapper.MerchantMapper.selectByPhone  : <==      Total: 0
2026-04-23T18:55:34.522+08:00 DEBUG 21652 --- [ool-4-thread-38] c.p.mapper.MerchantMapper.selectByEmail  : ==>  Preparing: SELECT * FROM `merchant` WHERE email = ?
2026-04-23T18:55:34.522+08:00 DEBUG 21652 --- [ool-4-thread-35] o.s.security.web.FilterChainProxy        : Securing GET /api/products
2026-04-23T18:55:34.522+08:00 DEBUG 21652 --- [ool-4-thread-38] c.p.mapper.MerchantMapper.selectByEmail  : ==> Parameters: 13800138000(String)
2026-04-23T18:55:34.522+08:00 DEBUG 21652 --- [ool-4-thread-38] c.p.mapper.MerchantMapper.selectByEmail  : <==      Total: 0
2026-04-23T18:55:34.522+08:00 DEBUG 21652 --- [ool-4-thread-35] o.s.s.w.a.AnonymousAuthenticationFilter  : Set SecurityContextHolder to anonymous SecurityContext
2026-04-23T18:55:34.522+08:00 DEBUG 21652 --- [ool-4-thread-38] c.p.mapper.AdminMapper.selectByUsername  : ==>  Preparing: SELECT * FROM `admin` WHERE username = ?
2026-04-23T18:55:34.522+08:00 DEBUG 21652 --- [ool-4-thread-38] c.p.mapper.AdminMapper.selectByUsername  : ==> Parameters: 13800138000(String)
2026-04-23T18:55:34.522+08:00 DEBUG 21652 --- [ool-4-thread-35] o.s.security.web.FilterChainProxy        : Secured GET /api/products
2026-04-23T18:55:34.522+08:00 DEBUG 21652 --- [ool-4-thread-38] c.p.mapper.AdminMapper.selectByUsername  : <==      Total: 0
2026-04-23T18:55:34.532+08:00 DEBUG 21652 --- [ool-4-thread-30] o.s.s.a.dao.DaoAuthenticationProvider    : Failed to find user '13800138000'
2026-04-23T18:55:34.534+08:00 DEBUG 21652 --- [ool-4-thread-43] c.p.mapper.UserMapper.selectByPhone      : ==>  Preparing: SELECT * FROM `user` WHERE phone = ?
2026-04-23T18:55:34.534+08:00 DEBUG 21652 --- [ool-4-thread-30] o.s.security.web.FilterChainProxy        : Securing GET /api/products
2026-04-23T18:55:34.537+08:00 DEBUG 21652 --- [ool-4-thread-30] o.s.s.w.a.AnonymousAuthenticationFilter  : Set SecurityContextHolder to anonymous SecurityContext
2026-04-23T18:55:34.537+08:00 DEBUG 21652 --- [ool-4-thread-30] o.s.security.web.FilterChainProxy        : Secured GET /api/products
2026-04-23T18:55:34.545+08:00 DEBUG 21652 --- [ool-4-thread-23] o.s.s.a.dao.DaoAuthenticationProvider    : Failed to find user '13800138000'
2026-04-23T18:55:34.546+08:00 DEBUG 21652 --- [ool-4-thread-23] o.s.security.web.FilterChainProxy        : Securing GET /api/products
2026-04-23T18:55:34.546+08:00 DEBUG 21652 --- [ool-4-thread-23] o.s.s.w.a.AnonymousAuthenticationFilter  : Set SecurityContextHolder to anonymous SecurityContext
2026-04-23T18:55:34.546+08:00 DEBUG 21652 --- [ool-4-thread-23] o.s.security.web.FilterChainProxy        : Secured GET /api/products
2026-04-23T18:55:34.547+08:00 DEBUG 21652 --- [ool-4-thread-23] c.p.mapper.ProductMapper.selectList      : ==>  Preparing: SELECT id,merchant_id,name,description,price,stock,image,status,low_stock_threshold,category,created_at,updated_at FROM "product"
2026-04-23T18:55:34.547+08:00 DEBUG 21652 --- [ool-4-thread-23] c.p.mapper.ProductMapper.selectList      : ==> Parameters: 
2026-04-23T18:55:34.547+08:00 DEBUG 21652 --- [ool-4-thread-23] c.p.mapper.ProductMapper.selectList      : <==      Total: 0
2026-04-23T18:55:34.548+08:00 DEBUG 21652 --- [ool-4-thread-49] c.p.mapper.UserMapper.selectByPhone      : ==>  Preparing: SELECT * FROM `user` WHERE phone = ?
2026-04-23T18:55:34.548+08:00 DEBUG 21652 --- [ool-4-thread-49] c.p.mapper.UserMapper.selectByPhone      : ==> Parameters: 13800138000(String)
2026-04-23T18:55:34.548+08:00 DEBUG 21652 --- [ool-4-thread-49] c.p.mapper.UserMapper.selectByPhone      : <==      Total: 0
2026-04-23T18:55:34.549+08:00 DEBUG 21652 --- [ool-4-thread-49] c.p.mapper.MerchantMapper.selectByPhone  : ==>  Preparing: SELECT * FROM `merchant` WHERE phone = ?
2026-04-23T18:55:34.549+08:00 DEBUG 21652 --- [ool-4-thread-49] c.p.mapper.MerchantMapper.selectByPhone  : ==> Parameters: 13800138000(String)
2026-04-23T18:55:34.549+08:00 DEBUG 21652 --- [ool-4-thread-49] c.p.mapper.MerchantMapper.selectByPhone  : <==      Total: 0
2026-04-23T18:55:34.549+08:00 DEBUG 21652 --- [ool-4-thread-49] c.p.mapper.MerchantMapper.selectByEmail  : ==>  Preparing: SELECT * FROM `merchant` WHERE email = ?
2026-04-23T18:55:34.549+08:00 DEBUG 21652 --- [ool-4-thread-49] c.p.mapper.MerchantMapper.selectByEmail  : ==> Parameters: 13800138000(String)
2026-04-23T18:55:34.549+08:00 DEBUG 21652 --- [ool-4-thread-49] c.p.mapper.MerchantMapper.selectByEmail  : <==      Total: 0
2026-04-23T18:55:34.549+08:00 DEBUG 21652 --- [ool-4-thread-49] c.p.mapper.AdminMapper.selectByUsername  : ==>  Preparing: SELECT * FROM `admin` WHERE username = ?
2026-04-23T18:55:34.549+08:00 DEBUG 21652 --- [ool-4-thread-49] c.p.mapper.AdminMapper.selectByUsername  : ==> Parameters: 13800138000(String)
2026-04-23T18:55:34.549+08:00 DEBUG 21652 --- [ool-4-thread-49] c.p.mapper.AdminMapper.selectByUsername  : <==      Total: 0
2026-04-23T18:55:34.546+08:00 DEBUG 21652 --- [ool-4-thread-43] c.p.mapper.UserMapper.selectByPhone      : ==> Parameters: 13800138000(String)
2026-04-23T18:55:34.550+08:00 DEBUG 21652 --- [ool-4-thread-43] c.p.mapper.UserMapper.selectByPhone      : <==      Total: 0
2026-04-23T18:55:34.550+08:00 DEBUG 21652 --- [ool-4-thread-43] c.p.mapper.MerchantMapper.selectByPhone  : ==>  Preparing: SELECT * FROM `merchant` WHERE phone = ?
2026-04-23T18:55:34.550+08:00 DEBUG 21652 --- [ool-4-thread-43] c.p.mapper.MerchantMapper.selectByPhone  : ==> Parameters: 13800138000(String)
2026-04-23T18:55:34.550+08:00 DEBUG 21652 --- [ool-4-thread-43] c.p.mapper.MerchantMapper.selectByPhone  : <==      Total: 0
2026-04-23T18:55:34.550+08:00 DEBUG 21652 --- [ool-4-thread-43] c.p.mapper.MerchantMapper.selectByEmail  : ==>  Preparing: SELECT * FROM `merchant` WHERE email = ?
2026-04-23T18:55:34.550+08:00 DEBUG 21652 --- [ool-4-thread-43] c.p.mapper.MerchantMapper.selectByEmail  : ==> Parameters: 13800138000(String)
2026-04-23T18:55:34.550+08:00 DEBUG 21652 --- [ool-4-thread-43] c.p.mapper.MerchantMapper.selectByEmail  : <==      Total: 0
2026-04-23T18:55:34.550+08:00 DEBUG 21652 --- [ool-4-thread-43] c.p.mapper.AdminMapper.selectByUsername  : ==>  Preparing: SELECT * FROM `admin` WHERE username = ?
2026-04-23T18:55:34.550+08:00 DEBUG 21652 --- [ool-4-thread-43] c.p.mapper.AdminMapper.selectByUsername  : ==> Parameters: 13800138000(String)
2026-04-23T18:55:34.552+08:00 DEBUG 21652 --- [ool-4-thread-43] c.p.mapper.AdminMapper.selectByUsername  : <==      Total: 0
2026-04-23T18:55:34.563+08:00 DEBUG 21652 --- [ool-4-thread-22] o.s.s.a.dao.DaoAuthenticationProvider    : Failed to find user '13800138000'
2026-04-23T18:55:34.566+08:00 DEBUG 21652 --- [ool-4-thread-22] o.s.security.web.FilterChainProxy        : Securing GET /api/products
2026-04-23T18:55:34.567+08:00 DEBUG 21652 --- [ool-4-thread-22] o.s.s.w.a.AnonymousAuthenticationFilter  : Set SecurityContextHolder to anonymous SecurityContext
2026-04-23T18:55:34.567+08:00 DEBUG 21652 --- [ool-4-thread-22] o.s.security.web.FilterChainProxy        : Secured GET /api/products
2026-04-23T18:55:34.570+08:00 DEBUG 21652 --- [ool-4-thread-41] o.s.s.a.dao.DaoAuthenticationProvider    : Failed to find user '13800138000'
2026-04-23T18:55:34.571+08:00 DEBUG 21652 --- [ool-4-thread-33] c.p.mapper.UserMapper.selectByPhone      : ==>  Preparing: SELECT * FROM `user` WHERE phone = ?
2026-04-23T18:55:34.571+08:00 DEBUG 21652 --- [ool-4-thread-33] c.p.mapper.UserMapper.selectByPhone      : ==> Parameters: 13800138000(String)
2026-04-23T18:55:34.571+08:00 DEBUG 21652 --- [ool-4-thread-33] c.p.mapper.UserMapper.selectByPhone      : <==      Total: 0
2026-04-23T18:55:34.571+08:00 DEBUG 21652 --- [ool-4-thread-33] c.p.mapper.MerchantMapper.selectByPhone  : ==>  Preparing: SELECT * FROM `merchant` WHERE phone = ?
2026-04-23T18:55:34.571+08:00 DEBUG 21652 --- [ool-4-thread-33] c.p.mapper.MerchantMapper.selectByPhone  : ==> Parameters: 13800138000(String)
2026-04-23T18:55:34.571+08:00 DEBUG 21652 --- [ool-4-thread-33] c.p.mapper.MerchantMapper.selectByPhone  : <==      Total: 0
2026-04-23T18:55:34.571+08:00 DEBUG 21652 --- [ool-4-thread-33] c.p.mapper.MerchantMapper.selectByEmail  : ==>  Preparing: SELECT * FROM `merchant` WHERE email = ?
2026-04-23T18:55:34.571+08:00 DEBUG 21652 --- [ool-4-thread-33] c.p.mapper.MerchantMapper.selectByEmail  : ==> Parameters: 13800138000(String)
2026-04-23T18:55:34.571+08:00 DEBUG 21652 --- [ool-4-thread-41] o.s.security.web.FilterChainProxy        : Securing GET /api/products
2026-04-23T18:55:34.571+08:00 DEBUG 21652 --- [ool-4-thread-33] c.p.mapper.MerchantMapper.selectByEmail  : <==      Total: 0
2026-04-23T18:55:34.572+08:00 DEBUG 21652 --- [ool-4-thread-33] c.p.mapper.AdminMapper.selectByUsername  : ==>  Preparing: SELECT * FROM `admin` WHERE username = ?
2026-04-23T18:55:34.572+08:00 DEBUG 21652 --- [ool-4-thread-41] o.s.s.w.a.AnonymousAuthenticationFilter  : Set SecurityContextHolder to anonymous SecurityContext
2026-04-23T18:55:34.572+08:00 DEBUG 21652 --- [ool-4-thread-33] c.p.mapper.AdminMapper.selectByUsername  : ==> Parameters: 13800138000(String)
2026-04-23T18:55:34.572+08:00 DEBUG 21652 --- [ool-4-thread-33] c.p.mapper.AdminMapper.selectByUsername  : <==      Total: 0
2026-04-23T18:55:34.572+08:00 DEBUG 21652 --- [ool-4-thread-41] o.s.security.web.FilterChainProxy        : Secured GET /api/products
2026-04-23T18:55:34.573+08:00 DEBUG 21652 --- [ool-4-thread-50] c.p.mapper.UserMapper.selectByPhone      : ==>  Preparing: SELECT * FROM `user` WHERE phone = ?
2026-04-23T18:55:34.573+08:00 DEBUG 21652 --- [ool-4-thread-50] c.p.mapper.UserMapper.selectByPhone      : ==> Parameters: 13800138000(String)
2026-04-23T18:55:34.573+08:00 DEBUG 21652 --- [ool-4-thread-50] c.p.mapper.UserMapper.selectByPhone      : <==      Total: 0
2026-04-23T18:55:34.573+08:00 DEBUG 21652 --- [ool-4-thread-50] c.p.mapper.MerchantMapper.selectByPhone  : ==>  Preparing: SELECT * FROM `merchant` WHERE phone = ?
2026-04-23T18:55:34.573+08:00 DEBUG 21652 --- [ool-4-thread-50] c.p.mapper.MerchantMapper.selectByPhone  : ==> Parameters: 13800138000(String)
2026-04-23T18:55:34.573+08:00 DEBUG 21652 --- [ool-4-thread-50] c.p.mapper.MerchantMapper.selectByPhone  : <==      Total: 0
2026-04-23T18:55:34.573+08:00 DEBUG 21652 --- [ool-4-thread-50] c.p.mapper.MerchantMapper.selectByEmail  : ==>  Preparing: SELECT * FROM `merchant` WHERE email = ?
2026-04-23T18:55:34.573+08:00 DEBUG 21652 --- [ool-4-thread-50] c.p.mapper.MerchantMapper.selectByEmail  : ==> Parameters: 13800138000(String)
2026-04-23T18:55:34.573+08:00 DEBUG 21652 --- [ool-4-thread-50] c.p.mapper.MerchantMapper.selectByEmail  : <==      Total: 0
2026-04-23T18:55:34.573+08:00 DEBUG 21652 --- [ool-4-thread-50] c.p.mapper.AdminMapper.selectByUsername  : ==>  Preparing: SELECT * FROM `admin` WHERE username = ?
2026-04-23T18:55:34.573+08:00 DEBUG 21652 --- [ool-4-thread-50] c.p.mapper.AdminMapper.selectByUsername  : ==> Parameters: 13800138000(String)
2026-04-23T18:55:34.573+08:00 DEBUG 21652 --- [ool-4-thread-50] c.p.mapper.AdminMapper.selectByUsername  : <==      Total: 0
2026-04-23T18:55:34.575+08:00 DEBUG 21652 --- [ool-4-thread-42] o.s.s.a.dao.DaoAuthenticationProvider    : Failed to find user '13800138000'
2026-04-23T18:55:34.577+08:00 DEBUG 21652 --- [ool-4-thread-42] o.s.security.web.FilterChainProxy        : Securing GET /api/products
2026-04-23T18:55:34.577+08:00 DEBUG 21652 --- [ool-4-thread-42] o.s.s.w.a.AnonymousAuthenticationFilter  : Set SecurityContextHolder to anonymous SecurityContext
2026-04-23T18:55:34.577+08:00 DEBUG 21652 --- [ool-4-thread-42] o.s.security.web.FilterChainProxy        : Secured GET /api/products
2026-04-23T18:55:34.577+08:00 DEBUG 21652 --- [ool-4-thread-36] o.s.s.a.dao.DaoAuthenticationProvider    : Failed to find user '13800138000'
2026-04-23T18:55:34.578+08:00 DEBUG 21652 --- [ool-4-thread-42] c.p.mapper.ProductMapper.selectList      : ==>  Preparing: SELECT id,merchant_id,name,description,price,stock,image,status,low_stock_threshold,category,created_at,updated_at FROM "product"
2026-04-23T18:55:34.578+08:00 DEBUG 21652 --- [ool-4-thread-42] c.p.mapper.ProductMapper.selectList      : ==> Parameters: 
2026-04-23T18:55:34.578+08:00 DEBUG 21652 --- [ool-4-thread-42] c.p.mapper.ProductMapper.selectList      : <==      Total: 0
2026-04-23T18:55:34.578+08:00 DEBUG 21652 --- [ool-4-thread-36] o.s.security.web.FilterChainProxy        : Securing GET /api/products
2026-04-23T18:55:34.579+08:00 DEBUG 21652 --- [ool-4-thread-36] o.s.s.w.a.AnonymousAuthenticationFilter  : Set SecurityContextHolder to anonymous SecurityContext
2026-04-23T18:55:34.579+08:00 DEBUG 21652 --- [ool-4-thread-36] o.s.security.web.FilterChainProxy        : Secured GET /api/products
2026-04-23T18:55:34.580+08:00 DEBUG 21652 --- [ool-4-thread-36] c.p.mapper.ProductMapper.selectList      : ==>  Preparing: SELECT id,merchant_id,name,description,price,stock,image,status,low_stock_threshold,category,created_at,updated_at FROM "product"
2026-04-23T18:55:34.580+08:00 DEBUG 21652 --- [ool-4-thread-36] c.p.mapper.ProductMapper.selectList      : ==> Parameters: 
2026-04-23T18:55:34.580+08:00 DEBUG 21652 --- [ool-4-thread-36] c.p.mapper.ProductMapper.selectList      : <==      Total: 0
2026-04-23T18:55:34.581+08:00 DEBUG 21652 --- [ool-4-thread-40] c.p.mapper.UserMapper.selectByPhone      : ==>  Preparing: SELECT * FROM `user` WHERE phone = ?
2026-04-23T18:55:34.581+08:00 DEBUG 21652 --- [ool-4-thread-40] c.p.mapper.UserMapper.selectByPhone      : ==> Parameters: 13800138000(String)
2026-04-23T18:55:34.581+08:00 DEBUG 21652 --- [ool-4-thread-40] c.p.mapper.UserMapper.selectByPhone      : <==      Total: 0
2026-04-23T18:55:34.581+08:00 DEBUG 21652 --- [ool-4-thread-40] c.p.mapper.MerchantMapper.selectByPhone  : ==>  Preparing: SELECT * FROM `merchant` WHERE phone = ?
2026-04-23T18:55:34.581+08:00 DEBUG 21652 --- [ool-4-thread-40] c.p.mapper.MerchantMapper.selectByPhone  : ==> Parameters: 13800138000(String)
2026-04-23T18:55:34.581+08:00 DEBUG 21652 --- [ool-4-thread-40] c.p.mapper.MerchantMapper.selectByPhone  : <==      Total: 0
2026-04-23T18:55:34.581+08:00 DEBUG 21652 --- [ool-4-thread-40] c.p.mapper.MerchantMapper.selectByEmail  : ==>  Preparing: SELECT * FROM `merchant` WHERE email = ?
2026-04-23T18:55:34.581+08:00 DEBUG 21652 --- [ool-4-thread-40] c.p.mapper.MerchantMapper.selectByEmail  : ==> Parameters: 13800138000(String)
2026-04-23T18:55:34.581+08:00 DEBUG 21652 --- [ool-4-thread-40] c.p.mapper.MerchantMapper.selectByEmail  : <==      Total: 0
2026-04-23T18:55:34.581+08:00 DEBUG 21652 --- [ool-4-thread-40] c.p.mapper.AdminMapper.selectByUsername  : ==>  Preparing: SELECT * FROM `admin` WHERE username = ?
2026-04-23T18:55:34.582+08:00 DEBUG 21652 --- [ool-4-thread-40] c.p.mapper.AdminMapper.selectByUsername  : ==> Parameters: 13800138000(String)
2026-04-23T18:55:34.582+08:00 DEBUG 21652 --- [ool-4-thread-40] c.p.mapper.AdminMapper.selectByUsername  : <==      Total: 0
2026-04-23T18:55:34.581+08:00 DEBUG 21652 --- [ool-4-thread-34] c.p.mapper.UserMapper.selectByPhone      : ==>  Preparing: SELECT * FROM `user` WHERE phone = ?
2026-04-23T18:55:34.582+08:00 DEBUG 21652 --- [ool-4-thread-34] c.p.mapper.UserMapper.selectByPhone      : ==> Parameters: 13800138000(String)
2026-04-23T18:55:34.582+08:00 DEBUG 21652 --- [ool-4-thread-34] c.p.mapper.UserMapper.selectByPhone      : <==      Total: 0
2026-04-23T18:55:34.582+08:00 DEBUG 21652 --- [ool-4-thread-34] c.p.mapper.MerchantMapper.selectByPhone  : ==>  Preparing: SELECT * FROM `merchant` WHERE phone = ?
2026-04-23T18:55:34.582+08:00 DEBUG 21652 --- [ool-4-thread-34] c.p.mapper.MerchantMapper.selectByPhone  : ==> Parameters: 13800138000(String)
2026-04-23T18:55:34.582+08:00 DEBUG 21652 --- [ool-4-thread-34] c.p.mapper.MerchantMapper.selectByPhone  : <==      Total: 0
2026-04-23T18:55:34.582+08:00 DEBUG 21652 --- [ool-4-thread-34] c.p.mapper.MerchantMapper.selectByEmail  : ==>  Preparing: SELECT * FROM `merchant` WHERE email = ?
2026-04-23T18:55:34.582+08:00 DEBUG 21652 --- [ool-4-thread-34] c.p.mapper.MerchantMapper.selectByEmail  : ==> Parameters: 13800138000(String)
2026-04-23T18:55:34.582+08:00 DEBUG 21652 --- [ool-4-thread-34] c.p.mapper.MerchantMapper.selectByEmail  : <==      Total: 0
2026-04-23T18:55:34.582+08:00 DEBUG 21652 --- [ool-4-thread-34] c.p.mapper.AdminMapper.selectByUsername  : ==>  Preparing: SELECT * FROM `admin` WHERE username = ?
2026-04-23T18:55:34.583+08:00 DEBUG 21652 --- [ool-4-thread-34] c.p.mapper.AdminMapper.selectByUsername  : ==> Parameters: 13800138000(String)
2026-04-23T18:55:34.583+08:00 DEBUG 21652 --- [ool-4-thread-34] c.p.mapper.AdminMapper.selectByUsername  : <==      Total: 0
2026-04-23T18:55:34.593+08:00 DEBUG 21652 --- [ool-4-thread-31] o.s.s.a.dao.DaoAuthenticationProvider    : Failed to find user '13800138000'
2026-04-23T18:55:34.594+08:00 DEBUG 21652 --- [ool-4-thread-46] c.p.mapper.UserMapper.selectByPhone      : ==>  Preparing: SELECT * FROM `user` WHERE phone = ?
2026-04-23T18:55:34.594+08:00 DEBUG 21652 --- [ool-4-thread-46] c.p.mapper.UserMapper.selectByPhone      : ==> Parameters: 13800138000(String)
2026-04-23T18:55:34.594+08:00 DEBUG 21652 --- [ool-4-thread-46] c.p.mapper.UserMapper.selectByPhone      : <==      Total: 0
2026-04-23T18:55:34.594+08:00 DEBUG 21652 --- [ool-4-thread-46] c.p.mapper.MerchantMapper.selectByPhone  : ==>  Preparing: SELECT * FROM `merchant` WHERE phone = ?
2026-04-23T18:55:34.594+08:00 DEBUG 21652 --- [ool-4-thread-46] c.p.mapper.MerchantMapper.selectByPhone  : ==> Parameters: 13800138000(String)
2026-04-23T18:55:34.594+08:00 DEBUG 21652 --- [ool-4-thread-46] c.p.mapper.MerchantMapper.selectByPhone  : <==      Total: 0
2026-04-23T18:55:34.594+08:00 DEBUG 21652 --- [ool-4-thread-46] c.p.mapper.MerchantMapper.selectByEmail  : ==>  Preparing: SELECT * FROM `merchant` WHERE email = ?
2026-04-23T18:55:34.594+08:00 DEBUG 21652 --- [ool-4-thread-46] c.p.mapper.MerchantMapper.selectByEmail  : ==> Parameters: 13800138000(String)
2026-04-23T18:55:34.594+08:00 DEBUG 21652 --- [ool-4-thread-31] o.s.security.web.FilterChainProxy        : Securing GET /api/products
2026-04-23T18:55:34.595+08:00 DEBUG 21652 --- [ool-4-thread-46] c.p.mapper.MerchantMapper.selectByEmail  : <==      Total: 0
2026-04-23T18:55:34.595+08:00 DEBUG 21652 --- [ool-4-thread-46] c.p.mapper.AdminMapper.selectByUsername  : ==>  Preparing: SELECT * FROM `admin` WHERE username = ?
2026-04-23T18:55:34.595+08:00 DEBUG 21652 --- [ool-4-thread-31] o.s.s.w.a.AnonymousAuthenticationFilter  : Set SecurityContextHolder to anonymous SecurityContext
2026-04-23T18:55:34.595+08:00 DEBUG 21652 --- [ool-4-thread-46] c.p.mapper.AdminMapper.selectByUsername  : ==> Parameters: 13800138000(String)
2026-04-23T18:55:34.595+08:00 DEBUG 21652 --- [ool-4-thread-31] o.s.security.web.FilterChainProxy        : Secured GET /api/products
2026-04-23T18:55:34.595+08:00 DEBUG 21652 --- [ool-4-thread-46] c.p.mapper.AdminMapper.selectByUsername  : <==      Total: 0
2026-04-23T18:55:34.621+08:00 DEBUG 21652 --- [ool-4-thread-37] o.s.s.a.dao.DaoAuthenticationProvider    : Failed to find user '13800138000'
2026-04-23T18:55:34.621+08:00 DEBUG 21652 --- [pool-4-thread-8] c.p.mapper.ProductMapper.selectList      : ==>  Preparing: SELECT id,merchant_id,name,description,price,stock,image,status,low_stock_threshold,category,created_at,updated_at FROM "product"
2026-04-23T18:55:34.621+08:00 DEBUG 21652 --- [pool-4-thread-8] c.p.mapper.ProductMapper.selectList      : ==> Parameters: 
2026-04-23T18:55:34.621+08:00 DEBUG 21652 --- [pool-4-thread-8] c.p.mapper.ProductMapper.selectList      : <==      Total: 0
2026-04-23T18:55:34.622+08:00 DEBUG 21652 --- [pool-4-thread-1] c.p.mapper.ProductMapper.selectList      : ==>  Preparing: SELECT id,merchant_id,name,description,price,stock,image,status,low_stock_threshold,category,created_at,updated_at FROM "product"
2026-04-23T18:55:34.622+08:00 DEBUG 21652 --- [pool-4-thread-1] c.p.mapper.ProductMapper.selectList      : ==> Parameters: 
2026-04-23T18:55:34.622+08:00 DEBUG 21652 --- [pool-4-thread-1] c.p.mapper.ProductMapper.selectList      : <==      Total: 0
2026-04-23T18:55:34.622+08:00 DEBUG 21652 --- [pool-4-thread-9] c.p.mapper.ProductMapper.selectList      : ==>  Preparing: SELECT id,merchant_id,name,description,price,stock,image,status,low_stock_threshold,category,created_at,updated_at FROM "product"
2026-04-23T18:55:34.622+08:00 DEBUG 21652 --- [pool-4-thread-9] c.p.mapper.ProductMapper.selectList      : ==> Parameters: 
2026-04-23T18:55:34.622+08:00 DEBUG 21652 --- [pool-4-thread-9] c.p.mapper.ProductMapper.selectList      : <==      Total: 0
2026-04-23T18:55:34.622+08:00 DEBUG 21652 --- [ool-4-thread-12] c.p.mapper.ProductMapper.selectList      : ==>  Preparing: SELECT id,merchant_id,name,description,price,stock,image,status,low_stock_threshold,category,created_at,updated_at FROM "product"
2026-04-23T18:55:34.623+08:00 DEBUG 21652 --- [ool-4-thread-12] c.p.mapper.ProductMapper.selectList      : ==> Parameters: 
2026-04-23T18:55:34.623+08:00 DEBUG 21652 --- [ool-4-thread-12] c.p.mapper.ProductMapper.selectList      : <==      Total: 0
2026-04-23T18:55:34.623+08:00 DEBUG 21652 --- [pool-4-thread-6] c.p.mapper.ProductMapper.selectList      : ==>  Preparing: SELECT id,merchant_id,name,description,price,stock,image,status,low_stock_threshold,category,created_at,updated_at FROM "product"
2026-04-23T18:55:34.623+08:00 DEBUG 21652 --- [pool-4-thread-6] c.p.mapper.ProductMapper.selectList      : ==> Parameters: 
2026-04-23T18:55:34.623+08:00 DEBUG 21652 --- [pool-4-thread-6] c.p.mapper.ProductMapper.selectList      : <==      Total: 0
2026-04-23T18:55:34.623+08:00 DEBUG 21652 --- [pool-4-thread-5] c.p.mapper.ProductMapper.selectList      : ==>  Preparing: SELECT id,merchant_id,name,description,price,stock,image,status,low_stock_threshold,category,created_at,updated_at FROM "product"
2026-04-23T18:55:34.624+08:00 DEBUG 21652 --- [pool-4-thread-5] c.p.mapper.ProductMapper.selectList      : ==> Parameters: 
2026-04-23T18:55:34.624+08:00 DEBUG 21652 --- [pool-4-thread-5] c.p.mapper.ProductMapper.selectList      : <==      Total: 0
2026-04-23T18:55:34.624+08:00 DEBUG 21652 --- [pool-4-thread-2] c.p.mapper.ProductMapper.selectList      : ==>  Preparing: SELECT id,merchant_id,name,description,price,stock,image,status,low_stock_threshold,category,created_at,updated_at FROM "product"
2026-04-23T18:55:34.624+08:00 DEBUG 21652 --- [pool-4-thread-2] c.p.mapper.ProductMapper.selectList      : ==> Parameters: 
2026-04-23T18:55:34.624+08:00 DEBUG 21652 --- [ool-4-thread-37] o.s.security.web.FilterChainProxy        : Securing GET /api/products
2026-04-23T18:55:34.624+08:00 DEBUG 21652 --- [pool-4-thread-2] c.p.mapper.ProductMapper.selectList      : <==      Total: 0
2026-04-23T18:55:34.624+08:00 DEBUG 21652 --- [ool-4-thread-37] o.s.s.w.a.AnonymousAuthenticationFilter  : Set SecurityContextHolder to anonymous SecurityContext
2026-04-23T18:55:34.624+08:00 DEBUG 21652 --- [ool-4-thread-37] o.s.security.web.FilterChainProxy        : Secured GET /api/products
2026-04-23T18:55:34.625+08:00 DEBUG 21652 --- [pool-4-thread-3] c.p.mapper.ProductMapper.selectList      : ==>  Preparing: SELECT id,merchant_id,name,description,price,stock,image,status,low_stock_threshold,category,created_at,updated_at FROM "product"
2026-04-23T18:55:34.625+08:00 DEBUG 21652 --- [pool-4-thread-3] c.p.mapper.ProductMapper.selectList      : ==> Parameters: 
2026-04-23T18:55:34.625+08:00 DEBUG 21652 --- [pool-4-thread-3] c.p.mapper.ProductMapper.selectList      : <==      Total: 0
2026-04-23T18:55:34.625+08:00 DEBUG 21652 --- [ool-4-thread-37] c.p.mapper.ProductMapper.selectList      : ==>  Preparing: SELECT id,merchant_id,name,description,price,stock,image,status,low_stock_threshold,category,created_at,updated_at FROM "product"
2026-04-23T18:55:34.625+08:00 DEBUG 21652 --- [ool-4-thread-37] c.p.mapper.ProductMapper.selectList      : ==> Parameters: 
2026-04-23T18:55:34.625+08:00 DEBUG 21652 --- [ool-4-thread-37] c.p.mapper.ProductMapper.selectList      : <==      Total: 0
2026-04-23T18:55:34.625+08:00 DEBUG 21652 --- [pool-4-thread-7] c.p.mapper.ProductMapper.selectList      : ==>  Preparing: SELECT id,merchant_id,name,description,price,stock,image,status,low_stock_threshold,category,created_at,updated_at FROM "product"
2026-04-23T18:55:34.625+08:00 DEBUG 21652 --- [pool-4-thread-7] c.p.mapper.ProductMapper.selectList      : ==> Parameters: 
2026-04-23T18:55:34.625+08:00 DEBUG 21652 --- [pool-4-thread-7] c.p.mapper.ProductMapper.selectList      : <==      Total: 0
2026-04-23T18:55:34.627+08:00 DEBUG 21652 --- [pool-4-thread-4] c.p.mapper.ProductMapper.selectList      : ==>  Preparing: SELECT id,merchant_id,name,description,price,stock,image,status,low_stock_threshold,category,created_at,updated_at FROM "product"
2026-04-23T18:55:34.627+08:00 DEBUG 21652 --- [pool-4-thread-4] c.p.mapper.ProductMapper.selectList      : ==> Parameters: 
2026-04-23T18:55:34.627+08:00 DEBUG 21652 --- [pool-4-thread-4] c.p.mapper.ProductMapper.selectList      : <==      Total: 0
2026-04-23T18:55:34.627+08:00 DEBUG 21652 --- [ool-4-thread-20] c.p.mapper.ProductMapper.selectList      : ==>  Preparing: SELECT id,merchant_id,name,description,price,stock,image,status,low_stock_threshold,category,created_at,updated_at FROM "product"
2026-04-23T18:55:34.627+08:00 DEBUG 21652 --- [ool-4-thread-20] c.p.mapper.ProductMapper.selectList      : ==> Parameters: 
2026-04-23T18:55:34.627+08:00 DEBUG 21652 --- [ool-4-thread-20] c.p.mapper.ProductMapper.selectList      : <==      Total: 0
2026-04-23T18:55:34.628+08:00 DEBUG 21652 --- [ool-4-thread-21] c.p.mapper.ProductMapper.selectList      : ==>  Preparing: SELECT id,merchant_id,name,description,price,stock,image,status,low_stock_threshold,category,created_at,updated_at FROM "product"
2026-04-23T18:55:34.628+08:00 DEBUG 21652 --- [ool-4-thread-21] c.p.mapper.ProductMapper.selectList      : ==> Parameters: 
2026-04-23T18:55:34.628+08:00 DEBUG 21652 --- [ool-4-thread-21] c.p.mapper.ProductMapper.selectList      : <==      Total: 0
2026-04-23T18:55:34.628+08:00 DEBUG 21652 --- [ool-4-thread-15] c.p.mapper.ProductMapper.selectList      : ==>  Preparing: SELECT id,merchant_id,name,description,price,stock,image,status,low_stock_threshold,category,created_at,updated_at FROM "product"
2026-04-23T18:55:34.628+08:00 DEBUG 21652 --- [ool-4-thread-15] c.p.mapper.ProductMapper.selectList      : ==> Parameters: 
2026-04-23T18:55:34.629+08:00 DEBUG 21652 --- [ool-4-thread-15] c.p.mapper.ProductMapper.selectList      : <==      Total: 0
2026-04-23T18:55:34.629+08:00 DEBUG 21652 --- [ool-4-thread-19] c.p.mapper.ProductMapper.selectList      : ==>  Preparing: SELECT id,merchant_id,name,description,price,stock,image,status,low_stock_threshold,category,created_at,updated_at FROM "product"
2026-04-23T18:55:34.629+08:00 DEBUG 21652 --- [ool-4-thread-19] c.p.mapper.ProductMapper.selectList      : ==> Parameters: 
2026-04-23T18:55:34.629+08:00 DEBUG 21652 --- [ool-4-thread-19] c.p.mapper.ProductMapper.selectList      : <==      Total: 0
2026-04-23T18:55:34.629+08:00 DEBUG 21652 --- [ool-4-thread-18] c.p.mapper.ProductMapper.selectList      : ==>  Preparing: SELECT id,merchant_id,name,description,price,stock,image,status,low_stock_threshold,category,created_at,updated_at FROM "product"
2026-04-23T18:55:34.629+08:00 DEBUG 21652 --- [ool-4-thread-18] c.p.mapper.ProductMapper.selectList      : ==> Parameters: 
2026-04-23T18:55:34.629+08:00 DEBUG 21652 --- [ool-4-thread-18] c.p.mapper.ProductMapper.selectList      : <==      Total: 0
2026-04-23T18:55:34.629+08:00 DEBUG 21652 --- [ool-4-thread-28] c.p.mapper.ProductMapper.selectList      : ==>  Preparing: SELECT id,merchant_id,name,description,price,stock,image,status,low_stock_threshold,category,created_at,updated_at FROM "product"
2026-04-23T18:55:34.629+08:00 DEBUG 21652 --- [ool-4-thread-28] c.p.mapper.ProductMapper.selectList      : ==> Parameters: 
2026-04-23T18:55:34.629+08:00 DEBUG 21652 --- [ool-4-thread-28] c.p.mapper.ProductMapper.selectList      : <==      Total: 0
2026-04-23T18:55:34.629+08:00 DEBUG 21652 --- [ool-4-thread-13] c.p.mapper.ProductMapper.selectList      : ==>  Preparing: SELECT id,merchant_id,name,description,price,stock,image,status,low_stock_threshold,category,created_at,updated_at FROM "product"
2026-04-23T18:55:34.629+08:00 DEBUG 21652 --- [ool-4-thread-13] c.p.mapper.ProductMapper.selectList      : ==> Parameters: 
2026-04-23T18:55:34.629+08:00 DEBUG 21652 --- [ool-4-thread-13] c.p.mapper.ProductMapper.selectList      : <==      Total: 0
2026-04-23T18:55:34.629+08:00 DEBUG 21652 --- [ool-4-thread-26] c.p.mapper.ProductMapper.selectList      : ==>  Preparing: SELECT id,merchant_id,name,description,price,stock,image,status,low_stock_threshold,category,created_at,updated_at FROM "product"
2026-04-23T18:55:34.630+08:00 DEBUG 21652 --- [ool-4-thread-26] c.p.mapper.ProductMapper.selectList      : ==> Parameters: 
2026-04-23T18:55:34.630+08:00 DEBUG 21652 --- [ool-4-thread-26] c.p.mapper.ProductMapper.selectList      : <==      Total: 0
2026-04-23T18:55:34.630+08:00 DEBUG 21652 --- [ool-4-thread-24] c.p.mapper.ProductMapper.selectList      : ==>  Preparing: SELECT id,merchant_id,name,description,price,stock,image,status,low_stock_threshold,category,created_at,updated_at FROM "product"
2026-04-23T18:55:34.630+08:00 DEBUG 21652 --- [ool-4-thread-24] c.p.mapper.ProductMapper.selectList      : ==> Parameters: 
2026-04-23T18:55:34.630+08:00 DEBUG 21652 --- [ool-4-thread-24] c.p.mapper.ProductMapper.selectList      : <==      Total: 0
2026-04-23T18:55:34.630+08:00 DEBUG 21652 --- [ool-4-thread-25] c.p.mapper.ProductMapper.selectList      : ==>  Preparing: SELECT id,merchant_id,name,description,price,stock,image,status,low_stock_threshold,category,created_at,updated_at FROM "product"
2026-04-23T18:55:34.630+08:00 DEBUG 21652 --- [ool-4-thread-25] c.p.mapper.ProductMapper.selectList      : ==> Parameters: 
2026-04-23T18:55:34.630+08:00 DEBUG 21652 --- [ool-4-thread-25] c.p.mapper.ProductMapper.selectList      : <==      Total: 0
2026-04-23T18:55:34.630+08:00 DEBUG 21652 --- [ool-4-thread-11] c.p.mapper.ProductMapper.selectList      : ==>  Preparing: SELECT id,merchant_id,name,description,price,stock,image,status,low_stock_threshold,category,created_at,updated_at FROM "product"
2026-04-23T18:55:34.630+08:00 DEBUG 21652 --- [ool-4-thread-11] c.p.mapper.ProductMapper.selectList      : ==> Parameters: 
2026-04-23T18:55:34.630+08:00 DEBUG 21652 --- [ool-4-thread-11] c.p.mapper.ProductMapper.selectList      : <==      Total: 0
2026-04-23T18:55:34.631+08:00 DEBUG 21652 --- [ool-4-thread-16] c.p.mapper.ProductMapper.selectList      : ==>  Preparing: SELECT id,merchant_id,name,description,price,stock,image,status,low_stock_threshold,category,created_at,updated_at FROM "product"
2026-04-23T18:55:34.631+08:00 DEBUG 21652 --- [ool-4-thread-16] c.p.mapper.ProductMapper.selectList      : ==> Parameters: 
2026-04-23T18:55:34.631+08:00 DEBUG 21652 --- [ool-4-thread-16] c.p.mapper.ProductMapper.selectList      : <==      Total: 0
2026-04-23T18:55:34.632+08:00 DEBUG 21652 --- [ool-4-thread-17] c.p.mapper.ProductMapper.selectList      : ==>  Preparing: SELECT id,merchant_id,name,description,price,stock,image,status,low_stock_threshold,category,created_at,updated_at FROM "product"
2026-04-23T18:55:34.632+08:00 DEBUG 21652 --- [ool-4-thread-17] c.p.mapper.ProductMapper.selectList      : ==> Parameters: 
2026-04-23T18:55:34.632+08:00 DEBUG 21652 --- [ool-4-thread-17] c.p.mapper.ProductMapper.selectList      : <==      Total: 0
2026-04-23T18:55:34.633+08:00 DEBUG 21652 --- [ool-4-thread-47] c.p.mapper.UserMapper.selectByPhone      : ==>  Preparing: SELECT * FROM `user` WHERE phone = ?
2026-04-23T18:55:34.633+08:00 DEBUG 21652 --- [ool-4-thread-47] c.p.mapper.UserMapper.selectByPhone      : ==> Parameters: 13800138000(String)
2026-04-23T18:55:34.633+08:00 DEBUG 21652 --- [ool-4-thread-47] c.p.mapper.UserMapper.selectByPhone      : <==      Total: 0
2026-04-23T18:55:34.633+08:00 DEBUG 21652 --- [ool-4-thread-47] c.p.mapper.MerchantMapper.selectByPhone  : ==>  Preparing: SELECT * FROM `merchant` WHERE phone = ?
2026-04-23T18:55:34.633+08:00 DEBUG 21652 --- [ool-4-thread-47] c.p.mapper.MerchantMapper.selectByPhone  : ==> Parameters: 13800138000(String)
2026-04-23T18:55:34.633+08:00 DEBUG 21652 --- [ool-4-thread-47] c.p.mapper.MerchantMapper.selectByPhone  : <==      Total: 0
2026-04-23T18:55:34.633+08:00 DEBUG 21652 --- [ool-4-thread-47] c.p.mapper.MerchantMapper.selectByEmail  : ==>  Preparing: SELECT * FROM `merchant` WHERE email = ?
2026-04-23T18:55:34.633+08:00 DEBUG 21652 --- [ool-4-thread-47] c.p.mapper.MerchantMapper.selectByEmail  : ==> Parameters: 13800138000(String)
2026-04-23T18:55:34.633+08:00 DEBUG 21652 --- [ool-4-thread-47] c.p.mapper.MerchantMapper.selectByEmail  : <==      Total: 0
2026-04-23T18:55:34.633+08:00 DEBUG 21652 --- [ool-4-thread-47] c.p.mapper.AdminMapper.selectByUsername  : ==>  Preparing: SELECT * FROM `admin` WHERE username = ?
2026-04-23T18:55:34.633+08:00 DEBUG 21652 --- [ool-4-thread-47] c.p.mapper.AdminMapper.selectByUsername  : ==> Parameters: 13800138000(String)
2026-04-23T18:55:34.633+08:00 DEBUG 21652 --- [ool-4-thread-47] c.p.mapper.AdminMapper.selectByUsername  : <==      Total: 0
2026-04-23T18:55:34.658+08:00 DEBUG 21652 --- [ool-4-thread-32] o.s.s.a.dao.DaoAuthenticationProvider    : Failed to find user '13800138000'
2026-04-23T18:55:34.658+08:00 DEBUG 21652 --- [ool-4-thread-48] c.p.mapper.UserMapper.selectByPhone      : ==>  Preparing: SELECT * FROM `user` WHERE phone = ?
2026-04-23T18:55:34.658+08:00 DEBUG 21652 --- [ool-4-thread-48] c.p.mapper.UserMapper.selectByPhone      : ==> Parameters: 13800138000(String)
2026-04-23T18:55:34.658+08:00 DEBUG 21652 --- [ool-4-thread-48] c.p.mapper.UserMapper.selectByPhone      : <==      Total: 0
2026-04-23T18:55:34.658+08:00 DEBUG 21652 --- [ool-4-thread-48] c.p.mapper.MerchantMapper.selectByPhone  : ==>  Preparing: SELECT * FROM `merchant` WHERE phone = ?
2026-04-23T18:55:34.661+08:00 DEBUG 21652 --- [ool-4-thread-48] c.p.mapper.MerchantMapper.selectByPhone  : ==> Parameters: 13800138000(String)
2026-04-23T18:55:34.661+08:00 DEBUG 21652 --- [ool-4-thread-48] c.p.mapper.MerchantMapper.selectByPhone  : <==      Total: 0
2026-04-23T18:55:34.661+08:00 DEBUG 21652 --- [ool-4-thread-48] c.p.mapper.MerchantMapper.selectByEmail  : ==>  Preparing: SELECT * FROM `merchant` WHERE email = ?
2026-04-23T18:55:34.661+08:00 DEBUG 21652 --- [ool-4-thread-48] c.p.mapper.MerchantMapper.selectByEmail  : ==> Parameters: 13800138000(String)
2026-04-23T18:55:34.661+08:00 DEBUG 21652 --- [ool-4-thread-48] c.p.mapper.MerchantMapper.selectByEmail  : <==      Total: 0
2026-04-23T18:55:34.661+08:00 DEBUG 21652 --- [ool-4-thread-48] c.p.mapper.AdminMapper.selectByUsername  : ==>  Preparing: SELECT * FROM `admin` WHERE username = ?
2026-04-23T18:55:34.661+08:00 DEBUG 21652 --- [ool-4-thread-48] c.p.mapper.AdminMapper.selectByUsername  : ==> Parameters: 13800138000(String)
2026-04-23T18:55:34.661+08:00 DEBUG 21652 --- [ool-4-thread-48] c.p.mapper.AdminMapper.selectByUsername  : <==      Total: 0
2026-04-23T18:55:34.661+08:00 DEBUG 21652 --- [ool-4-thread-32] o.s.security.web.FilterChainProxy        : Securing GET /api/products
2026-04-23T18:55:34.661+08:00 DEBUG 21652 --- [ool-4-thread-32] o.s.s.w.a.AnonymousAuthenticationFilter  : Set SecurityContextHolder to anonymous SecurityContext
2026-04-23T18:55:34.661+08:00 DEBUG 21652 --- [ool-4-thread-32] o.s.security.web.FilterChainProxy        : Secured GET /api/products
2026-04-23T18:55:34.669+08:00 DEBUG 21652 --- [ool-4-thread-49] o.s.s.a.dao.DaoAuthenticationProvider    : Failed to find user '13800138000'
2026-04-23T18:55:34.669+08:00 DEBUG 21652 --- [ool-4-thread-27] c.p.mapper.ProductMapper.selectList      : ==>  Preparing: SELECT id,merchant_id,name,description,price,stock,image,status,low_stock_threshold,category,created_at,updated_at FROM "product"
2026-04-23T18:55:34.670+08:00 DEBUG 21652 --- [ool-4-thread-27] c.p.mapper.ProductMapper.selectList      : ==> Parameters: 
2026-04-23T18:55:34.670+08:00 DEBUG 21652 --- [ool-4-thread-27] c.p.mapper.ProductMapper.selectList      : <==      Total: 0
2026-04-23T18:55:34.670+08:00 DEBUG 21652 --- [ool-4-thread-35] c.p.mapper.ProductMapper.selectList      : ==>  Preparing: SELECT id,merchant_id,name,description,price,stock,image,status,low_stock_threshold,category,created_at,updated_at FROM "product"
2026-04-23T18:55:34.670+08:00 DEBUG 21652 --- [ool-4-thread-35] c.p.mapper.ProductMapper.selectList      : ==> Parameters: 
2026-04-23T18:55:34.670+08:00 DEBUG 21652 --- [ool-4-thread-35] c.p.mapper.ProductMapper.selectList      : <==      Total: 0
2026-04-23T18:55:34.670+08:00 DEBUG 21652 --- [ool-4-thread-30] c.p.mapper.ProductMapper.selectList      : ==>  Preparing: SELECT id,merchant_id,name,description,price,stock,image,status,low_stock_threshold,category,created_at,updated_at FROM "product"
2026-04-23T18:55:34.670+08:00 DEBUG 21652 --- [ool-4-thread-30] c.p.mapper.ProductMapper.selectList      : ==> Parameters: 
2026-04-23T18:55:34.670+08:00 DEBUG 21652 --- [ool-4-thread-30] c.p.mapper.ProductMapper.selectList      : <==      Total: 0
2026-04-23T18:55:34.671+08:00 DEBUG 21652 --- [ool-4-thread-44] c.p.mapper.UserMapper.selectByPhone      : ==>  Preparing: SELECT * FROM `user` WHERE phone = ?
2026-04-23T18:55:34.671+08:00 DEBUG 21652 --- [ool-4-thread-44] c.p.mapper.UserMapper.selectByPhone      : ==> Parameters: 13800138000(String)
2026-04-23T18:55:34.671+08:00 DEBUG 21652 --- [ool-4-thread-44] c.p.mapper.UserMapper.selectByPhone      : <==      Total: 0
2026-04-23T18:55:34.671+08:00 DEBUG 21652 --- [ool-4-thread-44] c.p.mapper.MerchantMapper.selectByPhone  : ==>  Preparing: SELECT * FROM `merchant` WHERE phone = ?
2026-04-23T18:55:34.671+08:00 DEBUG 21652 --- [ool-4-thread-44] c.p.mapper.MerchantMapper.selectByPhone  : ==> Parameters: 13800138000(String)
2026-04-23T18:55:34.671+08:00 DEBUG 21652 --- [ool-4-thread-44] c.p.mapper.MerchantMapper.selectByPhone  : <==      Total: 0
2026-04-23T18:55:34.671+08:00 DEBUG 21652 --- [ool-4-thread-44] c.p.mapper.MerchantMapper.selectByEmail  : ==>  Preparing: SELECT * FROM `merchant` WHERE email = ?
2026-04-23T18:55:34.671+08:00 DEBUG 21652 --- [ool-4-thread-44] c.p.mapper.MerchantMapper.selectByEmail  : ==> Parameters: 13800138000(String)
2026-04-23T18:55:34.671+08:00 DEBUG 21652 --- [ool-4-thread-44] c.p.mapper.MerchantMapper.selectByEmail  : <==      Total: 0
2026-04-23T18:55:34.671+08:00 DEBUG 21652 --- [ool-4-thread-44] c.p.mapper.AdminMapper.selectByUsername  : ==>  Preparing: SELECT * FROM `admin` WHERE username = ?
2026-04-23T18:55:34.671+08:00 DEBUG 21652 --- [ool-4-thread-44] c.p.mapper.AdminMapper.selectByUsername  : ==> Parameters: 13800138000(String)
2026-04-23T18:55:34.671+08:00 DEBUG 21652 --- [ool-4-thread-44] c.p.mapper.AdminMapper.selectByUsername  : <==      Total: 0
2026-04-23T18:55:34.673+08:00 DEBUG 21652 --- [ool-4-thread-49] o.s.security.web.FilterChainProxy        : Securing GET /api/products
2026-04-23T18:55:34.673+08:00 DEBUG 21652 --- [ool-4-thread-49] o.s.s.w.a.AnonymousAuthenticationFilter  : Set SecurityContextHolder to anonymous SecurityContext
2026-04-23T18:55:34.673+08:00 DEBUG 21652 --- [ool-4-thread-49] o.s.security.web.FilterChainProxy        : Secured GET /api/products
2026-04-23T18:55:34.689+08:00 DEBUG 21652 --- [ool-4-thread-33] o.s.s.a.dao.DaoAuthenticationProvider    : Failed to find user '13800138000'
2026-04-23T18:55:34.690+08:00 DEBUG 21652 --- [ool-4-thread-41] c.p.mapper.ProductMapper.selectList      : ==>  Preparing: SELECT id,merchant_id,name,description,price,stock,image,status,low_stock_threshold,category,created_at,updated_at FROM "product"
2026-04-23T18:55:34.690+08:00 DEBUG 21652 --- [ool-4-thread-41] c.p.mapper.ProductMapper.selectList      : ==> Parameters: 
2026-04-23T18:55:34.691+08:00 DEBUG 21652 --- [ool-4-thread-41] c.p.mapper.ProductMapper.selectList      : <==      Total: 0
2026-04-23T18:55:34.693+08:00 DEBUG 21652 --- [ool-4-thread-43] o.s.s.a.dao.DaoAuthenticationProvider    : Failed to find user '13800138000'
2026-04-23T18:55:34.693+08:00 DEBUG 21652 --- [ool-4-thread-22] c.p.mapper.ProductMapper.selectList      : ==>  Preparing: SELECT id,merchant_id,name,description,price,stock,image,status,low_stock_threshold,category,created_at,updated_at FROM "product"
2026-04-23T18:55:34.694+08:00 DEBUG 21652 --- [ool-4-thread-22] c.p.mapper.ProductMapper.selectList      : ==> Parameters: 
2026-04-23T18:55:34.695+08:00 DEBUG 21652 --- [ool-4-thread-22] c.p.mapper.ProductMapper.selectList      : <==      Total: 0
2026-04-23T18:55:34.696+08:00 DEBUG 21652 --- [ool-4-thread-39] c.p.mapper.UserMapper.selectByPhone      : ==>  Preparing: SELECT * FROM `user` WHERE phone = ?
2026-04-23T18:55:34.696+08:00 DEBUG 21652 --- [ool-4-thread-39] c.p.mapper.UserMapper.selectByPhone      : ==> Parameters: 13800138000(String)
2026-04-23T18:55:34.696+08:00 DEBUG 21652 --- [ool-4-thread-39] c.p.mapper.UserMapper.selectByPhone      : <==      Total: 0
2026-04-23T18:55:34.696+08:00 DEBUG 21652 --- [ool-4-thread-39] c.p.mapper.MerchantMapper.selectByPhone  : ==>  Preparing: SELECT * FROM `merchant` WHERE phone = ?
2026-04-23T18:55:34.696+08:00 DEBUG 21652 --- [ool-4-thread-39] c.p.mapper.MerchantMapper.selectByPhone  : ==> Parameters: 13800138000(String)
2026-04-23T18:55:34.696+08:00 DEBUG 21652 --- [ool-4-thread-39] c.p.mapper.MerchantMapper.selectByPhone  : <==      Total: 0
2026-04-23T18:55:34.696+08:00 DEBUG 21652 --- [ool-4-thread-39] c.p.mapper.MerchantMapper.selectByEmail  : ==>  Preparing: SELECT * FROM `merchant` WHERE email = ?
2026-04-23T18:55:34.697+08:00 DEBUG 21652 --- [ool-4-thread-39] c.p.mapper.MerchantMapper.selectByEmail  : ==> Parameters: 13800138000(String)
2026-04-23T18:55:34.697+08:00 DEBUG 21652 --- [ool-4-thread-39] c.p.mapper.MerchantMapper.selectByEmail  : <==      Total: 0
2026-04-23T18:55:34.697+08:00 DEBUG 21652 --- [ool-4-thread-39] c.p.mapper.AdminMapper.selectByUsername  : ==>  Preparing: SELECT * FROM `admin` WHERE username = ?
2026-04-23T18:55:34.697+08:00 DEBUG 21652 --- [ool-4-thread-39] c.p.mapper.AdminMapper.selectByUsername  : ==> Parameters: 13800138000(String)
2026-04-23T18:55:34.697+08:00 DEBUG 21652 --- [ool-4-thread-39] c.p.mapper.AdminMapper.selectByUsername  : <==      Total: 0
2026-04-23T18:55:34.694+08:00 DEBUG 21652 --- [ool-4-thread-33] o.s.security.web.FilterChainProxy        : Securing GET /api/products
2026-04-23T18:55:34.703+08:00 DEBUG 21652 --- [ool-4-thread-33] o.s.s.w.a.AnonymousAuthenticationFilter  : Set SecurityContextHolder to anonymous SecurityContext
2026-04-23T18:55:34.703+08:00 DEBUG 21652 --- [ool-4-thread-33] o.s.security.web.FilterChainProxy        : Secured GET /api/products
2026-04-23T18:55:34.695+08:00 DEBUG 21652 --- [ool-4-thread-43] o.s.security.web.FilterChainProxy        : Securing GET /api/products
2026-04-23T18:55:34.703+08:00 DEBUG 21652 --- [ool-4-thread-34] o.s.s.a.dao.DaoAuthenticationProvider    : Failed to find user '13800138000'
2026-04-23T18:55:34.703+08:00 DEBUG 21652 --- [ool-4-thread-43] o.s.s.w.a.AnonymousAuthenticationFilter  : Set SecurityContextHolder to anonymous SecurityContext
2026-04-23T18:55:34.700+08:00 DEBUG 21652 --- [ool-4-thread-45] c.p.mapper.UserMapper.selectByPhone      : ==>  Preparing: SELECT * FROM `user` WHERE phone = ?
2026-04-23T18:55:34.704+08:00 DEBUG 21652 --- [ool-4-thread-50] o.s.s.a.dao.DaoAuthenticationProvider    : Failed to find user '13800138000'
2026-04-23T18:55:34.704+08:00 DEBUG 21652 --- [ool-4-thread-43] o.s.security.web.FilterChainProxy        : Secured GET /api/products
2026-04-23T18:55:34.704+08:00 DEBUG 21652 --- [ool-4-thread-33] c.p.mapper.ProductMapper.selectList      : ==>  Preparing: SELECT id,merchant_id,name,description,price,stock,image,status,low_stock_threshold,category,created_at,updated_at FROM "product"
2026-04-23T18:55:34.704+08:00 DEBUG 21652 --- [ool-4-thread-31] c.p.mapper.ProductMapper.selectList      : ==>  Preparing: SELECT id,merchant_id,name,description,price,stock,image,status,low_stock_threshold,category,created_at,updated_at FROM "product"
2026-04-23T18:55:34.704+08:00 DEBUG 21652 --- [ool-4-thread-31] c.p.mapper.ProductMapper.selectList      : ==> Parameters: 
2026-04-23T18:55:34.704+08:00 DEBUG 21652 --- [ool-4-thread-31] c.p.mapper.ProductMapper.selectList      : <==      Total: 0
2026-04-23T18:55:34.704+08:00 DEBUG 21652 --- [ool-4-thread-33] c.p.mapper.ProductMapper.selectList      : ==> Parameters: 
2026-04-23T18:55:34.704+08:00 DEBUG 21652 --- [ool-4-thread-33] c.p.mapper.ProductMapper.selectList      : <==      Total: 0
2026-04-23T18:55:34.705+08:00 DEBUG 21652 --- [ool-4-thread-32] c.p.mapper.ProductMapper.selectList      : ==>  Preparing: SELECT id,merchant_id,name,description,price,stock,image,status,low_stock_threshold,category,created_at,updated_at FROM "product"
2026-04-23T18:55:34.705+08:00 DEBUG 21652 --- [ool-4-thread-50] o.s.security.web.FilterChainProxy        : Securing GET /api/products
2026-04-23T18:55:34.705+08:00 DEBUG 21652 --- [ool-4-thread-32] c.p.mapper.ProductMapper.selectList      : ==> Parameters: 
2026-04-23T18:55:34.705+08:00 DEBUG 21652 --- [ool-4-thread-32] c.p.mapper.ProductMapper.selectList      : <==      Total: 0
2026-04-23T18:55:34.705+08:00 DEBUG 21652 --- [ool-4-thread-49] c.p.mapper.ProductMapper.selectList      : ==>  Preparing: SELECT id,merchant_id,name,description,price,stock,image,status,low_stock_threshold,category,created_at,updated_at FROM "product"
2026-04-23T18:55:34.705+08:00 DEBUG 21652 --- [ool-4-thread-49] c.p.mapper.ProductMapper.selectList      : ==> Parameters: 
2026-04-23T18:55:34.705+08:00 DEBUG 21652 --- [ool-4-thread-43] c.p.mapper.ProductMapper.selectList      : ==>  Preparing: SELECT id,merchant_id,name,description,price,stock,image,status,low_stock_threshold,category,created_at,updated_at FROM "product"
2026-04-23T18:55:34.705+08:00 DEBUG 21652 --- [ool-4-thread-43] c.p.mapper.ProductMapper.selectList      : ==> Parameters: 
2026-04-23T18:55:34.705+08:00 DEBUG 21652 --- [ool-4-thread-49] c.p.mapper.ProductMapper.selectList      : <==      Total: 0
2026-04-23T18:55:34.705+08:00 DEBUG 21652 --- [ool-4-thread-43] c.p.mapper.ProductMapper.selectList      : <==      Total: 0
2026-04-23T18:55:34.705+08:00 DEBUG 21652 --- [ool-4-thread-50] o.s.s.w.a.AnonymousAuthenticationFilter  : Set SecurityContextHolder to anonymous SecurityContext
2026-04-23T18:55:34.706+08:00 DEBUG 21652 --- [ool-4-thread-50] o.s.security.web.FilterChainProxy        : Secured GET /api/products
2026-04-23T18:55:34.706+08:00 DEBUG 21652 --- [ool-4-thread-14] c.p.mapper.ProductMapper.selectList      : ==>  Preparing: SELECT id,merchant_id,name,description,price,stock,image,status,low_stock_threshold,category,created_at,updated_at FROM "product"
2026-04-23T18:55:34.706+08:00 DEBUG 21652 --- [ool-4-thread-14] c.p.mapper.ProductMapper.selectList      : ==> Parameters: 
2026-04-23T18:55:34.706+08:00 DEBUG 21652 --- [ool-4-thread-14] c.p.mapper.ProductMapper.selectList      : <==      Total: 0
2026-04-23T18:55:34.706+08:00 DEBUG 21652 --- [ool-4-thread-50] c.p.mapper.ProductMapper.selectList      : ==>  Preparing: SELECT id,merchant_id,name,description,price,stock,image,status,low_stock_threshold,category,created_at,updated_at FROM "product"
2026-04-23T18:55:34.706+08:00 DEBUG 21652 --- [ool-4-thread-50] c.p.mapper.ProductMapper.selectList      : ==> Parameters: 
2026-04-23T18:55:34.706+08:00 DEBUG 21652 --- [ool-4-thread-50] c.p.mapper.ProductMapper.selectList      : <==      Total: 0
2026-04-23T18:55:34.708+08:00 DEBUG 21652 --- [ool-4-thread-45] c.p.mapper.UserMapper.selectByPhone      : ==> Parameters: 13800138000(String)
2026-04-23T18:55:34.708+08:00 DEBUG 21652 --- [ool-4-thread-45] c.p.mapper.UserMapper.selectByPhone      : <==      Total: 0
2026-04-23T18:55:34.708+08:00 DEBUG 21652 --- [ool-4-thread-34] o.s.security.web.FilterChainProxy        : Securing GET /api/products
2026-04-23T18:55:34.708+08:00 DEBUG 21652 --- [ool-4-thread-45] c.p.mapper.MerchantMapper.selectByPhone  : ==>  Preparing: SELECT * FROM `merchant` WHERE phone = ?
2026-04-23T18:55:34.708+08:00 DEBUG 21652 --- [ool-4-thread-45] c.p.mapper.MerchantMapper.selectByPhone  : ==> Parameters: 13800138000(String)
2026-04-23T18:55:34.708+08:00 DEBUG 21652 --- [ool-4-thread-34] o.s.s.w.a.AnonymousAuthenticationFilter  : Set SecurityContextHolder to anonymous SecurityContext
2026-04-23T18:55:34.708+08:00 DEBUG 21652 --- [ool-4-thread-45] c.p.mapper.MerchantMapper.selectByPhone  : <==      Total: 0
2026-04-23T18:55:34.708+08:00 DEBUG 21652 --- [ool-4-thread-45] c.p.mapper.MerchantMapper.selectByEmail  : ==>  Preparing: SELECT * FROM `merchant` WHERE email = ?
2026-04-23T18:55:34.708+08:00 DEBUG 21652 --- [ool-4-thread-34] o.s.security.web.FilterChainProxy        : Secured GET /api/products
2026-04-23T18:55:34.708+08:00 DEBUG 21652 --- [ool-4-thread-45] c.p.mapper.MerchantMapper.selectByEmail  : ==> Parameters: 13800138000(String)
2026-04-23T18:55:34.708+08:00 DEBUG 21652 --- [ool-4-thread-45] c.p.mapper.MerchantMapper.selectByEmail  : <==      Total: 0
2026-04-23T18:55:34.708+08:00 DEBUG 21652 --- [ool-4-thread-45] c.p.mapper.AdminMapper.selectByUsername  : ==>  Preparing: SELECT * FROM `admin` WHERE username = ?
2026-04-23T18:55:34.708+08:00 DEBUG 21652 --- [ool-4-thread-45] c.p.mapper.AdminMapper.selectByUsername  : ==> Parameters: 13800138000(String)
2026-04-23T18:55:34.708+08:00 DEBUG 21652 --- [ool-4-thread-45] c.p.mapper.AdminMapper.selectByUsername  : <==      Total: 0
2026-04-23T18:55:34.709+08:00 DEBUG 21652 --- [ool-4-thread-34] c.p.mapper.ProductMapper.selectList      : ==>  Preparing: SELECT id,merchant_id,name,description,price,stock,image,status,low_stock_threshold,category,created_at,updated_at FROM "product"
2026-04-23T18:55:34.709+08:00 DEBUG 21652 --- [ool-4-thread-34] c.p.mapper.ProductMapper.selectList      : ==> Parameters: 
2026-04-23T18:55:34.709+08:00 DEBUG 21652 --- [ool-4-thread-34] c.p.mapper.ProductMapper.selectList      : <==      Total: 0
2026-04-23T18:55:34.726+08:00 DEBUG 21652 --- [ool-4-thread-40] o.s.s.a.dao.DaoAuthenticationProvider    : Failed to find user '13800138000'
2026-04-23T18:55:34.727+08:00 DEBUG 21652 --- [ool-4-thread-40] o.s.security.web.FilterChainProxy        : Securing GET /api/products
2026-04-23T18:55:34.728+08:00 DEBUG 21652 --- [ool-4-thread-40] o.s.s.w.a.AnonymousAuthenticationFilter  : Set SecurityContextHolder to anonymous SecurityContext
2026-04-23T18:55:34.728+08:00 DEBUG 21652 --- [ool-4-thread-40] o.s.security.web.FilterChainProxy        : Secured GET /api/products
2026-04-23T18:55:34.729+08:00 DEBUG 21652 --- [ool-4-thread-40] c.p.mapper.ProductMapper.selectList      : ==>  Preparing: SELECT id,merchant_id,name,description,price,stock,image,status,low_stock_threshold,category,created_at,updated_at FROM "product"
2026-04-23T18:55:34.730+08:00 DEBUG 21652 --- [ool-4-thread-40] c.p.mapper.ProductMapper.selectList      : ==> Parameters: 
2026-04-23T18:55:34.730+08:00 DEBUG 21652 --- [ool-4-thread-40] c.p.mapper.ProductMapper.selectList      : <==      Total: 0
2026-04-23T18:55:34.762+08:00 DEBUG 21652 --- [ool-4-thread-38] o.s.s.a.dao.DaoAuthenticationProvider    : Failed to find user '13800138000'
2026-04-23T18:55:34.763+08:00 DEBUG 21652 --- [ool-4-thread-48] o.s.s.a.dao.DaoAuthenticationProvider    : Failed to find user '13800138000'
2026-04-23T18:55:34.765+08:00 DEBUG 21652 --- [ool-4-thread-48] o.s.security.web.FilterChainProxy        : Securing GET /api/products
2026-04-23T18:55:34.765+08:00 DEBUG 21652 --- [ool-4-thread-48] o.s.s.w.a.AnonymousAuthenticationFilter  : Set SecurityContextHolder to anonymous SecurityContext
2026-04-23T18:55:34.765+08:00 DEBUG 21652 --- [ool-4-thread-48] o.s.security.web.FilterChainProxy        : Secured GET /api/products
2026-04-23T18:55:34.766+08:00 DEBUG 21652 --- [ool-4-thread-48] c.p.mapper.ProductMapper.selectList      : ==>  Preparing: SELECT id,merchant_id,name,description,price,stock,image,status,low_stock_threshold,category,created_at,updated_at FROM "product"
2026-04-23T18:55:34.766+08:00 DEBUG 21652 --- [ool-4-thread-48] c.p.mapper.ProductMapper.selectList      : ==> Parameters: 
2026-04-23T18:55:34.766+08:00 DEBUG 21652 --- [ool-4-thread-48] c.p.mapper.ProductMapper.selectList      : <==      Total: 0
2026-04-23T18:55:34.769+08:00 DEBUG 21652 --- [ool-4-thread-38] o.s.security.web.FilterChainProxy        : Securing GET /api/products
2026-04-23T18:55:34.770+08:00 DEBUG 21652 --- [ool-4-thread-38] o.s.s.w.a.AnonymousAuthenticationFilter  : Set SecurityContextHolder to anonymous SecurityContext
2026-04-23T18:55:34.770+08:00 DEBUG 21652 --- [ool-4-thread-47] o.s.s.a.dao.DaoAuthenticationProvider    : Failed to find user '13800138000'
2026-04-23T18:55:34.770+08:00 DEBUG 21652 --- [ool-4-thread-38] o.s.security.web.FilterChainProxy        : Secured GET /api/products
2026-04-23T18:55:34.771+08:00 DEBUG 21652 --- [ool-4-thread-46] o.s.s.a.dao.DaoAuthenticationProvider    : Failed to find user '13800138000'
2026-04-23T18:55:34.771+08:00 DEBUG 21652 --- [ool-4-thread-38] c.p.mapper.ProductMapper.selectList      : ==>  Preparing: SELECT id,merchant_id,name,description,price,stock,image,status,low_stock_threshold,category,created_at,updated_at FROM "product"
2026-04-23T18:55:34.771+08:00 DEBUG 21652 --- [ool-4-thread-47] o.s.security.web.FilterChainProxy        : Securing GET /api/products
2026-04-23T18:55:34.771+08:00 DEBUG 21652 --- [ool-4-thread-38] c.p.mapper.ProductMapper.selectList      : ==> Parameters: 
2026-04-23T18:55:34.771+08:00 DEBUG 21652 --- [ool-4-thread-47] o.s.s.w.a.AnonymousAuthenticationFilter  : Set SecurityContextHolder to anonymous SecurityContext
2026-04-23T18:55:34.771+08:00 DEBUG 21652 --- [ool-4-thread-38] c.p.mapper.ProductMapper.selectList      : <==      Total: 0
2026-04-23T18:55:34.771+08:00 DEBUG 21652 --- [ool-4-thread-47] o.s.security.web.FilterChainProxy        : Secured GET /api/products
2026-04-23T18:55:34.772+08:00 DEBUG 21652 --- [ool-4-thread-47] c.p.mapper.ProductMapper.selectList      : ==>  Preparing: SELECT id,merchant_id,name,description,price,stock,image,status,low_stock_threshold,category,created_at,updated_at FROM "product"
2026-04-23T18:55:34.772+08:00 DEBUG 21652 --- [ool-4-thread-47] c.p.mapper.ProductMapper.selectList      : ==> Parameters: 
2026-04-23T18:55:34.772+08:00 DEBUG 21652 --- [ool-4-thread-47] c.p.mapper.ProductMapper.selectList      : <==      Total: 0
2026-04-23T18:55:34.773+08:00 DEBUG 21652 --- [ool-4-thread-46] o.s.security.web.FilterChainProxy        : Securing GET /api/products
2026-04-23T18:55:34.773+08:00 DEBUG 21652 --- [ool-4-thread-46] o.s.s.w.a.AnonymousAuthenticationFilter  : Set SecurityContextHolder to anonymous SecurityContext
2026-04-23T18:55:34.773+08:00 DEBUG 21652 --- [ool-4-thread-46] o.s.security.web.FilterChainProxy        : Secured GET /api/products
2026-04-23T18:55:34.774+08:00 DEBUG 21652 --- [ool-4-thread-46] c.p.mapper.ProductMapper.selectList      : ==>  Preparing: SELECT id,merchant_id,name,description,price,stock,image,status,low_stock_threshold,category,created_at,updated_at FROM "product"
2026-04-23T18:55:34.774+08:00 DEBUG 21652 --- [ool-4-thread-46] c.p.mapper.ProductMapper.selectList      : ==> Parameters: 
2026-04-23T18:55:34.774+08:00 DEBUG 21652 --- [ool-4-thread-46] c.p.mapper.ProductMapper.selectList      : <==      Total: 0
2026-04-23T18:55:34.779+08:00 DEBUG 21652 --- [ool-4-thread-44] o.s.s.a.dao.DaoAuthenticationProvider    : Failed to find user '13800138000'
2026-04-23T18:55:34.780+08:00 DEBUG 21652 --- [ool-4-thread-44] o.s.security.web.FilterChainProxy        : Securing GET /api/products
2026-04-23T18:55:34.780+08:00 DEBUG 21652 --- [ool-4-thread-44] o.s.s.w.a.AnonymousAuthenticationFilter  : Set SecurityContextHolder to anonymous SecurityContext
2026-04-23T18:55:34.780+08:00 DEBUG 21652 --- [ool-4-thread-44] o.s.security.web.FilterChainProxy        : Secured GET /api/products
2026-04-23T18:55:34.781+08:00 DEBUG 21652 --- [ool-4-thread-44] c.p.mapper.ProductMapper.selectList      : ==>  Preparing: SELECT id,merchant_id,name,description,price,stock,image,status,low_stock_threshold,category,created_at,updated_at FROM "product"
2026-04-23T18:55:34.781+08:00 DEBUG 21652 --- [ool-4-thread-44] c.p.mapper.ProductMapper.selectList      : ==> Parameters: 
2026-04-23T18:55:34.781+08:00 DEBUG 21652 --- [ool-4-thread-44] c.p.mapper.ProductMapper.selectList      : <==      Total: 0
2026-04-23T18:55:34.799+08:00 DEBUG 21652 --- [ool-4-thread-39] o.s.s.a.dao.DaoAuthenticationProvider    : Failed to find user '13800138000'
2026-04-23T18:55:34.801+08:00 DEBUG 21652 --- [ool-4-thread-39] o.s.security.web.FilterChainProxy        : Securing GET /api/products
2026-04-23T18:55:34.802+08:00 DEBUG 21652 --- [ool-4-thread-39] o.s.s.w.a.AnonymousAuthenticationFilter  : Set SecurityContextHolder to anonymous SecurityContext
2026-04-23T18:55:34.802+08:00 DEBUG 21652 --- [ool-4-thread-39] o.s.security.web.FilterChainProxy        : Secured GET /api/products
2026-04-23T18:55:34.803+08:00 DEBUG 21652 --- [ool-4-thread-39] c.p.mapper.ProductMapper.selectList      : ==>  Preparing: SELECT id,merchant_id,name,description,price,stock,image,status,low_stock_threshold,category,created_at,updated_at FROM "product"
2026-04-23T18:55:34.804+08:00 DEBUG 21652 --- [ool-4-thread-39] c.p.mapper.ProductMapper.selectList      : ==> Parameters: 
2026-04-23T18:55:34.804+08:00 DEBUG 21652 --- [ool-4-thread-39] c.p.mapper.ProductMapper.selectList      : <==      Total: 0
2026-04-23T18:55:34.809+08:00 DEBUG 21652 --- [ool-4-thread-45] o.s.s.a.dao.DaoAuthenticationProvider    : Failed to find user '13800138000'
2026-04-23T18:55:34.811+08:00 DEBUG 21652 --- [ool-4-thread-45] o.s.security.web.FilterChainProxy        : Securing GET /api/products
2026-04-23T18:55:34.811+08:00 DEBUG 21652 --- [ool-4-thread-45] o.s.s.w.a.AnonymousAuthenticationFilter  : Set SecurityContextHolder to anonymous SecurityContext
2026-04-23T18:55:34.812+08:00 DEBUG 21652 --- [ool-4-thread-45] o.s.security.web.FilterChainProxy        : Secured GET /api/products
2026-04-23T18:55:34.812+08:00 DEBUG 21652 --- [ool-4-thread-45] c.p.mapper.ProductMapper.selectList      : ==>  Preparing: SELECT id,merchant_id,name,description,price,stock,image,status,low_stock_threshold,category,created_at,updated_at FROM "product"
2026-04-23T18:55:34.813+08:00 DEBUG 21652 --- [ool-4-thread-45] c.p.mapper.ProductMapper.selectList      : ==> Parameters: 
2026-04-23T18:55:34.813+08:00 DEBUG 21652 --- [ool-4-thread-45] c.p.mapper.ProductMapper.selectList      : <==      Total: 0

并发测试结果:
总请求数: 50
成功请求: 0
失败请求: 50
成功率: 0.00%
总耗时: 801 ms
平均响应时间: 614.56 ms
吞吐量: 0.00 请求/秒

>>> 测试系统吞吐量 <<<
2026-04-23T18:55:34.830+08:00 DEBUG 21652 --- [pool-5-thread-4] o.s.security.web.FilterChainProxy        : Securing GET /api/products
2026-04-23T18:55:34.830+08:00 DEBUG 21652 --- [pool-5-thread-2] o.s.security.web.FilterChainProxy        : Securing GET /api/products
2026-04-23T18:55:34.830+08:00 DEBUG 21652 --- [pool-5-thread-3] o.s.security.web.FilterChainProxy        : Securing GET /api/products
2026-04-23T18:55:34.830+08:00 DEBUG 21652 --- [pool-5-thread-1] o.s.security.web.FilterChainProxy        : Securing GET /api/products
2026-04-23T18:55:34.830+08:00 DEBUG 21652 --- [pool-5-thread-4] o.s.s.w.a.AnonymousAuthenticationFilter  : Set SecurityContextHolder to anonymous SecurityContext
2026-04-23T18:55:34.830+08:00 DEBUG 21652 --- [pool-5-thread-3] o.s.s.w.a.AnonymousAuthenticationFilter  : Set SecurityContextHolder to anonymous SecurityContext
2026-04-23T18:55:34.830+08:00 DEBUG 21652 --- [pool-5-thread-2] o.s.s.w.a.AnonymousAuthenticationFilter  : Set SecurityContextHolder to anonymous SecurityContext
2026-04-23T18:55:34.830+08:00 DEBUG 21652 --- [pool-5-thread-1] o.s.s.w.a.AnonymousAuthenticationFilter  : Set SecurityContextHolder to anonymous SecurityContext
2026-04-23T18:55:34.830+08:00 DEBUG 21652 --- [pool-5-thread-4] o.s.security.web.FilterChainProxy        : Secured GET /api/products
2026-04-23T18:55:34.830+08:00 DEBUG 21652 --- [pool-5-thread-3] o.s.security.web.FilterChainProxy        : Secured GET /api/products
2026-04-23T18:55:34.830+08:00 DEBUG 21652 --- [pool-5-thread-1] o.s.security.web.FilterChainProxy        : Secured GET /api/products
2026-04-23T18:55:34.830+08:00 DEBUG 21652 --- [pool-5-thread-2] o.s.security.web.FilterChainProxy        : Secured GET /api/products
2026-04-23T18:55:34.830+08:00 DEBUG 21652 --- [pool-5-thread-7] o.s.security.web.FilterChainProxy        : Securing GET /api/products
2026-04-23T18:55:34.830+08:00 DEBUG 21652 --- [pool-5-thread-8] o.s.security.web.FilterChainProxy        : Securing GET /api/products
2026-04-23T18:55:34.831+08:00 DEBUG 21652 --- [pool-5-thread-9] o.s.security.web.FilterChainProxy        : Securing GET /api/products
2026-04-23T18:55:34.831+08:00 DEBUG 21652 --- [pool-5-thread-7] o.s.s.w.a.AnonymousAuthenticationFilter  : Set SecurityContextHolder to anonymous SecurityContext
2026-04-23T18:55:34.831+08:00 DEBUG 21652 --- [pool-5-thread-8] o.s.s.w.a.AnonymousAuthenticationFilter  : Set SecurityContextHolder to anonymous SecurityContext
2026-04-23T18:55:34.831+08:00 DEBUG 21652 --- [pool-5-thread-9] o.s.s.w.a.AnonymousAuthenticationFilter  : Set SecurityContextHolder to anonymous SecurityContext
2026-04-23T18:55:34.831+08:00 DEBUG 21652 --- [pool-5-thread-9] o.s.security.web.FilterChainProxy        : Secured GET /api/products
2026-04-23T18:55:34.831+08:00 DEBUG 21652 --- [pool-5-thread-8] o.s.security.web.FilterChainProxy        : Secured GET /api/products
2026-04-23T18:55:34.831+08:00 DEBUG 21652 --- [pool-5-thread-5] o.s.security.web.FilterChainProxy        : Securing GET /api/products
2026-04-23T18:55:34.831+08:00 DEBUG 21652 --- [pool-5-thread-1] c.p.mapper.ProductMapper.selectList      : ==>  Preparing: SELECT id,merchant_id,name,description,price,stock,image,status,low_stock_threshold,category,created_at,updated_at FROM "product"
2026-04-23T18:55:34.831+08:00 DEBUG 21652 --- [pool-5-thread-6] o.s.security.web.FilterChainProxy        : Securing GET /api/products
2026-04-23T18:55:34.831+08:00 DEBUG 21652 --- [pool-5-thread-1] c.p.mapper.ProductMapper.selectList      : ==> Parameters: 
2026-04-23T18:55:34.831+08:00 DEBUG 21652 --- [ool-5-thread-10] o.s.security.web.FilterChainProxy        : Securing GET /api/products
2026-04-23T18:55:34.831+08:00 DEBUG 21652 --- [pool-5-thread-5] o.s.s.w.a.AnonymousAuthenticationFilter  : Set SecurityContextHolder to anonymous SecurityContext
2026-04-23T18:55:34.831+08:00 DEBUG 21652 --- [pool-5-thread-6] o.s.s.w.a.AnonymousAuthenticationFilter  : Set SecurityContextHolder to anonymous SecurityContext
2026-04-23T18:55:34.832+08:00 DEBUG 21652 --- [pool-5-thread-6] o.s.security.web.FilterChainProxy        : Secured GET /api/products
2026-04-23T18:55:34.832+08:00 DEBUG 21652 --- [pool-5-thread-2] c.p.mapper.ProductMapper.selectList      : ==>  Preparing: SELECT id,merchant_id,name,description,price,stock,image,status,low_stock_threshold,category,created_at,updated_at FROM "product"
2026-04-23T18:55:34.832+08:00 DEBUG 21652 --- [pool-5-thread-2] c.p.mapper.ProductMapper.selectList      : ==> Parameters: 
2026-04-23T18:55:34.831+08:00 DEBUG 21652 --- [pool-5-thread-1] c.p.mapper.ProductMapper.selectList      : <==      Total: 0
2026-04-23T18:55:34.832+08:00 DEBUG 21652 --- [pool-5-thread-2] c.p.mapper.ProductMapper.selectList      : <==      Total: 0
2026-04-23T18:55:34.832+08:00 DEBUG 21652 --- [pool-5-thread-5] o.s.security.web.FilterChainProxy        : Secured GET /api/products
2026-04-23T18:55:34.832+08:00 DEBUG 21652 --- [pool-5-thread-3] c.p.mapper.ProductMapper.selectList      : ==>  Preparing: SELECT id,merchant_id,name,description,price,stock,image,status,low_stock_threshold,category,created_at,updated_at FROM "product"
2026-04-23T18:55:34.832+08:00 DEBUG 21652 --- [pool-5-thread-8] c.p.mapper.ProductMapper.selectList      : ==>  Preparing: SELECT id,merchant_id,name,description,price,stock,image,status,low_stock_threshold,category,created_at,updated_at FROM "product"
2026-04-23T18:55:34.832+08:00 DEBUG 21652 --- [pool-5-thread-3] c.p.mapper.ProductMapper.selectList      : ==> Parameters: 
2026-04-23T18:55:34.832+08:00 DEBUG 21652 --- [pool-5-thread-8] c.p.mapper.ProductMapper.selectList      : ==> Parameters: 
2026-04-23T18:55:34.832+08:00 DEBUG 21652 --- [ool-5-thread-10] o.s.s.w.a.AnonymousAuthenticationFilter  : Set SecurityContextHolder to anonymous SecurityContext
2026-04-23T18:55:34.832+08:00 DEBUG 21652 --- [pool-5-thread-3] c.p.mapper.ProductMapper.selectList      : <==      Total: 0
2026-04-23T18:55:34.832+08:00 DEBUG 21652 --- [pool-5-thread-8] c.p.mapper.ProductMapper.selectList      : <==      Total: 0
2026-04-23T18:55:34.832+08:00 DEBUG 21652 --- [ool-5-thread-10] o.s.security.web.FilterChainProxy        : Secured GET /api/products
2026-04-23T18:55:34.833+08:00 DEBUG 21652 --- [pool-5-thread-6] c.p.mapper.ProductMapper.selectList      : ==>  Preparing: SELECT id,merchant_id,name,description,price,stock,image,status,low_stock_threshold,category,created_at,updated_at FROM "product"
2026-04-23T18:55:34.833+08:00 DEBUG 21652 --- [pool-5-thread-6] c.p.mapper.ProductMapper.selectList      : ==> Parameters: 
2026-04-23T18:55:34.833+08:00 DEBUG 21652 --- [pool-5-thread-6] c.p.mapper.ProductMapper.selectList      : <==      Total: 0
2026-04-23T18:55:34.833+08:00 DEBUG 21652 --- [ool-5-thread-10] c.p.mapper.ProductMapper.selectList      : ==>  Preparing: SELECT id,merchant_id,name,description,price,stock,image,status,low_stock_threshold,category,created_at,updated_at FROM "product"
2026-04-23T18:55:34.833+08:00 DEBUG 21652 --- [ool-5-thread-10] c.p.mapper.ProductMapper.selectList      : ==> Parameters: 
2026-04-23T18:55:34.833+08:00 DEBUG 21652 --- [ool-5-thread-10] c.p.mapper.ProductMapper.selectList      : <==      Total: 0
2026-04-23T18:55:34.833+08:00 DEBUG 21652 --- [pool-5-thread-3] o.s.security.web.FilterChainProxy        : Securing GET /api/products
2026-04-23T18:55:34.833+08:00 DEBUG 21652 --- [pool-5-thread-2] o.s.security.web.FilterChainProxy        : Securing GET /api/products
2026-04-23T18:55:34.832+08:00 DEBUG 21652 --- [pool-5-thread-9] c.p.mapper.ProductMapper.selectList      : ==>  Preparing: SELECT id,merchant_id,name,description,price,stock,image,status,low_stock_threshold,category,created_at,updated_at FROM "product"
2026-04-23T18:55:34.834+08:00 DEBUG 21652 --- [pool-5-thread-3] o.s.s.w.a.AnonymousAuthenticationFilter  : Set SecurityContextHolder to anonymous SecurityContext
2026-04-23T18:55:34.833+08:00 DEBUG 21652 --- [pool-5-thread-8] o.s.security.web.FilterChainProxy        : Securing GET /api/products
2026-04-23T18:55:34.834+08:00 DEBUG 21652 --- [pool-5-thread-5] c.p.mapper.ProductMapper.selectList      : ==>  Preparing: SELECT id,merchant_id,name,description,price,stock,image,status,low_stock_threshold,category,created_at,updated_at FROM "product"
2026-04-23T18:55:34.834+08:00 DEBUG 21652 --- [pool-5-thread-9] c.p.mapper.ProductMapper.selectList      : ==> Parameters: 
2026-04-23T18:55:34.834+08:00 DEBUG 21652 --- [pool-5-thread-5] c.p.mapper.ProductMapper.selectList      : ==> Parameters: 
2026-04-23T18:55:34.834+08:00 DEBUG 21652 --- [pool-5-thread-3] o.s.security.web.FilterChainProxy        : Secured GET /api/products
2026-04-23T18:55:34.834+08:00 DEBUG 21652 --- [pool-5-thread-5] c.p.mapper.ProductMapper.selectList      : <==      Total: 0
2026-04-23T18:55:34.834+08:00 DEBUG 21652 --- [pool-5-thread-8] o.s.s.w.a.AnonymousAuthenticationFilter  : Set SecurityContextHolder to anonymous SecurityContext
2026-04-23T18:55:34.834+08:00 DEBUG 21652 --- [pool-5-thread-2] o.s.s.w.a.AnonymousAuthenticationFilter  : Set SecurityContextHolder to anonymous SecurityContext
2026-04-23T18:55:34.834+08:00 DEBUG 21652 --- [pool-5-thread-6] o.s.security.web.FilterChainProxy        : Securing GET /api/products
2026-04-23T18:55:34.834+08:00 DEBUG 21652 --- [pool-5-thread-8] o.s.security.web.FilterChainProxy        : Secured GET /api/products
2026-04-23T18:55:34.834+08:00 DEBUG 21652 --- [pool-5-thread-2] o.s.security.web.FilterChainProxy        : Secured GET /api/products
2026-04-23T18:55:34.834+08:00 DEBUG 21652 --- [pool-5-thread-6] o.s.s.w.a.AnonymousAuthenticationFilter  : Set SecurityContextHolder to anonymous SecurityContext
2026-04-23T18:55:34.834+08:00 DEBUG 21652 --- [ool-5-thread-10] o.s.security.web.FilterChainProxy        : Securing GET /api/products
2026-04-23T18:55:34.834+08:00 DEBUG 21652 --- [pool-5-thread-6] o.s.security.web.FilterChainProxy        : Secured GET /api/products
2026-04-23T18:55:34.834+08:00 DEBUG 21652 --- [ool-5-thread-10] o.s.s.w.a.AnonymousAuthenticationFilter  : Set SecurityContextHolder to anonymous SecurityContext
2026-04-23T18:55:34.834+08:00 DEBUG 21652 --- [ool-5-thread-10] o.s.security.web.FilterChainProxy        : Secured GET /api/products
2026-04-23T18:55:34.835+08:00 DEBUG 21652 --- [pool-5-thread-3] c.p.mapper.ProductMapper.selectList      : ==>  Preparing: SELECT id,merchant_id,name,description,price,stock,image,status,low_stock_threshold,category,created_at,updated_at FROM "product"
2026-04-23T18:55:34.835+08:00 DEBUG 21652 --- [pool-5-thread-3] c.p.mapper.ProductMapper.selectList      : ==> Parameters: 
2026-04-23T18:55:34.835+08:00 DEBUG 21652 --- [pool-5-thread-3] c.p.mapper.ProductMapper.selectList      : <==      Total: 0
2026-04-23T18:55:34.835+08:00 DEBUG 21652 --- [pool-5-thread-6] c.p.mapper.ProductMapper.selectList      : ==>  Preparing: SELECT id,merchant_id,name,description,price,stock,image,status,low_stock_threshold,category,created_at,updated_at FROM "product"
2026-04-23T18:55:34.835+08:00 DEBUG 21652 --- [ool-5-thread-10] c.p.mapper.ProductMapper.selectList      : ==>  Preparing: SELECT id,merchant_id,name,description,price,stock,image,status,low_stock_threshold,category,created_at,updated_at FROM "product"
2026-04-23T18:55:34.835+08:00 DEBUG 21652 --- [pool-5-thread-6] c.p.mapper.ProductMapper.selectList      : ==> Parameters: 
2026-04-23T18:55:34.834+08:00 DEBUG 21652 --- [pool-5-thread-9] c.p.mapper.ProductMapper.selectList      : <==      Total: 0
2026-04-23T18:55:34.835+08:00 DEBUG 21652 --- [pool-5-thread-5] o.s.security.web.FilterChainProxy        : Securing GET /api/products
2026-04-23T18:55:34.835+08:00 DEBUG 21652 --- [pool-5-thread-6] c.p.mapper.ProductMapper.selectList      : <==      Total: 0
2026-04-23T18:55:34.835+08:00 DEBUG 21652 --- [ool-5-thread-10] c.p.mapper.ProductMapper.selectList      : ==> Parameters: 
2026-04-23T18:55:34.835+08:00 DEBUG 21652 --- [pool-5-thread-5] o.s.s.w.a.AnonymousAuthenticationFilter  : Set SecurityContextHolder to anonymous SecurityContext
2026-04-23T18:55:34.835+08:00 DEBUG 21652 --- [ool-5-thread-10] c.p.mapper.ProductMapper.selectList      : <==      Total: 0
2026-04-23T18:55:34.836+08:00 DEBUG 21652 --- [pool-5-thread-5] o.s.security.web.FilterChainProxy        : Secured GET /api/products
2026-04-23T18:55:34.836+08:00 DEBUG 21652 --- [pool-5-thread-2] c.p.mapper.ProductMapper.selectList      : ==>  Preparing: SELECT id,merchant_id,name,description,price,stock,image,status,low_stock_threshold,category,created_at,updated_at FROM "product"
2026-04-23T18:55:34.836+08:00 DEBUG 21652 --- [pool-5-thread-2] c.p.mapper.ProductMapper.selectList      : ==> Parameters: 
2026-04-23T18:55:34.836+08:00 DEBUG 21652 --- [pool-5-thread-2] c.p.mapper.ProductMapper.selectList      : <==      Total: 0
2026-04-23T18:55:34.836+08:00 DEBUG 21652 --- [pool-5-thread-3] o.s.security.web.FilterChainProxy        : Securing GET /api/products
2026-04-23T18:55:34.836+08:00 DEBUG 21652 --- [pool-5-thread-3] o.s.s.w.a.AnonymousAuthenticationFilter  : Set SecurityContextHolder to anonymous SecurityContext
2026-04-23T18:55:34.836+08:00 DEBUG 21652 --- [pool-5-thread-9] o.s.security.web.FilterChainProxy        : Securing GET /api/products
2026-04-23T18:55:34.836+08:00 DEBUG 21652 --- [pool-5-thread-6] o.s.security.web.FilterChainProxy        : Securing GET /api/products
2026-04-23T18:55:34.836+08:00 DEBUG 21652 --- [pool-5-thread-5] c.p.mapper.ProductMapper.selectList      : ==>  Preparing: SELECT id,merchant_id,name,description,price,stock,image,status,low_stock_threshold,category,created_at,updated_at FROM "product"
2026-04-23T18:55:34.836+08:00 DEBUG 21652 --- [pool-5-thread-3] o.s.security.web.FilterChainProxy        : Secured GET /api/products
2026-04-23T18:55:34.836+08:00 DEBUG 21652 --- [pool-5-thread-5] c.p.mapper.ProductMapper.selectList      : ==> Parameters: 
2026-04-23T18:55:34.836+08:00 DEBUG 21652 --- [pool-5-thread-9] o.s.s.w.a.AnonymousAuthenticationFilter  : Set SecurityContextHolder to anonymous SecurityContext
2026-04-23T18:55:34.836+08:00 DEBUG 21652 --- [pool-5-thread-6] o.s.s.w.a.AnonymousAuthenticationFilter  : Set SecurityContextHolder to anonymous SecurityContext
2026-04-23T18:55:34.836+08:00 DEBUG 21652 --- [pool-5-thread-5] c.p.mapper.ProductMapper.selectList      : <==      Total: 0
2026-04-23T18:55:34.836+08:00 DEBUG 21652 --- [pool-5-thread-9] o.s.security.web.FilterChainProxy        : Secured GET /api/products
2026-04-23T18:55:34.836+08:00 DEBUG 21652 --- [pool-5-thread-6] o.s.security.web.FilterChainProxy        : Secured GET /api/products
2026-04-23T18:55:34.836+08:00 DEBUG 21652 --- [pool-5-thread-8] c.p.mapper.ProductMapper.selectList      : ==>  Preparing: SELECT id,merchant_id,name,description,price,stock,image,status,low_stock_threshold,category,created_at,updated_at FROM "product"
2026-04-23T18:55:34.837+08:00 DEBUG 21652 --- [ool-5-thread-10] o.s.security.web.FilterChainProxy        : Securing GET /api/products
2026-04-23T18:55:34.837+08:00 DEBUG 21652 --- [ool-5-thread-10] o.s.s.w.a.AnonymousAuthenticationFilter  : Set SecurityContextHolder to anonymous SecurityContext
2026-04-23T18:55:34.837+08:00 DEBUG 21652 --- [pool-5-thread-8] c.p.mapper.ProductMapper.selectList      : ==> Parameters: 
2026-04-23T18:55:34.837+08:00 DEBUG 21652 --- [pool-5-thread-3] c.p.mapper.ProductMapper.selectList      : ==>  Preparing: SELECT id,merchant_id,name,description,price,stock,image,status,low_stock_threshold,category,created_at,updated_at FROM "product"
2026-04-23T18:55:34.837+08:00 DEBUG 21652 --- [ool-5-thread-10] o.s.security.web.FilterChainProxy        : Secured GET /api/products
2026-04-23T18:55:34.837+08:00 DEBUG 21652 --- [pool-5-thread-3] c.p.mapper.ProductMapper.selectList      : ==> Parameters: 
2026-04-23T18:55:34.837+08:00 DEBUG 21652 --- [pool-5-thread-8] c.p.mapper.ProductMapper.selectList      : <==      Total: 0
2026-04-23T18:55:34.837+08:00 DEBUG 21652 --- [pool-5-thread-6] c.p.mapper.ProductMapper.selectList      : ==>  Preparing: SELECT id,merchant_id,name,description,price,stock,image,status,low_stock_threshold,category,created_at,updated_at FROM "product"
2026-04-23T18:55:34.837+08:00 DEBUG 21652 --- [pool-5-thread-3] c.p.mapper.ProductMapper.selectList      : <==      Total: 0
2026-04-23T18:55:34.837+08:00 DEBUG 21652 --- [pool-5-thread-9] c.p.mapper.ProductMapper.selectList      : ==>  Preparing: SELECT id,merchant_id,name,description,price,stock,image,status,low_stock_threshold,category,created_at,updated_at FROM "product"
2026-04-23T18:55:34.837+08:00 DEBUG 21652 --- [pool-5-thread-6] c.p.mapper.ProductMapper.selectList      : ==> Parameters: 
2026-04-23T18:55:34.837+08:00 DEBUG 21652 --- [pool-5-thread-9] c.p.mapper.ProductMapper.selectList      : ==> Parameters: 
2026-04-23T18:55:34.837+08:00 DEBUG 21652 --- [pool-5-thread-6] c.p.mapper.ProductMapper.selectList      : <==      Total: 0
2026-04-23T18:55:34.837+08:00 DEBUG 21652 --- [pool-5-thread-9] c.p.mapper.ProductMapper.selectList      : <==      Total: 0
2026-04-23T18:55:34.837+08:00 DEBUG 21652 --- [pool-5-thread-5] o.s.security.web.FilterChainProxy        : Securing GET /api/products
2026-04-23T18:55:34.838+08:00 DEBUG 21652 --- [ool-5-thread-10] c.p.mapper.ProductMapper.selectList      : ==>  Preparing: SELECT id,merchant_id,name,description,price,stock,image,status,low_stock_threshold,category,created_at,updated_at FROM "product"
2026-04-23T18:55:34.838+08:00 DEBUG 21652 --- [pool-5-thread-5] o.s.s.w.a.AnonymousAuthenticationFilter  : Set SecurityContextHolder to anonymous SecurityContext
2026-04-23T18:55:34.838+08:00 DEBUG 21652 --- [ool-5-thread-10] c.p.mapper.ProductMapper.selectList      : ==> Parameters: 
2026-04-23T18:55:34.838+08:00 DEBUG 21652 --- [ool-5-thread-10] c.p.mapper.ProductMapper.selectList      : <==      Total: 0
2026-04-23T18:55:34.838+08:00 DEBUG 21652 --- [pool-5-thread-5] o.s.security.web.FilterChainProxy        : Secured GET /api/products
2026-04-23T18:55:34.838+08:00 DEBUG 21652 --- [pool-5-thread-3] o.s.security.web.FilterChainProxy        : Securing GET /api/products
2026-04-23T18:55:34.838+08:00 DEBUG 21652 --- [pool-5-thread-9] o.s.security.web.FilterChainProxy        : Securing GET /api/products
2026-04-23T18:55:34.838+08:00 DEBUG 21652 --- [pool-5-thread-6] o.s.security.web.FilterChainProxy        : Securing GET /api/products
2026-04-23T18:55:34.838+08:00 DEBUG 21652 --- [pool-5-thread-3] o.s.s.w.a.AnonymousAuthenticationFilter  : Set SecurityContextHolder to anonymous SecurityContext
2026-04-23T18:55:34.838+08:00 DEBUG 21652 --- [pool-5-thread-9] o.s.s.w.a.AnonymousAuthenticationFilter  : Set SecurityContextHolder to anonymous SecurityContext
2026-04-23T18:55:34.838+08:00 DEBUG 21652 --- [pool-5-thread-6] o.s.s.w.a.AnonymousAuthenticationFilter  : Set SecurityContextHolder to anonymous SecurityContext
2026-04-23T18:55:34.838+08:00 DEBUG 21652 --- [pool-5-thread-3] o.s.security.web.FilterChainProxy        : Secured GET /api/products
2026-04-23T18:55:34.838+08:00 DEBUG 21652 --- [pool-5-thread-9] o.s.security.web.FilterChainProxy        : Secured GET /api/products
2026-04-23T18:55:34.838+08:00 DEBUG 21652 --- [pool-5-thread-6] o.s.security.web.FilterChainProxy        : Secured GET /api/products
2026-04-23T18:55:34.838+08:00 DEBUG 21652 --- [pool-5-thread-5] c.p.mapper.ProductMapper.selectList      : ==>  Preparing: SELECT id,merchant_id,name,description,price,stock,image,status,low_stock_threshold,category,created_at,updated_at FROM "product"
2026-04-23T18:55:34.838+08:00 DEBUG 21652 --- [pool-5-thread-5] c.p.mapper.ProductMapper.selectList      : ==> Parameters: 
2026-04-23T18:55:34.839+08:00 DEBUG 21652 --- [pool-5-thread-5] c.p.mapper.ProductMapper.selectList      : <==      Total: 0
2026-04-23T18:55:34.839+08:00 DEBUG 21652 --- [pool-5-thread-2] o.s.security.web.FilterChainProxy        : Securing GET /api/products
2026-04-23T18:55:34.839+08:00 DEBUG 21652 --- [ool-5-thread-10] o.s.security.web.FilterChainProxy        : Securing GET /api/products
2026-04-23T18:55:34.839+08:00 DEBUG 21652 --- [pool-5-thread-9] c.p.mapper.ProductMapper.selectList      : ==>  Preparing: SELECT id,merchant_id,name,description,price,stock,image,status,low_stock_threshold,category,created_at,updated_at FROM "product"
2026-04-23T18:55:34.839+08:00 DEBUG 21652 --- [pool-5-thread-6] c.p.mapper.ProductMapper.selectList      : ==>  Preparing: SELECT id,merchant_id,name,description,price,stock,image,status,low_stock_threshold,category,created_at,updated_at FROM "product"
2026-04-23T18:55:34.839+08:00 DEBUG 21652 --- [pool-5-thread-3] c.p.mapper.ProductMapper.selectList      : ==>  Preparing: SELECT id,merchant_id,name,description,price,stock,image,status,low_stock_threshold,category,created_at,updated_at FROM "product"
2026-04-23T18:55:34.839+08:00 DEBUG 21652 --- [pool-5-thread-6] c.p.mapper.ProductMapper.selectList      : ==> Parameters: 
2026-04-23T18:55:34.839+08:00 DEBUG 21652 --- [pool-5-thread-9] c.p.mapper.ProductMapper.selectList      : ==> Parameters: 
2026-04-23T18:55:34.839+08:00 DEBUG 21652 --- [pool-5-thread-3] c.p.mapper.ProductMapper.selectList      : ==> Parameters: 
2026-04-23T18:55:34.839+08:00 DEBUG 21652 --- [ool-5-thread-10] o.s.s.w.a.AnonymousAuthenticationFilter  : Set SecurityContextHolder to anonymous SecurityContext
2026-04-23T18:55:34.839+08:00 DEBUG 21652 --- [pool-5-thread-6] c.p.mapper.ProductMapper.selectList      : <==      Total: 0
2026-04-23T18:55:34.839+08:00 DEBUG 21652 --- [pool-5-thread-9] c.p.mapper.ProductMapper.selectList      : <==      Total: 0
2026-04-23T18:55:34.839+08:00 DEBUG 21652 --- [pool-5-thread-3] c.p.mapper.ProductMapper.selectList      : <==      Total: 0
2026-04-23T18:55:34.839+08:00 DEBUG 21652 --- [ool-5-thread-10] o.s.security.web.FilterChainProxy        : Secured GET /api/products
2026-04-23T18:55:34.840+08:00 DEBUG 21652 --- [pool-5-thread-2] o.s.s.w.a.AnonymousAuthenticationFilter  : Set SecurityContextHolder to anonymous SecurityContext
2026-04-23T18:55:34.840+08:00 DEBUG 21652 --- [pool-5-thread-4] c.p.mapper.ProductMapper.selectList      : ==>  Preparing: SELECT id,merchant_id,name,description,price,stock,image,status,low_stock_threshold,category,created_at,updated_at FROM "product"
2026-04-23T18:55:34.840+08:00 DEBUG 21652 --- [pool-5-thread-4] c.p.mapper.ProductMapper.selectList      : ==> Parameters: 
2026-04-23T18:55:34.840+08:00 DEBUG 21652 --- [pool-5-thread-2] o.s.security.web.FilterChainProxy        : Secured GET /api/products
2026-04-23T18:55:34.840+08:00 DEBUG 21652 --- [ool-5-thread-10] c.p.mapper.ProductMapper.selectList      : ==>  Preparing: SELECT id,merchant_id,name,description,price,stock,image,status,low_stock_threshold,category,created_at,updated_at FROM "product"
2026-04-23T18:55:34.840+08:00 DEBUG 21652 --- [ool-5-thread-10] c.p.mapper.ProductMapper.selectList      : ==> Parameters: 
2026-04-23T18:55:34.840+08:00 DEBUG 21652 --- [pool-5-thread-4] c.p.mapper.ProductMapper.selectList      : <==      Total: 0
2026-04-23T18:55:34.840+08:00 DEBUG 21652 --- [pool-5-thread-8] o.s.security.web.FilterChainProxy        : Securing GET /api/products
2026-04-23T18:55:34.840+08:00 DEBUG 21652 --- [ool-5-thread-10] c.p.mapper.ProductMapper.selectList      : <==      Total: 0
2026-04-23T18:55:34.840+08:00 DEBUG 21652 --- [pool-5-thread-9] o.s.security.web.FilterChainProxy        : Securing GET /api/products
2026-04-23T18:55:34.840+08:00 DEBUG 21652 --- [pool-5-thread-6] o.s.security.web.FilterChainProxy        : Securing GET /api/products
2026-04-23T18:55:34.840+08:00 DEBUG 21652 --- [pool-5-thread-3] o.s.security.web.FilterChainProxy        : Securing GET /api/products
2026-04-23T18:55:34.840+08:00 DEBUG 21652 --- [pool-5-thread-8] o.s.s.w.a.AnonymousAuthenticationFilter  : Set SecurityContextHolder to anonymous SecurityContext
2026-04-23T18:55:34.840+08:00 DEBUG 21652 --- [pool-5-thread-9] o.s.s.w.a.AnonymousAuthenticationFilter  : Set SecurityContextHolder to anonymous SecurityContext
2026-04-23T18:55:34.840+08:00 DEBUG 21652 --- [pool-5-thread-6] o.s.s.w.a.AnonymousAuthenticationFilter  : Set SecurityContextHolder to anonymous SecurityContext
2026-04-23T18:55:34.840+08:00 DEBUG 21652 --- [pool-5-thread-5] o.s.security.web.FilterChainProxy        : Securing GET /api/products
2026-04-23T18:55:34.840+08:00 DEBUG 21652 --- [pool-5-thread-8] o.s.security.web.FilterChainProxy        : Secured GET /api/products
2026-04-23T18:55:34.840+08:00 DEBUG 21652 --- [pool-5-thread-3] o.s.s.w.a.AnonymousAuthenticationFilter  : Set SecurityContextHolder to anonymous SecurityContext
2026-04-23T18:55:34.840+08:00 DEBUG 21652 --- [pool-5-thread-2] c.p.mapper.ProductMapper.selectList      : ==>  Preparing: SELECT id,merchant_id,name,description,price,stock,image,status,low_stock_threshold,category,created_at,updated_at FROM "product"
2026-04-23T18:55:34.840+08:00 DEBUG 21652 --- [pool-5-thread-9] o.s.security.web.FilterChainProxy        : Secured GET /api/products
2026-04-23T18:55:34.840+08:00 DEBUG 21652 --- [pool-5-thread-2] c.p.mapper.ProductMapper.selectList      : ==> Parameters: 
2026-04-23T18:55:34.840+08:00 DEBUG 21652 --- [pool-5-thread-6] o.s.security.web.FilterChainProxy        : Secured GET /api/products
2026-04-23T18:55:34.840+08:00 DEBUG 21652 --- [pool-5-thread-3] o.s.security.web.FilterChainProxy        : Secured GET /api/products
2026-04-23T18:55:34.840+08:00 DEBUG 21652 --- [pool-5-thread-5] o.s.s.w.a.AnonymousAuthenticationFilter  : Set SecurityContextHolder to anonymous SecurityContext
2026-04-23T18:55:34.840+08:00 DEBUG 21652 --- [pool-5-thread-2] c.p.mapper.ProductMapper.selectList      : <==      Total: 0
2026-04-23T18:55:34.841+08:00 DEBUG 21652 --- [pool-5-thread-5] o.s.security.web.FilterChainProxy        : Secured GET /api/products
2026-04-23T18:55:34.841+08:00 DEBUG 21652 --- [pool-5-thread-8] c.p.mapper.ProductMapper.selectList      : ==>  Preparing: SELECT id,merchant_id,name,description,price,stock,image,status,low_stock_threshold,category,created_at,updated_at FROM "product"
2026-04-23T18:55:34.841+08:00 DEBUG 21652 --- [pool-5-thread-9] c.p.mapper.ProductMapper.selectList      : ==>  Preparing: SELECT id,merchant_id,name,description,price,stock,image,status,low_stock_threshold,category,created_at,updated_at FROM "product"
2026-04-23T18:55:34.841+08:00 DEBUG 21652 --- [pool-5-thread-8] c.p.mapper.ProductMapper.selectList      : ==> Parameters: 
2026-04-23T18:55:34.841+08:00 DEBUG 21652 --- [pool-5-thread-6] c.p.mapper.ProductMapper.selectList      : ==>  Preparing: SELECT id,merchant_id,name,description,price,stock,image,status,low_stock_threshold,category,created_at,updated_at FROM "product"
2026-04-23T18:55:34.841+08:00 DEBUG 21652 --- [pool-5-thread-3] c.p.mapper.ProductMapper.selectList      : ==>  Preparing: SELECT id,merchant_id,name,description,price,stock,image,status,low_stock_threshold,category,created_at,updated_at FROM "product"
2026-04-23T18:55:34.841+08:00 DEBUG 21652 --- [pool-5-thread-6] c.p.mapper.ProductMapper.selectList      : ==> Parameters: 
2026-04-23T18:55:34.841+08:00 DEBUG 21652 --- [pool-5-thread-9] c.p.mapper.ProductMapper.selectList      : ==> Parameters: 
2026-04-23T18:55:34.841+08:00 DEBUG 21652 --- [pool-5-thread-3] c.p.mapper.ProductMapper.selectList      : ==> Parameters: 
2026-04-23T18:55:34.841+08:00 DEBUG 21652 --- [pool-5-thread-8] c.p.mapper.ProductMapper.selectList      : <==      Total: 0
2026-04-23T18:55:34.841+08:00 DEBUG 21652 --- [ool-5-thread-10] o.s.security.web.FilterChainProxy        : Securing GET /api/products
2026-04-23T18:55:34.841+08:00 DEBUG 21652 --- [pool-5-thread-6] c.p.mapper.ProductMapper.selectList      : <==      Total: 0
2026-04-23T18:55:34.841+08:00 DEBUG 21652 --- [pool-5-thread-3] c.p.mapper.ProductMapper.selectList      : <==      Total: 0
2026-04-23T18:55:34.841+08:00 DEBUG 21652 --- [pool-5-thread-9] c.p.mapper.ProductMapper.selectList      : <==      Total: 0
2026-04-23T18:55:34.841+08:00 DEBUG 21652 --- [pool-5-thread-5] c.p.mapper.ProductMapper.selectList      : ==>  Preparing: SELECT id,merchant_id,name,description,price,stock,image,status,low_stock_threshold,category,created_at,updated_at FROM "product"
2026-04-23T18:55:34.841+08:00 DEBUG 21652 --- [pool-5-thread-5] c.p.mapper.ProductMapper.selectList      : ==> Parameters: 
2026-04-23T18:55:34.841+08:00 DEBUG 21652 --- [ool-5-thread-10] o.s.s.w.a.AnonymousAuthenticationFilter  : Set SecurityContextHolder to anonymous SecurityContext
2026-04-23T18:55:34.841+08:00 DEBUG 21652 --- [pool-5-thread-5] c.p.mapper.ProductMapper.selectList      : <==      Total: 0
2026-04-23T18:55:34.841+08:00 DEBUG 21652 --- [pool-5-thread-2] o.s.security.web.FilterChainProxy        : Securing GET /api/products
2026-04-23T18:55:34.841+08:00 DEBUG 21652 --- [ool-5-thread-10] o.s.security.web.FilterChainProxy        : Secured GET /api/products
2026-04-23T18:55:34.842+08:00 DEBUG 21652 --- [pool-5-thread-2] o.s.s.w.a.AnonymousAuthenticationFilter  : Set SecurityContextHolder to anonymous SecurityContext
2026-04-23T18:55:34.842+08:00 DEBUG 21652 --- [pool-5-thread-2] o.s.security.web.FilterChainProxy        : Secured GET /api/products
2026-04-23T18:55:34.836+08:00 DEBUG 21652 --- [pool-5-thread-7] o.s.security.web.FilterChainProxy        : Secured GET /api/products
2026-04-23T18:55:34.842+08:00 DEBUG 21652 --- [pool-5-thread-9] o.s.security.web.FilterChainProxy        : Securing GET /api/products
2026-04-23T18:55:34.842+08:00 DEBUG 21652 --- [pool-5-thread-8] o.s.security.web.FilterChainProxy        : Securing GET /api/products
2026-04-23T18:55:34.842+08:00 DEBUG 21652 --- [pool-5-thread-6] o.s.security.web.FilterChainProxy        : Securing GET /api/products
2026-04-23T18:55:34.842+08:00 DEBUG 21652 --- [pool-5-thread-3] o.s.security.web.FilterChainProxy        : Securing GET /api/products
2026-04-23T18:55:34.842+08:00 DEBUG 21652 --- [ool-5-thread-10] c.p.mapper.ProductMapper.selectList      : ==>  Preparing: SELECT id,merchant_id,name,description,price,stock,image,status,low_stock_threshold,category,created_at,updated_at FROM "product"
2026-04-23T18:55:34.842+08:00 DEBUG 21652 --- [pool-5-thread-5] o.s.security.web.FilterChainProxy        : Securing GET /api/products
2026-04-23T18:55:34.842+08:00 DEBUG 21652 --- [ool-5-thread-10] c.p.mapper.ProductMapper.selectList      : ==> Parameters: 
2026-04-23T18:55:34.842+08:00 DEBUG 21652 --- [pool-5-thread-9] o.s.s.w.a.AnonymousAuthenticationFilter  : Set SecurityContextHolder to anonymous SecurityContext
2026-04-23T18:55:34.842+08:00 DEBUG 21652 --- [pool-5-thread-3] o.s.s.w.a.AnonymousAuthenticationFilter  : Set SecurityContextHolder to anonymous SecurityContext
2026-04-23T18:55:34.842+08:00 DEBUG 21652 --- [ool-5-thread-10] c.p.mapper.ProductMapper.selectList      : <==      Total: 0
2026-04-23T18:55:34.842+08:00 DEBUG 21652 --- [pool-5-thread-8] o.s.s.w.a.AnonymousAuthenticationFilter  : Set SecurityContextHolder to anonymous SecurityContext
2026-04-23T18:55:34.842+08:00 DEBUG 21652 --- [pool-5-thread-5] o.s.s.w.a.AnonymousAuthenticationFilter  : Set SecurityContextHolder to anonymous SecurityContext
2026-04-23T18:55:34.842+08:00 DEBUG 21652 --- [pool-5-thread-3] o.s.security.web.FilterChainProxy        : Secured GET /api/products
2026-04-23T18:55:34.842+08:00 DEBUG 21652 --- [pool-5-thread-8] o.s.security.web.FilterChainProxy        : Secured GET /api/products
2026-04-23T18:55:34.842+08:00 DEBUG 21652 --- [pool-5-thread-5] o.s.security.web.FilterChainProxy        : Secured GET /api/products
2026-04-23T18:55:34.842+08:00 DEBUG 21652 --- [pool-5-thread-2] c.p.mapper.ProductMapper.selectList      : ==>  Preparing: SELECT id,merchant_id,name,description,price,stock,image,status,low_stock_threshold,category,created_at,updated_at FROM "product"
2026-04-23T18:55:34.842+08:00 DEBUG 21652 --- [pool-5-thread-6] o.s.s.w.a.AnonymousAuthenticationFilter  : Set SecurityContextHolder to anonymous SecurityContext
2026-04-23T18:55:34.842+08:00 DEBUG 21652 --- [pool-5-thread-9] o.s.security.web.FilterChainProxy        : Secured GET /api/products
2026-04-23T18:55:34.843+08:00 DEBUG 21652 --- [pool-5-thread-2] c.p.mapper.ProductMapper.selectList      : ==> Parameters: 
2026-04-23T18:55:34.843+08:00 DEBUG 21652 --- [pool-5-thread-2] c.p.mapper.ProductMapper.selectList      : <==      Total: 0
2026-04-23T18:55:34.843+08:00 DEBUG 21652 --- [pool-5-thread-6] o.s.security.web.FilterChainProxy        : Secured GET /api/products
2026-04-23T18:55:34.843+08:00 DEBUG 21652 --- [pool-5-thread-3] c.p.mapper.ProductMapper.selectList      : ==>  Preparing: SELECT id,merchant_id,name,description,price,stock,image,status,low_stock_threshold,category,created_at,updated_at FROM "product"
2026-04-23T18:55:34.843+08:00 DEBUG 21652 --- [pool-5-thread-5] c.p.mapper.ProductMapper.selectList      : ==>  Preparing: SELECT id,merchant_id,name,description,price,stock,image,status,low_stock_threshold,category,created_at,updated_at FROM "product"
2026-04-23T18:55:34.843+08:00 DEBUG 21652 --- [pool-5-thread-3] c.p.mapper.ProductMapper.selectList      : ==> Parameters: 
2026-04-23T18:55:34.843+08:00 DEBUG 21652 --- [pool-5-thread-8] c.p.mapper.ProductMapper.selectList      : ==>  Preparing: SELECT id,merchant_id,name,description,price,stock,image,status,low_stock_threshold,category,created_at,updated_at FROM "product"
2026-04-23T18:55:34.843+08:00 DEBUG 21652 --- [pool-5-thread-5] c.p.mapper.ProductMapper.selectList      : ==> Parameters: 
2026-04-23T18:55:34.843+08:00 DEBUG 21652 --- [pool-5-thread-8] c.p.mapper.ProductMapper.selectList      : ==> Parameters: 
2026-04-23T18:55:34.843+08:00 DEBUG 21652 --- [pool-5-thread-3] c.p.mapper.ProductMapper.selectList      : <==      Total: 0
2026-04-23T18:55:34.843+08:00 DEBUG 21652 --- [pool-5-thread-9] c.p.mapper.ProductMapper.selectList      : ==>  Preparing: SELECT id,merchant_id,name,description,price,stock,image,status,low_stock_threshold,category,created_at,updated_at FROM "product"
2026-04-23T18:55:34.843+08:00 DEBUG 21652 --- [pool-5-thread-5] c.p.mapper.ProductMapper.selectList      : <==      Total: 0
2026-04-23T18:55:34.843+08:00 DEBUG 21652 --- [pool-5-thread-9] c.p.mapper.ProductMapper.selectList      : ==> Parameters: 
2026-04-23T18:55:34.843+08:00 DEBUG 21652 --- [pool-5-thread-8] c.p.mapper.ProductMapper.selectList      : <==      Total: 0
2026-04-23T18:55:34.843+08:00 DEBUG 21652 --- [pool-5-thread-6] c.p.mapper.ProductMapper.selectList      : ==>  Preparing: SELECT id,merchant_id,name,description,price,stock,image,status,low_stock_threshold,category,created_at,updated_at FROM "product"
2026-04-23T18:55:34.843+08:00 DEBUG 21652 --- [pool-5-thread-9] c.p.mapper.ProductMapper.selectList      : <==      Total: 0
2026-04-23T18:55:34.843+08:00 DEBUG 21652 --- [pool-5-thread-6] c.p.mapper.ProductMapper.selectList      : ==> Parameters: 
2026-04-23T18:55:34.843+08:00 DEBUG 21652 --- [ool-5-thread-10] o.s.security.web.FilterChainProxy        : Securing GET /api/products
2026-04-23T18:55:34.843+08:00 DEBUG 21652 --- [pool-5-thread-6] c.p.mapper.ProductMapper.selectList      : <==      Total: 0
2026-04-23T18:55:34.843+08:00 DEBUG 21652 --- [ool-5-thread-10] o.s.s.w.a.AnonymousAuthenticationFilter  : Set SecurityContextHolder to anonymous SecurityContext
2026-04-23T18:55:34.844+08:00 DEBUG 21652 --- [ool-5-thread-10] o.s.security.web.FilterChainProxy        : Secured GET /api/products
2026-04-23T18:55:34.844+08:00 DEBUG 21652 --- [pool-5-thread-2] o.s.security.web.FilterChainProxy        : Securing GET /api/products
2026-04-23T18:55:34.844+08:00 DEBUG 21652 --- [pool-5-thread-2] o.s.s.w.a.AnonymousAuthenticationFilter  : Set SecurityContextHolder to anonymous SecurityContext
2026-04-23T18:55:34.844+08:00 DEBUG 21652 --- [pool-5-thread-2] o.s.security.web.FilterChainProxy        : Secured GET /api/products
2026-04-23T18:55:34.844+08:00 DEBUG 21652 --- [pool-5-thread-3] o.s.security.web.FilterChainProxy        : Securing GET /api/products
2026-04-23T18:55:34.844+08:00 DEBUG 21652 --- [pool-5-thread-9] o.s.security.web.FilterChainProxy        : Securing GET /api/products
2026-04-23T18:55:34.844+08:00 DEBUG 21652 --- [pool-5-thread-8] o.s.security.web.FilterChainProxy        : Securing GET /api/products
2026-04-23T18:55:34.844+08:00 DEBUG 21652 --- [pool-5-thread-5] o.s.security.web.FilterChainProxy        : Securing GET /api/products
2026-04-23T18:55:34.844+08:00 DEBUG 21652 --- [pool-5-thread-6] o.s.security.web.FilterChainProxy        : Securing GET /api/products
2026-04-23T18:55:34.844+08:00 DEBUG 21652 --- [pool-5-thread-3] o.s.s.w.a.AnonymousAuthenticationFilter  : Set SecurityContextHolder to anonymous SecurityContext
2026-04-23T18:55:34.844+08:00 DEBUG 21652 --- [pool-5-thread-9] o.s.s.w.a.AnonymousAuthenticationFilter  : Set SecurityContextHolder to anonymous SecurityContext
2026-04-23T18:55:34.844+08:00 DEBUG 21652 --- [pool-5-thread-8] o.s.s.w.a.AnonymousAuthenticationFilter  : Set SecurityContextHolder to anonymous SecurityContext
2026-04-23T18:55:34.844+08:00 DEBUG 21652 --- [pool-5-thread-5] o.s.s.w.a.AnonymousAuthenticationFilter  : Set SecurityContextHolder to anonymous SecurityContext
2026-04-23T18:55:34.844+08:00 DEBUG 21652 --- [ool-5-thread-10] c.p.mapper.ProductMapper.selectList      : ==>  Preparing: SELECT id,merchant_id,name,description,price,stock,image,status,low_stock_threshold,category,created_at,updated_at FROM "product"
2026-04-23T18:55:34.844+08:00 DEBUG 21652 --- [pool-5-thread-6] o.s.s.w.a.AnonymousAuthenticationFilter  : Set SecurityContextHolder to anonymous SecurityContext
2026-04-23T18:55:34.844+08:00 DEBUG 21652 --- [ool-5-thread-10] c.p.mapper.ProductMapper.selectList      : ==> Parameters: 
2026-04-23T18:55:34.844+08:00 DEBUG 21652 --- [pool-5-thread-8] o.s.security.web.FilterChainProxy        : Secured GET /api/products
2026-04-23T18:55:34.844+08:00 DEBUG 21652 --- [pool-5-thread-3] o.s.security.web.FilterChainProxy        : Secured GET /api/products
2026-04-23T18:55:34.844+08:00 DEBUG 21652 --- [pool-5-thread-9] o.s.security.web.FilterChainProxy        : Secured GET /api/products
2026-04-23T18:55:34.844+08:00 DEBUG 21652 --- [pool-5-thread-5] o.s.security.web.FilterChainProxy        : Secured GET /api/products
2026-04-23T18:55:34.844+08:00 DEBUG 21652 --- [ool-5-thread-10] c.p.mapper.ProductMapper.selectList      : <==      Total: 0
2026-04-23T18:55:34.844+08:00 DEBUG 21652 --- [pool-5-thread-6] o.s.security.web.FilterChainProxy        : Secured GET /api/products
2026-04-23T18:55:34.845+08:00 DEBUG 21652 --- [pool-5-thread-2] c.p.mapper.ProductMapper.selectList      : ==>  Preparing: SELECT id,merchant_id,name,description,price,stock,image,status,low_stock_threshold,category,created_at,updated_at FROM "product"
2026-04-23T18:55:34.845+08:00 DEBUG 21652 --- [pool-5-thread-2] c.p.mapper.ProductMapper.selectList      : ==> Parameters: 
2026-04-23T18:55:34.845+08:00 DEBUG 21652 --- [pool-5-thread-2] c.p.mapper.ProductMapper.selectList      : <==      Total: 0
2026-04-23T18:55:34.845+08:00 DEBUG 21652 --- [pool-5-thread-8] c.p.mapper.ProductMapper.selectList      : ==>  Preparing: SELECT id,merchant_id,name,description,price,stock,image,status,low_stock_threshold,category,created_at,updated_at FROM "product"
2026-04-23T18:55:34.845+08:00 DEBUG 21652 --- [pool-5-thread-3] c.p.mapper.ProductMapper.selectList      : ==>  Preparing: SELECT id,merchant_id,name,description,price,stock,image,status,low_stock_threshold,category,created_at,updated_at FROM "product"
2026-04-23T18:55:34.845+08:00 DEBUG 21652 --- [pool-5-thread-5] c.p.mapper.ProductMapper.selectList      : ==>  Preparing: SELECT id,merchant_id,name,description,price,stock,image,status,low_stock_threshold,category,created_at,updated_at FROM "product"
2026-04-23T18:55:34.845+08:00 DEBUG 21652 --- [pool-5-thread-3] c.p.mapper.ProductMapper.selectList      : ==> Parameters: 
2026-04-23T18:55:34.845+08:00 DEBUG 21652 --- [pool-5-thread-5] c.p.mapper.ProductMapper.selectList      : ==> Parameters: 
2026-04-23T18:55:34.845+08:00 DEBUG 21652 --- [pool-5-thread-3] c.p.mapper.ProductMapper.selectList      : <==      Total: 0
2026-04-23T18:55:34.845+08:00 DEBUG 21652 --- [pool-5-thread-8] c.p.mapper.ProductMapper.selectList      : ==> Parameters: 
2026-04-23T18:55:34.845+08:00 DEBUG 21652 --- [pool-5-thread-6] c.p.mapper.ProductMapper.selectList      : ==>  Preparing: SELECT id,merchant_id,name,description,price,stock,image,status,low_stock_threshold,category,created_at,updated_at FROM "product"
2026-04-23T18:55:34.845+08:00 DEBUG 21652 --- [pool-5-thread-9] c.p.mapper.ProductMapper.selectList      : ==>  Preparing: SELECT id,merchant_id,name,description,price,stock,image,status,low_stock_threshold,category,created_at,updated_at FROM "product"
2026-04-23T18:55:34.845+08:00 DEBUG 21652 --- [pool-5-thread-6] c.p.mapper.ProductMapper.selectList      : ==> Parameters: 
2026-04-23T18:55:34.845+08:00 DEBUG 21652 --- [pool-5-thread-5] c.p.mapper.ProductMapper.selectList      : <==      Total: 0
2026-04-23T18:55:34.845+08:00 DEBUG 21652 --- [pool-5-thread-9] c.p.mapper.ProductMapper.selectList      : ==> Parameters: 
2026-04-23T18:55:34.845+08:00 DEBUG 21652 --- [pool-5-thread-6] c.p.mapper.ProductMapper.selectList      : <==      Total: 0
2026-04-23T18:55:34.845+08:00 DEBUG 21652 --- [pool-5-thread-8] c.p.mapper.ProductMapper.selectList      : <==      Total: 0
2026-04-23T18:55:34.845+08:00 DEBUG 21652 --- [pool-5-thread-9] c.p.mapper.ProductMapper.selectList      : <==      Total: 0
2026-04-23T18:55:34.845+08:00 DEBUG 21652 --- [ool-5-thread-10] o.s.security.web.FilterChainProxy        : Securing GET /api/products
2026-04-23T18:55:34.846+08:00 DEBUG 21652 --- [pool-5-thread-2] o.s.security.web.FilterChainProxy        : Securing GET /api/products
2026-04-23T18:55:34.846+08:00 DEBUG 21652 --- [ool-5-thread-10] o.s.s.w.a.AnonymousAuthenticationFilter  : Set SecurityContextHolder to anonymous SecurityContext
2026-04-23T18:55:34.846+08:00 DEBUG 21652 --- [pool-5-thread-2] o.s.s.w.a.AnonymousAuthenticationFilter  : Set SecurityContextHolder to anonymous SecurityContext
2026-04-23T18:55:34.846+08:00 DEBUG 21652 --- [ool-5-thread-10] o.s.security.web.FilterChainProxy        : Secured GET /api/products
2026-04-23T18:55:34.846+08:00 DEBUG 21652 --- [pool-5-thread-2] o.s.security.web.FilterChainProxy        : Secured GET /api/products
2026-04-23T18:55:34.846+08:00 DEBUG 21652 --- [pool-5-thread-3] o.s.security.web.FilterChainProxy        : Securing GET /api/products
2026-04-23T18:55:34.846+08:00 DEBUG 21652 --- [pool-5-thread-3] o.s.s.w.a.AnonymousAuthenticationFilter  : Set SecurityContextHolder to anonymous SecurityContext
2026-04-23T18:55:34.846+08:00 DEBUG 21652 --- [pool-5-thread-5] o.s.security.web.FilterChainProxy        : Securing GET /api/products
2026-04-23T18:55:34.846+08:00 DEBUG 21652 --- [pool-5-thread-3] o.s.security.web.FilterChainProxy        : Secured GET /api/products
2026-04-23T18:55:34.846+08:00 DEBUG 21652 --- [pool-5-thread-6] o.s.security.web.FilterChainProxy        : Securing GET /api/products
2026-04-23T18:55:34.846+08:00 DEBUG 21652 --- [pool-5-thread-9] o.s.security.web.FilterChainProxy        : Securing GET /api/products
2026-04-23T18:55:34.846+08:00 DEBUG 21652 --- [pool-5-thread-8] o.s.security.web.FilterChainProxy        : Securing GET /api/products
2026-04-23T18:55:34.846+08:00 DEBUG 21652 --- [pool-5-thread-5] o.s.s.w.a.AnonymousAuthenticationFilter  : Set SecurityContextHolder to anonymous SecurityContext
2026-04-23T18:55:34.847+08:00 DEBUG 21652 --- [pool-5-thread-2] c.p.mapper.ProductMapper.selectList      : ==>  Preparing: SELECT id,merchant_id,name,description,price,stock,image,status,low_stock_threshold,category,created_at,updated_at FROM "product"
2026-04-23T18:55:34.847+08:00 DEBUG 21652 --- [pool-5-thread-6] o.s.s.w.a.AnonymousAuthenticationFilter  : Set SecurityContextHolder to anonymous SecurityContext
2026-04-23T18:55:34.847+08:00 DEBUG 21652 --- [ool-5-thread-10] c.p.mapper.ProductMapper.selectList      : ==>  Preparing: SELECT id,merchant_id,name,description,price,stock,image,status,low_stock_threshold,category,created_at,updated_at FROM "product"
2026-04-23T18:55:34.847+08:00 DEBUG 21652 --- [pool-5-thread-9] o.s.s.w.a.AnonymousAuthenticationFilter  : Set SecurityContextHolder to anonymous SecurityContext
2026-04-23T18:55:34.847+08:00 DEBUG 21652 --- [ool-5-thread-10] c.p.mapper.ProductMapper.selectList      : ==> Parameters: 
2026-04-23T18:55:34.847+08:00 DEBUG 21652 --- [ool-5-thread-10] c.p.mapper.ProductMapper.selectList      : <==      Total: 0
2026-04-23T18:55:34.847+08:00 DEBUG 21652 --- [pool-5-thread-2] c.p.mapper.ProductMapper.selectList      : ==> Parameters: 
2026-04-23T18:55:34.847+08:00 DEBUG 21652 --- [pool-5-thread-6] o.s.security.web.FilterChainProxy        : Secured GET /api/products
2026-04-23T18:55:34.847+08:00 DEBUG 21652 --- [pool-5-thread-5] o.s.security.web.FilterChainProxy        : Secured GET /api/products
2026-04-23T18:55:34.847+08:00 DEBUG 21652 --- [pool-5-thread-8] o.s.s.w.a.AnonymousAuthenticationFilter  : Set SecurityContextHolder to anonymous SecurityContext
2026-04-23T18:55:34.847+08:00 DEBUG 21652 --- [pool-5-thread-3] c.p.mapper.ProductMapper.selectList      : ==>  Preparing: SELECT id,merchant_id,name,description,price,stock,image,status,low_stock_threshold,category,created_at,updated_at FROM "product"
2026-04-23T18:55:34.847+08:00 DEBUG 21652 --- [pool-5-thread-9] o.s.security.web.FilterChainProxy        : Secured GET /api/products
2026-04-23T18:55:34.847+08:00 DEBUG 21652 --- [pool-5-thread-2] c.p.mapper.ProductMapper.selectList      : <==      Total: 0
2026-04-23T18:55:34.848+08:00 DEBUG 21652 --- [pool-5-thread-6] c.p.mapper.ProductMapper.selectList      : ==>  Preparing: SELECT id,merchant_id,name,description,price,stock,image,status,low_stock_threshold,category,created_at,updated_at FROM "product"
2026-04-23T18:55:34.847+08:00 DEBUG 21652 --- [pool-5-thread-3] c.p.mapper.ProductMapper.selectList      : ==> Parameters: 
2026-04-23T18:55:34.848+08:00 DEBUG 21652 --- [pool-5-thread-6] c.p.mapper.ProductMapper.selectList      : ==> Parameters: 
2026-04-23T18:55:34.848+08:00 DEBUG 21652 --- [pool-5-thread-6] c.p.mapper.ProductMapper.selectList      : <==      Total: 0
2026-04-23T18:55:34.848+08:00 DEBUG 21652 --- [pool-5-thread-9] c.p.mapper.ProductMapper.selectList      : ==>  Preparing: SELECT id,merchant_id,name,description,price,stock,image,status,low_stock_threshold,category,created_at,updated_at FROM "product"
2026-04-23T18:55:34.848+08:00 DEBUG 21652 --- [pool-5-thread-9] c.p.mapper.ProductMapper.selectList      : ==> Parameters: 
2026-04-23T18:55:34.848+08:00 DEBUG 21652 --- [pool-5-thread-9] c.p.mapper.ProductMapper.selectList      : <==      Total: 0
2026-04-23T18:55:34.848+08:00 DEBUG 21652 --- [ool-5-thread-10] o.s.security.web.FilterChainProxy        : Securing GET /api/products
2026-04-23T18:55:34.847+08:00 DEBUG 21652 --- [pool-5-thread-8] o.s.security.web.FilterChainProxy        : Secured GET /api/products
2026-04-23T18:55:34.848+08:00 DEBUG 21652 --- [ool-5-thread-10] o.s.s.w.a.AnonymousAuthenticationFilter  : Set SecurityContextHolder to anonymous SecurityContext
2026-04-23T18:55:34.848+08:00 DEBUG 21652 --- [pool-5-thread-5] c.p.mapper.ProductMapper.selectList      : ==>  Preparing: SELECT id,merchant_id,name,description,price,stock,image,status,low_stock_threshold,category,created_at,updated_at FROM "product"
2026-04-23T18:55:34.848+08:00 DEBUG 21652 --- [pool-5-thread-3] c.p.mapper.ProductMapper.selectList      : <==      Total: 0
2026-04-23T18:55:34.849+08:00 DEBUG 21652 --- [ool-5-thread-10] o.s.security.web.FilterChainProxy        : Secured GET /api/products
2026-04-23T18:55:34.849+08:00 DEBUG 21652 --- [pool-5-thread-5] c.p.mapper.ProductMapper.selectList      : ==> Parameters: 
2026-04-23T18:55:34.849+08:00 DEBUG 21652 --- [pool-5-thread-2] o.s.security.web.FilterChainProxy        : Securing GET /api/products
2026-04-23T18:55:34.849+08:00 DEBUG 21652 --- [pool-5-thread-6] o.s.security.web.FilterChainProxy        : Securing GET /api/products
2026-04-23T18:55:34.849+08:00 DEBUG 21652 --- [pool-5-thread-2] o.s.s.w.a.AnonymousAuthenticationFilter  : Set SecurityContextHolder to anonymous SecurityContext
2026-04-23T18:55:34.849+08:00 DEBUG 21652 --- [pool-5-thread-6] o.s.s.w.a.AnonymousAuthenticationFilter  : Set SecurityContextHolder to anonymous SecurityContext
2026-04-23T18:55:34.849+08:00 DEBUG 21652 --- [pool-5-thread-2] o.s.security.web.FilterChainProxy        : Secured GET /api/products
2026-04-23T18:55:34.849+08:00 DEBUG 21652 --- [pool-5-thread-8] c.p.mapper.ProductMapper.selectList      : ==>  Preparing: SELECT id,merchant_id,name,description,price,stock,image,status,low_stock_threshold,category,created_at,updated_at FROM "product"
2026-04-23T18:55:34.849+08:00 DEBUG 21652 --- [pool-5-thread-8] c.p.mapper.ProductMapper.selectList      : ==> Parameters: 
2026-04-23T18:55:34.849+08:00 DEBUG 21652 --- [pool-5-thread-6] o.s.security.web.FilterChainProxy        : Secured GET /api/products
2026-04-23T18:55:34.849+08:00 DEBUG 21652 --- [ool-5-thread-10] c.p.mapper.ProductMapper.selectList      : ==>  Preparing: SELECT id,merchant_id,name,description,price,stock,image,status,low_stock_threshold,category,created_at,updated_at FROM "product"
2026-04-23T18:55:34.849+08:00 DEBUG 21652 --- [pool-5-thread-8] c.p.mapper.ProductMapper.selectList      : <==      Total: 0
2026-04-23T18:55:34.849+08:00 DEBUG 21652 --- [pool-5-thread-2] c.p.mapper.ProductMapper.selectList      : ==>  Preparing: SELECT id,merchant_id,name,description,price,stock,image,status,low_stock_threshold,category,created_at,updated_at FROM "product"
2026-04-23T18:55:34.849+08:00 DEBUG 21652 --- [ool-5-thread-10] c.p.mapper.ProductMapper.selectList      : ==> Parameters: 
2026-04-23T18:55:34.850+08:00 DEBUG 21652 --- [pool-5-thread-2] c.p.mapper.ProductMapper.selectList      : ==> Parameters: 
2026-04-23T18:55:34.850+08:00 DEBUG 21652 --- [pool-5-thread-2] c.p.mapper.ProductMapper.selectList      : <==      Total: 0
2026-04-23T18:55:34.850+08:00 DEBUG 21652 --- [pool-5-thread-1] o.s.security.web.FilterChainProxy        : Securing GET /api/products
2026-04-23T18:55:34.850+08:00 DEBUG 21652 --- [pool-5-thread-9] o.s.security.web.FilterChainProxy        : Securing GET /api/products
2026-04-23T18:55:34.850+08:00 DEBUG 21652 --- [pool-5-thread-3] o.s.security.web.FilterChainProxy        : Securing GET /api/products
2026-04-23T18:55:34.850+08:00 DEBUG 21652 --- [pool-5-thread-3] o.s.s.w.a.AnonymousAuthenticationFilter  : Set SecurityContextHolder to anonymous SecurityContext
2026-04-23T18:55:34.850+08:00 DEBUG 21652 --- [ool-5-thread-10] c.p.mapper.ProductMapper.selectList      : <==      Total: 0
2026-04-23T18:55:34.850+08:00 DEBUG 21652 --- [pool-5-thread-8] o.s.security.web.FilterChainProxy        : Securing GET /api/products
2026-04-23T18:55:34.850+08:00 DEBUG 21652 --- [pool-5-thread-6] c.p.mapper.ProductMapper.selectList      : ==>  Preparing: SELECT id,merchant_id,name,description,price,stock,image,status,low_stock_threshold,category,created_at,updated_at FROM "product"
2026-04-23T18:55:34.850+08:00 DEBUG 21652 --- [pool-5-thread-5] c.p.mapper.ProductMapper.selectList      : <==      Total: 0
2026-04-23T18:55:34.851+08:00 DEBUG 21652 --- [pool-5-thread-8] o.s.s.w.a.AnonymousAuthenticationFilter  : Set SecurityContextHolder to anonymous SecurityContext
2026-04-23T18:55:34.851+08:00 DEBUG 21652 --- [pool-5-thread-8] o.s.security.web.FilterChainProxy        : Secured GET /api/products
2026-04-23T18:55:34.850+08:00 DEBUG 21652 --- [pool-5-thread-9] o.s.s.w.a.AnonymousAuthenticationFilter  : Set SecurityContextHolder to anonymous SecurityContext
2026-04-23T18:55:34.851+08:00 DEBUG 21652 --- [pool-5-thread-9] o.s.security.web.FilterChainProxy        : Secured GET /api/products
2026-04-23T18:55:34.851+08:00 DEBUG 21652 --- [pool-5-thread-4] o.s.security.web.FilterChainProxy        : Securing GET /api/products
2026-04-23T18:55:34.851+08:00 DEBUG 21652 --- [ool-5-thread-10] o.s.security.web.FilterChainProxy        : Securing GET /api/products
2026-04-23T18:55:34.851+08:00 DEBUG 21652 --- [pool-5-thread-4] o.s.s.w.a.AnonymousAuthenticationFilter  : Set SecurityContextHolder to anonymous SecurityContext
2026-04-23T18:55:34.851+08:00 DEBUG 21652 --- [ool-5-thread-10] o.s.s.w.a.AnonymousAuthenticationFilter  : Set SecurityContextHolder to anonymous SecurityContext
2026-04-23T18:55:34.850+08:00 DEBUG 21652 --- [pool-5-thread-3] o.s.security.web.FilterChainProxy        : Secured GET /api/products
2026-04-23T18:55:34.852+08:00 DEBUG 21652 --- [ool-5-thread-10] o.s.security.web.FilterChainProxy        : Secured GET /api/products
2026-04-23T18:55:34.852+08:00 DEBUG 21652 --- [pool-5-thread-4] o.s.security.web.FilterChainProxy        : Secured GET /api/products
2026-04-23T18:55:34.852+08:00 DEBUG 21652 --- [pool-5-thread-9] c.p.mapper.ProductMapper.selectList      : ==>  Preparing: SELECT id,merchant_id,name,description,price,stock,image,status,low_stock_threshold,category,created_at,updated_at FROM "product"
2026-04-23T18:55:34.852+08:00 DEBUG 21652 --- [pool-5-thread-3] c.p.mapper.ProductMapper.selectList      : ==>  Preparing: SELECT id,merchant_id,name,description,price,stock,image,status,low_stock_threshold,category,created_at,updated_at FROM "product"
2026-04-23T18:55:34.852+08:00 DEBUG 21652 --- [pool-5-thread-9] c.p.mapper.ProductMapper.selectList      : ==> Parameters: 
2026-04-23T18:55:34.852+08:00 DEBUG 21652 --- [pool-5-thread-3] c.p.mapper.ProductMapper.selectList      : ==> Parameters: 
2026-04-23T18:55:34.852+08:00 DEBUG 21652 --- [pool-5-thread-3] c.p.mapper.ProductMapper.selectList      : <==      Total: 0
2026-04-23T18:55:34.853+08:00 DEBUG 21652 --- [pool-5-thread-4] c.p.mapper.ProductMapper.selectList      : ==>  Preparing: SELECT id,merchant_id,name,description,price,stock,image,status,low_stock_threshold,category,created_at,updated_at FROM "product"
2026-04-23T18:55:34.853+08:00 DEBUG 21652 --- [pool-5-thread-8] c.p.mapper.ProductMapper.selectList      : ==>  Preparing: SELECT id,merchant_id,name,description,price,stock,image,status,low_stock_threshold,category,created_at,updated_at FROM "product"
2026-04-23T18:55:34.853+08:00 DEBUG 21652 --- [pool-5-thread-4] c.p.mapper.ProductMapper.selectList      : ==> Parameters: 
2026-04-23T18:55:34.853+08:00 DEBUG 21652 --- [pool-5-thread-8] c.p.mapper.ProductMapper.selectList      : ==> Parameters: 
2026-04-23T18:55:34.853+08:00 DEBUG 21652 --- [pool-5-thread-4] c.p.mapper.ProductMapper.selectList      : <==      Total: 0
2026-04-23T18:55:34.853+08:00 DEBUG 21652 --- [pool-5-thread-8] c.p.mapper.ProductMapper.selectList      : <==      Total: 0
2026-04-23T18:55:34.850+08:00 DEBUG 21652 --- [pool-5-thread-1] o.s.s.w.a.AnonymousAuthenticationFilter  : Set SecurityContextHolder to anonymous SecurityContext
2026-04-23T18:55:34.851+08:00 DEBUG 21652 --- [pool-5-thread-6] c.p.mapper.ProductMapper.selectList      : ==> Parameters: 
2026-04-23T18:55:34.853+08:00 DEBUG 21652 --- [pool-5-thread-1] o.s.security.web.FilterChainProxy        : Secured GET /api/products
2026-04-23T18:55:34.852+08:00 DEBUG 21652 --- [pool-5-thread-5] o.s.security.web.FilterChainProxy        : Securing GET /api/products
2026-04-23T18:55:34.852+08:00 DEBUG 21652 --- [ool-5-thread-10] c.p.mapper.ProductMapper.selectList      : ==>  Preparing: SELECT id,merchant_id,name,description,price,stock,image,status,low_stock_threshold,category,created_at,updated_at FROM "product"
2026-04-23T18:55:34.852+08:00 DEBUG 21652 --- [pool-5-thread-9] c.p.mapper.ProductMapper.selectList      : <==      Total: 0
2026-04-23T18:55:34.853+08:00 DEBUG 21652 --- [pool-5-thread-3] o.s.security.web.FilterChainProxy        : Securing GET /api/products
2026-04-23T18:55:34.854+08:00 DEBUG 21652 --- [ool-5-thread-10] c.p.mapper.ProductMapper.selectList      : ==> Parameters: 
2026-04-23T18:55:34.854+08:00 DEBUG 21652 --- [ool-5-thread-10] c.p.mapper.ProductMapper.selectList      : <==      Total: 0
2026-04-23T18:55:34.854+08:00 DEBUG 21652 --- [pool-5-thread-5] o.s.s.w.a.AnonymousAuthenticationFilter  : Set SecurityContextHolder to anonymous SecurityContext
2026-04-23T18:55:34.854+08:00 DEBUG 21652 --- [pool-5-thread-3] o.s.s.w.a.AnonymousAuthenticationFilter  : Set SecurityContextHolder to anonymous SecurityContext
2026-04-23T18:55:34.853+08:00 DEBUG 21652 --- [pool-5-thread-2] o.s.security.web.FilterChainProxy        : Securing GET /api/products
2026-04-23T18:55:34.854+08:00 DEBUG 21652 --- [pool-5-thread-5] o.s.security.web.FilterChainProxy        : Secured GET /api/products
2026-04-23T18:55:34.854+08:00 DEBUG 21652 --- [pool-5-thread-3] o.s.security.web.FilterChainProxy        : Secured GET /api/products
2026-04-23T18:55:34.853+08:00 DEBUG 21652 --- [pool-5-thread-6] c.p.mapper.ProductMapper.selectList      : <==      Total: 0
2026-04-23T18:55:34.854+08:00 DEBUG 21652 --- [pool-5-thread-2] o.s.s.w.a.AnonymousAuthenticationFilter  : Set SecurityContextHolder to anonymous SecurityContext
2026-04-23T18:55:34.854+08:00 DEBUG 21652 --- [pool-5-thread-1] c.p.mapper.ProductMapper.selectList      : ==>  Preparing: SELECT id,merchant_id,name,description,price,stock,image,status,low_stock_threshold,category,created_at,updated_at FROM "product"
2026-04-23T18:55:34.854+08:00 DEBUG 21652 --- [pool-5-thread-1] c.p.mapper.ProductMapper.selectList      : ==> Parameters: 
2026-04-23T18:55:34.854+08:00 DEBUG 21652 --- [pool-5-thread-2] o.s.security.web.FilterChainProxy        : Secured GET /api/products
2026-04-23T18:55:34.854+08:00 DEBUG 21652 --- [pool-5-thread-1] c.p.mapper.ProductMapper.selectList      : <==      Total: 0
2026-04-23T18:55:34.854+08:00 DEBUG 21652 --- [pool-5-thread-5] c.p.mapper.ProductMapper.selectList      : ==>  Preparing: SELECT id,merchant_id,name,description,price,stock,image,status,low_stock_threshold,category,created_at,updated_at FROM "product"
2026-04-23T18:55:34.854+08:00 DEBUG 21652 --- [ool-5-thread-10] o.s.security.web.FilterChainProxy        : Securing GET /api/products
2026-04-23T18:55:34.854+08:00 DEBUG 21652 --- [pool-5-thread-5] c.p.mapper.ProductMapper.selectList      : ==> Parameters: 
2026-04-23T18:55:34.854+08:00 DEBUG 21652 --- [pool-5-thread-3] c.p.mapper.ProductMapper.selectList      : ==>  Preparing: SELECT id,merchant_id,name,description,price,stock,image,status,low_stock_threshold,category,created_at,updated_at FROM "product"
2026-04-23T18:55:34.854+08:00 DEBUG 21652 --- [pool-5-thread-3] c.p.mapper.ProductMapper.selectList      : ==> Parameters: 
2026-04-23T18:55:34.854+08:00 DEBUG 21652 --- [pool-5-thread-9] o.s.security.web.FilterChainProxy        : Securing GET /api/products
2026-04-23T18:55:34.854+08:00 DEBUG 21652 --- [ool-5-thread-10] o.s.s.w.a.AnonymousAuthenticationFilter  : Set SecurityContextHolder to anonymous SecurityContext
2026-04-23T18:55:34.854+08:00 DEBUG 21652 --- [pool-5-thread-3] c.p.mapper.ProductMapper.selectList      : <==      Total: 0
2026-04-23T18:55:34.854+08:00 DEBUG 21652 --- [pool-5-thread-2] c.p.mapper.ProductMapper.selectList      : ==>  Preparing: SELECT id,merchant_id,name,description,price,stock,image,status,low_stock_threshold,category,created_at,updated_at FROM "product"
2026-04-23T18:55:34.854+08:00 DEBUG 21652 --- [pool-5-thread-2] c.p.mapper.ProductMapper.selectList      : ==> Parameters: 
2026-04-23T18:55:34.854+08:00 DEBUG 21652 --- [ool-5-thread-10] o.s.security.web.FilterChainProxy        : Secured GET /api/products
2026-04-23T18:55:34.854+08:00 DEBUG 21652 --- [pool-5-thread-9] o.s.s.w.a.AnonymousAuthenticationFilter  : Set SecurityContextHolder to anonymous SecurityContext
2026-04-23T18:55:34.854+08:00 DEBUG 21652 --- [pool-5-thread-2] c.p.mapper.ProductMapper.selectList      : <==      Total: 0
2026-04-23T18:55:34.854+08:00 DEBUG 21652 --- [pool-5-thread-9] o.s.security.web.FilterChainProxy        : Secured GET /api/products
2026-04-23T18:55:34.854+08:00 DEBUG 21652 --- [pool-5-thread-1] o.s.security.web.FilterChainProxy        : Securing GET /api/products
2026-04-23T18:55:34.854+08:00 DEBUG 21652 --- [pool-5-thread-1] o.s.s.w.a.AnonymousAuthenticationFilter  : Set SecurityContextHolder to anonymous SecurityContext
2026-04-23T18:55:34.854+08:00 DEBUG 21652 --- [pool-5-thread-4] o.s.security.web.FilterChainProxy        : Securing GET /api/products
2026-04-23T18:55:34.855+08:00 DEBUG 21652 --- [pool-5-thread-9] c.p.mapper.ProductMapper.selectList      : ==>  Preparing: SELECT id,merchant_id,name,description,price,stock,image,status,low_stock_threshold,category,created_at,updated_at FROM "product"
2026-04-23T18:55:34.854+08:00 DEBUG 21652 --- [pool-5-thread-5] c.p.mapper.ProductMapper.selectList      : <==      Total: 0
2026-04-23T18:55:34.855+08:00 DEBUG 21652 --- [pool-5-thread-9] c.p.mapper.ProductMapper.selectList      : ==> Parameters: 
2026-04-23T18:55:34.855+08:00 DEBUG 21652 --- [pool-5-thread-1] o.s.security.web.FilterChainProxy        : Secured GET /api/products
2026-04-23T18:55:34.854+08:00 DEBUG 21652 --- [ool-5-thread-10] c.p.mapper.ProductMapper.selectList      : ==>  Preparing: SELECT id,merchant_id,name,description,price,stock,image,status,low_stock_threshold,category,created_at,updated_at FROM "product"
2026-04-23T18:55:34.855+08:00 DEBUG 21652 --- [ool-5-thread-10] c.p.mapper.ProductMapper.selectList      : ==> Parameters: 
2026-04-23T18:55:34.855+08:00 DEBUG 21652 --- [pool-5-thread-9] c.p.mapper.ProductMapper.selectList      : <==      Total: 0
2026-04-23T18:55:34.855+08:00 DEBUG 21652 --- [ool-5-thread-10] c.p.mapper.ProductMapper.selectList      : <==      Total: 0
2026-04-23T18:55:34.855+08:00 DEBUG 21652 --- [pool-5-thread-3] o.s.security.web.FilterChainProxy        : Securing GET /api/products
2026-04-23T18:55:34.856+08:00 DEBUG 21652 --- [pool-5-thread-2] o.s.security.web.FilterChainProxy        : Securing GET /api/products
2026-04-23T18:55:34.856+08:00 DEBUG 21652 --- [pool-5-thread-3] o.s.s.w.a.AnonymousAuthenticationFilter  : Set SecurityContextHolder to anonymous SecurityContext
2026-04-23T18:55:34.856+08:00 DEBUG 21652 --- [pool-5-thread-4] o.s.s.w.a.AnonymousAuthenticationFilter  : Set SecurityContextHolder to anonymous SecurityContext
2026-04-23T18:55:34.856+08:00 DEBUG 21652 --- [pool-5-thread-2] o.s.s.w.a.AnonymousAuthenticationFilter  : Set SecurityContextHolder to anonymous SecurityContext
2026-04-23T18:55:34.856+08:00 DEBUG 21652 --- [pool-5-thread-3] o.s.security.web.FilterChainProxy        : Secured GET /api/products
2026-04-23T18:55:34.856+08:00 DEBUG 21652 --- [pool-5-thread-4] o.s.security.web.FilterChainProxy        : Secured GET /api/products
2026-04-23T18:55:34.856+08:00 DEBUG 21652 --- [pool-5-thread-1] c.p.mapper.ProductMapper.selectList      : ==>  Preparing: SELECT id,merchant_id,name,description,price,stock,image,status,low_stock_threshold,category,created_at,updated_at FROM "product"
2026-04-23T18:55:34.856+08:00 DEBUG 21652 --- [pool-5-thread-2] o.s.security.web.FilterChainProxy        : Secured GET /api/products
2026-04-23T18:55:34.856+08:00 DEBUG 21652 --- [pool-5-thread-1] c.p.mapper.ProductMapper.selectList      : ==> Parameters: 
2026-04-23T18:55:34.856+08:00 DEBUG 21652 --- [pool-5-thread-1] c.p.mapper.ProductMapper.selectList      : <==      Total: 0
2026-04-23T18:55:34.857+08:00 DEBUG 21652 --- [pool-5-thread-5] o.s.security.web.FilterChainProxy        : Securing GET /api/products
2026-04-23T18:55:34.857+08:00 DEBUG 21652 --- [ool-5-thread-10] o.s.security.web.FilterChainProxy        : Securing GET /api/products
2026-04-23T18:55:34.857+08:00 DEBUG 21652 --- [pool-5-thread-9] o.s.security.web.FilterChainProxy        : Securing GET /api/products
2026-04-23T18:55:34.857+08:00 DEBUG 21652 --- [pool-5-thread-3] c.p.mapper.ProductMapper.selectList      : ==>  Preparing: SELECT id,merchant_id,name,description,price,stock,image,status,low_stock_threshold,category,created_at,updated_at FROM "product"
2026-04-23T18:55:34.857+08:00 DEBUG 21652 --- [pool-5-thread-4] c.p.mapper.ProductMapper.selectList      : ==>  Preparing: SELECT id,merchant_id,name,description,price,stock,image,status,low_stock_threshold,category,created_at,updated_at FROM "product"
2026-04-23T18:55:34.857+08:00 DEBUG 21652 --- [pool-5-thread-5] o.s.s.w.a.AnonymousAuthenticationFilter  : Set SecurityContextHolder to anonymous SecurityContext
2026-04-23T18:55:34.857+08:00 DEBUG 21652 --- [ool-5-thread-10] o.s.s.w.a.AnonymousAuthenticationFilter  : Set SecurityContextHolder to anonymous SecurityContext
2026-04-23T18:55:34.857+08:00 DEBUG 21652 --- [pool-5-thread-4] c.p.mapper.ProductMapper.selectList      : ==> Parameters: 
2026-04-23T18:55:34.857+08:00 DEBUG 21652 --- [pool-5-thread-6] o.s.security.web.FilterChainProxy        : Securing GET /api/products
2026-04-23T18:55:34.857+08:00 DEBUG 21652 --- [pool-5-thread-3] c.p.mapper.ProductMapper.selectList      : ==> Parameters: 
2026-04-23T18:55:34.857+08:00 DEBUG 21652 --- [pool-5-thread-9] o.s.s.w.a.AnonymousAuthenticationFilter  : Set SecurityContextHolder to anonymous SecurityContext
2026-04-23T18:55:34.857+08:00 DEBUG 21652 --- [pool-5-thread-2] c.p.mapper.ProductMapper.selectList      : ==>  Preparing: SELECT id,merchant_id,name,description,price,stock,image,status,low_stock_threshold,category,created_at,updated_at FROM "product"
2026-04-23T18:55:34.857+08:00 DEBUG 21652 --- [ool-5-thread-10] o.s.security.web.FilterChainProxy        : Secured GET /api/products
2026-04-23T18:55:34.857+08:00 DEBUG 21652 --- [pool-5-thread-4] c.p.mapper.ProductMapper.selectList      : <==      Total: 0
2026-04-23T18:55:34.857+08:00 DEBUG 21652 --- [pool-5-thread-2] c.p.mapper.ProductMapper.selectList      : ==> Parameters: 
2026-04-23T18:55:34.857+08:00 DEBUG 21652 --- [pool-5-thread-6] o.s.s.w.a.AnonymousAuthenticationFilter  : Set SecurityContextHolder to anonymous SecurityContext
2026-04-23T18:55:34.857+08:00 DEBUG 21652 --- [pool-5-thread-9] o.s.security.web.FilterChainProxy        : Secured GET /api/products
2026-04-23T18:55:34.857+08:00 DEBUG 21652 --- [pool-5-thread-6] o.s.security.web.FilterChainProxy        : Secured GET /api/products
2026-04-23T18:55:34.857+08:00 DEBUG 21652 --- [pool-5-thread-1] o.s.security.web.FilterChainProxy        : Securing GET /api/products
2026-04-23T18:55:34.857+08:00 DEBUG 21652 --- [pool-5-thread-8] o.s.security.web.FilterChainProxy        : Securing GET /api/products
2026-04-23T18:55:34.857+08:00 DEBUG 21652 --- [ool-5-thread-10] c.p.mapper.ProductMapper.selectList      : ==>  Preparing: SELECT id,merchant_id,name,description,price,stock,image,status,low_stock_threshold,category,created_at,updated_at FROM "product"
2026-04-23T18:55:34.857+08:00 DEBUG 21652 --- [pool-5-thread-1] o.s.s.w.a.AnonymousAuthenticationFilter  : Set SecurityContextHolder to anonymous SecurityContext
2026-04-23T18:55:34.857+08:00 DEBUG 21652 --- [pool-5-thread-3] c.p.mapper.ProductMapper.selectList      : <==      Total: 0
2026-04-23T18:55:34.857+08:00 DEBUG 21652 --- [pool-5-thread-2] c.p.mapper.ProductMapper.selectList      : <==      Total: 0
2026-04-23T18:55:34.857+08:00 DEBUG 21652 --- [pool-5-thread-8] o.s.s.w.a.AnonymousAuthenticationFilter  : Set SecurityContextHolder to anonymous SecurityContext
2026-04-23T18:55:34.858+08:00 DEBUG 21652 --- [pool-5-thread-9] c.p.mapper.ProductMapper.selectList      : ==>  Preparing: SELECT id,merchant_id,name,description,price,stock,image,status,low_stock_threshold,category,created_at,updated_at FROM "product"
2026-04-23T18:55:34.858+08:00 DEBUG 21652 --- [pool-5-thread-9] c.p.mapper.ProductMapper.selectList      : ==> Parameters: 
2026-04-23T18:55:34.858+08:00 DEBUG 21652 --- [pool-5-thread-6] c.p.mapper.ProductMapper.selectList      : ==>  Preparing: SELECT id,merchant_id,name,description,price,stock,image,status,low_stock_threshold,category,created_at,updated_at FROM "product"
2026-04-23T18:55:34.858+08:00 DEBUG 21652 --- [pool-5-thread-1] o.s.security.web.FilterChainProxy        : Secured GET /api/products
2026-04-23T18:55:34.858+08:00 DEBUG 21652 --- [pool-5-thread-6] c.p.mapper.ProductMapper.selectList      : ==> Parameters: 
2026-04-23T18:55:34.858+08:00 DEBUG 21652 --- [pool-5-thread-9] c.p.mapper.ProductMapper.selectList      : <==      Total: 0
2026-04-23T18:55:34.858+08:00 DEBUG 21652 --- [pool-5-thread-8] o.s.security.web.FilterChainProxy        : Secured GET /api/products
2026-04-23T18:55:34.858+08:00 DEBUG 21652 --- [pool-5-thread-6] c.p.mapper.ProductMapper.selectList      : <==      Total: 0
2026-04-23T18:55:34.858+08:00 DEBUG 21652 --- [pool-5-thread-4] o.s.security.web.FilterChainProxy        : Securing GET /api/products
2026-04-23T18:55:34.858+08:00 DEBUG 21652 --- [pool-5-thread-4] o.s.s.w.a.AnonymousAuthenticationFilter  : Set SecurityContextHolder to anonymous SecurityContext
2026-04-23T18:55:34.858+08:00 DEBUG 21652 --- [pool-5-thread-4] o.s.security.web.FilterChainProxy        : Secured GET /api/products
2026-04-23T18:55:34.858+08:00 DEBUG 21652 --- [pool-5-thread-8] c.p.mapper.ProductMapper.selectList      : ==>  Preparing: SELECT id,merchant_id,name,description,price,stock,image,status,low_stock_threshold,category,created_at,updated_at FROM "product"
2026-04-23T18:55:34.858+08:00 DEBUG 21652 --- [pool-5-thread-1] c.p.mapper.ProductMapper.selectList      : ==>  Preparing: SELECT id,merchant_id,name,description,price,stock,image,status,low_stock_threshold,category,created_at,updated_at FROM "product"
2026-04-23T18:55:34.858+08:00 DEBUG 21652 --- [pool-5-thread-8] c.p.mapper.ProductMapper.selectList      : ==> Parameters: 
2026-04-23T18:55:34.858+08:00 DEBUG 21652 --- [pool-5-thread-1] c.p.mapper.ProductMapper.selectList      : ==> Parameters: 
2026-04-23T18:55:34.858+08:00 DEBUG 21652 --- [pool-5-thread-3] o.s.security.web.FilterChainProxy        : Securing GET /api/products
2026-04-23T18:55:34.858+08:00 DEBUG 21652 --- [pool-5-thread-8] c.p.mapper.ProductMapper.selectList      : <==      Total: 0
2026-04-23T18:55:34.858+08:00 DEBUG 21652 --- [pool-5-thread-3] o.s.s.w.a.AnonymousAuthenticationFilter  : Set SecurityContextHolder to anonymous SecurityContext
2026-04-23T18:55:34.858+08:00 DEBUG 21652 --- [pool-5-thread-6] o.s.security.web.FilterChainProxy        : Securing GET /api/products
2026-04-23T18:55:34.858+08:00 DEBUG 21652 --- [pool-5-thread-4] c.p.mapper.ProductMapper.selectList      : ==>  Preparing: SELECT id,merchant_id,name,description,price,stock,image,status,low_stock_threshold,category,created_at,updated_at FROM "product"
2026-04-23T18:55:34.858+08:00 DEBUG 21652 --- [pool-5-thread-9] o.s.security.web.FilterChainProxy        : Securing GET /api/products
2026-04-23T18:55:34.858+08:00 DEBUG 21652 --- [pool-5-thread-4] c.p.mapper.ProductMapper.selectList      : ==> Parameters: 
2026-04-23T18:55:34.858+08:00 DEBUG 21652 --- [pool-5-thread-3] o.s.security.web.FilterChainProxy        : Secured GET /api/products
2026-04-23T18:55:34.858+08:00 DEBUG 21652 --- [pool-5-thread-4] c.p.mapper.ProductMapper.selectList      : <==      Total: 0
2026-04-23T18:55:34.858+08:00 DEBUG 21652 --- [pool-5-thread-6] o.s.s.w.a.AnonymousAuthenticationFilter  : Set SecurityContextHolder to anonymous SecurityContext
2026-04-23T18:55:34.858+08:00 DEBUG 21652 --- [pool-5-thread-9] o.s.s.w.a.AnonymousAuthenticationFilter  : Set SecurityContextHolder to anonymous SecurityContext
2026-04-23T18:55:34.858+08:00 DEBUG 21652 --- [pool-5-thread-6] o.s.security.web.FilterChainProxy        : Secured GET /api/products
2026-04-23T18:55:34.858+08:00 DEBUG 21652 --- [pool-5-thread-9] o.s.security.web.FilterChainProxy        : Secured GET /api/products
2026-04-23T18:55:34.859+08:00 DEBUG 21652 --- [pool-5-thread-3] c.p.mapper.ProductMapper.selectList      : ==>  Preparing: SELECT id,merchant_id,name,description,price,stock,image,status,low_stock_threshold,category,created_at,updated_at FROM "product"
2026-04-23T18:55:34.859+08:00 DEBUG 21652 --- [pool-5-thread-3] c.p.mapper.ProductMapper.selectList      : ==> Parameters: 
2026-04-23T18:55:34.859+08:00 DEBUG 21652 --- [pool-5-thread-3] c.p.mapper.ProductMapper.selectList      : <==      Total: 0
2026-04-23T18:55:34.859+08:00 DEBUG 21652 --- [pool-5-thread-8] o.s.security.web.FilterChainProxy        : Securing GET /api/products
2026-04-23T18:55:34.859+08:00 DEBUG 21652 --- [pool-5-thread-9] c.p.mapper.ProductMapper.selectList      : ==>  Preparing: SELECT id,merchant_id,name,description,price,stock,image,status,low_stock_threshold,category,created_at,updated_at FROM "product"
2026-04-23T18:55:34.859+08:00 DEBUG 21652 --- [pool-5-thread-9] c.p.mapper.ProductMapper.selectList      : ==> Parameters: 
2026-04-23T18:55:34.859+08:00 DEBUG 21652 --- [pool-5-thread-4] o.s.security.web.FilterChainProxy        : Securing GET /api/products
2026-04-23T18:55:34.857+08:00 DEBUG 21652 --- [ool-5-thread-10] c.p.mapper.ProductMapper.selectList      : ==> Parameters: 
2026-04-23T18:55:34.859+08:00 DEBUG 21652 --- [pool-5-thread-9] c.p.mapper.ProductMapper.selectList      : <==      Total: 0
2026-04-23T18:55:34.857+08:00 DEBUG 21652 --- [pool-5-thread-5] o.s.security.web.FilterChainProxy        : Secured GET /api/products
2026-04-23T18:55:34.858+08:00 DEBUG 21652 --- [pool-5-thread-1] c.p.mapper.ProductMapper.selectList      : <==      Total: 0
2026-04-23T18:55:34.859+08:00 DEBUG 21652 --- [ool-5-thread-10] c.p.mapper.ProductMapper.selectList      : <==      Total: 0
2026-04-23T18:55:34.858+08:00 DEBUG 21652 --- [pool-5-thread-2] o.s.security.web.FilterChainProxy        : Securing GET /api/products
2026-04-23T18:55:34.859+08:00 DEBUG 21652 --- [pool-5-thread-6] c.p.mapper.ProductMapper.selectList      : ==>  Preparing: SELECT id,merchant_id,name,description,price,stock,image,status,low_stock_threshold,category,created_at,updated_at FROM "product"
2026-04-23T18:55:34.860+08:00 DEBUG 21652 --- [pool-5-thread-6] c.p.mapper.ProductMapper.selectList      : ==> Parameters: 
2026-04-23T18:55:34.860+08:00 DEBUG 21652 --- [pool-5-thread-2] o.s.s.w.a.AnonymousAuthenticationFilter  : Set SecurityContextHolder to anonymous SecurityContext
2026-04-23T18:55:34.859+08:00 DEBUG 21652 --- [pool-5-thread-8] o.s.s.w.a.AnonymousAuthenticationFilter  : Set SecurityContextHolder to anonymous SecurityContext
2026-04-23T18:55:34.859+08:00 DEBUG 21652 --- [pool-5-thread-4] o.s.s.w.a.AnonymousAuthenticationFilter  : Set SecurityContextHolder to anonymous SecurityContext
2026-04-23T18:55:34.860+08:00 DEBUG 21652 --- [pool-5-thread-5] c.p.mapper.ProductMapper.selectList      : ==>  Preparing: SELECT id,merchant_id,name,description,price,stock,image,status,low_stock_threshold,category,created_at,updated_at FROM "product"
2026-04-23T18:55:34.859+08:00 DEBUG 21652 --- [pool-5-thread-7] c.p.mapper.ProductMapper.selectList      : ==>  Preparing: SELECT id,merchant_id,name,description,price,stock,image,status,low_stock_threshold,category,created_at,updated_at FROM "product"
2026-04-23T18:55:34.860+08:00 DEBUG 21652 --- [pool-5-thread-3] o.s.security.web.FilterChainProxy        : Securing GET /api/products
2026-04-23T18:55:34.860+08:00 DEBUG 21652 --- [pool-5-thread-8] o.s.security.web.FilterChainProxy        : Secured GET /api/products
2026-04-23T18:55:34.860+08:00 DEBUG 21652 --- [pool-5-thread-6] c.p.mapper.ProductMapper.selectList      : <==      Total: 0
2026-04-23T18:55:34.860+08:00 DEBUG 21652 --- [pool-5-thread-7] c.p.mapper.ProductMapper.selectList      : ==> Parameters: 
2026-04-23T18:55:34.860+08:00 DEBUG 21652 --- [pool-5-thread-7] c.p.mapper.ProductMapper.selectList      : <==      Total: 0
2026-04-23T18:55:34.860+08:00 DEBUG 21652 --- [pool-5-thread-2] o.s.security.web.FilterChainProxy        : Secured GET /api/products
2026-04-23T18:55:34.860+08:00 DEBUG 21652 --- [pool-5-thread-3] o.s.s.w.a.AnonymousAuthenticationFilter  : Set SecurityContextHolder to anonymous SecurityContext
2026-04-23T18:55:34.860+08:00 DEBUG 21652 --- [pool-5-thread-5] c.p.mapper.ProductMapper.selectList      : ==> Parameters: 
2026-04-23T18:55:34.860+08:00 DEBUG 21652 --- [pool-5-thread-3] o.s.security.web.FilterChainProxy        : Secured GET /api/products
2026-04-23T18:55:34.860+08:00 DEBUG 21652 --- [pool-5-thread-5] c.p.mapper.ProductMapper.selectList      : <==      Total: 0
2026-04-23T18:55:34.860+08:00 DEBUG 21652 --- [pool-5-thread-4] o.s.security.web.FilterChainProxy        : Secured GET /api/products
2026-04-23T18:55:34.860+08:00 DEBUG 21652 --- [pool-5-thread-1] o.s.security.web.FilterChainProxy        : Securing GET /api/products
2026-04-23T18:55:34.860+08:00 DEBUG 21652 --- [ool-5-thread-10] o.s.security.web.FilterChainProxy        : Securing GET /api/products
2026-04-23T18:55:34.861+08:00 DEBUG 21652 --- [pool-5-thread-2] c.p.mapper.ProductMapper.selectList      : ==>  Preparing: SELECT id,merchant_id,name,description,price,stock,image,status,low_stock_threshold,category,created_at,updated_at FROM "product"
2026-04-23T18:55:34.861+08:00 DEBUG 21652 --- [pool-5-thread-2] c.p.mapper.ProductMapper.selectList      : ==> Parameters: 
2026-04-23T18:55:34.861+08:00 DEBUG 21652 --- [pool-5-thread-2] c.p.mapper.ProductMapper.selectList      : <==      Total: 0
2026-04-23T18:55:34.860+08:00 DEBUG 21652 --- [pool-5-thread-9] o.s.security.web.FilterChainProxy        : Securing GET /api/products
2026-04-23T18:55:34.861+08:00 DEBUG 21652 --- [pool-5-thread-4] c.p.mapper.ProductMapper.selectList      : ==>  Preparing: SELECT id,merchant_id,name,description,price,stock,image,status,low_stock_threshold,category,created_at,updated_at FROM "product"
2026-04-23T18:55:34.861+08:00 DEBUG 21652 --- [pool-5-thread-4] c.p.mapper.ProductMapper.selectList      : ==> Parameters: 
2026-04-23T18:55:34.861+08:00 DEBUG 21652 --- [pool-5-thread-4] c.p.mapper.ProductMapper.selectList      : <==      Total: 0
2026-04-23T18:55:34.861+08:00 DEBUG 21652 --- [pool-5-thread-6] o.s.security.web.FilterChainProxy        : Securing GET /api/products
2026-04-23T18:55:34.861+08:00 DEBUG 21652 --- [pool-5-thread-7] o.s.security.web.FilterChainProxy        : Securing GET /api/products
2026-04-23T18:55:34.861+08:00 DEBUG 21652 --- [pool-5-thread-6] o.s.s.w.a.AnonymousAuthenticationFilter  : Set SecurityContextHolder to anonymous SecurityContext
2026-04-23T18:55:34.860+08:00 DEBUG 21652 --- [pool-5-thread-8] c.p.mapper.ProductMapper.selectList      : ==>  Preparing: SELECT id,merchant_id,name,description,price,stock,image,status,low_stock_threshold,category,created_at,updated_at FROM "product"
2026-04-23T18:55:34.861+08:00 DEBUG 21652 --- [pool-5-thread-3] c.p.mapper.ProductMapper.selectList      : ==>  Preparing: SELECT id,merchant_id,name,description,price,stock,image,status,low_stock_threshold,category,created_at,updated_at FROM "product"
2026-04-23T18:55:34.861+08:00 DEBUG 21652 --- [pool-5-thread-5] o.s.security.web.FilterChainProxy        : Securing GET /api/products
2026-04-23T18:55:34.861+08:00 DEBUG 21652 --- [ool-5-thread-10] o.s.s.w.a.AnonymousAuthenticationFilter  : Set SecurityContextHolder to anonymous SecurityContext
2026-04-23T18:55:34.861+08:00 DEBUG 21652 --- [pool-5-thread-9] o.s.s.w.a.AnonymousAuthenticationFilter  : Set SecurityContextHolder to anonymous SecurityContext
2026-04-23T18:55:34.861+08:00 DEBUG 21652 --- [pool-5-thread-7] o.s.s.w.a.AnonymousAuthenticationFilter  : Set SecurityContextHolder to anonymous SecurityContext
2026-04-23T18:55:34.862+08:00 DEBUG 21652 --- [pool-5-thread-5] o.s.s.w.a.AnonymousAuthenticationFilter  : Set SecurityContextHolder to anonymous SecurityContext
2026-04-23T18:55:34.862+08:00 DEBUG 21652 --- [ool-5-thread-10] o.s.security.web.FilterChainProxy        : Secured GET /api/products
2026-04-23T18:55:34.861+08:00 DEBUG 21652 --- [pool-5-thread-6] o.s.security.web.FilterChainProxy        : Secured GET /api/products
2026-04-23T18:55:34.862+08:00 DEBUG 21652 --- [pool-5-thread-5] o.s.security.web.FilterChainProxy        : Secured GET /api/products
2026-04-23T18:55:34.862+08:00 DEBUG 21652 --- [pool-5-thread-4] o.s.security.web.FilterChainProxy        : Securing GET /api/products
2026-04-23T18:55:34.862+08:00 DEBUG 21652 --- [pool-5-thread-7] o.s.security.web.FilterChainProxy        : Secured GET /api/products
2026-04-23T18:55:34.862+08:00 DEBUG 21652 --- [pool-5-thread-4] o.s.s.w.a.AnonymousAuthenticationFilter  : Set SecurityContextHolder to anonymous SecurityContext
2026-04-23T18:55:34.861+08:00 DEBUG 21652 --- [pool-5-thread-8] c.p.mapper.ProductMapper.selectList      : ==> Parameters: 
2026-04-23T18:55:34.863+08:00 DEBUG 21652 --- [pool-5-thread-4] o.s.security.web.FilterChainProxy        : Secured GET /api/products
2026-04-23T18:55:34.863+08:00 DEBUG 21652 --- [ool-5-thread-10] c.p.mapper.ProductMapper.selectList      : ==>  Preparing: SELECT id,merchant_id,name,description,price,stock,image,status,low_stock_threshold,category,created_at,updated_at FROM "product"
2026-04-23T18:55:34.863+08:00 DEBUG 21652 --- [ool-5-thread-10] c.p.mapper.ProductMapper.selectList      : ==> Parameters: 
2026-04-23T18:55:34.863+08:00 DEBUG 21652 --- [ool-5-thread-10] c.p.mapper.ProductMapper.selectList      : <==      Total: 0
2026-04-23T18:55:34.863+08:00 DEBUG 21652 --- [pool-5-thread-8] c.p.mapper.ProductMapper.selectList      : <==      Total: 0
2026-04-23T18:55:34.863+08:00 DEBUG 21652 --- [pool-5-thread-7] c.p.mapper.ProductMapper.selectList      : ==>  Preparing: SELECT id,merchant_id,name,description,price,stock,image,status,low_stock_threshold,category,created_at,updated_at FROM "product"
2026-04-23T18:55:34.861+08:00 DEBUG 21652 --- [pool-5-thread-1] o.s.s.w.a.AnonymousAuthenticationFilter  : Set SecurityContextHolder to anonymous SecurityContext
2026-04-23T18:55:34.863+08:00 DEBUG 21652 --- [pool-5-thread-7] c.p.mapper.ProductMapper.selectList      : ==> Parameters: 
2026-04-23T18:55:34.861+08:00 DEBUG 21652 --- [pool-5-thread-3] c.p.mapper.ProductMapper.selectList      : ==> Parameters: 
2026-04-23T18:55:34.863+08:00 DEBUG 21652 --- [pool-5-thread-7] c.p.mapper.ProductMapper.selectList      : <==      Total: 0
2026-04-23T18:55:34.863+08:00 DEBUG 21652 --- [pool-5-thread-3] c.p.mapper.ProductMapper.selectList      : <==      Total: 0
2026-04-23T18:55:34.863+08:00 DEBUG 21652 --- [pool-5-thread-1] o.s.security.web.FilterChainProxy        : Secured GET /api/products
2026-04-23T18:55:34.863+08:00 DEBUG 21652 --- [pool-5-thread-4] c.p.mapper.ProductMapper.selectList      : ==>  Preparing: SELECT id,merchant_id,name,description,price,stock,image,status,low_stock_threshold,category,created_at,updated_at FROM "product"
2026-04-23T18:55:34.863+08:00 DEBUG 21652 --- [pool-5-thread-5] c.p.mapper.ProductMapper.selectList      : ==>  Preparing: SELECT id,merchant_id,name,description,price,stock,image,status,low_stock_threshold,category,created_at,updated_at FROM "product"
2026-04-23T18:55:34.863+08:00 DEBUG 21652 --- [pool-5-thread-4] c.p.mapper.ProductMapper.selectList      : ==> Parameters: 
2026-04-23T18:55:34.863+08:00 DEBUG 21652 --- [pool-5-thread-5] c.p.mapper.ProductMapper.selectList      : ==> Parameters: 
2026-04-23T18:55:34.863+08:00 DEBUG 21652 --- [pool-5-thread-4] c.p.mapper.ProductMapper.selectList      : <==      Total: 0
2026-04-23T18:55:34.864+08:00 DEBUG 21652 --- [pool-5-thread-5] c.p.mapper.ProductMapper.selectList      : <==      Total: 0
2026-04-23T18:55:34.864+08:00 DEBUG 21652 --- [pool-5-thread-1] c.p.mapper.ProductMapper.selectList      : ==>  Preparing: SELECT id,merchant_id,name,description,price,stock,image,status,low_stock_threshold,category,created_at,updated_at FROM "product"
2026-04-23T18:55:34.864+08:00 DEBUG 21652 --- [pool-5-thread-1] c.p.mapper.ProductMapper.selectList      : ==> Parameters: 
2026-04-23T18:55:34.862+08:00 DEBUG 21652 --- [pool-5-thread-9] o.s.security.web.FilterChainProxy        : Secured GET /api/products
2026-04-23T18:55:34.862+08:00 DEBUG 21652 --- [pool-5-thread-2] o.s.security.web.FilterChainProxy        : Securing GET /api/products
2026-04-23T18:55:34.864+08:00 DEBUG 21652 --- [pool-5-thread-8] o.s.security.web.FilterChainProxy        : Securing GET /api/products
2026-04-23T18:55:34.864+08:00 DEBUG 21652 --- [ool-5-thread-10] o.s.security.web.FilterChainProxy        : Securing GET /api/products
2026-04-23T18:55:34.864+08:00 DEBUG 21652 --- [pool-5-thread-2] o.s.s.w.a.AnonymousAuthenticationFilter  : Set SecurityContextHolder to anonymous SecurityContext
2026-04-23T18:55:34.864+08:00 DEBUG 21652 --- [pool-5-thread-1] c.p.mapper.ProductMapper.selectList      : <==      Total: 0
2026-04-23T18:55:34.864+08:00 DEBUG 21652 --- [pool-5-thread-5] o.s.security.web.FilterChainProxy        : Securing GET /api/products
2026-04-23T18:55:34.864+08:00 DEBUG 21652 --- [pool-5-thread-8] o.s.s.w.a.AnonymousAuthenticationFilter  : Set SecurityContextHolder to anonymous SecurityContext
2026-04-23T18:55:34.864+08:00 DEBUG 21652 --- [pool-5-thread-2] o.s.security.web.FilterChainProxy        : Secured GET /api/products
2026-04-23T18:55:34.865+08:00 DEBUG 21652 --- [pool-5-thread-8] o.s.security.web.FilterChainProxy        : Secured GET /api/products
2026-04-23T18:55:34.865+08:00 DEBUG 21652 --- [pool-5-thread-5] o.s.s.w.a.AnonymousAuthenticationFilter  : Set SecurityContextHolder to anonymous SecurityContext
2026-04-23T18:55:34.865+08:00 DEBUG 21652 --- [pool-5-thread-9] c.p.mapper.ProductMapper.selectList      : ==>  Preparing: SELECT id,merchant_id,name,description,price,stock,image,status,low_stock_threshold,category,created_at,updated_at FROM "product"
2026-04-23T18:55:34.863+08:00 DEBUG 21652 --- [pool-5-thread-6] c.p.mapper.ProductMapper.selectList      : ==>  Preparing: SELECT id,merchant_id,name,description,price,stock,image,status,low_stock_threshold,category,created_at,updated_at FROM "product"
2026-04-23T18:55:34.865+08:00 DEBUG 21652 --- [pool-5-thread-9] c.p.mapper.ProductMapper.selectList      : ==> Parameters: 
2026-04-23T18:55:34.865+08:00 DEBUG 21652 --- [pool-5-thread-6] c.p.mapper.ProductMapper.selectList      : ==> Parameters: 
2026-04-23T18:55:34.865+08:00 DEBUG 21652 --- [pool-5-thread-5] o.s.security.web.FilterChainProxy        : Secured GET /api/products
2026-04-23T18:55:34.865+08:00 DEBUG 21652 --- [pool-5-thread-9] c.p.mapper.ProductMapper.selectList      : <==      Total: 0
2026-04-23T18:55:34.865+08:00 DEBUG 21652 --- [pool-5-thread-6] c.p.mapper.ProductMapper.selectList      : <==      Total: 0
2026-04-23T18:55:34.865+08:00 DEBUG 21652 --- [pool-5-thread-2] c.p.mapper.ProductMapper.selectList      : ==>  Preparing: SELECT id,merchant_id,name,description,price,stock,image,status,low_stock_threshold,category,created_at,updated_at FROM "product"
2026-04-23T18:55:34.865+08:00 DEBUG 21652 --- [pool-5-thread-2] c.p.mapper.ProductMapper.selectList      : ==> Parameters: 
2026-04-23T18:55:34.864+08:00 DEBUG 21652 --- [pool-5-thread-3] o.s.security.web.FilterChainProxy        : Securing GET /api/products
2026-04-23T18:55:34.864+08:00 DEBUG 21652 --- [pool-5-thread-7] o.s.security.web.FilterChainProxy        : Securing GET /api/products
2026-04-23T18:55:34.865+08:00 DEBUG 21652 --- [pool-5-thread-8] c.p.mapper.ProductMapper.selectList      : ==>  Preparing: SELECT id,merchant_id,name,description,price,stock,image,status,low_stock_threshold,category,created_at,updated_at FROM "product"
2026-04-23T18:55:34.865+08:00 DEBUG 21652 --- [pool-5-thread-8] c.p.mapper.ProductMapper.selectList      : ==> Parameters: 
2026-04-23T18:55:34.865+08:00 DEBUG 21652 --- [pool-5-thread-5] c.p.mapper.ProductMapper.selectList      : ==>  Preparing: SELECT id,merchant_id,name,description,price,stock,image,status,low_stock_threshold,category,created_at,updated_at FROM "product"
2026-04-23T18:55:34.865+08:00 DEBUG 21652 --- [pool-5-thread-8] c.p.mapper.ProductMapper.selectList      : <==      Total: 0
2026-04-23T18:55:34.865+08:00 DEBUG 21652 --- [pool-5-thread-5] c.p.mapper.ProductMapper.selectList      : ==> Parameters: 
2026-04-23T18:55:34.865+08:00 DEBUG 21652 --- [pool-5-thread-3] o.s.s.w.a.AnonymousAuthenticationFilter  : Set SecurityContextHolder to anonymous SecurityContext
2026-04-23T18:55:34.865+08:00 DEBUG 21652 --- [pool-5-thread-1] o.s.security.web.FilterChainProxy        : Securing GET /api/products
2026-04-23T18:55:34.864+08:00 DEBUG 21652 --- [pool-5-thread-4] o.s.security.web.FilterChainProxy        : Securing GET /api/products
2026-04-23T18:55:34.865+08:00 DEBUG 21652 --- [pool-5-thread-5] c.p.mapper.ProductMapper.selectList      : <==      Total: 0
2026-04-23T18:55:34.865+08:00 DEBUG 21652 --- [pool-5-thread-3] o.s.security.web.FilterChainProxy        : Secured GET /api/products
2026-04-23T18:55:34.866+08:00 DEBUG 21652 --- [pool-5-thread-1] o.s.s.w.a.AnonymousAuthenticationFilter  : Set SecurityContextHolder to anonymous SecurityContext
2026-04-23T18:55:34.864+08:00 DEBUG 21652 --- [ool-5-thread-10] o.s.s.w.a.AnonymousAuthenticationFilter  : Set SecurityContextHolder to anonymous SecurityContext
2026-04-23T18:55:34.866+08:00 DEBUG 21652 --- [pool-5-thread-1] o.s.security.web.FilterChainProxy        : Secured GET /api/products
2026-04-23T18:55:34.866+08:00 DEBUG 21652 --- [pool-5-thread-6] o.s.security.web.FilterChainProxy        : Securing GET /api/products
2026-04-23T18:55:34.866+08:00 DEBUG 21652 --- [ool-5-thread-10] o.s.security.web.FilterChainProxy        : Secured GET /api/products
2026-04-23T18:55:34.866+08:00 DEBUG 21652 --- [pool-5-thread-6] o.s.s.w.a.AnonymousAuthenticationFilter  : Set SecurityContextHolder to anonymous SecurityContext
2026-04-23T18:55:34.866+08:00 DEBUG 21652 --- [pool-5-thread-3] c.p.mapper.ProductMapper.selectList      : ==>  Preparing: SELECT id,merchant_id,name,description,price,stock,image,status,low_stock_threshold,category,created_at,updated_at FROM "product"
2026-04-23T18:55:34.866+08:00 DEBUG 21652 --- [pool-5-thread-3] c.p.mapper.ProductMapper.selectList      : ==> Parameters: 
2026-04-23T18:55:34.866+08:00 DEBUG 21652 --- [pool-5-thread-1] c.p.mapper.ProductMapper.selectList      : ==>  Preparing: SELECT id,merchant_id,name,description,price,stock,image,status,low_stock_threshold,category,created_at,updated_at FROM "product"
2026-04-23T18:55:34.866+08:00 DEBUG 21652 --- [pool-5-thread-1] c.p.mapper.ProductMapper.selectList      : ==> Parameters: 
2026-04-23T18:55:34.866+08:00 DEBUG 21652 --- [pool-5-thread-1] c.p.mapper.ProductMapper.selectList      : <==      Total: 0
2026-04-23T18:55:34.866+08:00 DEBUG 21652 --- [pool-5-thread-3] c.p.mapper.ProductMapper.selectList      : <==      Total: 0
2026-04-23T18:55:34.866+08:00 DEBUG 21652 --- [pool-5-thread-4] o.s.s.w.a.AnonymousAuthenticationFilter  : Set SecurityContextHolder to anonymous SecurityContext
2026-04-23T18:55:34.866+08:00 DEBUG 21652 --- [ool-5-thread-10] c.p.mapper.ProductMapper.selectList      : ==>  Preparing: SELECT id,merchant_id,name,description,price,stock,image,status,low_stock_threshold,category,created_at,updated_at FROM "product"
2026-04-23T18:55:34.865+08:00 DEBUG 21652 --- [pool-5-thread-2] c.p.mapper.ProductMapper.selectList      : <==      Total: 0
2026-04-23T18:55:34.866+08:00 DEBUG 21652 --- [pool-5-thread-6] o.s.security.web.FilterChainProxy        : Secured GET /api/products
2026-04-23T18:55:34.866+08:00 DEBUG 21652 --- [pool-5-thread-4] o.s.security.web.FilterChainProxy        : Secured GET /api/products
2026-04-23T18:55:34.867+08:00 DEBUG 21652 --- [pool-5-thread-7] o.s.s.w.a.AnonymousAuthenticationFilter  : Set SecurityContextHolder to anonymous SecurityContext
2026-04-23T18:55:34.867+08:00 DEBUG 21652 --- [ool-5-thread-10] c.p.mapper.ProductMapper.selectList      : ==> Parameters: 
2026-04-23T18:55:34.867+08:00 DEBUG 21652 --- [pool-5-thread-7] o.s.security.web.FilterChainProxy        : Secured GET /api/products
2026-04-23T18:55:34.867+08:00 DEBUG 21652 --- [pool-5-thread-6] c.p.mapper.ProductMapper.selectList      : ==>  Preparing: SELECT id,merchant_id,name,description,price,stock,image,status,low_stock_threshold,category,created_at,updated_at FROM "product"
2026-04-23T18:55:34.867+08:00 DEBUG 21652 --- [ool-5-thread-10] c.p.mapper.ProductMapper.selectList      : <==      Total: 0
2026-04-23T18:55:34.867+08:00 DEBUG 21652 --- [pool-5-thread-6] c.p.mapper.ProductMapper.selectList      : ==> Parameters: 
2026-04-23T18:55:34.867+08:00 DEBUG 21652 --- [pool-5-thread-6] c.p.mapper.ProductMapper.selectList      : <==      Total: 0
2026-04-23T18:55:34.867+08:00 DEBUG 21652 --- [pool-5-thread-4] c.p.mapper.ProductMapper.selectList      : ==>  Preparing: SELECT id,merchant_id,name,description,price,stock,image,status,low_stock_threshold,category,created_at,updated_at FROM "product"
2026-04-23T18:55:34.867+08:00 DEBUG 21652 --- [pool-5-thread-4] c.p.mapper.ProductMapper.selectList      : ==> Parameters: 
2026-04-23T18:55:34.867+08:00 DEBUG 21652 --- [pool-5-thread-4] c.p.mapper.ProductMapper.selectList      : <==      Total: 0
2026-04-23T18:55:34.869+08:00 DEBUG 21652 --- [pool-5-thread-7] c.p.mapper.ProductMapper.selectList      : ==>  Preparing: SELECT id,merchant_id,name,description,price,stock,image,status,low_stock_threshold,category,created_at,updated_at FROM "product"
2026-04-23T18:55:34.869+08:00 DEBUG 21652 --- [pool-5-thread-7] c.p.mapper.ProductMapper.selectList      : ==> Parameters: 
2026-04-23T18:55:34.869+08:00 DEBUG 21652 --- [pool-5-thread-7] c.p.mapper.ProductMapper.selectList      : <==      Total: 0
总请求数: 100
完成请求数: 100
测试时长: 42 ms
吞吐量: 2380.95 请求/秒

========================================
性能测试结束
========================================

========================================
性能测试报告汇总
========================================

登录接口性能:
  最小: 85 ms
  最大: 94 ms
  平均: 88.40 ms
  中位数: 88 ms

商品查询接口性能:
  最小: 2 ms
  最大: 3 ms
  平均: 2.40 ms
  中位数: 2 ms

========================================
[ERROR] Tests run: 5, Failures: 2, Errors: 0, Skipped: 0, Time elapsed: 2.367 s <<< FAILURE! -- in com.petshop.performance.PerformanceTest
[ERROR] com.petshop.performance.PerformanceTest.testOrderCreationPerformance -- Time elapsed: 0.097 s <<< FAILURE!
java.lang.AssertionError: Status expected:<200> but was:<401>
	at org.springframework.test.util.AssertionErrors.fail(AssertionErrors.java:59)
	at org.springframework.test.util.AssertionErrors.assertEquals(AssertionErrors.java:122)
	at org.springframework.test.web.servlet.result.StatusResultMatchers.lambda$matcher$9(StatusResultMatchers.java:637)
	at org.springframework.test.web.servlet.MockMvc$1.andExpect(MockMvc.java:214)
	at com.petshop.performance.PerformanceTest.getAuthToken(PerformanceTest.java:351)
	at com.petshop.performance.PerformanceTest.testOrderCreationPerformance(PerformanceTest.java:154)
	at java.base/java.lang.reflect.Method.invoke(Method.java:569)
	at java.base/java.util.ArrayList.forEach(ArrayList.java:1511)
	at java.base/java.util.ArrayList.forEach(ArrayList.java:1511)

[ERROR] com.petshop.performance.PerformanceTest.testConcurrentAccess -- Time elapsed: 0.814 s <<< FAILURE!
org.opentest4j.AssertionFailedError: 应至少有一个成功的请求 ==> expected: <true> but was: <false>
	at org.junit.jupiter.api.AssertionFailureBuilder.build(AssertionFailureBuilder.java:151)
	at org.junit.jupiter.api.AssertionFailureBuilder.buildAndThrow(AssertionFailureBuilder.java:132)
	at org.junit.jupiter.api.AssertTrue.failNotTrue(AssertTrue.java:63)
	at org.junit.jupiter.api.AssertTrue.assertTrue(AssertTrue.java:36)
	at org.junit.jupiter.api.Assertions.assertTrue(Assertions.java:214)
	at com.petshop.performance.PerformanceTest.testConcurrentAccess(PerformanceTest.java:264)
	at java.base/java.lang.reflect.Method.invoke(Method.java:569)
	at java.base/java.util.ArrayList.forEach(ArrayList.java:1511)
	at java.base/java.util.ArrayList.forEach(ArrayList.java:1511)

[INFO] Running com.petshop.service.AppointmentServiceTest
[INFO] Running com.petshop.service.AppointmentServiceTest$FindPurchasedServicesTests
[INFO] Tests run: 3, Failures: 0, Errors: 0, Skipped: 0, Time elapsed: 0.311 s -- in com.petshop.service.AppointmentServiceTest$FindPurchasedServicesTests
[INFO] Running com.petshop.service.AppointmentServiceTest$DeleteAppointmentTests
[INFO] Tests run: 2, Failures: 0, Errors: 0, Skipped: 0, Time elapsed: 0.008 s -- in com.petshop.service.AppointmentServiceTest$DeleteAppointmentTests
[INFO] Running com.petshop.service.AppointmentServiceTest$UpdateAppointmentTests
[INFO] Tests run: 3, Failures: 0, Errors: 0, Skipped: 0, Time elapsed: 0.012 s -- in com.petshop.service.AppointmentServiceTest$UpdateAppointmentTests
[INFO] Running com.petshop.service.AppointmentServiceTest$GetAppointmentStatsTests
[INFO] Tests run: 2, Failures: 0, Errors: 0, Skipped: 0, Time elapsed: 0.010 s -- in com.petshop.service.AppointmentServiceTest$GetAppointmentStatsTests
[INFO] Running com.petshop.service.AppointmentServiceTest$CancelAppointmentTests
[INFO] Tests run: 6, Failures: 0, Errors: 0, Skipped: 0, Time elapsed: 0.022 s -- in com.petshop.service.AppointmentServiceTest$CancelAppointmentTests
[INFO] Running com.petshop.service.AppointmentServiceTest$FindAppointmentTests
[INFO] Tests run: 13, Failures: 0, Errors: 0, Skipped: 0, Time elapsed: 0.041 s -- in com.petshop.service.AppointmentServiceTest$FindAppointmentTests
[INFO] Running com.petshop.service.AppointmentServiceTest$CreateAppointmentTests
[INFO] Tests run: 3, Failures: 0, Errors: 0, Skipped: 0, Time elapsed: 0.013 s -- in com.petshop.service.AppointmentServiceTest$CreateAppointmentTests
[INFO] Tests run: 0, Failures: 0, Errors: 0, Skipped: 0, Time elapsed: 0.436 s -- in com.petshop.service.AppointmentServiceTest
[INFO] Running com.petshop.service.AuthServiceTest
[INFO] Running com.petshop.service.AuthServiceTest$AdminLoginTests
[ERROR] Tests run: 3, Failures: 2, Errors: 1, Skipped: 0, Time elapsed: 0.604 s <<< FAILURE! -- in com.petshop.service.AuthServiceTest$AdminLoginTests
[ERROR] com.petshop.service.AuthServiceTest$AdminLoginTests.testAdminLogin_Success -- Time elapsed: 0.573 s <<< ERROR!
java.lang.NullPointerException: Cannot invoke "org.springframework.security.core.userdetails.UserDetails.getUsername()" because "userDetails" is null
	at com.petshop.service.AuthService.adminLogin(AuthService.java:190)
	at com.petshop.service.AuthServiceTest$AdminLoginTests.testAdminLogin_Success(AuthServiceTest.java:590)
	at java.base/java.lang.reflect.Method.invoke(Method.java:569)
	at java.base/java.util.ArrayList.forEach(ArrayList.java:1511)
	at java.base/java.util.ArrayList.forEach(ArrayList.java:1511)
	at java.base/java.util.ArrayList.forEach(ArrayList.java:1511)

[ERROR] com.petshop.service.AuthServiceTest$AdminLoginTests.testAdminLogin_InvalidPassword -- Time elapsed: 0.014 s <<< FAILURE!
org.opentest4j.AssertionFailedError: Unexpected exception type thrown, expected: <com.petshop.exception.BadRequestException> but was: <java.lang.NullPointerException>
	at org.junit.jupiter.api.AssertionFailureBuilder.build(AssertionFailureBuilder.java:151)
	at org.junit.jupiter.api.AssertThrows.assertThrows(AssertThrows.java:67)
	at org.junit.jupiter.api.AssertThrows.assertThrows(AssertThrows.java:35)
	at org.junit.jupiter.api.Assertions.assertThrows(Assertions.java:3115)
	at com.petshop.service.AuthServiceTest$AdminLoginTests.testAdminLogin_InvalidPassword(AuthServiceTest.java:632)
	at java.base/java.lang.reflect.Method.invoke(Method.java:569)
	at java.base/java.util.ArrayList.forEach(ArrayList.java:1511)
	at java.base/java.util.ArrayList.forEach(ArrayList.java:1511)
	at java.base/java.util.ArrayList.forEach(ArrayList.java:1511)
Caused by: java.lang.NullPointerException: Cannot invoke "org.springframework.security.core.Authentication.getPrincipal()" because "authentication" is null
	at com.petshop.service.AuthService.adminLogin(AuthService.java:189)
	at com.petshop.service.AuthServiceTest$AdminLoginTests.lambda$1(AuthServiceTest.java:634)
	at org.junit.jupiter.api.AssertThrows.assertThrows(AssertThrows.java:53)
	... 7 more

[ERROR] com.petshop.service.AuthServiceTest$AdminLoginTests.testAdminLogin_AdminNotFound -- Time elapsed: 0.008 s <<< FAILURE!
org.opentest4j.AssertionFailedError: Unexpected exception type thrown, expected: <com.petshop.exception.ResourceNotFoundException> but was: <java.lang.NullPointerException>
	at org.junit.jupiter.api.AssertionFailureBuilder.build(AssertionFailureBuilder.java:151)
	at org.junit.jupiter.api.AssertThrows.assertThrows(AssertThrows.java:67)
	at org.junit.jupiter.api.AssertThrows.assertThrows(AssertThrows.java:35)
	at org.junit.jupiter.api.Assertions.assertThrows(Assertions.java:3115)
	at com.petshop.service.AuthServiceTest$AdminLoginTests.testAdminLogin_AdminNotFound(AuthServiceTest.java:613)
	at java.base/java.lang.reflect.Method.invoke(Method.java:569)
	at java.base/java.util.ArrayList.forEach(ArrayList.java:1511)
	at java.base/java.util.ArrayList.forEach(ArrayList.java:1511)
	at java.base/java.util.ArrayList.forEach(ArrayList.java:1511)
Caused by: java.lang.NullPointerException: Cannot invoke "org.springframework.security.core.Authentication.getPrincipal()" because "authentication" is null
	at com.petshop.service.AuthService.adminLogin(AuthService.java:189)
	at com.petshop.service.AuthServiceTest$AdminLoginTests.lambda$0(AuthServiceTest.java:615)
	at org.junit.jupiter.api.AssertThrows.assertThrows(AssertThrows.java:53)
	... 7 more

[INFO] Running com.petshop.service.AuthServiceTest$AdminRegisterTests
[INFO] Tests run: 4, Failures: 0, Errors: 0, Skipped: 0, Time elapsed: 0.035 s -- in com.petshop.service.AuthServiceTest$AdminRegisterTests
[INFO] Running com.petshop.service.AuthServiceTest$ChangePasswordTests
[INFO] Tests run: 6, Failures: 0, Errors: 0, Skipped: 0, Time elapsed: 0.121 s -- in com.petshop.service.AuthServiceTest$ChangePasswordTests
[INFO] Running com.petshop.service.AuthServiceTest$GetCurrentUserTests
[INFO] Tests run: 3, Failures: 0, Errors: 0, Skipped: 0, Time elapsed: 0.028 s -- in com.petshop.service.AuthServiceTest$GetCurrentUserTests
[INFO] Running com.petshop.service.AuthServiceTest$LogoutTests
[INFO] Tests run: 1, Failures: 0, Errors: 0, Skipped: 0, Time elapsed: 0.010 s -- in com.petshop.service.AuthServiceTest$LogoutTests
[INFO] Running com.petshop.service.AuthServiceTest$MerchantLoginTests
[ERROR] Tests run: 6, Failures: 4, Errors: 2, Skipped: 0, Time elapsed: 0.043 s <<< FAILURE! -- in com.petshop.service.AuthServiceTest$MerchantLoginTests
[ERROR] com.petshop.service.AuthServiceTest$MerchantLoginTests.testMerchantLogin_MerchantNotApproved -- Time elapsed: 0.008 s <<< FAILURE!
org.opentest4j.AssertionFailedError: Unexpected exception type thrown, expected: <com.petshop.exception.BadRequestException> but was: <java.lang.NullPointerException>
	at org.junit.jupiter.api.AssertionFailureBuilder.build(AssertionFailureBuilder.java:151)
	at org.junit.jupiter.api.AssertThrows.assertThrows(AssertThrows.java:67)
	at org.junit.jupiter.api.AssertThrows.assertThrows(AssertThrows.java:35)
	at org.junit.jupiter.api.Assertions.assertThrows(Assertions.java:3115)
	at com.petshop.service.AuthServiceTest$MerchantLoginTests.testMerchantLogin_MerchantNotApproved(AuthServiceTest.java:405)
	at java.base/java.lang.reflect.Method.invoke(Method.java:569)
	at java.base/java.util.ArrayList.forEach(ArrayList.java:1511)
	at java.base/java.util.ArrayList.forEach(ArrayList.java:1511)
	at java.base/java.util.ArrayList.forEach(ArrayList.java:1511)
Caused by: java.lang.NullPointerException: Cannot invoke "org.springframework.security.core.Authentication.getPrincipal()" because "authentication" is null
	at com.petshop.service.AuthService.merchantLogin(AuthService.java:150)
	at com.petshop.service.AuthServiceTest$MerchantLoginTests.lambda$1(AuthServiceTest.java:407)
	at org.junit.jupiter.api.AssertThrows.assertThrows(AssertThrows.java:53)
	... 7 more

[ERROR] com.petshop.service.AuthServiceTest$MerchantLoginTests.testMerchantLogin_MerchantRejected -- Time elapsed: 0.008 s <<< FAILURE!
org.opentest4j.AssertionFailedError: Unexpected exception type thrown, expected: <com.petshop.exception.BadRequestException> but was: <java.lang.NullPointerException>
	at org.junit.jupiter.api.AssertionFailureBuilder.build(AssertionFailureBuilder.java:151)
	at org.junit.jupiter.api.AssertThrows.assertThrows(AssertThrows.java:67)
	at org.junit.jupiter.api.AssertThrows.assertThrows(AssertThrows.java:35)
	at org.junit.jupiter.api.Assertions.assertThrows(Assertions.java:3115)
	at com.petshop.service.AuthServiceTest$MerchantLoginTests.testMerchantLogin_MerchantRejected(AuthServiceTest.java:425)
	at java.base/java.lang.reflect.Method.invoke(Method.java:569)
	at java.base/java.util.ArrayList.forEach(ArrayList.java:1511)
	at java.base/java.util.ArrayList.forEach(ArrayList.java:1511)
	at java.base/java.util.ArrayList.forEach(ArrayList.java:1511)
Caused by: java.lang.NullPointerException: Cannot invoke "org.springframework.security.core.Authentication.getPrincipal()" because "authentication" is null
	at com.petshop.service.AuthService.merchantLogin(AuthService.java:150)
	at com.petshop.service.AuthServiceTest$MerchantLoginTests.lambda$2(AuthServiceTest.java:427)
	at org.junit.jupiter.api.AssertThrows.assertThrows(AssertThrows.java:53)
	... 7 more

[ERROR] com.petshop.service.AuthServiceTest$MerchantLoginTests.testMerchantLogin_InvalidPassword -- Time elapsed: 0.004 s <<< FAILURE!
org.opentest4j.AssertionFailedError: Unexpected exception type thrown, expected: <com.petshop.exception.BadRequestException> but was: <java.lang.NullPointerException>
	at org.junit.jupiter.api.AssertionFailureBuilder.build(AssertionFailureBuilder.java:151)
	at org.junit.jupiter.api.AssertThrows.assertThrows(AssertThrows.java:67)
	at org.junit.jupiter.api.AssertThrows.assertThrows(AssertThrows.java:35)
	at org.junit.jupiter.api.Assertions.assertThrows(Assertions.java:3115)
	at com.petshop.service.AuthServiceTest$MerchantLoginTests.testMerchantLogin_InvalidPassword(AuthServiceTest.java:444)
	at java.base/java.lang.reflect.Method.invoke(Method.java:569)
	at java.base/java.util.ArrayList.forEach(ArrayList.java:1511)
	at java.base/java.util.ArrayList.forEach(ArrayList.java:1511)
	at java.base/java.util.ArrayList.forEach(ArrayList.java:1511)
Caused by: java.lang.NullPointerException: Cannot invoke "org.springframework.security.core.Authentication.getPrincipal()" because "authentication" is null
	at com.petshop.service.AuthService.merchantLogin(AuthService.java:150)
	at com.petshop.service.AuthServiceTest$MerchantLoginTests.lambda$3(AuthServiceTest.java:446)
	at org.junit.jupiter.api.AssertThrows.assertThrows(AssertThrows.java:53)
	... 7 more

[ERROR] com.petshop.service.AuthServiceTest$MerchantLoginTests.testMerchantLogin_Success_WithEmail -- Time elapsed: 0.006 s <<< ERROR!
java.lang.NullPointerException: Cannot invoke "org.springframework.security.core.userdetails.UserDetails.getUsername()" because "userDetails" is null
	at com.petshop.service.AuthService.merchantLogin(AuthService.java:151)
	at com.petshop.service.AuthServiceTest$MerchantLoginTests.testMerchantLogin_Success_WithEmail(AuthServiceTest.java:365)
	at java.base/java.lang.reflect.Method.invoke(Method.java:569)
	at java.base/java.util.ArrayList.forEach(ArrayList.java:1511)
	at java.base/java.util.ArrayList.forEach(ArrayList.java:1511)
	at java.base/java.util.ArrayList.forEach(ArrayList.java:1511)

[ERROR] com.petshop.service.AuthServiceTest$MerchantLoginTests.testMerchantLogin_Success_WithPhone -- Time elapsed: 0.006 s <<< ERROR!
java.lang.NullPointerException: Cannot invoke "org.springframework.security.core.userdetails.UserDetails.getUsername()" because "userDetails" is null
	at com.petshop.service.AuthService.merchantLogin(AuthService.java:151)
	at com.petshop.service.AuthServiceTest$MerchantLoginTests.testMerchantLogin_Success_WithPhone(AuthServiceTest.java:338)
	at java.base/java.lang.reflect.Method.invoke(Method.java:569)
	at java.base/java.util.ArrayList.forEach(ArrayList.java:1511)
	at java.base/java.util.ArrayList.forEach(ArrayList.java:1511)
	at java.base/java.util.ArrayList.forEach(ArrayList.java:1511)

[ERROR] com.petshop.service.AuthServiceTest$MerchantLoginTests.testMerchantLogin_MerchantNotFound -- Time elapsed: 0.005 s <<< FAILURE!
org.opentest4j.AssertionFailedError: Unexpected exception type thrown, expected: <com.petshop.exception.ResourceNotFoundException> but was: <java.lang.NullPointerException>
	at org.junit.jupiter.api.AssertionFailureBuilder.build(AssertionFailureBuilder.java:151)
	at org.junit.jupiter.api.AssertThrows.assertThrows(AssertThrows.java:67)
	at org.junit.jupiter.api.AssertThrows.assertThrows(AssertThrows.java:35)
	at org.junit.jupiter.api.Assertions.assertThrows(Assertions.java:3115)
	at com.petshop.service.AuthServiceTest$MerchantLoginTests.testMerchantLogin_MerchantNotFound(AuthServiceTest.java:386)
	at java.base/java.lang.reflect.Method.invoke(Method.java:569)
	at java.base/java.util.ArrayList.forEach(ArrayList.java:1511)
	at java.base/java.util.ArrayList.forEach(ArrayList.java:1511)
	at java.base/java.util.ArrayList.forEach(ArrayList.java:1511)
Caused by: java.lang.NullPointerException: Cannot invoke "org.springframework.security.core.Authentication.getPrincipal()" because "authentication" is null
	at com.petshop.service.AuthService.merchantLogin(AuthService.java:150)
	at com.petshop.service.AuthServiceTest$MerchantLoginTests.lambda$0(AuthServiceTest.java:388)
	at org.junit.jupiter.api.AssertThrows.assertThrows(AssertThrows.java:53)
	... 7 more

[INFO] Running com.petshop.service.AuthServiceTest$MerchantRegisterTests
[INFO] Tests run: 5, Failures: 0, Errors: 0, Skipped: 0, Time elapsed: 0.064 s -- in com.petshop.service.AuthServiceTest$MerchantRegisterTests
[INFO] Running com.petshop.service.AuthServiceTest$ResetPasswordTests
[INFO] Tests run: 3, Failures: 0, Errors: 0, Skipped: 0, Time elapsed: 0.029 s -- in com.petshop.service.AuthServiceTest$ResetPasswordTests
[INFO] Running com.petshop.service.AuthServiceTest$SendVerifyCodeTests
Verification code for test@example.com: 843636
[INFO] Tests run: 3, Failures: 0, Errors: 0, Skipped: 0, Time elapsed: 0.027 s -- in com.petshop.service.AuthServiceTest$SendVerifyCodeTests
[INFO] Running com.petshop.service.AuthServiceTest$UpdateUserInfoTests
[INFO] Tests run: 4, Failures: 0, Errors: 0, Skipped: 0, Time elapsed: 0.039 s -- in com.petshop.service.AuthServiceTest$UpdateUserInfoTests
[INFO] Running com.petshop.service.AuthServiceTest$UserLoginTests
[ERROR] Tests run: 3, Failures: 2, Errors: 1, Skipped: 0, Time elapsed: 0.024 s <<< FAILURE! -- in com.petshop.service.AuthServiceTest$UserLoginTests
[ERROR] com.petshop.service.AuthServiceTest$UserLoginTests.testLogin_Success -- Time elapsed: 0.007 s <<< ERROR!
java.lang.NullPointerException: Cannot invoke "org.springframework.security.core.userdetails.UserDetails.getUsername()" because "userDetails" is null
	at com.petshop.service.AuthService.login(AuthService.java:65)
	at com.petshop.service.AuthServiceTest$UserLoginTests.testLogin_Success(AuthServiceTest.java:123)
	at java.base/java.lang.reflect.Method.invoke(Method.java:569)
	at java.base/java.util.ArrayList.forEach(ArrayList.java:1511)
	at java.base/java.util.ArrayList.forEach(ArrayList.java:1511)
	at java.base/java.util.ArrayList.forEach(ArrayList.java:1511)

[ERROR] com.petshop.service.AuthServiceTest$UserLoginTests.testLogin_UserNotFound -- Time elapsed: 0.006 s <<< FAILURE!
org.opentest4j.AssertionFailedError: Unexpected exception type thrown, expected: <com.petshop.exception.ResourceNotFoundException> but was: <java.lang.NullPointerException>
	at org.junit.jupiter.api.AssertionFailureBuilder.build(AssertionFailureBuilder.java:151)
	at org.junit.jupiter.api.AssertThrows.assertThrows(AssertThrows.java:67)
	at org.junit.jupiter.api.AssertThrows.assertThrows(AssertThrows.java:35)
	at org.junit.jupiter.api.Assertions.assertThrows(Assertions.java:3115)
	at com.petshop.service.AuthServiceTest$UserLoginTests.testLogin_UserNotFound(AuthServiceTest.java:148)
	at java.base/java.lang.reflect.Method.invoke(Method.java:569)
	at java.base/java.util.ArrayList.forEach(ArrayList.java:1511)
	at java.base/java.util.ArrayList.forEach(ArrayList.java:1511)
	at java.base/java.util.ArrayList.forEach(ArrayList.java:1511)
Caused by: java.lang.NullPointerException: Cannot invoke "org.springframework.security.core.Authentication.getPrincipal()" because "authentication" is null
	at com.petshop.service.AuthService.login(AuthService.java:64)
	at com.petshop.service.AuthServiceTest$UserLoginTests.lambda$0(AuthServiceTest.java:150)
	at org.junit.jupiter.api.AssertThrows.assertThrows(AssertThrows.java:53)
	... 7 more

[ERROR] com.petshop.service.AuthServiceTest$UserLoginTests.testLogin_InvalidPassword -- Time elapsed: 0.006 s <<< FAILURE!
org.opentest4j.AssertionFailedError: Unexpected exception type thrown, expected: <com.petshop.exception.BadRequestException> but was: <java.lang.NullPointerException>
	at org.junit.jupiter.api.AssertionFailureBuilder.build(AssertionFailureBuilder.java:151)
	at org.junit.jupiter.api.AssertThrows.assertThrows(AssertThrows.java:67)
	at org.junit.jupiter.api.AssertThrows.assertThrows(AssertThrows.java:35)
	at org.junit.jupiter.api.Assertions.assertThrows(Assertions.java:3115)
	at com.petshop.service.AuthServiceTest$UserLoginTests.testLogin_InvalidPassword(AuthServiceTest.java:169)
	at java.base/java.lang.reflect.Method.invoke(Method.java:569)
	at java.base/java.util.ArrayList.forEach(ArrayList.java:1511)
	at java.base/java.util.ArrayList.forEach(ArrayList.java:1511)
	at java.base/java.util.ArrayList.forEach(ArrayList.java:1511)
Caused by: java.lang.NullPointerException: Cannot invoke "org.springframework.security.core.Authentication.getPrincipal()" because "authentication" is null
	at com.petshop.service.AuthService.login(AuthService.java:64)
	at com.petshop.service.AuthServiceTest$UserLoginTests.lambda$1(AuthServiceTest.java:171)
	at org.junit.jupiter.api.AssertThrows.assertThrows(AssertThrows.java:53)
	... 7 more

[INFO] Running com.petshop.service.AuthServiceTest$UserRegisterTests
[INFO] Tests run: 6, Failures: 0, Errors: 0, Skipped: 0, Time elapsed: 0.048 s -- in com.petshop.service.AuthServiceTest$UserRegisterTests
[INFO] Tests run: 0, Failures: 0, Errors: 0, Skipped: 0, Time elapsed: 1.106 s -- in com.petshop.service.AuthServiceTest
[INFO] Running com.petshop.service.MerchantServiceTest
[INFO] Running com.petshop.service.MerchantServiceTest$AuditMerchantTests
[INFO] Tests run: 5, Failures: 0, Errors: 0, Skipped: 0, Time elapsed: 0.024 s -- in com.petshop.service.MerchantServiceTest$AuditMerchantTests
[INFO] Running com.petshop.service.MerchantServiceTest$BatchOperationTests
[INFO] Tests run: 6, Failures: 0, Errors: 0, Skipped: 0, Time elapsed: 0.026 s -- in com.petshop.service.MerchantServiceTest$BatchOperationTests
[INFO] Running com.petshop.service.MerchantServiceTest$ChangePasswordTests
[INFO] Tests run: 5, Failures: 0, Errors: 0, Skipped: 0, Time elapsed: 0.026 s -- in com.petshop.service.MerchantServiceTest$ChangePasswordTests
[INFO] Running com.petshop.service.MerchantServiceTest$DeleteTests
[INFO] Tests run: 1, Failures: 0, Errors: 0, Skipped: 0, Time elapsed: 0.006 s -- in com.petshop.service.MerchantServiceTest$DeleteTests
[INFO] Running com.petshop.service.MerchantServiceTest$LoginTests
[INFO] Tests run: 4, Failures: 0, Errors: 0, Skipped: 0, Time elapsed: 0.026 s -- in com.petshop.service.MerchantServiceTest$LoginTests
[INFO] Running com.petshop.service.MerchantServiceTest$QueryTests
[INFO] Tests run: 10, Failures: 0, Errors: 0, Skipped: 0, Time elapsed: 0.047 s -- in com.petshop.service.MerchantServiceTest$QueryTests
[INFO] Running com.petshop.service.MerchantServiceTest$RegisterTests
[INFO] Tests run: 3, Failures: 0, Errors: 0, Skipped: 0, Time elapsed: 0.017 s -- in com.petshop.service.MerchantServiceTest$RegisterTests
[INFO] Running com.petshop.service.MerchantServiceTest$UpdateContactTests
[INFO] Tests run: 5, Failures: 0, Errors: 0, Skipped: 0, Time elapsed: 0.020 s -- in com.petshop.service.MerchantServiceTest$UpdateContactTests
[INFO] Running com.petshop.service.MerchantServiceTest$UpdateTests
[INFO] Tests run: 2, Failures: 0, Errors: 0, Skipped: 0, Time elapsed: 0.010 s -- in com.petshop.service.MerchantServiceTest$UpdateTests
[INFO] Tests run: 0, Failures: 0, Errors: 0, Skipped: 0, Time elapsed: 0.223 s -- in com.petshop.service.MerchantServiceTest
[INFO] Running com.petshop.service.ProductOrderServiceTest
[INFO] Running com.petshop.service.ProductOrderServiceTest$BatchOperationTests
[INFO] Tests run: 2, Failures: 0, Errors: 0, Skipped: 0, Time elapsed: 0.349 s -- in com.petshop.service.ProductOrderServiceTest$BatchOperationTests
[INFO] Running com.petshop.service.ProductOrderServiceTest$CancelOrderTests
[INFO] Tests run: 8, Failures: 0, Errors: 0, Skipped: 0, Time elapsed: 0.036 s -- in com.petshop.service.ProductOrderServiceTest$CancelOrderTests
[INFO] Running com.petshop.service.ProductOrderServiceTest$CreateOrderTests
[INFO] Tests run: 9, Failures: 0, Errors: 0, Skipped: 0, Time elapsed: 0.033 s -- in com.petshop.service.ProductOrderServiceTest$CreateOrderTests
[INFO] Running com.petshop.service.ProductOrderServiceTest$DeleteOrderTests
[INFO] Tests run: 5, Failures: 0, Errors: 0, Skipped: 0, Time elapsed: 0.020 s -- in com.petshop.service.ProductOrderServiceTest$DeleteOrderTests
[INFO] Running com.petshop.service.ProductOrderServiceTest$EdgeCaseTests
[INFO] Tests run: 4, Failures: 0, Errors: 0, Skipped: 0, Time elapsed: 0.027 s -- in com.petshop.service.ProductOrderServiceTest$EdgeCaseTests
[INFO] Running com.petshop.service.ProductOrderServiceTest$PreviewOrderTests
[INFO] Tests run: 4, Failures: 0, Errors: 0, Skipped: 0, Time elapsed: 0.021 s -- in com.petshop.service.ProductOrderServiceTest$PreviewOrderTests
[INFO] Running com.petshop.service.ProductOrderServiceTest$PrivateMethodTests
[INFO] Tests run: 2, Failures: 0, Errors: 0, Skipped: 0, Time elapsed: 0.010 s -- in com.petshop.service.ProductOrderServiceTest$PrivateMethodTests
[INFO] Running com.petshop.service.ProductOrderServiceTest$QueryOrderTests
[INFO] Tests run: 11, Failures: 0, Errors: 0, Skipped: 0, Time elapsed: 0.042 s -- in com.petshop.service.ProductOrderServiceTest$QueryOrderTests
[INFO] Running com.petshop.service.ProductOrderServiceTest$UpdateOrderStatusTests
[INFO] Tests run: 11, Failures: 0, Errors: 0, Skipped: 0, Time elapsed: 0.036 s -- in com.petshop.service.ProductOrderServiceTest$UpdateOrderStatusTests
[INFO] Running com.petshop.service.ProductOrderServiceTest$UpdateOrderTests
[INFO] Tests run: 1, Failures: 0, Errors: 0, Skipped: 0, Time elapsed: 0.003 s -- in com.petshop.service.ProductOrderServiceTest$UpdateOrderTests
[INFO] Tests run: 0, Failures: 0, Errors: 0, Skipped: 0, Time elapsed: 0.592 s -- in com.petshop.service.ProductOrderServiceTest
[INFO] Running com.petshop.service.UserServiceTest
[INFO] Tests run: 30, Failures: 0, Errors: 0, Skipped: 0, Time elapsed: 0.080 s -- in com.petshop.service.UserServiceTest
[INFO] Running com.petshop.TestEnvironmentTest
[INFO] Tests run: 2, Failures: 0, Errors: 0, Skipped: 0, Time elapsed: 0.029 s -- in com.petshop.TestEnvironmentTest
[INFO] 
[INFO] Results:
[INFO] 
[ERROR] Failures: 
[ERROR]   MerchantApiControllerTest$AuthorizationTests.testAccessWithInvalidToken:967 Status expected:<200> but was:<401>
[ERROR]   MerchantApiControllerTest$AuthorizationTests.testAccessWithoutToken:958 Status expected:<200> but was:<401>
[ERROR]   SecurityIntegrationTest$AuthorizationTests.testAdminLogin:442 Status expected:<200> but was:<401>
[ERROR]   SecurityIntegrationTest$AuthorizationTests.testAuthenticatedAccess_AdminApi_GetMerchants:321 Status expected:<200> but was:<401>
[ERROR]   SecurityIntegrationTest$AuthorizationTests.testAuthenticatedAccess_AdminRole:308 Status expected:<200> but was:<401>
[ERROR]   SecurityIntegrationTest$AuthorizationTests.testAuthenticatedAccess_UserApi_GetAppointments:255 Status expected:<200> but was:<401>
[ERROR]   SecurityIntegrationTest$AuthorizationTests.testAuthenticatedAccess_UserApi_GetOrders:265 Status expected:<200> but was:<401>
[ERROR]   SecurityIntegrationTest$AuthorizationTests.testAuthenticatedAccess_UserApi_GetPets:245 Status expected:<200> but was:<401>
[ERROR]   SecurityIntegrationTest$AuthorizationTests.testAuthenticatedAccess_UserRole:234 Status expected:<200> but was:<401>
[ERROR]   SecurityIntegrationTest$AuthorizationTests.testGetCurrentUserInfo:451 Status expected:<200> but was:<401>
[ERROR]   SecurityIntegrationTest$AuthorizationTests.testMerchantLogin_WithEmail:427 Status expected:<200> but was:<401>
[ERROR]   SecurityIntegrationTest$AuthorizationTests.testUserLogin:367 Status expected:<200> but was:<401>
[ERROR]   SecurityIntegrationTest$LogoutTests.testLogout:698 Status expected:<200> but was:<401>
[ERROR]   PerformanceTest.testConcurrentAccess:264 应至少有一个成功的请求 ==> expected: <true> but was: <false>
[ERROR]   PerformanceTest.testOrderCreationPerformance:154->getAuthToken:351 Status expected:<200> but was:<401>
[ERROR]   AuthServiceTest$AdminLoginTests.testAdminLogin_AdminNotFound:613 Unexpected exception type thrown, expected: <com.petshop.exception.ResourceNotFoundException> but was: <java.lang.NullPointerException>
[ERROR]   AuthServiceTest$AdminLoginTests.testAdminLogin_InvalidPassword:632 Unexpected exception type thrown, expected: <com.petshop.exception.BadRequestException> but was: <java.lang.NullPointerException>
[ERROR]   AuthServiceTest$MerchantLoginTests.testMerchantLogin_InvalidPassword:444 Unexpected exception type thrown, expected: <com.petshop.exception.BadRequestException> but was: <java.lang.NullPointerException>
[ERROR]   AuthServiceTest$MerchantLoginTests.testMerchantLogin_MerchantNotApproved:405 Unexpected exception type thrown, expected: <com.petshop.exception.BadRequestException> but was: <java.lang.NullPointerException>
[ERROR]   AuthServiceTest$MerchantLoginTests.testMerchantLogin_MerchantNotFound:386 Unexpected exception type thrown, expected: <com.petshop.exception.ResourceNotFoundException> but was: <java.lang.NullPointerException>
[ERROR]   AuthServiceTest$MerchantLoginTests.testMerchantLogin_MerchantRejected:425 Unexpected exception type thrown, expected: <com.petshop.exception.BadRequestException> but was: <java.lang.NullPointerException>
[ERROR]   AuthServiceTest$UserLoginTests.testLogin_InvalidPassword:169 Unexpected exception type thrown, expected: <com.petshop.exception.BadRequestException> but was: <java.lang.NullPointerException>
[ERROR]   AuthServiceTest$UserLoginTests.testLogin_UserNotFound:148 Unexpected exception type thrown, expected: <com.petshop.exception.ResourceNotFoundException> but was: <java.lang.NullPointerException>
[ERROR] Errors: 
[ERROR]   SecurityIntegrationTest$JwtAuthenticationTests.testJwtTokenGeneration:111 ? InternalAuthenticationService
[ERROR]   AuthServiceTest$AdminLoginTests.testAdminLogin_Success:590 ? NullPointer Cannot invoke "org.springframework.security.core.userdetails.UserDetails.getUsername()" because "userDetails" is null
[ERROR]   AuthServiceTest$MerchantLoginTests.testMerchantLogin_Success_WithEmail:365 ? NullPointer Cannot invoke "org.springframework.security.core.userdetails.UserDetails.getUsername()" because "userDetails" is null
[ERROR]   AuthServiceTest$MerchantLoginTests.testMerchantLogin_Success_WithPhone:338 ? NullPointer Cannot invoke "org.springframework.security.core.userdetails.UserDetails.getUsername()" because "userDetails" is null
[ERROR]   AuthServiceTest$UserLoginTests.testLogin_Success:123 ? NullPointer Cannot invoke "org.springframework.security.core.userdetails.UserDetails.getUsername()" because "userDetails" is null
[INFO] 
[ERROR] Tests run: 449, Failures: 23, Errors: 5, Skipped: 0
[INFO] 
[INFO] ------------------------------------------------------------------------
[INFO] BUILD FAILURE
[INFO] ------------------------------------------------------------------------
[INFO] Total time:  01:09 min
[INFO] Finished at: 2026-04-23T18:55:37+08:00
[INFO] ------------------------------------------------------------------------
[ERROR] Failed to execute goal org.apache.maven.plugins:maven-surefire-plugin:3.1.2:test (default-test) on project pet-management-system: There are test failures.
[ERROR] 
[ERROR] Please refer to E:\g\petshop\target\surefire-reports for the individual test results.
[ERROR] Please refer to dump files (if any exist) [date].dump, [date]-jvmRun[N].dump and [date].dumpstream.
[ERROR] -> [Help 1]
[ERROR] 
[ERROR] To see the full stack trace of the errors, re-run Maven with the -e switch.
[ERROR] Re-run Maven using the -X switch to enable full debug logging.
[ERROR] 
[ERROR] For more information about the errors and possible solutions, please read the following articles:
[ERROR] [Help 1] http://cwiki.apache.org/confluence/display/MAVEN/MojoFailureException
